協会
連盟
野球
国立
事業
開発
貿易
市内
総合
経済
高級
研究
病院
学習
不明
運転
国際
大会
学会
高校
今後
政治
中央
記念
平和
指示
工業
自然
試合
警備
清算
市立
写真
発足
代表
健康
行方
反対
発見
施行
時間
解放
綜合
不足
特別
会議
勝負
対抗
批判
出場
看護
都市
生産
問題
変化
振興
進出
結果
流行
教戒
教誨
教誡
不安
普通
発起
差別
苦労
比例
学校
同様
会社
部屋
県内
高等
勝手
前日
目的
保障
芸術
検討
均衡
平等
必要
決定
基金
付属
出血
関係
議員
建築
統一
教育
文化
同日
通信
組織
科学
化粧
出発
生存
大変
会合
歴史
処分
委員
合戦
行政
女性
消火
市場
独立
元気
採用
同席
経営
個別
連判
起訴
在日
早急
私的
残念
民俗
協議
公式
分化
以内
競売
生活
連絡
国家
得意
明確
適当
自由
共存
出版
緊急
分離
戦闘
組合
宇宙
連合
協力
以来
保護
非常
計算
取引
交流
機関
不正
観光
半年
整備
転落
毎年
工事
下車
禁止
絶対
単行
家族
大事
交渉
対策
放送
防疫
焼却
動物
完成
作業
選挙
大切
外国
流出
前年
音楽
武装
噴出
公正
私立
不快
下手
安全
潜水
特定
番号
同期
選抜
開眼
入場
本部
通過
工夫
始末
処理
機構
競技
洗濯
共通
大手
会談
時代
膾炙
通用
合格
伝染
参政
来春
迫撃
対立
人事
突出
不振
区分
協同
機能
柔軟
完済
小売
確定
上手
中心
管理
結論
有効
慎重
洗面
興行
計画
推定
経験
最低
遺伝
共同
議長
違法
女子
限定
航行
取得
約束
強化
会員
退会
試乗
執行
解決
救急
検査
評議
重複
通商
山積
奮起
異常
発展
会計
向上
多数
開会
困難
布陣
満足
期限
施工
声明
出向
審議
死亡
技術
調査
当時
無理
帰還
帰艦
帰館
団体
判決
饋還
高額
助成
再開
文書
無駄
攻究
考究
講究
購求
給付
会見
現存
中毒
読経
奉公
制限
祝賀
強力
是非
発表
志向
補給
公示
翌年
伺候
思考
指向
試行
嗜好
祗候
概算
降下
所有
県立
加減
決算
著作
継起
英訳
得点
夫婦
対話
同盟
卓球
提出
支持
精算
優勝
来日
保存
合作
生誕
使用
増殖
引退
応用
狩猟
特派
公約
取捨
剥離
評価
整形
対校
退校
退行
飛来
懇談
奉仕
選手
輸血
隔離
民族
改選
完投
緑化
開戦
会戦
回旋
廻旋
寄金
執着
助言
停車
敢闘
文学
画定
輸入
稽古
行使
助勢
積載
確認
学修
利用
設計
配流
轢死
無縁
依頼
合同
昂騰
高騰
叩頭
逆転
今回
長官
納付
移動
市長
昇叙
陞叙
補佐
入会
各国
出店
億劫
貫通
中立
法人
無事
電話
出馬
師事
失点
人気
高官
活動
喧嘩
若干
平均
愛護
寄港
寄稿
帰港
帰耕
起稿
騎行
優秀
朝食
検知
参上
投票
何処
条約
交感
交換
交歓
交驩
公刊
校勘
明日
吸収
急襲
祈念
記名
上下
免職
礼拝
見聞
催促
私用
入札
枯死
無視
連勝
改印
開院
肝心
財団
補償
帰国
起工
全国
注進
営業
来年
鳥瞰
進行
博士
信仰
侵攻
侵寇
深耕
進攻
進航
進講
進貢
異化
打倒
今年
免許
軽減
定着
創成
卒業
領収
帰化
教会
反発
視聴
背離
試聴
先取
弛張
喜捨
帰社
騎射
共鳴
支給
餓死
正直
進退
寄付
工場
公平
縊死
頤使
頤指
送球
他界
絞殺
突破
開放
譲渡
作為
中止
告解
思料
思量
勢力
通算
相談
再建
所期
平静
安堵
高談
庶幾
発券
結合
手術
謝罪
対処
中傷
保有
介抱
懐抱
抽象
注意
調整
湯治
悪化
止揚
試用
飼養
直後
忠実
回議
懐疑
今日
掃海
調子
契約
増益
出席
消耗
保証
解説
監護
閑語
復刊
公団
採集
製材
順応
馳駆
中退
適用
記者
孝行
穿鑿
詮索
登山
分泌
先制
吟行
研修
侵出
浸出
早退
滲出
紅葉
反則
激化
調律
現場
構想
造船
開城
開場
先発
実験
商議
微小
預金
回復
制裁
急増
消化
川柳
選択
対照
付会
負傷
附会
計上
台頭
大捷
仮定
懲戒
有力
主唱
手抄
首唱
署名
対局
就業
終業
襲業
駐車
渡河
不調
関連
必死
不倫
復活
愛顧
配分
至高
申訳
他愛
致方
味気
宣誓
転身
転進
防備
優勢
意見
昇華
追求
健闘
合意
加工
等分
資料
廃止
廓清
拡声
覚醒
敬意
見当
出所
当初
面目
関心
発生
附属
還啓
施与
放校
味方
咆哮
彷徨
挟撃
夾撃
減速
改革
平行
鑽仰
兼行
痛心
征討
正答
製糖
投球
理解
教導
嚮導
追加
凄惨
悽惨
評論
包装
改号
互譲
紅潮
高調
再生
植民
脱出
割引
監理
供給
邪魔
対当
帯刀
擡頭
削減
投書
被爆
奉安
後援
講演
集会
中継
仕方
失業
順当
正確
大勝
発言
加湿
見物
永逝
競争
集中
先行
討究
不満
報道
帰納
帰農
建造
公演
左右
推進
発売
強硬
決議
補助
駆使
警衛
口演
好演
再審
心配
堅持
更生
代替
放心
放神
上昇
譲位
勝利
信心
制作
入城
入定
通学
労働
聯絡
辞儀
頭書
放免
連続
主催
照射
捕捉
歩測
補足
安産
試写
出産
消費
鮮明
出生
出帆
男女
微笑
病気
分類
歩行
帰来
試射
本意
顕示
加持
子守
登城
同車
学術
交際
重視
対比
代行
露呈
興隆
形容
勾留
拘留
硬化
降嫁
賛成
先日
創建
想見
総見
送検
登院
膠化
慣用
吾輩
項目
指定
中小
補正
輪唱
連立
涵養
厳存
減損
刃傷
妥当
致仕
顛落
致事
飲酒
勧告
給食
難航
比率
感謝
撃攘
激情
激戦
行列
奉送
参観
招致
世帯
彼女
議定
宣戦
代償
地区
仏参
確実
参看
奏楽
蔵書
知悉
挑戦
償却
消却
表明
並立
北上
名誉
銷却
確答
換字
潅漑
現金
先占
登録
反騰
夭死
挌闘
横領
救済
採決
占居
占拠
大幅
談合
優先
合点
常任
付加
固定
考証
少考
昇降
消光
焼香
演奏
応酬
押収
危懼
後送
抗争
指名
上梓
情死
秘蔵
給水
禁忌
参画
復帰
歴訪
回答
近代
激増
雇用
公称
口承
口誦
高唱
宣言
伝写
投棄
破産
浮気
哄笑
昇天
登極
負荷
報告
違令
刊行
欣喜
付課
賦課
附加
編成
孵化
降車
試製
同市
運用
告示
酷似
成立
廃棄
解除
開館
勘校
勘考
完工
感光
敢行
緩行
還幸
試算
質問
入選
箝口
緘口
現代
再編
献花
刺殺
住宅
承認
昇任
登板
陞任
滑走
国会
指摘
対面
読書
和解
移籍
増加
大学
避暑
流通
鹸化
斎戒
新築
制度
動転
下賜
啓上
済度
踏破
右折
拘束
梗塞
調理
訂正
開港
唱和
伝言
倒壊
倒潰
日参
保守
明示
韜晦
客死
講習
参堂
賛同
整体
善戦
透明
排除
反芻
不幸
観望
拘置
再発
侵入
鈍化
入学
排水
復権
勘定
構成
除名
進入
付着
裁定
失効
粛正
粛清
焼亡
信号
振盪
浸透
浸入
震盪
沈静
同意
発熱
膝行
慟哭
滲透
震蕩
演出
解消
較正
検分
見分
減益
更正
校正
再訂
滞貨
退化
低下
提案
反射
哀訴
運営
割賦
勧請
渡米
当選
軟禁
保育
機嫌
客観
算出
出港
出稿
出航
招聘
精製
注目
直接
復元
貴方
傾倒
兄事
啓示
恵投
精読
即死
駐兵
翻訳
明答
起動
減員
治療
親臨
生物
宣伝
提供
内定
斡旋
下野
獲得
激減
減資
憧憬
揚水
要求
畏怖
固辞
公表
告発
命令
固持
誇示
出展
制動
生成
同視
非礼
報奨
快気
偽造
急逝
震撼
訴訟
待命
添乗
纏繞
転乗
同感
抑制
解約
気化
掲揚
後悔
砂糖
賛辞
書評
上場
長生
表示
報償
奉唱
翻意
仮称
回生
観測
更改
航海
製革
捜査
尊重
対戦
鶴首
転記
同調
馘首
化石
拒否
呼称
故障
誇称
貢献
参拝
散会
示現
呈出
分派
強行
焼死
占領
転倒
隠退
回転
改正
規制
勤学
空襲
欠課
志望
手写
着工
転嫁
倒産
撚糸
濃化
解答
強攻
妻帯
参詣
試験
成形
生動
潜入
多食
転化
転換
売買
下山
堪能
閑却
享受
兼補
公判
際会
施設
新設
製作
切開
先後
創製
叢生
奏請
早世
体験
昼間
調製
長逝
添加
転訛
点火
免責
面責
闡明
下降
加盟
解凍
劃定
陥落
形成
決着
御礼
混和
支出
収集
成熟
展観
都内
答弁
付帯
分筆
割当
起用
検地
軒輊
更始
再起
雑食
続出
大呼
炭化
提示
導入
発電
発砲
彼等
暴言
異動
鑑定
及第
公売
購買
高揚
再検
樹立
成型
遅滞
動揺
不承
奉伺
奉祀
教化
禁制
謹製
行動
再製
臣事
中耕
注文
点灯
奴等
戡定
炎上
黄葉
開校
協定
孝養
抗議
昂揚
司令
出火
伸張
伸長
新調
正解
静止
掃過
装荷
顛倒
点頭
難産
輔佐
下放
回航
改稿
改姓
姦通
再帰
試作
宿泊
製造
即行
速攻
入賞
分掌
弁論
用心
邂逅
育英
指導
証言
増発
徹夜
便乗
無茶
贖罪
医師
下宿
過熱
採炭
自営
承引
深謝
親炙
接戦
脱皮
中絶
土着
彼処
布達
彼是
開始
実現
精米
説明
反論
彼奴
此処
継続
浩瀚
手配
総計
他薦
中断
調印
通知
発行
放擲
抛擲
曳航
延期
加算
見舞
減少
雌伏
出演
証印
数奇
生息
対決
探求
注視
同居
発給
分割
面会
列席
怪死
急死
講評
死傷
自恃
専心
潜心
想起
代謝
着手
通話
闘争
同伴
念持
非難
介入
該当
感動
好転
縮小
初頭
制止
選炭
対談
大人
独裁
独自
把持
配線
反撥
由来
遠征
応答
下落
寄附
議論
急造
考察
主張
処罰
上達
正視
通達
同情
納税
配車
付記
附記
閉止
連戦
斃死
委譲
移乗
移譲
午後
再会
充用
審理
静思
耽読
調達
賃借
放鳥
感染
工作
昨夏
収監
熟思
熟視
出品
装弾
着服
駐留
統合
拍手
否定
包含
包帯
訪朝
面接
要請
浣腸
灌腸
潅腸
円熟
楽観
期待
拠出
再思
所持
詳説
蒸溜
蒸留
選考
喪失
送信
増産
大書
独語
熱狂
発覚
付託
予定
録音
瞑目
回帰
開設
起業
逆流
句作
啓発
公転
口供
酷使
種類
上奏
心中
精励
節水
喪心
喪神
存在
大同
追及
入団
念願
廃業
否決
編集
連打
慰謝
慰藉
違反
回折
開腹
逆襲
合成
実施
車検
召集
商売
食事
納得
排気
不純
編入
法的
御産
区割
嘉賞
歌唱
過称
過賞
休電
糾弾
給電
兼修
兼用
検収
献酬
作歌
自記
実検
実見
充填
招集
招来
請来
洗髪
退社
代置
着目
摘要
同士
入手
飛揚
腐心
糺弾
逸走
回付
回附
廻附
快復
恢復
緩和
劇化
算段
自棄
声援
製塩
接種
染髪
注射
通報
通訳
呈示
転地
転置
廃絶
排便
配給
曝露
発注
表現
暴露
命名
浪人
窺知
休館
強奪
惨死
治定
自乗
充分
醸造
敵対
投合
得票
別居
変形
没頭
慙死
着付
関聯
救出
結成
参考
所蔵
上陸
進上
推参
推算
炊爨
設立
戦死
全焼
増大
増長
追究
追窮
追給
登場
南下
入館
判示
反省
分解
無効
明記
隣接
快勝
交尾
殺害
準備
新任
申告
築造
伝送
電送
動作
入金
配当
発着
不当
不服
流用
連敗
完封
期間
帰順
強制
広報
釈明
縮写
出荷
掌理
親昵
対顔
待避
退避
脱税
独占
入院
発声
返済
補講
密造
歪曲
捷利
育成
解明
乾杯
感激
帰依
敬遠
欠場
欠伸
検出
顕現
視察
自首
主導
承合
照合
先攻
専攻
専行
潜幸
潜航
潜行
穿孔
選好
選鉱
遷幸
想定
対質
退室
達成
駐在
入浴
論議
銓衡
飲食
帰洛
共感
欠席
建言
献言
厳禁
参向
周回
除外
照明
殖民
染色
全廃
敗戦
発現
被曝
布石
文通
編曲
野生
輸出
旅行
鑽孔
安定
休載
許可
傾聴
敬重
敬弔
検証
減点
校訂
合計
深厚
親拝
是正
先述
撰述
全勝
操作
増強
脱線
調和
提言
適合
電化
電荷
渡海
導水
熱発
分裂
保管
雄視
裏書
挨拶
暗算
案内
汚染
加熱
開催
外出
外泊
共生
強調
更訂
肯定
再現
辞宜
失策
主宰
終了
出願
出費
上告
炊事
前進
駐屯
貯蓄
敵視
転用
道破
白状
発病
判断
反映
扶養
浮揚
変更
変身
放歌
放火
勇戦
誘引
要心
論戦
横行
改称
外食
鑑賞
危惧
希望
求職
兼業
自署
自書
出土
扇情
洗浄
煽情
対峠
対峙
帯磁
退治
脱水
仲介
同定
配置
買物
発令
筆写
分界
分配
偏心
変心
変針
変動
補整
離島
聯立
連覇
威服
畏伏
畏服
会商
改造
開店
革新
楽勝
監督
観戦
逆行
休止
休職
献金
減刑
交代
在宅
自壊
自戒
自重
自嘲
辞職
熟成
召致
承知
消滅
清浄
生還
先遣
増額
聴従
賃貸
登記
答申
独学
内用
拝跪
配列
反乱
付与
奉告
観賞
記帳
求人
窮死
曲折
均分
経過
警報
結束
雇傭
告別
差遣
在住
作曲
参入
請願
静観
創案
展望
倒閣
騰貴
入線
熱中
派生
派兵
付録
分遣
保全
抹消
雄飛
擁護
擁立
養成
立替
夭逝
逸脱
演説
花見
帰朝
検視
検便
攻落
荒蕪
再婚
再燃
刺激
指令
主管
縦断
出力
除草
精通
西漸
漸進
着用
徴兵
徴用
直下
直視
直属
入省
配水
配転
補導
訪日
銘記
養護
愛着
印刷
解体
勧進
揮毫
救助
競走
欠損
兼任
採血
在任
志願
重畳
助命
証明
植樹
推計
説得
絶縁
撰修
選別
掃射
操車
造型
多作
多発
着陸
中略
追徴
同行
入所
排出
発動
判定
反響
布教
輔導
訪米
豊富
北面
優遇
要望
攪乱
応召
下見
化合
加重
加糖
加入
解職
解任
喚問
款待
歓待
帰宅
協調
継承
言訳
考案
骨折
再嫁
裁可
在世
酸敗
自責
失速
受付
順守
書写
消灯
嘱託
侵略
制約
成長
西下
先導
扇動
煽動
前納
全治
走査
増員
造語
造反
存立
尊敬
帯剣
大敗
直行
逃避
特集
内偵
入居
舶載
発症
表記
附着
復員
復原
返還
報復
模造
幽棲
幽栖
立証
恋愛
論評
哺育
鞅掌
顫動
運航
往診
音訳
荷電
廻転
改訳
開花
干拓
企画
祈願
拒絶
供述
謹撰
謹選
検定
厳戒
厳罰
減給
公言
勾引
工面
広言
抗言
拘引
高言
混信
作成
参禅
産卵
算入
仕官
思案
集約
重唱
昇進
詳記
乗降
親近
親睦
節減
先勝
装丁
装釘
装幀
送呈
属託
弛緩
直面
直訳
痛感
展示
点検
渡航
登校
統計
内包
入力
配達
伯仲
判明
標示
風化
併記
勉強
保持
予防
洋行
洋装
訛伝
改善
活発
観察
競合
共演
決別
後退
交替
控除
暫定
使令
師承
施策
私消
視診
詩作
実戦
実用
捨象
赦免
収拾
周旋
修習
蒐集
集線
出陣
昇格
親告
進歩
成約
生別
誓約
請求
退任
盗塁
同義
南進
入門
脳死
配向
配本
発想
発泡
飛翔
美化
描写
負担
附帯
返上
奉答
放蕩
訪問
免除
蒙塵
用意
陽気
離党
嗤笑
誅求
乗入
卸売
会食
開通
開幕
勘当
既存
挙式
勤続
訓練
係属
携行
景仰
繋属
結実
建議
減食
減反
減量
悟得
公認
拘禁
講義
告訴
混同
鎖国
裁量
削除
思索
自立
辞退
失敗
射殺
受領
周知
出征
出捐
初演
焼損
詳言
乗艦
審査
親和
絶滅
全納
捜索
相違
即売
存続
損失
対応
退団
代休
宅配
脱却
脱帽
脱毛
短縮
断水
註文
調節
直観
陳謝
通告
定住
伝達
吐露
投稿
投入
逃走
同乗
内蔵
入園
入村
認可
認証
排卵
配布
発達
繁栄
筆答
復学
復唱
復誦
野合
揚棄
欲求
来襲
来集
乱用
了解
両替
録画
遺精
引受
引証
応募
下命
加餐
火葬
解析
懐中
改鋳
改訂
改名
撹拌
格闘
活躍
完勝
企劃
棄権
帰郷
貴重
休業
居住
許諾
供託
供与
共棲
共有
匡正
矯正
禁欲
苦難
群生
経由
結集
結晶
検疫
厳選
減石
交錯
光被
抗弁
更迭
耕耘
降着
降任
採納
在学
在中
散布
諮問
自足
実視
社告
遮断
集金
処遇
所要
小便
掌握
省略
侵害
心痛
臣従
診療
推移
整理
清遊
精選
製版
西遊
切腹
設置
先着
相続
続行
損害
待遇
脱党
探究
着弾
徴募
懲罰
直感
直諌
通夜
定義
転任
登降
努力
投降
投薬
肉食
破棄
破毀
拝顔
背馳
輩出
配合
発音
反逆
批難
比定
秘結
避難
負託
附託
復旧
分轄
補強
包容
抱擁
翻身
目印
猶予
誘掖
遊猟
予測
予知
要約
涕泣
膠着
蝟集
醵出
勝越
浸染
浸漸
違犯
栄進
詠進
延焼
仮託
可決
家出
我慢
解雇
懐柔
開化
開票
嚇怒
赫怒
喝破
勧奨
勧賞
完了
干渉
干犯
感賞
管掌
緩衝
観劇
観照
帰趨
帰属
休刊
急減
求刑
給仕
給油
許容
教訓
局限
曲言
極言
駆動
群集
携帯
経理
警固
軽微
建立
顕揚
現有
言及
講話
合算
合図
告知
告白
採譜
在室
作文
参照
算定
仕事
指弾
示唆
自警
失格
手続
手品
修了
襲名
集計
集散
充実
宿題
祝福
縮減
熟練
出現
処刑
叙勲
商談
奨揚
焦燥
称揚
賞味
賞揚
賞用
植字
信頼
進撃
接続
摂取
設定
窃取
節酒
絶交
先駆
戦没
船出
前述
善用
粗末
創業
操業
操縦
争論
増徴
贈賄
造成
打算
退勤
代弁
蓄蔵
着衣
直上
直流
陳情
通約
的中
撤退
展開
渡島
凍上
搭乗
東上
独断
内示
内省
入棺
入植
任官
捻出
派遣
廃休
発案
発射
発車
反抗
反攻
反復
版行
挽回
肥大
被弾
費消
微増
不審
腐敗
復職
覆審
物色
分布
変型
変質
編修
編輯
弁明
補完
補血
放言
亡命
妨害
密着
鳴謝
面談
薬殺
乱射
立案
略称
略奪
類別
零封
劣化
連帯
朗唱
朗笑
朗誦
慫慂
拈出
拱手
聳立
前払
愛好
悪用
暗殺
意識
移牒
移調
遺言
運行
謁見
演技
解禁
改定
改良
皆済
開局
開墾
概観
確信
学問
完敗
完備
感得
感佩
看取
観念
還元
関与
願望
寄託
記入
騎乗
休演
休憩
休息
急落
救援
救命
究明
窮命
糾明
挙手
共謀
禁煙
区別
苦戦
空想
群発
計量
警護
軽食
欠如
欠落
決戦
決断
決裂
結党
兼勤
建都
検索
献上
研磨
言明
鼓動
後続
校合
合宿
婚約
再転
再任
採点
在留
策定
刷新
撮影
雑談
参列
支援
死去
私有
試飲
耳語
自殺
自白
失火
失錯
実写
実証
実装
芝居
主演
守備
収容
収録
就職
終漁
集合
集積
従軍
出獄
処断
助長
償還
焦躁
上映
上演
植林
心労
辛労
進化
水葬
成就
生滅
節約
説教
選定
善感
全壊
全開
全敗
全滅
総称
草食
束縛
続発
損傷
大病
脱船
団結
断食
着岸
仲買
昼寝
注解
注水
注力
註解
弔慰
聴聞
沈滞
追跡
低減
提携
逓減
填補
転回
転学
転業
転出
転貸
転補
伝来
登仙
冬眠
悼惜
投身
投石
東進
東遷
当籤
到着
透析
同封
涜職
独居
内助
内申
肉薄
入党
入北
認識
熱愛
納骨
排列
配色
配電
売却
売春
発信
伴奏
半減
叛乱
氾濫
販売
氷解
符合
賦与
附与
附録
封印
風刺
復興
分列
別送
偏向
偏重
変造
返金
補間
放棄
蜂起
訪韓
暴騰
僕達
埋立
明言
来店
落掌
落葉
率先
立食
流会
了承
冷遇
歴任
練習
連行
連破
浪費
毀損
抛棄
挂冠
糺明
缺席
値引
分封
分包
安置
依存
移民
永住
越年
延命
援助
遠出
往復
横断
温存
仮想
稼働
稼動
介護
介在
解散
解題
懐胎
懐妊
拐帯
改悪
改札
改心
海食
海蝕
開演
開廷
開平
開閉
開門
開立
外征
乾燥
完走
完売
感電
換算
歓送
監察
監修
看病
還送
還付
間食
嬉戯
帰休
帰京
帰陣
帰着
記述
起案
吃驚
虐殺
休学
休戦
休部
急進
急変
競演
競作
共催
協演
協約
恐喝
脅迫
仰天
近接
具申
空転
空爆
君臨
激励
決意
決心
血戦
訣別
堅守
嫌悪
建国
懸念
検挙
検屍
検死
献呈
顕在
厳探
減産
現出
現像
呼号
孤立
交合
交通
公許
厚着
口外
口論
好防
抗拒
攻撃
考慮
行脚
行軍
行持
行商
講和
降格
克服
酷評
獄死
昏倒
根絶
左折
詐取
再演
再縁
再刊
宰領
裁断
財投
作製
殺傷
雑居
散乱
残業
刺繍
死滅
試食
試問
侍立
自覚
自供
自失
自適
自滅
自律
執心
失跡
失望
失明
写生
車載
灼熱
取材
授受
収用
就寝
修復
修理
充当
従業
重用
出国
出精
出船
出題
出没
遵守
助奏
助走
女装
徐行
除雪
傷害
傷心
昇級
焼失
焼身
焦心
笑納
衝心
上程
上納
乗車
乗務
常設
蒸発
譲歩
侵掠
心酔
振込
振動
浸水
深化
神化
診査
進水
進展
震駭
遂行
据付
制御
成育
政談
棲息
栖息
正坐
正座
清書
生育
生害
精進
静坐
静座
斉唱
赤面
切断
接客
接近
接待
折半
設備
節税
絶望
先決
宣告
潜伏
選曲
善処
全快
全潰
遡江
遡行
創作
創発
創立
増水
増配
増販
増補
増量
造形
造立
速報
体認
待望
滞京
滞在
退京
退職
退廃
大別
脱退
脱落
嘆願
担当
歎願
弾奏
断絶
断線
断念
男装
知覚
遅延
着想
着任
忠勤
注入
弔問
徴収
徴集
朝貢
調教
調合
調味
直交
直航
陳述
追弔
痛哭
通院
通観
通関
低迷
提議
提訴
鼎談
泥酔
展翅
添削
貼用
転載
転職
伝動
伝導
伝道
渡来
登頂
登攀
投影
投与
得心
特輯
特進
特選
特約
届出
内診
入渠
入局
入籍
任命
熱望
納入
納品
破壊
敗北
背任
配信
配付
配慮
迫害
発掘
発祥
発走
発送
半焼
反応
反命
否認
飛散
筆記
筆談
標記
品評
普及
封鎖
復位
服用
分譲
分断
紛争
併行
平衡
並行
閉院
閉口
閉校
閉幕
変換
変遷
編纂
返品
弁済
保留
包囲
包括
奉呈
崩御
捧呈
放映
放置
冒険
防御
翻刻
翻弄
慢心
満腹
満了
蔓延
密漁
密航
密葬
矛盾
免税
摸造
野宿
誘致
遊離
養殖
養生
抑圧
来館
来朝
来聴
乱発
乱舞
乱立
濫用
理髪
離脱
諒解
諒承
量産
領会
領解
領承
力説
林立
累計
類焼
零落
連係
露出
奠都
媾和
幇助
慷慨
扞格
扣除
捏造
浚渫
溯江
溯行
爛熟
稟請
缺損
薨去
鑿井
陞進
頽廃
下書
割込
差入
段取
犯則
阿諛
哀願
哀惜
哀悼
愛育
愛飲
愛玩
愛吟
愛重
愛唱
愛惜
愛蔵
愛読
愛慕
愛用
愛誦
逢引
逢着
悪罵
握手
圧延
圧砕
圧搾
圧殺
圧死
圧縮
圧勝
圧着
圧入
圧迫
圧伏
圧服
安居
安坐
安座
安住
安着
安眠
按排
按配
按腹
按分
按摩
暗記
暗合
暗示
暗唱
暗転
暗譜
暗躍
暗誦
案出
案分
依拠
囲繞
委縮
委嘱
委任
威圧
威嚇
威喝
慰安
慰留
畏敬
畏縮
移住
移出
移築
移駐
移入
萎縮
萎靡
違勅
遺失
遺贈
遺脱
遺尿
遺留
育種
育毛
溢血
溢水
逸出
逸遊
允可
印加
印可
印行
印刻
印字
印磁
因由
引火
引決
引見
引算
引責
引接
引致
引当
引用
引率
飲用
淫売
隠居
隠見
隠顕
隠棲
隠栖
隠匿
隠遁
隠忍
隠蔽
右傾
迂回
迂曲
云為
運開
運休
運算
運針
運搬
雲散
雲集
営繕
映写
映発
栄達
栄転
永続
永別
永眠
穎脱
詠唱
詠嘆
詠歎
液化
悦楽
悦服
越境
越訴
越冬
閲読
閲兵
閲覧
延引
延伸
延滞
延着
延納
延発
怨嗟
掩護
掩蔽
援引
援護
援用
演算
演習
演繹
煙滅
遠泳
遠望
塩焼
塩蔵
塩梅
汚辱
汚損
汚濁
往還
往訪
往来
応援
応射
応戦
応訴
応対
応諾
押印
押送
押捺
押売
横溢
横死
横転
殴殺
殴打
黄熟
黄濁
憶測
臆測
臆断
恩借
温浴
音読
下向
下校
下獄
下座
下乗
下城
下垂
下船
下達
下付
下問
下痢
化育
仮作
仮借
仮植
仮睡
仮設
仮葬
仮装
仮眠
加冠
加給
加護
加除
加増
加担
加筆
夏眠
家居
家蔵
架蔵
火食
火定
荷担
課金
過食
過信
画策
臥床
介意
介錯
会釈
会得
解釈
解脱
解毒
解剖
解離
解纜
回訓
回顧
回向
回収
回心
回申
回診
回避
回遊
回覧
回礼
壊死
壊滅
壊乱
快諾
快眠
快癒
悔悟
懐古
戒心
戒慎
戒飭
改易
改悟
改作
改宗
改修
改題
改築
改廃
改版
改変
改編
改竄
皆勤
皆伝
開園
開宴
開削
開札
開拓
開帳
開陳
開板
開封
開鑿
凱旋
外在
外切
外接
外注
外遊
咳嗽
慨嘆
慨歎
概括
概説
概評
概論
拡散
拡充
拡張
撹乱
確言
確執
確聞
確保
確約
確立
覚悟
角逐
隔絶
割愛
割拠
割譲
割腹
喝采
括弧
活写
活着
渇仰
渇水
渇望
滑空
滑翔
瓦解
乾溜
乾留
冠水
冠絶
勘案
勘合
勘弁
勧化
勧誘
堪忍
完結
完熟
完遂
完歩
完訳
官給
官許
寛恕
干与
感恩
感化
感泣
感吟
感嘆
感歎
感知
感服
感奮
感銘
慣熟
換価
換金
換言
換地
換物
歓迎
歓呼
歓談
潅水
監禁
監査
監訳
看過
管轄
簡抜
肝銘
観覧
諌言
貫徹
貫流
還御
還俗
還流
鑑査
鑑別
間作
間伐
閑居
閑吟
閑談
関知
陥没
含意
含浸
含蓄
含味
含有
含嗽
玩味
玩弄
贋作
贋造
雁行
企及
喜悦
奇襲
寄寓
寄宿
寄贈
寄留
希求
希釈
忌避
揮発
既出
棄却
帰一
帰営
帰結
帰任
帰伏
帰服
稀釈
規定
記憶
記載
起因
起居
起債
起筆
起伏
起立
偽作
偽装
擬装
欺瞞
義絶
議了
喫煙
喫驚
詰責
詰問
却下
脚色
虐使
虐待
逆算
逆上
逆用
休会
休心
休神
休診
休廷
休眠
休養
吸引
吸気
吸着
吸入
急告
急設
急送
急追
急転
急迫
急募
急報
急冷
救護
救恤
朽廃
求愛
求婚
泣訴
窮追
窮迫
窮乏
糾合
糾問
給血
給費
給与
給養
去勢
去来
拒止
挙行
挙止
挙証
挙兵
挙用
虚構
虚脱
漁獲
享楽
享有
供応
供血
供出
供奉
供養
供覧
競泳
競落
共振
共立
協商
強圧
強振
強訴
強直
強迫
強弁
恐悦
恐怖
恭悦
教護
教唆
教示
教練
狂死
狂信
狂奔
狂乱
興奮
饗応
驚嘆
驚歎
仰臥
仰視
仰望
凝議
凝結
凝血
凝固
凝視
凝集
凝縮
凝滞
凝着
凝立
凝聚
局在
曲解
極諌
玉砕
勤番
勤務
勤労
均霑
欣求
欽慕
禁圧
禁絶
禁足
禁断
禁烟
緊縮
緊張
緊迫
謹告
謹書
謹聴
謹呈
謹話
近似
近侍
近着
近道
金打
吟詠
吟唱
吟味
吟誦
区処
苦学
苦渋
苦笑
苦節
苦悩
苦慮
駆除
駆逐
駆虫
具現
具陳
具備
具有
愚考
空費
偶語
偶発
偶有
寓居
寓目
櫛比
屈曲
屈従
屈伸
屈折
屈託
屈伏
屈服
掘削
掘鑿
繰越
繰延
薫育
薫染
薫陶
訓育
訓戒
訓告
訓示
訓導
訓読
訓令
訓話
訓誡
群居
群棲
軍備
係争
係留
傾注
啓蒙
契印
契合
恵与
慶祝
掲額
掲載
掲出
敬服
敬慕
敬礼
経略
繋争
繋縛
繋留
計測
警戒
警告
警邏
軽信
軽装
軽蔑
迎撃
迎合
迎接
鯨飲
劇変
撃砕
撃退
撃沈
撃墜
撃滅
激賛
激賞
激走
激怒
激闘
激突
激発
激憤
激変
激論
傑出
欠勤
欠航
欠食
欠配
欠乏
欠礼
決壊
決起
決行
決済
決裁
決潰
決闘
潔斎
穴居
結審
結滞
結託
結団
結髪
結氷
結盟
結露
結紮
血書
血判
倹約
兼営
兼官
兼職
兼併
兼務
兼有
喧伝
嫌煙
嫌忌
建白
懸隔
懸垂
懸絶
検案
検印
検閲
検温
検眼
検診
検針
検束
検尿
検波
検品
検痰
牽引
犬死
献詠
献血
献策
献身
献納
献杯
献盃
献本
研摩
研鑽
見参
元服
厳達
厳談
厳秘
厳封
厳命
厳令
幻惑
減圧
減却
減殺
減算
減車
減収
減水
減衰
減退
減配
減俸
減免
減耗
現前
現用
言上
限局
呼応
固守
固着
枯渇
胡坐
誇張
顧慮
鼓吹
鼓舞
鼓腹
互助
互生
互選
午睡
後述
後略
悟入
誤解
誤算
誤信
誤審
誤診
誤断
誤伝
誤読
誤認
誤聞
誤訳
護衛
護送
交接
交遊
公述
公募
公有
口受
口授
口述
口達
拘泥
攻略
昂奮
校閲
構築
硬直
講釈
講読
購読
購入
降誕
降板
降伏
降臨
高吟
劫掠
劫略
号泣
号令
合冊
合唱
合掌
合奏
合致
合評
合併
合邦
合本
合流
拷問
豪語
豪遊
轟沈
克復
刻印
刻苦
告諭
酷遇
困却
困窮
困惑
困憊
婚姻
懇願
懇請
懇望
昏睡
昏迷
根治
梱包
混血
混交
混合
混在
混作
混雑
混食
混成
混生
混戦
混線
混濁
混入
混紡
混迷
混用
混浴
混乱
混淆
左傾
左遷
左袒
差配
査閲
査察
査収
査証
査定
査読
査問
沙汰
詐欺
詐称
坐洲
坐礁
坐乗
坐食
座州
座礁
座乗
座食
座禅
座談
挫傷
挫折
催告
再挙
再掲
再説
再送
再築
再読
再認
再拝
再版
再臨
再論
塞源
才覚
採掘
採取
採種
採寸
採石
採択
採尿
採油
採録
栽培
采配
細説
細分
細別
細論
裁許
載録
在位
在官
在京
在郷
在勤
在校
在国
在社
在宿
在職
在席
在籍
在庁
在朝
在廷
在天
在府
在役
作興
作図
作動
作表
搾取
搾乳
搾油
策応
策動
策謀
策略
錯覚
錯誤
錯雑
錯綜
錯乱
冊立
察知
殺菌
殺生
殺到
殺戮
雑記
雑沓
雑言
雑交
雑婚
雑踏
雑鬧
参学
参宮
参勤
参酌
参集
参着
参内
参府
参与
参覲
山居
惨殺
惨敗
撒水
撒播
撒布
散逸
散骨
散策
散水
散大
散点
散発
散髪
散佚
産出
賛嘆
賛美
斬殺
斬死
斬首
斬髪
残害
残置
残留
残塁
仕付
仕訳
使役
司式
始業
始動
思念
思弁
指図
支弁
施術
施錠
施肥
施米
施療
止血
止宿
死産
死守
死蔵
死闘
死別
死没
死歿
私淑
私蔵
私闘
至嘱
視認
試演
試掘
試錐
諮詢
飼育
侍坐
持久
持続
治水
治癒
示寂
示達
自演
自害
自学
自活
自虐
自決
自粛
自刃
自尽
自炊
自撰
自薦
自選
自訴
自蔵
自存
自沈
自得
自爆
自負
自噴
自弁
自慢
自問
自刎
辞去
式微
識別
叱正
叱責
叱咤
執奏
執達
執刀
執筆
執務
失陥
失脚
失禁
失権
失言
失笑
失職
失心
失神
失墜
失念
失恋
失踪
嫉妬
疾走
質疑
実演
実在
実習
実践
実測
実存
実働
屡述
舎営
写植
写像
射影
射撃
射出
煮沸
謝恩
謝絶
遮音
遮蔽
蛇行
邪推
借金
借財
借問
借用
借覧
酌量
釈放
若死
寂滅
弱化
惹起
守護
手記
種痘
首謀
受戒
受給
受業
受勲
受刑
受光
受講
受傷
受賞
受信
受審
受診
受洗
受禅
受像
受贈
受胎
受託
受諾
受注
受註
受電
受難
受任
受忍
受納
受配
受粉
受容
受用
呪縛
呪詛
授戒
授業
授賞
授乳
授与
収穫
収載
収受
収縮
収蔵
収束
収奪
収得
収賄
収攬
収斂
周延
周航
周章
周遊
就位
就航
就床
就任
就眠
就役
就労
就褥
修交
修好
修飾
修繕
修造
修築
修訂
修得
修補
修養
修練
修錬
修祓
愁訴
愁嘆
拾得
終演
終息
終熄
習合
習熟
習得
習練
蒐荷
襲撃
襲爵
襲職
襲用
襲来
集荷
集貨
集束
集配
集録
充溢
充員
充血
充塞
充足
充電
充満
従属
渋滞
縦貫
縦続
縦覧
重合
重刻
重婚
重刷
重出
重訂
重版
重訳
重祚
銃撃
銃殺
宿営
宿衛
宿直
宿望
縮刷
縮尺
縮退
粛学
粛軍
粛党
熟議
熟考
熟睡
熟達
熟談
熟知
熟読
熟眠
熟覧
熟慮
出芽
出棺
出漁
出郷
出撃
出庫
出御
出札
出射
出社
出炭
出陳
出頭
出動
出納
出府
出兵
出穂
出奔
出離
出立
出猟
出塁
出廬
述懐
述作
峻拒
峻別
竣成
殉死
殉職
準拠
準用
潤色
巡閲
巡演
巡回
巡業
巡検
巡見
巡察
巡視
巡拝
巡遊
巡覧
巡礼
巡歴
巡邏
遵奉
順延
順接
順礼
処決
処置
初詣
所轄
所望
書見
書置
助演
助力
叙述
叙説
叙任
除去
除算
除籍
除電
除服
勝訴
召喚
召還
唱導
唱道
小破
小別
承諾
承伏
承服
抄出
抄訳
招喚
招待
昇給
昇段
消音
消去
消失
消尽
消沈
消毒
消磨
焼灼
焼尽
焼鈍
焦慮
照応
照査
照準
照覧
省察
省筆
称美
笑覧
衝動
衝突
訟廷
詳述
詳論
象眼
象嵌
賞玩
賞翫
賞嘆
賞美
鍾愛
上述
上書
上申
上船
上訴
上木
上洛
上覧
上蔟
乗算
乗除
乗船
乗馬
常住
常食
常直
擾乱
浄写
浄水
蒸散
蒸着
譲与
嘱望
嘱目
植毛
触診
触接
触発
触法
食害
食言
食傷
蝕害
伸展
信愛
信伏
信服
信憑
侵食
侵蝕
審問
心服
浸潤
浸食
浸蝕
浸炭
申達
真読
臣服
診察
診断
辛勝
進軍
進言
進達
進捗
進発
震動
尽瘁
陣没
陣歿
図解
図示
図説
逗留
吹聴
吹鳴
垂範
垂涎
推挙
推考
推察
推重
推測
推戴
推断
推知
推服
推論
推敲
推輓
水泳
水書
水食
水蝕
水難
水没
衰弱
衰退
衰微
衰亡
衰滅
衰頽
随喜
随行
随従
随順
随身
随伴
崇敬
崇拝
寸断
寸裂
世襲
是認
制圧
制慾
制欲
征伐
成業
成婚
成道
成敗
成仏
整合
整除
整頓
整髪
整流
整列
生録
精勤
精察
精白
精油
精煉
精練
精錬
製図
製氷
製表
製粉
製油
誓言
請訓
請託
請負
逝去
席巻
席捲
惜敗
惜別
析出
積算
積層
積分
赤化
赤熱
切諌
切願
切削
切死
切除
切迫
切望
切論
接岸
接見
接合
接写
接受
接収
接触
接着
接頭
接伴
接尾
接吻
摂生
摂動
折衝
折損
折伏
折檻
設営
設問
窃盗
節煙
節食
節制
節電
節米
節略
節録
説経
説示
説破
説伏
説法
説諭
雪辱
雪冤
絶家
絶叫
絶賛
絶食
絶息
絶版
絶筆
絶命
絶讚
蝉脱
蝉蛻
先議
先達
占有
占筮
宣下
宣布
宣撫
宣揚
専決
専属
専断
専念
専有
専用
戦慄
戦歿
洗眼
洗顔
洗脳
洗礼
洗煉
洗練
洗滌
染筆
染物
潜没
旋回
旋転
羨望
詮議
践祚
選評
遷化
遷座
前記
前駆
前借
前売
善導
漸減
漸増
漸落
全休
全通
全癒
措定
狙撃
疏通
疎開
疎外
疎隔
疎通
祖述
租借
粗食
粗相
粗描
素読
素描
組閣
組成
組版
蘇生
訴願
訴求
訴人
訴追
阻害
阻碍
阻隔
阻喪
遡及
遡源
創出
創設
奏聞
奏覧
想望
掃引
掃除
掃滅
挿入
早婚
早産
早死
早出
早寝
早着
争奪
相愛
相克
相殺
相似
相伴
相補
相剋
総括
総轄
総説
総覧
総和
総攬
綜覧
装飾
装置
装着
装填
装備
送金
送迎
送出
送水
送籍
送達
送致
送配
送付
送附
送風
送別
送話
遭遇
騒動
増悪
増援
増刊
増給
増結
増作
増刷
増車
増収
増進
増設
増置
増築
増派
増反
増幅
増便
増俸
増力
憎悪
蔵匿
贈位
贈官
贈号
贈呈
贈答
贈物
贈与
造営
造影
造園
造艦
造血
造作
造水
造林
促進
促成
側聞
即詠
即応
即吟
即決
即製
即諾
即断
即答
即納
即発
測量
足算
速記
速決
速写
速射
速成
速断
速答
俗化
属望
属目
族生
続映
続載
続伸
続生
続騰
続報
続落
卒去
卒倒
卒読
存知
存置
存命
尊信
尊崇
損耗
他言
他出
多言
多読
堕胎
堕落
妥協
妥結
打鍵
打診
打電
打擲
体現
体得
堆積
対語
対審
対晤
耐乏
帯出
帯電
怠業
怠納
滞積
滞納
滞留
貸借
貸与
退学
退却
退去
退散
退出
退城
退場
退色
退席
退廷
退歩
退役
逮捕
代願
代決
代言
代診
代読
代入
代筆
大喝
大挙
大悟
大食
大酔
大息
卓越
卓出
卓絶
卓立
托鉢
択一
拓殖
託送
達観
奪還
奪掠
奪略
脱衣
脱臼
脱営
脱化
脱去
脱穀
脱獄
脱臭
脱色
脱走
脱俗
脱着
脱腸
脱藩
脱糞
脱漏
脱牢
脱肛
丹精
単作
嘆称
嘆賞
嘆息
嘆美
坦務
担任
探検
探険
探査
探索
探察
探勝
探測
探知
探偵
探梅
探聞
探訪
歎称
歎息
歎美
短絡
端坐
端座
端倪
耽溺
鍛造
鍛練
鍛錬
団欒
弾圧
弾劾
断言
断交
断行
断裁
断罪
断種
断続
断定
断髪
断滅
断截
談義
談笑
談判
談論
知得
置換
遅配
築港
築堤
畜産
蓄財
蓄積
蓄電
蓄熱
蓄髪
蓄冷
逐電
窒死
窒息
嫡出
着火
着荷
着眼
着金
着剣
着座
着信
着陣
着水
着席
着船
着脱
着地
着電
着筆
中座
仲裁
抽出
抽選
抽籤
注釈
注油
註釈
鋳造
駐箚
猪突
著述
著録
貯金
貯水
貯留
凋落
寵愛
彫金
彫刻
彫琢
徴税
徴発
挑発
挑撥
朝礼
眺望
聴許
聴取
聴納
調剤
調停
調髪
調伏
調薬
調練
超越
超勤
超克
超絶
超脱
跳躍
跳梁
長駆
長欠
長考
長座
長嘯
勅答
直覚
直轄
直撃
直結
直裁
直射
直書
直叙
直進
直訴
直奏
直送
直談
直通
直答
直読
直納
直売
直覧
直立
直話
沈下
沈降
沈思
沈酔
沈積
沈潜
沈殿
沈澱
沈没
沈黙
沈淪
沈湎
珍重
珍蔵
鎮圧
鎮火
鎮護
鎮座
鎮静
鎮定
鎮撫
陳弁
陳列
墜落
追憶
追懐
追撃
追孝
追考
追従
追随
追善
追訴
追想
追贈
追悼
追討
追突
追認
追尾
追慕
追放
追録
痛飲
痛撃
痛言
痛恨
痛惜
痛嘆
痛歎
痛罵
痛憤
痛論
通園
通暁
通読
通分
通謀
通覧
潰滅
潰乱
低回
低吟
低唱
低頭
低落
低徊
停会
停戦
停船
停滞
停電
停頓
停泊
停留
偵察
剃髪
呈上
挺身
挺進
提唱
碇泊
締結
締約
諦観
逓送
逓増
逓伝
鼎坐
摘果
摘芽
摘記
摘出
摘心
摘発
摘録
滴下
適応
適帰
適従
適中
溺愛
溺死
溺没
撤回
撤去
撤収
撤廃
撤兵
展延
展墓
展覧
店番
添書
纏綿
転位
転移
転居
転勤
転写
転借
転住
転宿
転籍
転戦
転送
転属
転宅
転読
転売
転覆
転変
顛覆
点眼
点呼
点在
点綴
点滴
点描
点滅
点訳
伝授
伝習
伝承
伝奏
伝播
伝搬
伝聞
電解
電請
電鍍
電離
吐血
吐出
吐息
吐乳
吐瀉
堵列
塗布
塗抹
徒渉
徒食
徒長
徒費
渡渉
渡洋
登載
登壇
登庁
登楼
土葬
怒号
怒張
倒錯
倒伏
倒幕
倒立
凍結
投獄
投写
投射
投宿
投出
投函
投錨
投了
投擲
搭載
東漸
盗掘
盗作
盗聴
盗電
盗伐
淘汰
湯煎
当直
当惑
答電
答礼
統括
統轄
統監
統御
統裁
統帥
統率
到達
到来
討死
討伐
討幕
討論
踏襲
逃亡
透写
透徹
陶酔
動座
同座
同室
同宿
同着
同道
同流
同衾
導出
導通
撞着
洞察
道楽
得度
得道
徳化
特訓
特赦
特出
特設
特薦
特待
特注
特認
特配
特売
特発
特筆
特報
特免
督戦
督促
督励
毒害
毒殺
独演
独吟
独航
独行
独坐
独座
独酌
独修
独習
独唱
独創
独奏
独走
独白
読過
読解
読図
読破
読了
読誦
突貫
突撃
突進
突入
突発
屯営
遁世
遁走
頓悟
頓挫
頓死
頓着
頓服
呑吐
呑噬
鈍磨
鈍麻
内謁
内閲
内応
内含
内勤
内向
内攻
内済
内在
内借
内祝
内職
内切
内接
内奏
内諾
内達
内談
内通
内命
内約
内覧
薙髪
捺印
捺染
馴致
南面
軟派
難儀
難詰
難渋
難船
難破
日勤
乳化
入営
入荷
入閣
入漁
入京
入庫
入獄
入室
入質
入寂
入信
入隊
入朝
入廷
入電
入湯
入道
入内
入梅
入府
入部
入幕
入滅
入洛
入寮
入鋏
任免
任用
妊娠
忍苦
忍受
忍従
忍耐
認許
認容
熱演
熱願
熱唱
熱弁
熱讚
念仏
念誦
捻挫
捻転
粘着
悩殺
悩乱
濃縮
納棺
納金
納札
納車
納受
納本
納涼
把握
把捉
波及
波蝕
破砕
破綻
破断
破滅
破裂
破牢
破摧
罵倒
馬耕
馬食
廃退
廃嫡
廃朝
廃滅
廃立
廃頽
拝謁
拝賀
拝見
拝察
拝借
拝受
拝承
拝趨
拝聴
拝呈
拝読
拝眉
拝命
拝領
拝礼
排撃
排斥
排尿
敗退
敗亡
背反
背叛
背面
配員
配剤
配膳
配属
配備
倍旧
培養
媒介
媒酌
媒妁
買収
売約
賠償
陪従
陪乗
陪食
陪席
陪聴
秤量
剥奪
剥脱
剥落
白黒
白濁
白熱
薄遇
曝書
爆撃
爆殺
爆傷
爆笑
爆沈
爆破
爆発
爆裂
駁撃
駁論
発育
発煙
発火
発芽
発刊
発汗
発願
発議
発狂
発色
発心
発振
発疹
発進
発赤
発布
発憤
発奮
発明
発問
発揚
発露
発兌
伐採
伐木
抜剣
抜糸
抜歯
抜粋
抜擢
抜刀
抜錨
抜萃
鳩合
鳩首
判然
判読
判別
半壊
半周
反撃
反証
反訴
反転
反駁
反覆
反目
反問
反訳
反落
反噬
叛逆
帆走
搬出
搬送
搬入
板書
汎称
繁昌
繁殖
繁盛
繁茂
煩悶
頒布
晩酌
盤踞
蕃殖
悲観
悲愁
悲嘆
悲歎
悲憤
批准
批正
披閲
披見
披瀝
比肩
比類
疲弊
秘匿
罷免
肥培
肥満
被覆
誹議
誹謗
避寒
非議
飛躍
備蓄
尾行
微吟
微行
微動
微分
微祿
美食
匹敵
必見
必着
必読
筆算
筆誅
逼塞
逼迫
標榜
氷結
氷釈
漂着
漂泊
漂白
漂流
票決
表出
表彰
表象
表装
表白
評決
評釈
豹変
描出
病欠
病没
病歿
貧血
頻出
頻発
付言
付随
付設
布告
布設
布線
扶育
扶助
扶植
扶翼
敷設
敷衍
普請
浮遊
浮流
浮浪
浮游
腐朽
腐食
腐蝕
赴任
附言
附随
附設
侮辱
侮蔑
撫育
舞踏
封殺
封入
封緘
風食
風蝕
風発
風聞
風諭
風靡
伏臥
伏在
伏流
復円
復縁
復仇
復業
復古
復交
復航
復号
復刻
復習
復讐
復姓
復籍
復命
復讎
復辟
服罪
服従
服喪
服属
服毒
服務
複写
複製
覆刻
覆没
覆滅
覆面
淵源
払拭
払底
物故
物納
分煙
分家
分岐
分極
分光
分合
分骨
分冊
分宿
分乗
分水
分節
分担
分地
分納
分売
分娩
分有
分与
分立
分流
分溜
分留
分蘖
吻合
噴火
噴射
憤慨
憤激
憤死
憤怒
扮装
焚火
奮戦
奮闘
奮発
奮励
粉砕
粉飾
粉食
紛議
紛糾
紛失
紛擾
紛乱
文飾
文選
聞知
併営
併科
併願
併合
併催
併出
併称
併進
併設
併走
併存
併読
併呑
併任
併発
併有
併用
併録
平臥
平叙
平伏
平復
平分
平癒
並称
並進
並存
並列
閉会
閉館
閉居
閉業
閉経
閉鎖
閉塞
閉山
閉店
閉門
壁書
別家
別掲
別言
別注
別納
別封
瞥見
蔑視
偏愛
偏奇
偏在
偏食
偏倚
変圧
変位
変異
変移
変改
変死
変色
変節
変説
変奏
変装
変速
変態
変調
変通
変転
変貌
変名
変約
変容
返却
返照
返送
返答
返納
返杯
返盃
返付
返附
返報
返本
返戻
返礼
遍在
遍満
遍歴
便秘
勉学
勉励
弁解
弁償
弁疏
弁難
弁駁
弁別
鞭撻
保温
保菌
保釈
保養
舗装
鋪装
捕獲
捕食
捕縛
補記
補修
補習
補充
補職
補綴
補填
補任
補弼
補筆
輔弼
募金
募債
募兵
包摂
包蔵
報知
報賽
奉迎
奉献
奉行
奉賛
奉祝
奉職
奉遷
奉戴
奉読
奉納
奉拝
奉奠
崩落
抱合
捧読
放下
放吟
放散
放出
放水
放逐
放任
放熱
放念
放伐
放牧
放流
放浪
放屁
砲撃
縫合
縫物
褒貶
訪台
訪仏
豊熟
邦訳
飽食
飽満
飽和
亡失
傍観
傍受
傍証
剖検
妨碍
忘却
忘失
忙殺
暴圧
暴飲
暴食
暴走
暴発
暴落
望見
冒涜
謀議
謀殺
防音
防寒
防禦
防護
防災
防縮
防水
防遏
頬被
卜居
墨守
墨書
撲殺
撲滅
勃起
勃興
勃発
没却
没取
没収
没入
没落
奔出
奔走
本復
翻案
凡退
摩擦
摩損
摩滅
摩耗
磨損
磨滅
磨耗
麻酔
埋骨
埋設
埋葬
埋蔵
埋納
埋伏
埋没
枚挙
抹殺
満悦
満喫
満載
満水
漫吟
漫談
漫歩
漫遊
味解
味見
味到
味得
味読
魅了
魅惑
密行
密告
密殺
密集
密植
密生
密訴
密奏
密送
密談
密通
密売
密封
密閉
密約
密輸
密猟
脈動
民泊
夢想
霧散
名状
明察
明断
明滅
迷走
鳴動
滅却
滅菌
滅失
滅尽
滅亡
免官
免租
免訴
面詰
面晤
摸写
摸倣
模擬
模写
模倣
妄信
妄想
妄評
猛撃
猛攻
猛襲
猛省
猛進
猛追
盲愛
盲従
盲信
盲進
盲爆
網羅
黙許
黙坐
黙座
黙殺
黙想
黙諾
黙祷
黙読
黙認
黙秘
黙礼
目撃
目算
目送
目測
目礼
戻入
問罪
問診
問責
悶死
悶絶
悶着
門出
門番
夜勤
夜襲
役務
約言
約諾
約定
訳載
訳出
訳述
訳読
躍進
躍増
躍動
愉悦
油断
癒合
癒着
諭告
輸送
優越
優待
優退
勇退
勇断
勇躍
宥恕
宥免
宥和
幽閉
憂悶
憂慮
湧出
涌出
誘拐
誘導
誘爆
誘発
誘惑
遊泳
遊学
遊戯
遊興
遊吟
遊行
遊牧
遊覧
遊歴
遊弋
郵送
融解
融合
融通
融和
予覚
予感
予見
予言
予告
予察
予習
予断
予報
予約
預言
預託
容赦
容喙
揚言
揺曳
溶解
溶血
溶出
溶接
溶存
溶断
溶融
熔接
熔融
用捨
用談
要撃
要談
要略
遥拝
陽転
養育
抑留
翼賛
羅列
裸出
来院
来往
来会
来観
来校
来航
来貢
来所
来場
来診
来宅
来談
来着
来任
来報
来訪
来遊
来寇
雷撃
雷同
落下
落球
落伍
落後
落札
落手
落城
落飾
落成
落石
落選
落第
落胆
落着
落馬
落髪
落盤
落磐
落筆
落命
落雷
落涙
落魄
乱獲
乱掘
乱作
乱心
乱酔
乱造
乱闘
乱読
乱入
乱売
乱伐
乱費
濫獲
濫掘
濫作
濫造
濫読
濫発
濫伐
濫費
利殖
履行
履修
履践
離縁
離隔
離間
離京
離郷
離合
離婚
離散
離床
離礁
離職
離水
離籍
離船
離村
離日
離乳
離任
離農
離反
離叛
離別
離陸
陸棲
陸生
陸送
律動
立願
立脚
立言
立売
立腹
掠奪
略記
略言
略取
略述
略叙
略説
略装
略筆
流産
流失
流転
流伝
流入
流布
流連
流露
流浪
流涕
留意
留錫
留任
留年
留保
隆起
隆替
了察
両断
凌駕
凌辱
諒察
諒恕
量定
量販
陵駕
領掌
領有
力泳
力演
力戦
力漕
力走
力闘
臨画
臨検
臨幸
臨写
臨書
臨場
臨席
臨模
輪廻
輪講
輪栽
輪作
輪転
輪読
累加
累減
累算
累乗
累積
累増
類纂
類似
類従
類推
類比
類聚
令達
例証
冷却
冷笑
冷罵
冷評
励起
励行
励振
礼遇
礼賛
礼讚
隷従
隷属
霊化
歴遊
列記
列挙
列立
廉売
恋着
憐察
練達
練磨
聯関
聯繋
聯弾
連関
連吟
連携
連繋
連結
連呼
連坐
連座
連載
連作
連射
連取
連署
連乗
連接
連想
連濁
連弾
連騰
連動
連発
連袂
錬成
錬磨
露営
露見
露顕
露光
朗詠
朗吟
朗読
漏洩
漏出
漏水
漏電
漏話
狼狽
篭居
篭城
篭絡
老熟
老衰
老成
老廃
論詰
論及
論究
論決
論結
論告
論述
論証
論争
論断
論定
論難
論破
論駁
論判
論弁
和楽
和合
和睦
和訳
惑溺
惑乱
湾曲
湾入
乖離
亢奮
仄聞
佇立
佩用
俯瞰
傅育
兌換
冀求
刮目
剔出
剔抉
剪定
剿滅
剽窃
匍匐
簒奪
吶喊
呻吟
咀嚼
哺乳
喀血
嗚咽
嗟嘆
嗟歎
嘲笑
嘲罵
嘲弄
堙滅
壟断
夭折
屏息
屹立
嵌入
弑虐
弑逆
彌縫
彎曲
彎入
彷彿
徂来
徘徊
忖度
忿怒
恤兵
恫喝
悖反
悋気
慙愧
慴伏
憔悴
憫察
憫笑
懊悩
罹患
罹災
罹病
懾伏
截断
扼殺
扼腕
拿捕
拉致
拮抗
挂錫
掣肘
揶揄
搏動
擅断
擱坐
擱座
擱筆
擯斥
斟酌
鬱気
鬱屈
鬱結
鬱血
鬱積
歔欷
殲滅
沐浴
沮喪
涸渇
淪落
湮滅
渙発
游泳
溷濁
溯及
溯源
滲炭
瀉血
潴溜
瀰漫
炸裂
煥発
燻蒸
猖獗
眩惑
睥睨
瞑想
瞠目
瞞着
稟議
竄入
篆刻
簇生
糜爛
糺問
紆曲
紊乱
絮説
緘黙
縷述
縷説
縷陳
繙読
缺勤
缺如
缺乏
缺落
罨法
翔破
翹望
耄碌
聳動
胚胎
膺懲
艤装
蟄居
蟠踞
蠕動
蠢動
裨益
褪色
褫奪
誅殺
誅伐
誅滅
誅戮
誣告
諳記
諳譜
諳誦
諷詠
諷諌
諷刺
諷諭
諷誦
謫居
譴責
讒言
讒訴
讒謗
讚歎
讚美
貪食
賁臨
贅言
贔屓
跋渉
跋扈
跪坐
跪拝
跼蹐
踞座
蹂躙
蹉跌
蹈襲
蹶起
蹲踞
躊躇
輻射
輾転
轢殺
轢断
辟易
逡巡
迸出
邁進
邀撃
扈従
酩酊
醵金
銷沈
鏖殺
鏤刻
闊歩
闕如
闖入
顰蹙
驀進
髣髴
鹵獲
龜裂
御誘
結講
挿木
散積
弥縫
弥漫
劈開
奉讃
邪揄
按舞
陰蔽
下取
荷造
荷受
気晴
気落
逆戻
逆恨
居眠
局止
駆足
空振
月払
肩入
元請
元締
言付
戸締
糊付
後払
後戻
差押
山登
山崩
切捨
仕送
手招
手分
受渡
愁歎
焼直
深酔
深入
請托
舟出
綜括
綜轄
増頁
増巾
拓植
談議
掛算
脇見
媾曳
焼付
上塗
面語
報祭
布衍
微禄
廃山
入山
阻細
寸評
推挽
祝祷
刺絡
雑糅
雑蹂
砕氷
渾淆
献饌
廻覧
解氷
下瞰
温服
永訣
隠避
易簀
籠絡
隴断
龍断
籠居
籠城
流説
鏤骨
略解
訳解
冥護
補殺
別置
覆育
必中
抜染
発船
発根
頓首
摘除
裏打
目移
払出
表書
抜差
内張
天引
長持
打水
棚卸
店卸
丹誠
允許
更衣
分服
汎用
節倹
甦生
阿付
暗闘
慰問
移植
育児
下知
加配
寡占
寄書
帰投
祈祷
競映
強請
禁錮
苦吟
軽侮
撃破
結球
兼備
検算
謙遜
験算
固化
厚遇
合一
細工
作詞
作詩
錯視
参究
惨落
市販
思慕
自給
首肯
受理
授精
除隊
笑殺
正装
清掃
盛装
選歌
遷移
争覇
走破
送波
続演
脱脂
着意
着色
朝賀
転向
塗装
杜絶
途絶
東征
統制
闘病
燃焼
播種
破水
破損
廃合
拝辞
買春
売淫
薄着
発揮
卑下
避妊
服膺
閉廷
墓参
崩潰
抱懐
訪露
慢罵
漫罵
野営
落書
立見
聯奏
聯想
連奏
和協
懈怠
齟齬
山盛
山分
手抜
代払
封切
日焼
移設
下請
悔悛
改組
改悛
開示
寄食
帰臥
気絶
規程
起臥
苦行
苦闘
苦悶
慶賀
激昂
激高
減額
呼吸
再議
細書
散在
散財
算用
指南
疾駆
屡報
就学
重任
推量
雀躍
壮語
走行
損壊
打撲
対坐
対座
退座
代納
大言
担保
注記
註記
長嘆
長歎
転調
踏査
発出
別記
変成
編制
奉還
乱打
立身
流下
硫化
両分
両用
療養
牢記
嘔吐
濾過
猜疑
輻湊
輻輳
格付
出迎
煖房
縷言
目減
依託
委託
違約
架設
廓大
起床
兼帯
懸想
後逸
誤報
弘法
産休
仕分
象徴
信奉
推薦
推選
創刊
奏功
奏効
奏上
相姦
相関
送還
騒擾
退官
大観
誕生
鍛冶
遅疑
墜死
鍍金
蕩尽
討議
破顔
破門
博覧
発散
表決
不参
崩壊
妄動
盲動
老化
坐来
滅金
味付
遡上
溯上
意図
意訳
起請
強襲
苦手
空発
訓電
降服
疾呼
親閲
水死
製鉄
製本
潜在
代署
添付
添附
貼付
貼附
農耕
排泄
敗訴
倍加
沸騰
防戦
摸索
模作
模索
黙考
約分
恋慕
嚥下
毀傷
咽下
上積
鉢巻
慰撫
移行
歓喜
共栄
抗告
自任
自認
失調
煮物
出家
常置
垂死
垂示
推奨
推称
推賞
対置
着生
兆候
勅撰
提起
破獄
腐乱
腐爛
服薬
平日
訪英
本有
夜営
容認
来援
化膿
加階
嘉納
火傷
帰参
帰山
起算
偽称
誤写
公告
耕作
降圧
持参
手交
出勤
親祭
親裁
測地
定植
貧乏
平定
訪独
優位
陸上
了知
見合
浸漬
維持
化生
加勢
火中
議決
実感
社会
受命
終止
浄化
親授
相乗
抵触
投下
庇護
募集
遊説
遊蕩
傭船
冷凍
牴触
觝触
躁急
安心
億兆
億万
公定
参朝
散見
遮光
集結
縦走
真似
吹奏
創造
送像
奪取
中和
塗擦
屠殺
防止
藉口
劣敗
開国
格納
居留
顕彰
後継
交織
降職
参賀
蚕食
折衷
戦捷
選奨
通計
定置
渡御
内観
破約
陪観
無力
僭称
回想
勧戒
監視
緩解
諌止
諌死
企図
驚愕
係船
繋船
謙称
参戦
修正
抄録
詳録
辛抱
増減
即位
代講
代香
代作
遅参
転校
入国
描画
病臥
付議
附議
副葬
別売
放談
抑止
療治
出稼
移算
意味
会葬
回漕
回送
廻漕
廻送
快走
改行
改葬
改装
協賛
見学
主席
従事
循環
進学
増兵
多謝
忠諌
直言
潰走
抵抗
入港
入行
入牢
発光
発効
発向
醗酵
疲労
布団
奉加
奉賀
萌芽
牢死
老死
安神
慰労
現送
行水
裁決
受精
重要
専管
代参
暖房
聴講
入坑
入校
入構
入貢
入寇
認知
晩成
軽視
行為
合歓
散歩
指呼
主流
修整
集成
召募
奨励
昇殿
消長
植皮
接地
遅刻
着帯
平穏
変革
利下
安臥
移転
廻国
戒告
甘受
逆睹
恐懼
坐臥
裁縫
在庫
自賛
自讚
修学
専従
徹底
服役
荷揚
間借
寄与
急派
再訪
最中
採訪
散華
湿布
常駐
代位
配管
移項
姦淫
刑死
兼摂
更新
参殿
自修
自習
自称
新造
阻止
操舵
遭難
貯蔵
謄写
発意
沮止
規正
傾斜
検札
賢察
朱書
重奏
醇化
順化
措置
馴化
廃刊
拝観
被災
美容
婦人
部分
違背
歌舞
倦怠
再調
在荷
参進
自省
自制
自生
自製
条播
醸成
撰文
琢磨
追試
東道
入唐
融資
往生
開所
金策
交配
荒廃
最終
使送
使嗾
指嗾
試走
自証
実行
修道
信託
振起
尽力
転成
転生
転入
透過
批評
併置
並置
聯合
棚上
区劃
敬愛
終決
商量
渉猟
生殖
絶句
漸近
打破
胎動
聴診
調進
半分
返事
陸行
禁固
空輸
研学
合資
合祀
切言
専任
選任
遷都
定立
鼎立
等化
標定
返辞
報謝
問答
呼出
仲立
移管
営巣
下馬
完納
感応
教徒
景気
減数
仕度
私語
巡幸
巡航
順行
小憩
小計
少憩
承継
睡眠
帯同
登用
放電
黙過
理会
跛行
移用
拡大
休校
休航
休講
菜食
収納
消散
称賛
称讚
賞賛
賞讚
制禦
制馭
製剤
退院
退蔵
退転
内服
来社
咫尺
躬行
会読
解読
回読
群舞
孤独
護持
控訴
受検
水洗
排他
分業
予納
公訴
行幸
嫉視
巡行
生長
代書
忠義
予期
羽化
喚起
換気
休耕
強大
誤用
正誤
滞空
奪回
屠腹
南中
塩化
急行
後見
至要
出廷
静養
登庸
盗用
分析
帰省
謹慎
常備
倒置
統治
捧持
留守
榜示
簡素
強要
教習
想到
掃蕩
掃討
争闘
代議
代任
傍聴
膨張
膨脹
沃化
勦討
移送
加速
考量
参会
散開
同年
激動
色刷
推理
生食
訪欧
無私
来演
色摺
牽制
後進
交信
昂進
高進
出水
制覇
清聴
静聴
付置
布置
附置
暴死
亢進
為替
刺戟
常勤
壮快
爽快
照会
装用
直前
急騰
境界
公開
再来
作画
辞任
哨戒
紹介
詳解
退庁
特記
突起
応接
祈誓
規整
適正
軟化
終日
常用
通交
通航
営造
延長
送受
縫製
安息
応化
会館
偽証
成人
精査
相撲
賦活
謳歌
謀叛
運漕
出世
通牒
分村
痙攣
穏健
軍縮
呼集
誤記
公布
好調
上気
進呈
段階
内分
狐疑
酸化
出金
常傭
垂下
選句
増税
誰何
男性
同船
敗走
背走
配送
驚倒
交付
降参
測定
連用
苦心
進駐
徒死
皮肉
看破
交叉
考査
出入
麻痺
厳守
成功
盛行
全訳
追記
用船
公的
終結
出走
相伝
命中
送電
現住
広告
小柄
潮解
入射
浮上
逸機
化成
後半
申請
人的
直営
投資
掲示
私議
処方
増資
打開
興起
銀行
逍遥
行来
寄進
進級
超過
奇異
検問
通勤
少女
発会
滑降
減価
同化
市民
喃語
鋭利
殊勝
水浴
頂戴
綺麗
加療
尋問
折中
対等
陶冶
非情
合力
親任
訊問
披講
肥厚
訪中
御祭
唾棄
予想
会同
殉教
征服
整復
委棄
遺棄
横臥
待機
枉駕
宣教
復調
感心
管制
教室
交易
整地
遠慮
起草
協業
昇圧
正当
例示
世論
定位
浮動
励磁
立話
穀食
派出
表裏
借入
生新
凍死
透視
暴行
冷蔵
開業
軽易
専修
簡勁
戦勝
引越
想像
付近
両立
矯激
胸懐
幻想
支度
辛苦
単純
幻滅
振作
加味
器用
共用
再選
支配
遷延
橋渡
繰糸
創始
体操
入水
分別
軒昂
疑懼
堅実
豆腐
評定
累進
真剣
化現
竣功
竣工
選出
町立
同棲
了簡
了見
料簡
好投
分散
懺悔
思惟
人口
揣摩
出張
停止
可能
強打
伸縮
侵犯
総連
病死
切磋
大量
気楽
賛助
親切
底止
不便
協和
適時
不要
芟除
差止
利上
恐縮
斯様
壮大
利益
改元
現在
急速
回国
感受
宏遠
高値
彩色
区間
深甚
連記
加点
手当
遊歩
通電
漸騰
途中
磁化
招請
焼成
前後
瀟洒
昨夜
上等
爆死
値上
飢死
糊塗
正常
運動
細心
上京
簡略
特異
活用
寄生
業者
建設
微少
無口
泰平
会話
肝要
清新
壮健
端的
不忠
過密
寛容
丈夫
人数
対論
発酵
純化
所属
整美
精微
精美
他行
将棋
荘厳
退位
検察
手書
対生
達者
直截
微妙
劇的
司会
大柄
密接
円満
途上
制定
認定
主婦
特措
複雑
禁酒
愧死
海岸
奇麗
高遠
課税
寡黙
国民
生起
頻繁
宏壮
広壮
高燥
重宝
正式
健全
談話
高尚
特許
熱心
休場
極端
丁寧
黙止
黙視
異例
寛厚
合議
指揮
不等
疎剛
幼稚
怪我
称呼
悪質
精強
力行
子供
相応
側臥
解熱
参篭
詩的
参籠
修行
区画
適格
当番
割高
敬虔
笑止
浄書
不利
放逸
放佚
強固
巧緻
無尽
人体
大損
不覚
放射
面倒
鞏固
頑固
糖化
敏感
無為
巧者
無情
論説
永久
温雅
披露
見積
沈着
昨年
築城
後押
馳走
密会
来島
快調
怪奇
悪口
作家
週末
常套
凸凹
不貞
不逞
精確
狡獪
兼学
幸福
丁重
倍増
窮屈
単調
的確
補外
未熟
声高
鷹揚
通常
閉場
目睹
艷美
影響
荘重
軽率
固執
残存
受験
他人
再考
真率
大巾
著名
扶持
孤高
梅雨
放恣
放肆
料理
悪戯
先鋭
深長
人間
完全
再興
無用
減税
多用
代理
難解
老練
可聴
快適
会派
供用
啓培
真当
高価
直筆
有益
冷淡
曖昧
堅調
出仕
深刻
人形
夢中
過酷
寛大
業腹
豪華
不能
不羈
交戦
退屈
膨大
無学
綿密
露骨
顕著
時計
質素
危険
軽快
薄弱
純粋
脱会
衡平
採鉱
砕鉱
重厚
多幸
過小
格段
強気
豪快
凄艷
清婉
清艷
内野
冷静
苛酷
既知
巧妙
潤滑
性的
精細
適切
分明
量的
鈍感
不滅
文字
有望
容易
右側
深切
未定
過重
出資
上品
前夜
日程
失礼
物的
順調
繊巧
欧化
可変
上乗
粗野
適度
燃料
無粋
優雅
過大
軽佻
個人
独特
無難
無法
勇敢
新鮮
大胆
痛烈
不用
有用
不溶
謀反
我儘
気軽
地味
中元
美妙
留置
僭上
我侭
手軽
疎漏
度外
虚弱
極度
残酷
首相
小体
純一
精悍
貧弱
副署
皆無
確証
肝腎
希薄
誇大
澄明
尊大
短気
偉大
温良
下等
軽少
軽捷
最近
晴朗
長命
不定
便利
奔騰
優性
立派
立論
急激
交差
史上
正気
着実
有利
燦然
稀薄
合体
清涼
精良
絶妙
聡明
多彩
卓抜
調法
派手
尖鋭
烏滸
奇妙
気随
広汎
広範
性急
尾篭
尾籠
不順
豊穣
無礼
論外
敢然
円滑
活溌
奇特
厳酷
好運
生鮮
素敵
暢達
低級
卑小
秘密
美味
不敬
無残
有害
率直
猥褻
貪慾
貪欲
旺盛
晦渋
該博
簡捷
希有
狭長
顕要
国内
純美
醇美
清潔
静的
繊細
素的
暢気
低俗
呑気
癇症
驕傲
素適
暖気
異質
華麗
甘美
気丈
健在
見事
厳格
厳正
硬質
高度
剛毅
豪気
豪宕
残刻
小幅
心外
真黒
身近
素朴
端正
痛切
特殊
独得
薄情
煩雑
病弱
不粋
明白
有意
有為
雄偉
裏腹
良好
贅沢
順潮
安易
温暖
穏当
火急
過剰
奇矯
気弱
稀有
強烈
警抜
謙虚
古風
固陋
広博
控目
高雅
高名
剛胆
酷薄
懇到
些細
自在
小心
真直
真白
親密
水平
正業
精密
切実
全体
疎放
粗放
多才
多大
多忙
単一
単簡
短小
地道
長閑
低調
篤実
内気
半端
悲痛
非凡
微細
不穏
不遜
平明
偏狭
望外
無惨
無知
無恥
無能
無慙
雄渾
冷厳
冷徹
劣悪
狷介
瑣細
聰明
阿漕
哀切
悪辣
安逸
安穏
安楽
安気
安泰
安直
暗愚
暗弱
暗鬱
案外
闇雲
因業
因循
淫逸
淫蕩
淫佚
淫猥
陰気
陰険
陰惨
陰湿
陰鬱
隠微
隠密
迂遠
迂闊
英邁
鋭敏
厭味
遠浅
遠大
鉛直
横着
横長
横柄
横暴
横様
温柔
温順
温和
穏便
穏和
下賎
下品
下劣
佳麗
可読
可憐
寡作
果断
花車
苛烈
荷重
華奢
雅馴
快活
快闊
怪異
魁偉
開豁
格別
滑脱
寒冷
姦悪
姦佞
完璧
寛闊
簡単
簡便
簡明
簡約
緩慢
間遠
間近
閑雅
閑寂
丸裸
頑健
頑丈
頑冥
頑迷
奇遇
奇警
奇態
奇抜
希代
気重
気早
気短
気長
気侭
稀代
喫緊
詰屈
逆様
急峻
究竟
旧式
旧弊
巨大
虚心
兇悪
兇暴
兇猛
凶暴
凶猛
強引
強健
強情
強靭
強的
強暴
強慾
強欲
強靱
恭倹
恭謙
狂暴
狭小
狭量
狭隘
仰山
極小
極大
極道
均質
緊切
緊密
謹厳
謹直
愚暗
愚闇
愚直
愚鈍
愚昧
愚劣
空疎
偶然
慧眼
軽度
軽薄
軽便
軽躁
劇甚
劇烈
激越
激甚
激烈
潔癖
倹素
健気
健啖
剣呑
堅固
堅牢
嫌味
権高
見高
謙抑
険悪
険峻
険阻
険相
厳粛
厳密
玄妙
言語
古雅
古拙
姑息
光栄
口重
口早
口速
広闊
硬骨
荒誕
高潔
高直
高邁
剛健
剛直
剛腹
剛勇
剛愎
豪勢
豪壮
豪的
豪勇
酷悪
酷烈
黒山
腰弱
懇意
懇切
懇篤
些少
犀利
細微
細密
細緻
殺伐
雑多
雑駁
散漫
斬新
残忍
至純
至当
至便
至妙
自侭
自明
執拗
失敬
失当
湿潤
質実
質朴
質樸
捨鉢
邪悪
邪険
邪慳
若気
弱小
弱体
手狭
手近
手荒
手頃
手短
手薄
周到
周密
秀抜
秀麗
醜悪
従順
柔弱
柔順
柔和
縦長
重体
重度
俊敏
峻険
峻厳
峻烈
峻嶮
淳朴
淳良
潤沢
純潔
純情
純真
純正
純白
純朴
純良
醇朴
順良
勝気
小食
小胆
小味
小慾
小欲
小癪
少食
少慾
少欲
詳細
詳密
上質
冗舌
冗長
冗漫
情強
色白
尻軽
尻重
新鋭
新式
森厳
深遠
真暗
真丸
真青
真赤
神速
神秘
親愛
親身
身軽
辛辣
人並
尋常
迅速
粋狂
酔狂
随意
随分
崇高
嵩高
枢要
凄絶
性悪
清純
清楚
清廉
清冽
精鋭
精妙
静穏
静寂
静粛
静謐
斉一
脆弱
切要
拙悪
拙速
拙劣
絶大
絶美
絶無
舌長
先安
先高
専横
浅学
浅薄
繊弱
鮮麗
鮮烈
全的
疎遠
疎慢
疎略
粗悪
粗忽
粗雑
粗大
粗暴
粗慢
粗略
粗笨
素樸
双対
壮絶
壮麗
壮烈
早熟
蒼白
憎体
即急
足早
足速
速急
俗悪
存外
尊厳
多額
多芸
多事
多湿
多種
多情
多端
多難
多能
多病
多弁
多望
多様
多量
惰弱
怠惰
怠慢
大儀
大仰
大形
大俗
大童
大味
大様
大力
達筆
丹念
短目
短慮
端近
端厳
端麗
稚拙
遅鈍
中空
著大
超凡
超邁
長尻
直角
沈毅
沈痛
沈鬱
珍奇
珍妙
陳腐
通俗
低湿
低能
低劣
低廉
貞潔
定常
鄭重
適宜
適任
鉄火
典麗
伝法
杜漏
唐突
等質
同断
胴慾
胴欲
突飛
頓狂
鈍根
鈍重
内密
軟弱
軟調
肉細
肉太
肉的
入魂
入用
熱烈
濃密
濃艷
能弁
破格
博学
博識
博大
莫大
半間
繁雑
煩瑣
卑近
卑屈
卑賎
卑俗
卑劣
卑猥
悲惨
悲酸
悲壮
悲愴
皮相
肥沃
非道
非力
微弱
微賎
必至
必須
必定
病的
貧小
貧賎
貧相
敏活
敏捷
敏速
不易
不運
不吉
不屈
不束
不徳
不敏
不毛
不様
不愍
不憫
不躾
富裕
浮薄
蕪雑
風雅
風流
物臭
物騒
分外
文雅
文弱
平易
平滑
平俗
平坦
平淡
平板
別箇
別懇
別様
偏屈
偏窟
偏頗
偏平
辺鄙
放縦
放胆
放漫
放埒
法外
芳醇
芳烈
豊潤
豊満
豊沃
豊麗
豊艷
暴悪
暴虐
暴慢
暴戻
朴直
本式
本望
凡庸
未開
未読
無闇
無益
無害
無涯
無碍
無芸
無骨
無傷
無心
無体
無敵
無道
無毒
無比
無筆
無病
無謀
無味
無様
無欲
無類
無疵
無礙
無聊
冥加
明解
明快
明細
明敏
明瞭
明朗
明媚
迷惑
滅相
滅茶
面妖
猛悪
猛烈
目深
目茶
野卑
野暮
野鄙
厄介
優渥
優柔
優麗
優婉
優艷
勇壮
勇猛
幽遠
幽玄
幽寂
幽邃
幽艷
悠遠
悠長
憂鬱
有限
有能
裕福
遊惰
雄壮
雄大
雄弁
雄勁
余分
幼弱
妖艶
妖婉
妖艷
欲深
乱雑
乱暴
乱脈
利根
利発
律儀
律義
流暢
流麗
慮外
遼遠
冷血
怜悧
霊的
霊妙
劣弱
廉直
蓮葉
魯鈍
老巧
老実
老弱
老獪
腕白
佶屈
倨傲
傲岸
傲慢
僭越
剴切
剽軽
剽悍
叮嚀
吝嗇
奢侈
奸悪
奸佞
佞姦
佞奸
婉曲
嶮峻
嶮岨
慇懃
慳貪
懦弱
扁平
昵懇
梟悪
樸直
殷盛
殷賑
洒脱
炯眼
熾烈
狡猾
猥雑
獰悪
獰猛
瑣末
矮小
磊落
稠密
篦棒
羸弱
艷麗
芒洋
茫洋
褊狭
覿面
訥弁
貪婪
躁鬱
鄙俗
鄙劣
鄙猥
闊達
陋劣
飄逸
饒舌
驕慢
驕奢
等閑
気障
気任
強含
疎雑
安価
不埒
乗気
溌剌
呆然
惘然
茫然
断乎
翻然
小粋
助平
茫漠
可坊
慓悍
目障
端整
富有
簡短
凄烈
欣然
永遠
臆病
過分
寛仁
愚図
口軽
克明
寝坊
真摯
身重
多感
茶目
貞淑
不法
蒙昧
優美
利口
悽愴
緻密
有体
安静
滑稽
僅少
盛大
素直
大抵
流石
懶惰
断固