国立
市内
大会
学会
高校
今後
市立
行方
時間
出場
学校
会社
前日
同日
科学
会合
市場
元気
生活
国家
組合
計算
半年
毎年
下車
大切
外国
前年
音楽
公正
下手
入場
大手
通用
来春
小売
上手
中心
計画
女子
会計
多数
声明
当時
文書
会見
強力
思考
来日
合作
文学
合同
今回
市長
入会
出店
中立
電話
出馬
人気
朝食
明日
記名
上下
見聞
帰国
来年
今年
教会
帰社
正直
工場
中止
通算
直後
今日
計上
台頭
見当
正答
先行
左右
通学
頭書
出生
男女
歩行
帰来
同車
先日
中小
北上
合点
少考
回答
同市
国会
読書
大学
入学
見分
校正
算出
明答
下野
上場
長生
回生
強行
多食
売買
下山
先後
昼間
点火
公売
出火
点頭
用心
通知
通話
大人
午後
工作
大書
回帰
心中
大同
休電
作歌
自記
入手
南下
明記
入金
自首
文通
野生
合計
外出
外食
自書
出土
休止
内用
入線
花見
帰朝
出力
直下
多作
同行
下見
西下
直行
公言
広言
高言
算入
親近
入力
入門
会食
自立
入園
入村
野合
自足
通夜
肉食
家出
合算
合図
作文
船出
直上
東上
記入
言明
校合
耳語
自白
草食
入北
売春
明言
来店
立食
遠出
海食
間食
帰休
帰京
休学
交合
交通
口外
出国
出船
直交
来朝
林立
下書
引火
引見
引算
引当
引用
音読
下校
下船
火食
回心
外切
間作
帰一
休会
休心
強直
近道
言上
合本
細分
作図
自学
自活
手記
出社
出頭
出立
書見
上書
上船
上木
食言
水書
水食
前記
前売
早出
足算
多言
多読
大食
長考
直書
直通
直答
直読
直売
直立
直話
通園
通読
通分
店番
当直
答電
同室
同道
道楽
読図
内切
内通
入京
入室
入朝
入電
入道
入内
馬食
白黒
風食
風聞
分家
分光
分合
分水
分地
分売
分立
聞知
目算
門出
門番
来会
来校
来場
立言
立売
力走
気晴
手分
入山
天引
下知
合一
細工
買春
立見
山分
細書
算用
走行
大言
出家
帰山
手交
見合
火中
社会
通計
入国
見学
直言
入行
行水
入校
自生
東道
半分
切言
下馬
小計
理会
休校
来社
会読
回読
生長
強大
南中
後見
同年
生食
出水
直前
作画
通交
分村
上気
内分
出金
同船
出入
用船
出走
後半
行来
少女
合力
会同
教室
正当
立話
生新
入水
町立
人口
気楽
親切
回国
手当
通電
前後
細心
上京
活用
会話
人数
手書
高遠
休場
力行
当番
人体
作家
声高
人間
多用
人形
時計
強気
内野
分明
文字
前夜
中元
小体
正気
合体
国内
心外
明白
気弱
古風
高名
小心
多才
多大
地道
内気
遠大
花車
間遠
間近
気早
気長
強引
見高
言語
口早
高直
黒山
自明
弱小
弱体
手近
小食
少食
色白
先高
足早
大形
大力
中空
直角
肉細
肉太
入用
半間
分外
文弱
明細
目茶
茶目