協会
野球
国立
事業
開発
市内
高級
研究
病院
学習
不明
運転
大会
学会
高校
今後
中央
記念
平和
工業
自然
試合
清算
市立
写真
発足
代表
健康
行方
反対
発見
時間
不足
特別
会議
勝負
出場
都市
生産
問題
変化
進出
結果
流行
不安
発起
差別
苦労
学校
同様
会社
部屋
県内
高等
勝手
前日
目的
平等
必要
決定
出血
関係
議員
教育
文化
同日
通信
科学
出発
大変
会合
委員
合戦
公然
消火
市場
元気
同席
早速
早急
残念
協議
公式
分化
以内
競売
生活
国家
自由
組合
連合
協力
以来
計算
取引
交流
機関
不正
反面
観光
半年
転落
毎年
工事
下車
単行
家族
大事
放送
動物
完成
作業
選挙
大切
外国
流出
前年
音楽
公正
下手
安全
特定
番号
同期
入場
本部
工夫
始末
共通
大手
会談
時代
通用
来春
対立
人事
区分
協同
小売
上手
中心
管理
計画
最低
共同
議長
女子
約束
強化
会員
試乗
通商
山積
会計
向上
多数
開会
満足
声明
出向
当時
無理
帰館
助成
文書
考究
給付
会見
祝賀
強力
発表
思考
指向
試行
所有
県立
決算
対話
来日
合作
使用
公約
南無
整形
対校
飛来
選手
民族
改選
完投
緑化
開戦
会戦
助言
文学
画定
行使
利用
配流
合同
面白
今回
長官
市長
入会
各国
出店
中立
法人
無事
電話
出馬
失点
人気
高官
活動
帰港
朝食
参上
投票
交感
明日
記名
上下
見聞
入札
連勝
改印
開院
帰国
起工
全国
注進
来年
進行
今年
定着
卒業
帰化
教会
反発
先取
帰社
共鳴
正直
工場
公平
送球
他界
開放
中止
思料
思量
通算
相談
所期
平静
高談
結合
注意
調整
湯治
悪化
試用
直後
回議
今日
調子
出席
記者
登山
開城
開場
先発
実験
商議
消化
対照
付会
計上
台頭
有力
主唱
首唱
対局
終業
不調
関連
必死
配分
他愛
味気
転身
転進
意見
追求
合意
加工
等分
見当
出所
当初
面目
関心
発生
放校
味方
平行
正答
投球
追加
改号
高調
植民
対当
帯刀
投書
集会
仕方
失業
順当
大勝
発言
見物
競争
集中
先行
不満
帰農
左右
発売
決議
心配
放心
放神
勝利
信心
入城
入定
通学
労働
不味
頭書
連続
安産
試写
出産
出生
男女
年中
病気
分類
歩行
帰来
本意
加持
子守
登城
同車
代行
先日
想見
登院
指定
中小
輪唱
連立
飲酒
給食
行列
参観
世帯
議定
地区
表明
北上
登録
談合
合点
付加
固定
少考
消光
焼香
後送
指名
給水
参画
回答
近代
高唱
伝写
登極
負荷
付課
同市
運用
成立
開館
完工
感光
試算
入選
力強
登板
根強
国会
対面
読書
大学
流通
動転
右折
調理
開港
唱和
伝言
日参
見好
客死
整体
不幸
観望
入学
進入
付着
信号
同意
発熱
見分
校正
低下
心強
当選
客観
算出
出港
注目
兄事
明答
起動
生物
内定
下野
要求
心細
固辞
公表
命令
固持
生成
待命
転乗
同感
気化
上場
長生
回生
対戦
転記
同調
根深
化石
散会
強行
焼死
回転
改正
欠課
手写
着工
小高
試験
成形
生動
多食
転化
売買
下山
切開
先後
早世
体験
昼間
点火
形成
決着
都内
付帯
分筆
起用
続出
炭化
発電
公売
教化
行動
臣事
注文
点灯
黄葉
開校
協定
司令
出火
新調
静止
点頭
下放
試作
用心
育英
便乗
無茶
下宿
土着
開始
真黒
説明
細長
手配
真白
調印
通知
発行
加算
間遠
間近
生息
対決
発給
面会
列席
遠白
回遠
気安
気強
気近
気高
後暗
残多
耳遠
手強
手広
手重
手早
手速
心弱
心無
生温
生白
青黒
青白
赤黒
浅黒
草深
便無
名高
毛深
木深
野太
由無
面黒
目早
事新
徒広
耳新
目新
理無
急死
想起
着手
通話
念持
心安
感動
好転
初頭
生新
選炭
対談
大人
配線
由来
下落
考察
上達
通達
配車
付記
連戦
午後
静思
調達
放鳥
重苦
工作
昨夏
出品
着服
包帯
楽観
期待
所持
選考
送信
大書
発覚
予定
録音
回帰
起業
公転
種類
心中
節水
大同
念願
連打
回折
合成
商売
食事
法的
歌唱
休電
給電
作歌
自記
実見
代置
着目
入手
回付
手軽
転地
転置
配給
発注
命名
気軽
休館
治定
自乗
投合
変形
着付
茶色
結成
参考
上陸
進上
戦死
全焼
追究
追給
登場
南下
入館
反省
明記
伝送
電送
動作
入金
配当
発着
不当
不服
流用
連敗
期間
帰順
出荷
対顔
入院
発声
育成
欠場
自首
照合
選好
想定
達成
入浴
飲食
共感
欠席
建言
参向
周回
照明
敗戦
文通
野生
旅行
安定
合計
全勝
調和
電化
電荷
熱発
暗算
案内
加熱
外出
共生
強調
出願
前進
転用
発病
変身
放歌
放火
勇戦
要心
図太
横行
外食
希望
自書
出土
同定
配置
買物
発令
筆写
分界
分配
変心
変動
会商
開店
楽勝
観戦
休止
交代
自重
登記
答申
内用
配列
記帳
求人
曲折
結束
作曲
参入
静観
入線
熱中
付録
養成
花見
帰朝
指令
主管
出力
着用
直下
入省
配水
配転
小暗
木暗
愛着
印刷
競走
助命
選別
多作
多発
着陸
同行
入所
発動
北面
要望
下見
化合
加重
加入
協調
考案
失速
受付
順守
書写
消灯
成長
西下
全治
大敗
直行
特集
表記
荷電
開花
公言
工面
広言
高言
作成
算入
仕官
思案
集約
重唱
親近
先勝
直面
登校
内包
入力
配達
風化
勉強
洋行
活発
観察
競合
決別
使令
詩作
実戦
実用
集線
進歩
成約
生別
南進
入門
配向
配本
発想
美化
返上
用意
陽気
乗入
黄色
会食
開通
挙式
訓練
結実
建議
自立
失敗
周知
親和
代休
調節
直観
定住
伝達
投入
同乗
入園
入村
発達
筆答
野合
来集
録画
引受
下命
改名
完勝
休業
共有
群生
結集
自足
集金
所要
小便
整理
清遊
西遊
先着
相続
続行
直感
通夜
努力
投薬
肉食
配合
発音
目印
予知
要約
栄進
家出
開化
開票
観照
給仕
給油
教訓
曲言
極言
群集
建立
合算
合図
作文
参照
算定
仕事
手続
手品
集計
集散
宿題
祝福
商談
植字
節酒
船出
打算
着衣
直上
直流
通約
的中
東上
内省
入植
発案
発車
物色
放言
面談
立案
類別
連帯
愛好
悪用
運行
改定
改良
開局
学問
完敗
観念
願望
記入
休息
急落
究明
挙手
区別
苦戦
空想
群発
計量
軽食
欠落
決戦
建都
言明
後続
校合
合宿
刷新
参列
死去
試飲
耳語
自白
失火
実写
終漁
集合
集積
助長
植林
心労
進化
節約
説教
選定
全開
全敗
草食
続発
大病
着岸
仲買
注水
注力
転回
転学
転業
転出
伝来
投身
投石
東進
内助
内申
入北
熱愛
配色
配電
売春
発信
分列
別送
返金
明言
来店
落葉
立食
流会
練習
連行
分包
安置
遠出
改悪
改札
改心
海食
開平
開門
開立
完走
完売
感電
間食
帰休
帰京
帰着
起案
休学
休戦
休部
急進
急変
競作
協約
具申
空転
決意
決心
血戦
建国
交合
交通
口外
行軍
行持
行商
左折
残業
試食
試問
自覚
自失
失望
失明
写生
取材
重用
出国
出船
出題
助走
焼失
焼身
乗車
深化
神化
進水
成育
清書
生育
生害
赤面
折半
先決
選曲
待望
大別
知覚
着想
注入
調教
調合
調味
直交
通院
通観
通関
伝動
伝道
特進
特選
特約
入局
熱望
敗北
配信
配付
発走
発送
半焼
反命
飛散
筆記
筆談
標記
服用
返品
放置
野宿
養生
来館
来朝
量産
力説
林立
類焼
連係
下書
差入
愛育
愛飲
愛重
愛唱
愛読
愛用
安住
安着
暗記
暗合
暗唱
暗転
案出
案分
育種
育毛
印加
印行
印字
引火
引決
引見
引算
引当
引用
飲用
運開
運休
運算
雲散
雲集
栄達
栄転
遠泳
遠望
塩焼
塩梅
横死
横転
温浴
音読
下向
下校
下乗
下城
下船
下達
下付
下問
化育
加給
加筆
火食
火定
課金
回訓
回向
回心
回申
回遊
回礼
改作
改題
改変
開園
開札
開帳
開板
外切
外注
外遊
活写
活着
完結
完歩
官給
感化
感泣
感知
感服
間作
関知
希求
帰一
帰結
帰服
起筆
起立
休会
休心
休神
休養
急送
急追
急転
急冷
求愛
給血
給養
去来
挙行
挙止
挙兵
挙用
競泳
競落
共立
協商
強直
教練
近着
近道
金打
苦学
苦笑
苦節
具有
訓育
訓読
訓令
訓話
係争
軽信
欠食
欠配
欠礼
決起
決行
結氷
血書
建白
犬死
見参
元服
言上
固守
固着
交遊
公有
口受
口達
号泣
号令
合唱
合本
合流
根治
差配
才覚
細説
細分
細別
作図
作動
作表
察知
参学
参宮
参集
参着
参内
参府
散水
散大
散点
散発
産出
残害
残置
仕付
使役
司式
始業
始動
思念
指図
止血
止宿
死産
死守
死別
持続
治水
自害
自学
自活
自決
自選
自負
自問
辞去
失言
失笑
失心
失神
失念
実習
実働
写植
借金
借問
借用
弱化
手記
受給
受業
受光
受信
受注
受電
受配
受用
周章
周遊
終息
習合
習練
集荷
集貨
集束
集配
集録
重合
重刷
重出
宿直
宿望
出芽
出漁
出庫
出札
出社
出炭
出頭
出動
出府
出兵
出立
順礼
所望
書見
書置
助力
唱道
小別
消音
消去
消失
省察
省筆
上書
上申
上船
上木
乗算
乗船
乗馬
植毛
食害
食言
信愛
信服
心服
申達
真読
臣服
進軍
進言
進達
進発
図説
水泳
水書
水食
成業
成道
成敗
整合
整流
整列
生録
積算
積分
赤化
赤熱
切願
切死
切望
節食
節電
節米
節録
説法
先議
先達
前記
前借
前売
全休
全通
組成
想望
早産
早死
早出
早着
相愛
送金
送出
送水
送達
送配
送付
送風
送別
送話
側聞
足算
速記
速決
速写
速成
速答
族生
続生
続落
卒去
卒読
他言
他出
多言
多読
打電
対語
帯出
帯電
代願
代決
代言
代読
代入
代筆
大挙
大食
大息
達観
単作
談笑
着火
着荷
着金
着信
着水
着席
着船
着地
着電
着筆
注油
朝礼
調薬
調練
長欠
長考
直覚
直結
直書
直進
直送
直談
直通
直答
直読
直売
直立
直話
追考
追想
追放
追録
通園
通読
通分
低回
低唱
低頭
低落
店番
転位
転写
転借
転住
転宿
転戦
転送
転読
転売
転変
伝習
伝聞
徒食
徒長
投写
投宿
投出
当直
答電
答礼
同室
同宿
同着
同道
同流
道楽
徳化
特訓
特出
特待
特注
特配
特売
特発
特筆
読図
内向
内借
内祝
内切
内達
内談
内通
内命
内約
南面
入荷
入漁
入京
入庫
入室
入信
入隊
入朝
入電
入湯
入道
入内
入梅
入府
入部
熱願
熱唱
馬食
配員
売約
白黒
白熱
発育
発火
発芽
発願
発議
発色
発心
発進
発赤
発明
発問
半周
反転
反目
反問
反落
板書
悲観
美食
必見
必着
必読
筆算
氷結
票決
表出
表白
病欠
付言
風食
風発
風聞
分家
分岐
分極
分光
分合
分宿
分乗
分水
分節
分地
分売
分有
分立
分流
文選
聞知
平分
別家
別言
別注
変位
変改
変死
変色
変節
変説
変速
変調
変通
変転
変名
変約
返照
返送
返答
返付
返本
返礼
勉学
放下
放散
放出
放水
放熱
放念
放牧
放流
望見
満水
味見
味読
明察
鳴動
目算
目送
目礼
門出
門番
約言
約定
遊泳
遊学
遊行
遊牧
予覚
予感
予見
予言
予察
予習
予約
用談
要談
陽転
養育
来院
来会
来観
来校
来所
来場
来談
来着
来遊
落下
落球
落後
落札
落手
落城
落成
落石
落選
落第
落着
落馬
落筆
落命
陸生
陸送
立願
立言
立売
流産
流失
流転
流伝
流入
流連
量定
力泳
力戦
力走
輪作
輪転
輪読
令達
冷笑
列記
列挙
列立
練達
連関
連結
連作
連取
連乗
連想
連動
連発
老成
和楽
和合
散積
下取
荷受
気晴
気落
局止
言付
山登
仕送
手分
焼直
深入
談議
焼付
面語
入山
温服
流説
別置
必中
発船
発根
表書
天引
長持
打水
分服
育児
下知
加配
帰投
結球
験算
固化
合一
細工
作詩
参究
自給
受理
選歌
送波
着意
着色
朝賀
転向
買春
落書
立見
和協
山分
日焼
改組
苦行
細書
算用
指南
走行
大言
注記
転調
発出
別記
変成
立身
流下
両分
両用
産休
仕分
相関
大観
発散
表決
不参
老化
味付
意図
苦手
空発
訓電
水死
倍加
約分
上積
共栄
失調
出家
対置
着生
兆候
服薬
平日
本有
加階
帰参
帰山
起算
持参
手交
親祭
定植
平定
陸上
見合
化生
火中
議決
実感
社会
受命
終止
相乗
投下
遊説
安心
億兆
億万
公定
参朝
散見
集結
中和
開国
参賀
通計
定置
内観
無力
回想
係船
参戦
代香
代作
転校
入国
付議
別売
放談
意味
回送
改行
見学
主席
進学
直言
入港
入行
発光
発向
老死
安神
行水
重要
代参
入校
散歩
主流
集成
消長
植皮
着帯
利下
服役
間借
最中
代位
配管
自習
発意
順化
部分
参進
自省
自生
追試
東道
開所
交配
最終
使送
試走
実行
転成
転生
転入
終決
商量
調進
半分
返事
陸行
研学
切言
定立
等化
標定
返辞
問答
仲立
下馬
教徒
景気
仕度
順行
小計
帯同
登用
放電
理会
休校
菜食
消散
内服
来社
会読
回読
分業
行幸
生長
代書
予期
羽化
強大
南中
塩化
急行
後見
静養
帰省
強要
教習
代議
加速
考量
参会
散開
同年
色刷
生食
後進
交信
高進
出水
付置
照会
直前
公開
作画
特記
終日
通交
送受
安息
会館
成人
出世
分村
好調
上気
内分
出金
同船
敗走
配送
交付
連用
苦心
徒死
皮肉
出入
成功
追記
用船
公的
終結
出走
相伝
命中
送電
化成
後半
人的
打開
銀行
行来
進級
少女
発会
同化
市民
水浴
折中
対等
合力
予想
会同
待機
感心
教室
整地
起草
協業
正当
定位
立話
借入
開業
戦勝
付近
両立
加味
器用
共用
入水
分別
選出
町立
好投
分散
人口
強打
病死
大量
気楽
親切
底止
不便
協和
不要
差止
利上
改元
急速
回国
感受
区間
連記
加点
手当
遊歩
通電
焼成
前後
昨夜
上等
運動
細心
上京
活用
業者
無口
会話
清新
人数
整美
他行
手書
対生
達者
司会
円満
海岸
高遠
国民
生起
正式
健全
談話
熱心
休場
合議
不等
力行
詩的
区画
当番
笑止
不利
強固
人体
多分
不覚
見積
昨年
来島
悪口
作家
週末
幸福
丁重
単調
声高
受験
他人
梅雨
料理
深長
人間
完全
無用
多用
代理
老練
真当
直筆
出仕
人形
交戦
無学
時計
多幸
強気
内野
冷静
分明
量的
文字
有望
右側
深切
未定
上品
前夜
失礼
物的
順調
上乗
無法
不用
有用
地味
中元
度外
極度
首相
小体
短気
温良
下等
軽少
最近
長命
不定
便利
交差
正気
着実
有利
合体
調法
不順
無礼
好運
低級
美味
無残
有害
希有
国内
静的
見事
高度
心外
身近
病弱
明白
有意
良好
火急
気弱
古風
広博
高名
小心
真直
水平
正業
切実
全体
多才
多大
単一
短小
地道
低調
内気
平明
望外
無知
安楽
安気
安直
暗弱
案外
遠浅
遠大
横着
横長
横様
温順
温和
下品
花車
荷重
寒冷
希代
気重
気早
気短
気長
強引
強健
強的
極小
極大
極道
軽度
軽便
健気
見高
言語
光栄
口重
口早
口速
高直
黒山
自明
失当
弱小
弱体
手近
手短
重体
重度
順良
勝気
小食
小味
少食
色白
新式
深遠
真暗
真丸
真青
真赤
神速
親愛
親身
身軽
切要
先安
先高
浅学
全的
足早
足速
速急
多芸
多事
多種
多病
多望
多様
多量
大形
大童
大味
大様
大力
達筆
短目
中空
直角
鉄火
伝法
肉細
肉太
肉的
入用
博学
博大
半間
皮相
必定
病的
不運
不束
不徳
不毛
不様
風流
分外
文弱
平板
別様
法外
本式
本望
未開
未読
無害
無芸
無心
無体
無道
無筆
無病
無味
無様
無類
明細
目深
目茶
利根
利発
冷血
老実
老弱
乗気
助平
富有
口軽
身重
多感
茶目
不法
利口
有体
安静
流石