協会
野球
国立
事業
開発
貿易
市内
総合
高級
研究
病院
学習
不明
運転
国際
大会
学会
高校
今後
政治
中央
記念
平和
指示
工業
自然
試合
清算
市立
写真
発足
代表
健康
行方
反対
発見
時間
解放
不足
特別
会議
勝負
出場
都市
生産
問題
変化
進出
結果
流行
不安
発起
差別
苦労
比例
学校
同様
会社
部屋
県内
高等
勝手
前日
目的
芸術
平等
必要
決定
基金
付属
出血
関係
議員
建築
統一
教育
文化
同日
通信
組織
科学
出発
大変
会合
歴史
委員
合戦
行政
女性
消火
市場
独立
元気
採用
同席
経営
個別
連判
在日
早急
残念
協議
公式
分化
以内
競売
生活
国家
得意
明確
適当
自由
出版
組合
連合
協力
以来
保護
非常
計算
取引
交流
機関
不正
観光
半年
整備
転落
毎年
工事
下車
禁止
絶対
単行
家族
大事
放送
動物
完成
作業
選挙
大切
外国
流出
前年
音楽
公正
不快
下手
安全
特定
番号
同期
開眼
入場
本部
通過
工夫
始末
機構
競技
共通
大手
会談
時代
通用
合格
参政
来春
対立
人事
区分
協同
機能
小売
確定
上手
中心
管理
有効
興行
計画
経験
最低
共同
議長
女子
限定
航行
取得
約束
強化
会員
試乗
解決
救急
検査
評議
重複
通商
山積
会計
向上
多数
開会
満足
期限
声明
出向
技術
調査
当時
無理
帰館
団体
判決
高額
助成
再開
文書
考究
講究
給付
会見
中毒
読経
制限
祝賀
強力
発表
志向
公示
思考
指向
試行
所有
県立
加減
決算
得点
夫婦
対話
提出
支持
精算
来日
合作
使用
応用
公約
評価
整形
対校
飛来
選手
輸血
民族
改選
完投
緑化
開戦
会戦
寄金
助言
停車
文学
画定
輸入
行使
助勢
学修
利用
設計
配流
合同
逆転
今回
長官
移動
市長
入会
各国
出店
中立
法人
無事
電話
出馬
師事
失点
人気
高官
活動
平均
愛護
寄港
帰港
帰耕
朝食
検知
参上
投票
条約
交感
公刊
明日
記名
上下
見聞
入札
連勝
改印
開院
財団
帰国
起工
全国
注進
営業
来年
進行
博士
深耕
進航
進講
今年
軽減
定着
卒業
帰化
教会
反発
先取
帰社
共鳴
支給
正直
寄付
工場
公平
送球
他界
開放
中止
告解
思料
思量
勢力
通算
相談
再建
所期
平静
高談
結合
手術
謝罪
保有
注意
調整
湯治
悪化
試用
飼養
直後
回議
今日
調子
増益
出席
保証
解説
復刊
公団
採集
製材
順応
適用
記者
登山
先制
研修
反則
現場
構想
造船
開城
開場
先発
実験
商議
回復
急増
消化
対照
付会
計上
台頭
仮定
有力
主唱
首唱
対局
終業
不調
関連
必死
復活
配分
他愛
味気
転身
転進
防備
意見
追求
合意
加工
等分
資料
見当
出所
当初
面目
関心
発生
放校
味方
減速
平行
正答
投球
理解
教導
追加
改号
高調
再生
植民
対当
帯刀
投書
講演
集会
仕方
失業
順当
正確
大勝
発言
見物
競争
集中
先行
不満
報道
帰農
建造
公演
左右
発売
決議
口演
好演
心配
放心
放神
勝利
信心
制作
入城
入定
通学
労働
頭書
連続
歩測
安産
試写
出産
消費
出生
男女
病気
分類
歩行
帰来
本意
加持
子守
登城
同車
学術
交際
対比
代行
形容
賛成
先日
想見
総見
送検
登院
慣用
指定
中小
輪唱
連立
減損
飲酒
給食
比率
感謝
行列
参観
世帯
議定
地区
仏参
確実
表明
北上
確答
現金
登録
横領
採決
談合
合点
常任
付加
固定
考証
少考
消光
焼香
後送
指名
情死
給水
参画
復帰
回答
近代
高唱
伝写
破産
登極
負荷
報告
刊行
付課
編成
試製
同市
運用
告示
成立
開館
完工
感光
試算
質問
入選
現代
再編
登板
国会
対面
読書
和解
増加
大学
流通
新築
制度
動転
右折
調理
開港
唱和
伝言
日参
保守
明示
客死
講習
参堂
賛同
整体
不幸
観望
再発
入学
構成
進入
付着
失効
信号
同意
発熱
演出
解消
検分
見分
減益
校正
低下
提案
運営
当選
保育
客観
算出
出港
出航
精製
注目
直接
復元
兄事
精読
明答
起動
減員
生物
内定
下野
減資
要求
固辞
公表
告発
命令
固持
制動
生成
非礼
快気
待命
転乗
同感
解約
気化
賛辞
書評
上場
長生
表示
回生
観測
航海
対戦
転記
同調
化石
散会
示現
強行
焼死
回転
改正
規制
欠課
志望
手写
着工
解答
妻帯
試験
成形
生動
多食
転化
売買
下山
公判
際会
新設
製作
切開
先後
早世
体験
昼間
調製
点火
面責
形成
決着
混和
支出
都内
答弁
付帯
分筆
起用
検地
再起
雑食
続出
炭化
提示
導入
発電
暴言
公売
再検
成型
教化
禁制
行動
再製
臣事
中耕
注文
点灯
黄葉
開校
協定
司令
出火
新調
正解
静止
点頭
下放
回航
再帰
試作
製造
入賞
用心
育英
指導
証言
増発
便乗
無茶
医師
下宿
過熱
採炭
自営
深謝
接戦
中絶
土着
布達
開始
実現
精米
説明
手配
総計
中断
調印
通知
発行
加算
減少
出演
証印
生息
対決
同居
発給
面会
列席
急死
講評
想起
代謝
着手
通話
念持
感動
好転
初頭
制止
選炭
対談
大人
独自
配線
由来
応答
下落
急造
考察
主張
上達
通達
同情
配車
付記
連戦
移乗
午後
再会
静思
調達
放鳥
工作
昨夏
出品
着服
統合
包帯
面接
楽観
期待
再思
所持
選考
送信
増産
大書
独語
発覚
予定
録音
回帰
開設
起業
逆流
句作
公転
種類
心中
節水
大同
入団
念願
編集
連打
回折
合成
車検
商売
食事
編入
法的
歌唱
過賞
休電
給電
作歌
自記
実検
実見
招集
招来
代置
着目
同士
入手
回付
快復
製塩
接種
通報
転地
転置
配給
発注
表現
命名
休館
治定
自乗
投合
得票
別居
変形
着付
救出
結成
参考
上陸
進上
設立
戦死
全焼
増大
増長
追究
追給
登場
南下
入館
判示
反省
分解
無効
明記
快勝
殺害
準備
新任
申告
築造
伝送
電送
動作
入金
配当
発着
不当
不服
流用
連敗
期間
帰順
強制
広報
出荷
対顔
入院
発声
育成
解明
欠場
検出
自首
主導
照合
選好
選鉱
想定
対質
達成
入浴
飲食
共感
欠席
建言
参向
周回
照明
敗戦
発現
布石
文通
編曲
野生
輸出
旅行
安定
許可
検証
減点
合計
深厚
先述
全勝
増強
調和
提言
適合
電化
電荷
導水
熱発
保管
暗算
案内
加熱
外出
共生
強調
再現
出願
出費
上告
前進
転用
道破
白状
発病
判断
変身
放歌
放火
勇戦
要心
横行
外食
希望
求職
自書
出土
同定
配置
買物
発令
筆写
分界
分配
変心
変動
会商
改造
開店
楽勝
観戦
逆行
休止
休職
交代
自重
辞職
増額
登記
答申
独学
内用
配列
観賞
記帳
求人
曲折
均分
経過
結束
告別
在住
作曲
参入
静観
入線
熱中
付録
保全
養成
演説
花見
帰朝
検便
再燃
指令
主管
出力
精通
着用
直下
直属
入省
配水
配転
養護
愛着
印刷
解体
救助
競走
欠損
採血
在任
志願
助命
証明
説得
選別
造型
多作
多発
着陸
中略
同行
入所
発動
判定
布教
豊富
北面
要望
下見
化合
加重
加入
解職
解任
協調
考案
在世
酸敗
自責
失速
受付
順守
書写
消灯
制約
成長
西下
先導
全治
走査
増員
造語
造反
大敗
直行
特集
入居
表記
復員
復原
報復
立証
運航
荷電
開花
検定
減給
公言
工面
広言
高言
混信
作成
算入
仕官
思案
集約
重唱
親近
節減
先勝
直面
点検
登校
統計
内包
入力
配達
判明
標示
風化
勉強
保持
予防
洋行
活発
観察
競合
共演
決別
使令
詩作
実戦
実用
修習
集線
親告
進歩
成約
生別
同義
南進
入門
配向
配本
発想
美化
返上
用意
陽気
乗入
会食
開通
挙式
訓練
係属
結実
建議
減食
減反
減量
講義
混同
自立
失敗
受領
周知
初演
焼損
親和
損失
対応
代休
断水
調節
直観
通告
定住
伝達
投入
同乗
入園
入村
配布
発達
筆答
復学
復唱
野合
来集
録画
引受
引証
下命
改名
完勝
休業
居住
共有
群生
経由
結集
減石
在学
在中
散布
自足
社告
集金
所要
小便
省略
整理
清遊
精選
製版
西遊
設置
先着
相続
続行
損害
直感
通夜
定義
転任
努力
投薬
肉食
配合
発音
反逆
比定
復旧
包容
目印
予測
予知
要約
栄進
可決
家出
開化
開票
感賞
観照
帰属
休刊
急減
給仕
給油
許容
教訓
局限
曲言
極言
群集
経理
建立
現有
講話
合算
合図
告知
告白
在室
作文
参照
算定
仕事
失格
手続
手品
集計
集散
宿題
祝福
出現
商談
賞味
賞用
植字
接続
設定
節酒
絶交
船出
前述
造成
打算
代弁
着衣
直上
直流
通約
的中
東上
独断
内示
内省
入植
任官
発案
発車
反復
版行
肥大
費消
復職
物色
分布
変型
変質
編修
弁明
放言
鳴謝
面談
薬殺
立案
類別
連帯
愛好
悪用
暗殺
意識
移調
運行
演技
解禁
改定
改良
開局
確信
学問
完敗
完備
感得
観念
願望
記入
休演
休息
急落
救命
究明
挙手
区別
苦戦
空想
群発
計量
軽食
欠落
決戦
決断
建都
言明
後続
校合
合宿
再転
再任
採点
在留
刷新
雑談
参列
死去
試飲
耳語
自殺
自白
失火
実写
実証
主演
守備
終漁
集合
集積
助長
上演
植林
心労
進化
節約
説教
選定
全開
全敗
草食
続発
大病
団結
断食
着岸
仲買
注解
注水
注力
低減
転回
転学
転業
転出
転貸
伝来
投身
投石
東進
独居
内助
内申
入北
熱愛
配色
配電
売春
発信
半減
氷解
復興
分列
別送
変造
返金
明言
来店
落葉
率先
立食
流会
歴任
練習
連行
連破
分包
安置
移民
永住
遠出
往復
横断
仮想
解散
解題
改悪
改札
改心
海食
開演
開平
開門
開立
完走
完売
感電
間食
帰休
帰京
帰着
記述
起案
休学
休戦
休部
急進
急変
競演
競作
協演
協約
近接
具申
空転
決意
決心
血戦
建国
検挙
検死
減産
現出
現像
交合
交通
公許
厚着
口外
好防
行軍
行持
行商
講和
根絶
左折
再演
再刊
財投
作製
雑居
残業
試食
試問
自覚
自失
自適
失望
失明
写生
取材
授受
修復
修理
重用
出国
出精
出船
出題
助走
焼失
焼身
上程
乗車
乗務
常設
深化
神化
進水
成育
政談
清書
生育
生害
精進
赤面
切断
接客
接近
接待
折半
設備
節税
絶望
先決
選曲
全快
増水
増配
増量
造形
造立
速報
待望
大別
断絶
断線
断念
知覚
着想
着任
注入
調教
調合
調味
直交
直航
通院
通観
通関
低迷
提議
転職
伝動
伝導
伝道
得心
特進
特選
特約
入局
任命
熱望
敗北
配信
配付
発走
発送
半焼
反応
反命
飛散
筆記
筆談
標記
品評
復位
服用
分断
返品
保留
包囲
放置
野宿
養生
来館
来朝
量産
領会
領解
力説
林立
類焼
連係
下書
差入
犯則
愛育
愛飲
愛重
愛唱
愛読
愛用
圧殺
圧死
圧勝
圧着
圧入
圧服
安居
安住
安着
暗記
暗合
暗示
暗唱
暗転
案出
案分
委任
移住
移出
移築
移入
育種
育毛
印加
印可
印行
印字
因由
引火
引決
引見
引算
引責
引接
引当
引用
引率
飲用
運開
運休
運算
雲散
雲集
栄達
栄転
永続
永別
液化
演算
演習
遠泳
遠望
塩焼
塩梅
往来
応戦
応対
横死
横転
温浴
音読
下向
下校
下乗
下城
下船
下達
下付
下問
化育
仮作
仮借
仮植
仮設
加給
加護
加増
加筆
家居
火食
火定
課金
過食
過信
会得
解毒
回訓
回向
回心
回申
回遊
回礼
改易
改作
改修
改題
改築
改版
改変
改編
開園
開札
開帳
開板
外在
外切
外接
外注
外遊
確言
確聞
確保
確約
確立
活写
活着
完結
完歩
官給
官許
感化
感泣
感知
感服
間作
関知
寄宿
寄留
希求
帰一
帰営
帰結
帰任
帰服
規定
起因
起居
起筆
起立
義絶
逆算
逆上
逆用
休会
休心
休神
休養
急告
急設
急送
急追
急転
急報
急冷
救護
求愛
給血
給費
給養
去勢
去来
挙行
挙止
挙証
挙兵
挙用
競泳
競落
共立
協商
強圧
強直
強弁
教護
教示
教練
局在
曲解
禁圧
禁絶
禁足
禁断
近似
近着
近道
金打
苦学
苦笑
苦節
具現
具備
具有
空費
訓育
訓告
訓示
訓導
訓読
訓令
訓話
群居
軍備
係争
係留
経略
計測
軽信
欠航
欠食
欠配
欠礼
決起
決行
結団
結氷
血書
血判
建白
検案
検印
検温
検眼
検束
検波
検品
犬死
見参
元服
減圧
減殺
減算
減車
減水
減配
現前
現用
言上
限局
固守
固着
後述
後略
護衛
護送
交接
交遊
公述
公有
口受
口授
口述
口達
構築
講読
号泣
号令
合唱
合評
合本
合流
根治
混血
混交
混合
混在
混作
混雑
混食
混成
混生
混戦
混線
混入
混迷
混用
混浴
差配
査察
査証
査定
査読
査問
再挙
再説
再送
再築
再読
再版
才覚
採取
採種
採石
採油
採録
細説
細分
細別
在位
在官
在京
在校
在国
在社
在宿
在職
在席
在朝
在天
在府
在役
作興
作図
作動
作表
察知
殺生
雑記
雑言
雑交
参学
参宮
参集
参着
参内
参府
山居
散水
散大
散点
散発
産出
賛美
残害
残置
残留
仕付
使役
司式
始業
始動
思念
思弁
指図
支弁
止血
止宿
死産
死守
死別
試演
飼育
持久
持続
治水
示達
自演
自害
自学
自活
自決
自選
自得
自負
自弁
自問
辞去
識別
失禁
失言
失笑
失職
失心
失神
失念
実演
実在
実習
実測
実働
舎営
写植
写像
謝絶
借金
借財
借問
借用
弱化
守護
手記
受給
受業
受光
受講
受賞
受信
受像
受注
受電
受任
受配
受粉
受容
受用
授業
授賞
周航
周章
周遊
修交
修好
修造
修築
修得
修養
修練
拾得
終演
終息
習合
習得
習練
集荷
集貨
集束
集配
集録
重合
重刷
重出
重版
宿営
宿衛
宿直
宿望
出芽
出漁
出庫
出札
出社
出炭
出頭
出動
出府
出兵
出立
述作
準用
順接
順礼
所望
書見
書置
助演
助力
唱導
唱道
小破
小別
招待
消音
消去
消失
消毒
照応
照査
照準
省察
省筆
象眼
賞美
上述
上書
上申
上船
上木
乗算
乗船
乗馬
常住
常食
常直
植毛
食害
食言
信愛
信服
心服
申達
真読
臣服
進軍
進言
進達
進発
図解
図示
図説
水泳
水書
水食
制圧
成業
成道
成敗
成仏
整合
整流
整列
生録
精察
精白
精油
精練
製図
製氷
製表
製粉
製油
積算
積分
赤化
赤熱
切願
切死
切望
接岸
接見
接合
接写
接受
接着
接頭
折損
設営
設問
節食
節制
節電
節米
節略
節録
説経
説示
説破
説法
絶家
絶賛
絶食
絶息
絶版
絶筆
絶命
先議
先達
選評
前記
前借
前売
全休
全通
祖述
素読
組成
組版
想望
早産
早死
早出
早着
相愛
相殺
相似
総説
総和
送金
送出
送水
送達
送配
送付
送風
送別
送話
増悪
増刊
増給
増結
増作
増刷
増車
増進
増設
増置
増築
増反
増便
増力
造営
造園
造血
造作
造水
造林
側聞
測量
足算
速記
速決
速写
速成
速断
速答
属望
属目
族生
続生
続報
続落
卒去
卒読
他言
他出
多言
多読
打電
体現
体得
対語
帯出
帯電
貸借
代願
代決
代言
代読
代入
代筆
大挙
大食
大息
達観
単作
断言
断交
断行
断罪
断種
断続
断定
談義
談笑
談判
知得
築港
着火
着荷
着眼
着金
着信
着水
着席
着船
着地
着電
着筆
注油
貯金
貯水
貯留
朝礼
調停
調薬
調練
長欠
長考
直覚
直結
直書
直進
直送
直談
直通
直答
直読
直売
直立
直話
追考
追想
追放
追録
通園
通読
通分
低回
低唱
低頭
低落
停会
停戦
停船
停電
停留
提唱
適応
適帰
適中
店番
転位
転移
転居
転写
転借
転住
転宿
転戦
転送
転属
転読
転売
転変
点眼
点在
伝授
伝習
伝聞
電解
徒食
徒長
徒費
投写
投宿
投出
当直
答電
答礼
統率
同室
同宿
同着
同道
同流
導出
導通
道楽
得度
得道
徳化
特訓
特出
特設
特待
特注
特配
特売
特発
特筆
特報
毒害
毒殺
独演
独航
独行
独修
独習
独唱
独走
独白
読過
読解
読図
読破
内応
内向
内在
内借
内祝
内職
内切
内接
内達
内談
内通
内命
内約
南面
入営
入荷
入漁
入京
入庫
入室
入質
入信
入隊
入朝
入電
入湯
入道
入内
入梅
入府
入部
任用
熱演
熱願
熱唱
熱弁
念仏
破断
馬耕
馬食
配員
配属
配備
倍旧
売約
白黒
白熱
発育
発火
発芽
発刊
発願
発議
発色
発心
発進
発赤
発布
発明
発問
判然
判読
判別
半周
反証
反転
反目
反問
反落
板書
悲観
比類
肥満
非議
美食
必見
必着
必読
筆算
氷結
票決
表出
表象
表白
評決
病欠
貧血
付言
付設
布告
布設
布線
風食
風発
風聞
復円
復業
復古
復交
復航
復号
復習
復命
服罪
服属
服毒
服務
複写
複製
物故
分家
分岐
分極
分光
分合
分宿
分乗
分水
分節
分地
分売
分有
分立
分流
分留
粉食
文選
聞知
平復
平分
別家
別言
別注
変圧
変位
変移
変改
変死
変色
変節
変説
変速
変態
変調
変通
変転
変名
変約
変容
返照
返送
返答
返付
返報
返本
返礼
勉学
弁解
弁別
保温
保養
報知
放下
放散
放出
放水
放任
放熱
放念
放牧
放流
暴圧
暴飲
暴食
暴走
暴発
暴落
望見
防音
防寒
防護
防災
防水
本復
満水
味解
味見
味得
味読
脈動
夢想
名状
明察
明断
迷走
鳴動
目算
目送
目測
目礼
問罪
問責
門出
門番
役務
約言
約定
油断
輸送
勇断
遊泳
遊学
遊興
遊行
遊牧
遊歴
予覚
予感
予見
予言
予告
予察
予習
予断
予報
予約
用談
要談
要略
陽転
養育
来院
来往
来会
来観
来校
来航
来所
来場
来談
来着
来任
来報
来遊
落下
落球
落後
落札
落手
落城
落成
落石
落選
落第
落着
落馬
落筆
落命
陸生
陸送
立願
立言
立売
略記
略言
略取
略述
略説
略筆
流産
流失
流転
流伝
流入
流布
流連
留意
留任
留年
留保
両断
量定
領有
力泳
力演
力戦
力走
輪講
輪作
輪転
輪読
類似
類比
令達
例証
冷笑
冷評
礼賛
歴遊
列記
列挙
列立
練達
連関
連結
連作
連取
連乗
連接
連想
連動
連発
老成
和楽
和合
結講
散積
下取
荷造
荷受
気晴
気落
局止
言付
山登
仕送
手招
手分
焼直
深入
談議
焼付
面語
報祭
入山
解氷
温服
流説
略解
別置
必中
発船
発根
目移
表書
内張
天引
長持
打水
分服
移植
育児
下知
加配
寄書
帰投
結球
検算
験算
固化
合一
細工
作詩
参究
自給
受理
授精
笑殺
選歌
走破
送波
続演
着意
着色
朝賀
転向
統制
燃焼
破水
破損
買春
墓参
野営
落書
立見
和協
山分
日焼
移設
改組
開示
寄食
気絶
規程
苦行
減額
再議
細書
散在
散財
算用
指南
重任
走行
大言
注記
転調
発出
別記
変成
編制
立身
流下
両分
両用
格付
目減
産休
仕分
相関
大観
破顔
破門
発散
表決
不参
老化
味付
意図
苦手
空発
訓電
水死
製鉄
製本
農耕
倍加
防戦
約分
上積
移行
共栄
自任
失調
出家
常置
対置
着生
兆候
提起
服薬
平日
本有
夜営
加階
帰参
帰山
起算
公告
耕作
持参
手交
親祭
測地
定植
平定
陸上
見合
化生
加勢
火中
議決
実感
社会
受命
終止
親授
相乗
投下
遊説
安心
億兆
億万
公定
参朝
散見
集結
真似
送像
中和
防止
開国
居留
交織
参賀
通計
定置
内観
破約
無力
回想
係船
参戦
修正
増減
代講
代香
代作
転校
入国
付議
別売
放談
移算
意味
回送
快走
改行
協賛
見学
主席
進学
増兵
多謝
直言
入港
入行
発光
発効
発向
布団
老死
安神
現送
行水
受精
重要
代参
入校
入構
散歩
主流
修整
集成
消長
植皮
接地
着帯
利下
移転
在庫
自賛
修学
服役
間借
最中
代位
配管
自修
自習
新造
発意
規正
検札
順化
美容
婦人
部分
再調
在荷
参進
自省
自制
自生
自製
追試
東道
往生
開所
交配
最終
使送
試走
自証
実行
修道
転成
転生
転入
終決
商量
絶句
打破
調進
半分
返事
陸行
禁固
空輸
研学
合資
切言
選任
定立
等化
標定
返辞
報謝
問答
仲立
移管
営巣
下馬
感応
教徒
景気
減数
仕度
順行
小計
帯同
登用
放電
理会
移用
休校
休航
休講
菜食
消散
賞賛
内服
来社
会読
解読
回読
護持
受検
分業
行幸
生長
代書
予期
羽化
休耕
強大
南中
塩化
急行
後見
静養
帰省
常備
統治
留守
強要
教習
代議
代任
移送
加速
考量
参会
散開
同年
色刷
生食
来演
後進
交信
高進
出水
付置
布置
暴死
照会
直前
境界
公開
再来
作画
辞任
特記
応接
規整
適正
終日
常用
通交
通航
営造
送受
安息
応化
会館
成人
精査
出世
分村
公布
好調
上気
内分
酸化
出金
選句
増税
男性
同船
敗走
配送
交付
測定
連用
苦心
徒死
皮肉
考査
出入
成功
追記
用船
公的
終結
出走
相伝
命中
送電
現住
広告
化成
後半
人的
直営
投資
増資
打開
興起
銀行
行来
寄進
進級
検問
少女
発会
減価
同化
市民
水浴
折中
対等
非情
合力
親任
肥厚
予想
会同
整復
待機
復調
感心
管制
教室
交易
整地
起草
協業
正当
例示
定位
立話
借入
生新
暴行
開業
軽易
戦勝
想像
付近
両立
支度
加味
器用
共用
再選
支配
入水
分別
評定
化現
選出
町立
好投
分散
人口
出張
停止
可能
強打
総連
病死
大量
気楽
賛助
親切
底止
不便
協和
適時
不要
差止
利上
利益
改元
現在
急速
回国
感受
区間
連記
加点
手当
遊歩
通電
焼成
前後
昨夜
上等
正常
運動
細心
上京
活用
寄生
業者
建設
無口
会話
清新
人数
所属
整美
精美
他行
検察
手書
対生
達者
司会
円満
制定
主婦
複雑
禁酒
海岸
高遠
課税
国民
生起
正式
健全
談話
特許
熱心
休場
合議
不等
悪質
精強
力行
相応
解熱
詩的
修行
区画
適格
当番
笑止
不利
強固
人体
大損
不覚
無情
永久
見積
昨年
築城
来島
快調
悪口
作家
週末
精確
幸福
丁重
倍増
単調
的確
声高
通常
軽率
受験
他人
再考
真率
梅雨
料理
深長
人間
完全
再興
無用
減税
多用
代理
老練
快適
真当
高価
直筆
有益
出仕
人形
夢中
不能
交戦
無学
時計
質素
軽快
採鉱
重厚
多幸
過小
強気
内野
冷静
性的
精細
適切
分明
量的
文字
有望
容易
右側
深切
未定
過重
出資
上品
前夜
日程
失礼
物的
順調
可変
上乗
適度
燃料
過大
個人
独特
無法
不用
有用
気軽
地味
中元
留置
手軽
度外
極度
首相
小体
貧弱
確証
短気
温良
下等
軽少
最近
長命
不定
便利
交差
史上
正気
着実
有利
合体
精良
調法
性急
不順
無礼
好運
低級
美味
無残
有害
率直
希有
国内
清潔
静的
素的
素適
健在
見事
高度
心外
真黒
身近
独得
病弱
明白
有意
良好
安易
火急
気弱
古風
広博
高名
自在
小心
真直
真白
水平
正業
切実
全体
多才
多大
単一
短小
地道
低調
内気
平明
望外
無知
無能
安楽
安気
安直
暗弱
案外
因業
遠浅
遠大
横着
横長
横暴
横様
温順
温和
下品
可読
果断
花車
荷重
快活
格別
寒冷
間遠
間近
希代
気重
気早
気短
気長
逆様
旧式
強引
強健
強情
強的
強暴
極小
極大
極道
均質
軽度
軽便
健気
見高
険悪
険相
言語
光栄
口重
口早
口速
高潔
高直
黒山
雑多
自明
失当
質実
弱小
弱体
手近
手短
重体
重度
順良
勝気
小食
小味
少食
上質
情強
色白
新式
深遠
真暗
真丸
真青
真赤
神速
親愛
親身
身軽
性悪
切要
絶大
絶美
絶無
先安
先高
浅学
全的
足早
足速
速急
多額
多芸
多事
多種
多情
多能
多病
多弁
多望
多様
多量
大形
大童
大味
大様
大力
達筆
短目
中空
直角
低能
定常
適任
鉄火
伝法
等質
同断
肉細
肉太
肉的
入用
能弁
破格
博学
博識
博大
半間
悲酸
皮相
非道
非力
必定
病的
貧小
貧相
不易
不運
不束
不徳
不毛
不様
風流
分外
文弱
平易
平板
別様
法外
豊満
暴悪
本式
本望
未開
未読
無益
無害
無芸
無心
無体
無道
無毒
無比
無筆
無病
無味
無様
無類
明解
明快
明細
目深
目茶
有限
有能
余分
利根
利発
冷血
老実
老弱
気任
安価
乗気
助平
富有
永遠
過分
口軽
身重
多感
茶目
不法
利口
有体
安静
素直
流石
断固