協会
連盟
野球
国立
事業
開発
貿易
市内
総合
経済
高級
研究
病院
学習
不明
運転
国際
大会
学会
高校
今後
政治
中央
記念
平和
指示
工業
自然
試合
警備
清算
市立
写真
発足
代表
健康
行方
反対
発見
施行
時間
解放
不足
特別
会議
勝負
対抗
批判
出場
看護
都市
生産
問題
変化
振興
進出
結果
流行
教戒
不安
普通
発起
差別
苦労
比例
学校
同様
会社
部屋
県内
高等
勝手
前日
目的
保障
芸術
検討
平等
必要
決定
基金
付属
出血
関係
議員
建築
統一
教育
文化
同日
通信
組織
科学
出発
生存
大変
会合
歴史
処分
委員
合戦
行政
女性
消火
市場
独立
元気
採用
同席
経営
個別
連判
起訴
在日
早急
私的
残念
民俗
協議
公式
分化
以内
競売
生活
連絡
国家
得意
明確
適当
自由
共存
出版
緊急
分離
戦闘
組合
宇宙
連合
協力
以来
保護
非常
計算
取引
交流
機関
不正
観光
半年
整備
転落
毎年
工事
下車
禁止
絶対
単行
家族
大事
対策
放送
焼却
動物
完成
作業
選挙
大切
外国
流出
前年
音楽
武装
噴出
公正
私立
不快
下手
安全
潜水
特定
番号
同期
選抜
開眼
入場
本部
通過
工夫
始末
処理
機構
競技
共通
大手
会談
時代
通用
合格
伝染
参政
来春
迫撃
対立
人事
突出
不振
区分
協同
機能
完済
小売
確定
上手
中心
管理
結論
有効
慎重
洗面
興行
計画
推定
経験
最低
遺伝
共同
議長
違法
女子
限定
航行
取得
約束
強化
会員
退会
試乗
執行
解決
救急
検査
評議
重複
通商
山積
奮起
異常
発展
会計
向上
多数
開会
困難
布陣
満足
期限
施工
声明
出向
審議
死亡
技術
調査
当時
無理
帰館
団体
判決
高額
助成
再開
文書
攻究
考究
講究
給付
会見
現存
中毒
読経
奉公
制限
祝賀
強力
是非
発表
志向
補給
公示
翌年
伺候
思考
指向
試行
概算
降下
所有
県立
加減
決算
著作
継起
英訳
得点
夫婦
対話
同盟
卓球
提出
支持
精算
優勝
来日
保存
合作
生誕
使用
増殖
引退
応用
狩猟
特派
公約
取捨
評価
整形
対校
退校
退行
飛来
奉仕
選手
輸血
隔離
民族
改選
完投
緑化
開戦
会戦
寄金
執着
助言
停車
敢闘
文学
画定
輸入
行使
助勢
積載
確認
学修
利用
設計
配流
無縁
依頼
合同
逆転
今回
長官
納付
移動
市長
補佐
入会
各国
出店
貫通
中立
法人
無事
電話
出馬
師事
失点
人気
高官
活動
若干
平均
愛護
寄港
寄稿
帰港
帰耕
起稿
騎行
優秀
朝食
検知
参上
投票
何処
条約
交感
交換
交歓
公刊
校勘
明日
吸収
急襲
祈念
記名
上下
免職
礼拝
見聞
催促
私用
入札
枯死
無視
連勝
改印
開院
肝心
財団
帰国
起工
全国
注進
営業
来年
進行
博士
信仰
侵攻
深耕
進攻
進航
進講
異化
打倒
今年
免許
軽減
定着
創成
卒業
領収
帰化
教会
反発
視聴
背離
試聴
先取
喜捨
帰社
騎射
共鳴
支給
餓死
正直
進退
寄付
工場
公平
送球
他界
絞殺
突破
開放
譲渡
作為
中止
告解
思料
思量
勢力
通算
相談
再建
所期
平静
高談
発券
結合
手術
謝罪
対処
中傷
保有
介抱
抽象
注意
調整
湯治
悪化
止揚
試用
飼養
直後
忠実
回議
今日
掃海
調子
契約
増益
出席
保証
解説
監護
復刊
公団
採集
製材
順応
中退
適用
記者
孝行
登山
分泌
先制
研修
侵出
浸出
早退
紅葉
反則
激化
調律
現場
構想
造船
開城
開場
先発
実験
商議
微小
預金
回復
制裁
急増
消化
選択
対照
付会
負傷
計上
台頭
仮定
有力
主唱
首唱
署名
対局
就業
終業
襲業
駐車
渡河
不調
関連
必死
復活
愛顧
配分
至高
申訳
他愛
致方
味気
転身
転進
防備
優勢
意見
昇華
追求
健闘
合意
加工
等分
資料
拡声
敬意
見当
出所
当初
面目
関心
発生
施与
放校
味方
減速
改革
平行
兼行
痛心
征討
正答
製糖
投球
理解
教導
追加
評論
包装
改号
互譲
紅潮
高調
再生
植民
脱出
割引
監理
供給
邪魔
対当
帯刀
削減
投書
被爆
奉安
後援
講演
集会
中継
仕方
失業
順当
正確
大勝
発言
加湿
見物
競争
集中
先行
討究
不満
報道
帰納
帰農
建造
公演
左右
推進
発売
強硬
決議
補助
駆使
警衛
口演
好演
再審
心配
堅持
更生
代替
放心
放神
上昇
譲位
勝利
信心
制作
入城
入定
通学
労働
辞儀
頭書
放免
連続
主催
照射
歩測
補足
安産
試写
出産
消費
鮮明
出生
出帆
男女
微笑
病気
分類
歩行
帰来
試射
本意
加持
子守
登城
同車
学術
交際
重視
対比
代行
興隆
形容
拘留
硬化
降嫁
賛成
先日
創建
想見
総見
送検
登院
慣用
項目
指定
中小
補正
輪唱
連立
厳存
減損
致仕
致事
飲酒
勧告
給食
難航
比率
感謝
激情
激戦
行列
奉送
参観
招致
世帯
彼女
議定
宣戦
地区
仏参
確実
参看
奏楽
蔵書
消却
表明
並立
北上
名誉
確答
換字
現金
先占
登録
横領
救済
採決
占居
占拠
大幅
談合
優先
合点
常任
付加
固定
考証
少考
昇降
消光
焼香
演奏
押収
後送
抗争
指名
情死
秘蔵
給水
禁忌
参画
復帰
歴訪
回答
近代
激増
雇用
公称
口承
高唱
宣言
伝写
投棄
破産
浮気
昇天
登極
負荷
報告
違令
刊行
付課
賦課
編成
降車
試製
同市
運用
告示
成立
解除
開館
勘校
勘考
完工
感光
敢行
緩行
試算
質問
入選
現代
再編
刺殺
住宅
承認
昇任
登板
滑走
国会
指摘
対面
読書
和解
移籍
増加
大学
避暑
流通
新築
制度
動転
啓上
済度
踏破
右折
拘束
調理
訂正
開港
唱和
伝言
倒壊
日参
保守
明示
客死
講習
参堂
賛同
整体
善戦
透明
排除
不幸
観望
拘置
再発
侵入
鈍化
入学
排水
復権
勘定
構成
除名
進入
付着
裁定
失効
焼亡
信号
浸透
浸入
沈静
同意
発熱
演出
解消
較正
検分
見分
減益
更正
校正
再訂
滞貨
退化
低下
提案
反射
哀訴
運営
割賦
勧請
渡米
当選
保育
客観
算出
出港
出稿
出航
精製
注目
直接
復元
貴方
傾倒
兄事
啓示
恵投
精読
即死
駐兵
翻訳
明答
起動
減員
治療
親臨
生物
宣伝
提供
内定
下野
獲得
激減
減資
揚水
要求
固辞
公表
告発
命令
固持
誇示
出展
制動
生成
同視
非礼
快気
待命
添乗
転乗
同感
抑制
解約
気化
掲揚
後悔
砂糖
賛辞
書評
上場
長生
表示
奉唱
翻意
仮称
回生
観測
更改
航海
製革
尊重
対戦
転記
同調
化石
呼称
故障
誇称
参拝
散会
示現
分派
強行
焼死
占領
転倒
隠退
回転
改正
規制
勤学
空襲
欠課
志望
手写
着工
転嫁
倒産
濃化
解答
強攻
妻帯
試験
成形
生動
潜入
多食
転化
転換
売買
下山
兼補
公判
際会
施設
新設
製作
切開
先後
創製
奏請
早世
体験
昼間
調製
添加
点火
免責
面責
下降
加盟
解凍
形成
決着
御礼
混和
支出
収集
成熟
展観
都内
答弁
付帯
分筆
割当
起用
検地
更始
再起
雑食
続出
大呼
炭化
提示
導入
発電
発砲
彼等
暴言
異動
鑑定
及第
公売
高揚
再検
樹立
成型
遅滞
動揺
不承
奉伺
教化
禁制
行動
再製
臣事
中耕
注文
点灯
奴等
炎上
黄葉
開校
協定
孝養
抗議
司令
出火
伸張
伸長
新調
正解
静止
掃過
装荷
点頭
難産
下放
回航
改稿
改姓
再帰
試作
宿泊
製造
即行
速攻
入賞
分掌
弁論
用心
育英
指導
証言
増発
便乗
無茶
医師
下宿
過熱
採炭
自営
承引
深謝
接戦
脱皮
中絶
土着
彼処
布達
彼是
開始
実現
精米
説明
反論
彼奴
継続
手配
総計
中断
調印
通知
発行
延期
加算
見舞
減少
雌伏
出演
証印
数奇
生息
対決
探求
注視
同居
発給
分割
面会
列席
怪死
急死
講評
死傷
専心
潜心
想起
代謝
着手
通話
闘争
同伴
念持
非難
介入
該当
感動
好転
縮小
初頭
制止
選炭
対談
大人
独裁
独自
配線
由来
遠征
応答
下落
議論
急造
考察
主張
処罰
上達
正視
通達
同情
納税
配車
付記
閉止
連戦
委譲
移乗
移譲
午後
再会
審理
静思
調達
賃借
放鳥
感染
工作
昨夏
収監
熟思
熟視
出品
装弾
着服
駐留
統合
拍手
否定
包含
包帯
訪朝
面接
要請
円熟
楽観
期待
拠出
再思
所持
詳説
蒸留
選考
送信
増産
大書
独語
熱狂
発覚
付託
予定
録音
回帰
開設
起業
逆流
句作
啓発
公転
口供
種類
上奏
心中
精励
節水
存在
大同
追及
入団
念願
否決
編集
連打
慰謝
違反
回折
開腹
逆襲
合成
実施
車検
召集
商売
食事
納得
排気
不純
編入
法的
御産
区割
歌唱
過称
過賞
休電
給電
兼修
兼用
検収
作歌
自記
実検
実見
招集
招来
請来
洗髪
退社
代置
着目
摘要
同士
入手
飛揚
腐心
回付
快復
緩和
劇化
算段
自棄
声援
製塩
接種
染髪
注射
通報
通訳
転地
転置
排便
配給
発注
表現
暴露
命名
浪人
休館
強奪
惨死
治定
自乗
敵対
投合
得票
別居
変形
没頭
着付
救出
結成
参考
所蔵
上陸
進上
推参
推算
設立
戦死
全焼
増大
増長
追究
追給
登場
南下
入館
判示
反省
分解
無効
明記
隣接
快勝
交尾
殺害
準備
新任
申告
築造
伝送
電送
動作
入金
配当
発着
不当
不服
流用
連敗
完封
期間
帰順
強制
広報
釈明
縮写
出荷
掌理
対顔
待避
退避
脱税
独占
入院
発声
返済
補講
密造
育成
解明
乾杯
感激
帰依
敬遠
欠場
欠伸
検出
視察
自首
主導
承合
照合
先攻
専攻
専行
潜幸
潜航
潜行
選好
選鉱
想定
対質
退室
達成
駐在
入浴
論議
飲食
共感
欠席
建言
厳禁
参向
周回
除外
照明
殖民
染色
敗戦
発現
布石
文通
編曲
野生
輸出
旅行
安定
休載
許可
傾聴
敬重
検証
減点
校訂
合計
深厚
親拝
是正
先述
全勝
操作
増強
脱線
調和
提言
適合
電化
電荷
渡海
導水
熱発
分裂
保管
雄視
裏書
暗算
案内
汚染
加熱
開催
外出
外泊
共生
強調
更訂
再現
失策
終了
出願
出費
上告
炊事
前進
貯蓄
敵視
転用
道破
白状
発病
判断
反映
浮揚
変更
変身
放歌
放火
勇戦
誘引
要心
論戦
横行
改称
外食
鑑賞
希望
求職
兼業
自署
自書
出土
扇情
対峠
帯磁
退治
脱水
仲介
同定
配置
買物
発令
筆写
分界
分配
変心
変針
変動
補整
離島
威服
会商
改造
開店
革新
楽勝
観戦
逆行
休止
休職
減刑
交代
在宅
自壊
自戒
自重
辞職
熟成
召致
承知
消滅
先遣
増額
聴従
賃貸
登記
答申
独学
内用
配列
反乱
付与
奉告
観賞
記帳
求人
曲折
均分
経過
警報
結束
告別
差遣
在住
作曲
参入
請願
静観
創案
展望
倒閣
入線
熱中
派生
派兵
付録
分遣
保全
雄飛
擁護
擁立
養成
立替
演説
花見
帰朝
検視
検便
攻落
再婚
再燃
刺激
指令
主管
縦断
出力
除草
精通
着用
徴兵
徴用
直下
直視
直属
入省
配水
配転
補導
訪日
養護
愛着
印刷
解体
勧進
救助
競走
欠損
兼任
採血
在任
志願
重畳
助命
証明
植樹
推計
説得
絶縁
選別
掃射
操車
造型
多作
多発
着陸
中略
追徴
同行
入所
排出
発動
判定
反響
布教
訪米
豊富
北面
優遇
要望
応召
下見
化合
加重
加糖
加入
解職
解任
喚問
歓待
帰宅
協調
継承
言訳
考案
骨折
再嫁
裁可
在世
酸敗
自責
失速
受付
順守
書写
消灯
嘱託
侵略
制約
成長
西下
先導
扇動
前納
全治
走査
増員
造語
造反
存立
尊敬
帯剣
大敗
直行
逃避
特集
入居
表記
復員
復原
報復
模造
立証
恋愛
論評
運航
音訳
荷電
改訳
開花
干拓
企画
祈願
供述
検定
厳戒
厳罰
減給
公言
工面
広言
抗言
拘引
高言
混信
作成
産卵
算入
仕官
思案
集約
重唱
昇進
詳記
乗降
親近
節減
先勝
装丁
属託
直面
直訳
痛感
展示
点検
渡航
登校
統計
内包
入力
配達
判明
標示
風化
勉強
保持
予防
洋行
洋装
改善
活発
観察
競合
共演
決別
後退
交替
控除
暫定
使令
師承
施策
私消
詩作
実戦
実用
捨象
赦免
収拾
修習
集線
出陣
昇格
親告
進歩
成約
生別
請求
退任
同義
南進
入門
脳死
配向
配本
発想
美化
描写
負担
返上
奉答
訪問
免除
用意
陽気
離党
乗入
卸売
会食
開通
開幕
勘当
既存
挙式
勤続
訓練
係属
携行
景仰
結実
建議
減食
減反
減量
悟得
公認
拘禁
講義
告訴
混同
鎖国
裁量
削除
自立
辞退
失敗
射殺
受領
周知
出征
初演
焼損
詳言
審査
親和
絶滅
全納
相違
即売
存続
損失
対応
退団
代休
宅配
脱却
脱帽
脱毛
短縮
断水
調節
直観
陳謝
通告
定住
伝達
吐露
投稿
投入
逃走
同乗
内蔵
入園
入村
認可
認証
排卵
配布
発達
繁栄
筆答
復学
復唱
野合
揚棄
欲求
来襲
来集
乱用
了解
両替
録画
遺精
引受
引証
応募
下命
火葬
改鋳
改訂
改名
格闘
活躍
完勝
棄権
帰郷
貴重
休業
居住
許諾
供託
供与
共有
禁欲
苦難
群生
経由
結集
結晶
厳選
減石
交錯
光被
抗弁
降着
降任
採納
在学
在中
散布
諮問
自足
実視
社告
集金
処遇
所要
小便
掌握
省略
侵害
心痛
臣従
推移
整理
清遊
精選
製版
西遊
切腹
設置
先着
相続
続行
損害
待遇
脱党
探究
着弾
徴募
直感
通夜
定義
転任
登降
努力
投降
投薬
肉食
破棄
拝顔
輩出
配合
発音
反逆
批難
比定
秘結
避難
負託
復旧
補強
包容
抱擁
翻身
目印
遊猟
予測
予知
要約
勝越
浸染
違犯
栄進
詠進
延焼
仮託
可決
家出
我慢
解雇
開化
開票
勧賞
完了
干犯
感賞
管掌
緩衝
観劇
観照
帰属
休刊
急減
求刑
給仕
給油
許容
教訓
局限
曲言
極言
駆動
群集
携帯
経理
警固
軽微
建立
現有
言及
講話
合算
合図
告知
告白
在室
作文
参照
算定
仕事
指弾
自警
失格
手続
手品
修了
襲名
集計
集散
宿題
祝福
縮減
熟練
出現
処刑
商談
焦燥
称揚
賞味
賞揚
賞用
植字
信頼
進撃
接続
摂取
設定
節酒
絶交
先駆
戦没
船出
前述
善用
粗末
創業
操業
操縦
争論
増徴
造成
打算
退勤
代弁
蓄蔵
着衣
直上
直流
陳情
通約
的中
展開
渡島
凍上
東上
独断
内示
内省
入植
任官
派遣
発案
発射
発車
反抗
反攻
反復
版行
肥大
被弾
費消
微増
不審
腐敗
復職
覆審
物色
分布
変型
変質
編修
弁明
補完
補血
放言
亡命
妨害
密着
鳴謝
面談
薬殺
乱射
立案
略称
略奪
類別
零封
劣化
連帯
朗唱
朗笑
前払
愛好
悪用
暗殺
意識
移調
遺言
運行
演技
解禁
改定
改良
皆済
開局
開墾
概観
確信
学問
完敗
完備
感得
看取
観念
関与
願望
寄託
記入
騎乗
休演
休憩
休息
急落
救援
救命
究明
挙手
共謀
禁煙
区別
苦戦
空想
群発
計量
警護
軽食
欠如
欠落
決戦
決断
決裂
結党
兼勤
建都
言明
鼓動
後続
校合
合宿
婚約
再転
再任
採点
在留
策定
刷新
撮影
雑談
参列
支援
死去
私有
試飲
耳語
自殺
自白
失火
失錯
実写
実証
実装
芝居
主演
守備
収容
収録
就職
終漁
集合
集積
従軍
出獄
処断
助長
上映
上演
植林
心労
辛労
進化
水葬
成就
生滅
節約
説教
選定
善感
全壊
全開
全敗
全滅
総称
草食
束縛
続発
損傷
大病
脱船
団結
断食
着岸
仲買
昼寝
注解
注水
注力
聴聞
沈滞
追跡
低減
提携
転回
転学
転業
転出
転貸
転補
伝来
冬眠
投身
投石
東進
到着
同封
独居
内助
内申
肉薄
入党
入北
認識
熱愛
納骨
排列
配色
配電
売却
売春
発信
伴奏
半減
販売
氷解
符合
賦与
封印
風刺
復興
分列
別送
変造
返金
補間
放棄
埋立
明言
来店
落掌
落葉
率先
立食
流会
了承
冷遇
歴任
練習
連行
連破
浪費
値引
分封
分包
安置
依存
移民
永住
越年
延命
援助
遠出
往復
横断
温存
仮想
介護
介在
解散
解題
改悪
改札
改心
海食
開演
開平
開閉
開門
開立
外征
乾燥
完走
完売
感電
換算
歓送
監察
監修
看病
間食
帰休
帰京
帰陣
帰着
記述
起案
虐殺
休学
休戦
休部
急進
急変
競演
競作
共催
協演
協約
脅迫
仰天
近接
具申
空転
空爆
君臨
激励
決意
決心
血戦
堅守
建国
検挙
検死
厳探
減産
現出
現像
呼号
孤立
交合
交通
公許
厚着
口外
口論
好防
攻撃
考慮
行脚
行軍
行持
行商
講和
降格
克服
獄死
根絶
左折
再演
再縁
再刊
裁断
財投
作製
殺傷
雑居
散乱
残業
死滅
試食
試問
侍立
自覚
自供
自失
自適
自滅
自律
執心
失跡
失望
失明
写生
車載
取材
授受
収用
就寝
修復
修理
従業
重用
出国
出精
出船
出題
出没
遵守
助奏
助走
女装
徐行
除雪
傷害
傷心
昇級
焼失
焼身
焦心
笑納
衝心
上程
上納
乗車
乗務
常設
蒸発
譲歩
心酔
振込
振動
浸水
深化
神化
進水
進展
遂行
制御
成育
政談
正座
清書
生育
生害
精進
静座
赤面
切断
接客
接近
接待
折半
設備
節税
絶望
先決
宣告
潜伏
選曲
善処
全快
創作
創発
創立
増水
増配
増販
増補
増量
造形
造立
速報
体認
待望
滞京
滞在
退京
退職
大別
脱退
脱落
嘆願
担当
弾奏
断絶
断線
断念
男装
知覚
遅延
着想
着任
忠勤
注入
徴収
徴集
調教
調合
調味
直交
直航
陳述
通院
通観
通関
低迷
提議
提訴
添削
転載
転職
伝動
伝導
伝道
渡来
登頂
投影
投与
得心
特進
特選
特約
届出
入局
入籍
任命
熱望
納入
納品
破壊
敗北
背任
配信
配付
配慮
迫害
発掘
発走
発送
半焼
反応
反命
否認
飛散
筆記
筆談
標記
品評
普及
封鎖
復位
服用
分譲
分断
紛争
並行
閉院
閉口
閉校
閉幕
変換
返品
弁済
保留
包囲
崩御
放映
放置
冒険
防御
翻刻
慢心
満腹
満了
密漁
密航
密葬
矛盾
免税
野宿
誘致
遊離
養殖
養生
抑圧
来館
来朝
来聴
乱発
乱舞
乱立
濫用
理髪
離脱
量産
領会
領解
領承
力説
林立
類焼
零落
連係
露出
下書
割込
差入
段取
犯則
哀願
哀惜
愛育
愛飲
愛重
愛唱
愛惜
愛蔵
愛読
愛慕
愛用
握手
圧延
圧搾
圧殺
圧死
圧縮
圧勝
圧着
圧入
圧迫
圧伏
圧服
安居
安座
安住
安着
安眠
暗記
暗合
暗示
暗唱
暗転
暗躍
案出
案分
依拠
委縮
委嘱
委任
威圧
慰安
慰留
移住
移出
移築
移駐
移入
遺失
遺贈
遺脱
遺尿
遺留
育種
育毛
印加
印可
印行
印刻
印字
印磁
因由
引火
引決
引見
引算
引責
引接
引致
引当
引用
引率
飲用
隠居
隠見
隠匿
右傾
運開
運休
運算
運針
運搬
雲散
雲集
営繕
映写
映発
栄達
栄転
永続
永別
永眠
詠唱
詠嘆
液化
悦楽
悦服
越境
越訴
越冬
閲読
閲兵
閲覧
延引
延伸
延滞
延着
延納
延発
援引
援護
援用
演算
演習
煙滅
遠泳
遠望
塩焼
塩蔵
塩梅
汚辱
汚損
汚濁
往訪
往来
応援
応射
応戦
応訴
応対
応諾
押印
押送
押売
横死
横転
殴殺
殴打
黄熟
黄濁
憶測
恩借
温浴
音読
下向
下校
下獄
下座
下乗
下城
下垂
下船
下達
下付
下問
化育
仮作
仮借
仮植
仮設
仮葬
仮装
仮眠
加冠
加給
加護
加除
加増
加担
加筆
夏眠
家居
家蔵
架蔵
火食
火定
荷担
課金
過食
過信
画策
介意
介錯
会釈
会得
解釈
解脱
解毒
解離
回訓
回顧
回向
回収
回心
回申
回避
回遊
回覧
回礼
壊死
壊滅
壊乱
快諾
快眠
悔悟
戒心
戒慎
改易
改悟
改作
改宗
改修
改題
改築
改版
改変
改編
皆勤
皆伝
開園
開宴
開削
開札
開拓
開帳
開陳
開板
開封
外在
外切
外接
外注
外遊
慨嘆
概説
概評
概論
拡散
拡張
確言
確執
確聞
確保
確約
確立
覚悟
隔絶
割愛
割拠
割譲
割腹
活写
活着
滑空
乾留
冠水
冠絶
勘案
勘合
勘弁
勧化
勧誘
完結
完熟
完遂
完歩
完訳
官給
官許
干与
感恩
感化
感泣
感嘆
感知
感服
感奮
慣熟
換価
換金
換言
換地
換物
歓迎
歓呼
歓談
監禁
監査
監訳
看過
簡抜
観覧
貫流
鑑査
鑑別
間作
間伐
関知
含意
含浸
含蓄
含味
含有
企及
喜悦
奇襲
寄宿
寄贈
寄留
希求
希釈
忌避
揮発
既出
棄却
帰一
帰営
帰結
帰任
帰伏
帰服
規定
記憶
記載
起因
起居
起債
起筆
起伏
起立
義絶
議了
喫煙
喫驚
詰責
詰問
却下
脚色
虐使
虐待
逆算
逆上
逆用
休会
休心
休神
休眠
休養
吸引
吸気
吸着
吸入
急告
急設
急送
急追
急転
急迫
急募
急報
急冷
救護
求愛
求婚
泣訴
給血
給費
給与
給養
去勢
去来
挙行
挙止
挙証
挙兵
挙用
虚構
虚脱
漁獲
供応
供血
供出
供奉
供養
供覧
競泳
競落
共振
共立
協商
強圧
強振
強訴
強直
強迫
強弁
恐悦
恐怖
教護
教示
教練
狂死
狂信
狂乱
興奮
驚嘆
仰視
仰望
凝議
凝結
凝血
凝固
凝視
凝集
凝縮
凝滞
凝着
凝立
局在
曲解
勤番
勤務
勤労
禁圧
禁絶
禁足
禁断
緊縮
緊張
緊迫
近似
近侍
近着
近道
金打
区処
苦学
苦笑
苦節
苦悩
苦慮
駆除
駆虫
具現
具陳
具備
具有
愚考
空費
偶語
偶発
偶有
屈曲
屈従
屈伸
屈折
屈託
屈伏
屈服
掘削
繰越
繰延
訓育
訓戒
訓告
訓示
訓導
訓読
訓令
訓話
群居
軍備
係争
係留
傾注
契印
契合
恵与
掲額
掲載
掲出
敬服
敬慕
敬礼
経略
計測
警戒
警告
軽信
軽装
迎撃
迎合
迎接
鯨飲
劇変
撃退
撃沈
撃墜
撃滅
激賛
激賞
激走
激怒
激闘
激突
激発
激変
激論
欠勤
欠航
欠食
欠配
欠乏
欠礼
決壊
決起
決行
決済
決裁
決闘
穴居
結審
結滞
結託
結団
結髪
結氷
結盟
結露
血書
血判
倹約
兼営
兼官
兼職
兼務
兼有
建白
検案
検印
検閲
検温
検眼
検針
検束
検尿
検波
検品
犬死
見参
元服
厳達
厳談
厳秘
厳封
厳命
厳令
幻惑
減圧
減却
減殺
減算
減車
減収
減水
減衰
減退
減配
減免
現前
現用
言上
限局
呼応
固守
固着
誇張
顧慮
鼓吹
鼓舞
鼓腹
互助
互生
互選
後述
後略
悟入
誤解
誤算
誤信
誤審
誤断
誤伝
誤読
誤認
誤聞
誤訳
護衛
護送
交接
交遊
公述
公募
公有
口受
口授
口述
口達
攻略
校閲
構築
硬直
講釈
講読
降誕
降板
降伏
降臨
号泣
号令
合冊
合唱
合掌
合奏
合致
合評
合邦
合本
合流
豪語
豪遊
克復
刻印
刻苦
困却
困惑
根治
混血
混交
混合
混在
混作
混雑
混食
混成
混生
混戦
混線
混濁
混入
混迷
混用
混浴
混乱
左傾
差配
査閲
査察
査収
査証
査定
査読
査問
座州
座乗
座食
座談
催告
再挙
再掲
再説
再送
再築
再読
再認
再拝
再版
再臨
再論
才覚
採掘
採取
採種
採寸
採石
採択
採尿
採油
採録
細説
細分
細別
細論
裁許
載録
在位
在官
在京
在郷
在勤
在校
在国
在社
在宿
在職
在席
在籍
在庁
在朝
在天
在府
在役
作興
作図
作動
作表
搾取
搾乳
搾油
策応
策動
策謀
策略
錯覚
錯誤
錯雑
錯乱
冊立
察知
殺生
殺到
雑記
雑言
雑交
雑婚
雑踏
参学
参宮
参勤
参集
参着
参内
参府
参与
山居
惨殺
惨敗
散骨
散策
散水
散大
散点
散発
散髪
産出
賛嘆
賛美
残害
残置
残留
仕付
仕訳
使役
司式
始業
始動
思念
思弁
指図
支弁
施術
施錠
施肥
施米
施療
止血
止宿
死産
死守
死蔵
死闘
死別
死没
私蔵
私闘
至嘱
視認
試演
試掘
飼育
持久
持続
治水
示寂
示達
自演
自害
自学
自活
自虐
自決
自尽
自炊
自選
自訴
自蔵
自存
自沈
自得
自爆
自負
自噴
自弁
自慢
自問
辞去
式微
識別
執奏
執達
執刀
執筆
執務
失脚
失禁
失権
失言
失笑
失職
失心
失神
失墜
失念
失恋
疾走
質疑
実演
実在
実習
実測
実存
実働
舎営
写植
写像
射影
射撃
射出
謝恩
謝絶
邪推
借金
借財
借問
借用
借覧
釈放
若死
寂滅
弱化
守護
手記
種痘
首謀
受戒
受給
受業
受刑
受光
受講
受傷
受賞
受信
受審
受洗
受像
受贈
受胎
受託
受諾
受注
受電
受難
受任
受納
受配
受粉
受容
受用
授戒
授業
授賞
授乳
授与
収穫
収載
収受
収縮
収蔵
収束
収奪
収得
周延
周航
周章
周遊
就位
就航
就床
就任
就眠
就役
就労
修交
修好
修飾
修繕
修造
修築
修訂
修得
修補
修養
修練
修錬
拾得
終演
終息
習合
習熟
習得
習練
襲撃
襲職
襲用
襲来
集荷
集貨
集束
集配
集録
従属
縦貫
縦続
縦覧
重合
重刻
重婚
重刷
重出
重訂
重版
重訳
宿営
宿衛
宿直
宿望
縮刷
縮尺
縮退
熟議
熟考
熟達
熟談
熟知
熟読
熟眠
熟覧
熟慮
出芽
出漁
出郷
出撃
出庫
出御
出札
出射
出社
出炭
出陳
出頭
出動
出納
出府
出兵
出穂
出離
出立
出猟
述作
準拠
準用
潤色
巡閲
巡演
巡回
巡業
巡検
巡見
巡察
巡視
巡拝
巡遊
巡覧
巡礼
巡歴
遵奉
順延
順接
順礼
処決
処置
所望
書見
書置
助演
助力
除去
除算
除籍
除電
除服
勝訴
召喚
唱導
唱道
小破
小別
承諾
承伏
承服
招喚
招待
昇給
昇段
消音
消去
消失
消尽
消沈
消毒
焼尽
焼鈍
焦慮
照応
照査
照準
照覧
省察
省筆
称美
笑覧
衝動
衝突
詳述
詳論
象眼
賞嘆
賞美
上述
上書
上申
上船
上訴
上木
上覧
乗算
乗除
乗船
乗馬
常住
常食
常直
蒸散
蒸着
譲与
嘱望
嘱目
植毛
触接
触発
触法
食害
食言
食傷
伸展
信愛
信伏
信服
侵食
審問
心服
浸潤
浸食
浸炭
申達
真読
臣服
辛勝
進軍
進言
進達
進発
震動
陣没
図解
図示
図説
吹聴
吹鳴
垂範
推挙
推考
推察
推重
推測
推断
推知
推服
推論
水泳
水書
水食
水難
水没
衰弱
衰退
衰微
衰亡
衰滅
随喜
随行
随従
随順
随身
随伴
寸断
寸裂
世襲
是認
制圧
制欲
征伐
成業
成婚
成道
成敗
成仏
整合
整除
整髪
整流
整列
生録
精勤
精察
精白
精油
精練
精錬
製図
製氷
製表
製粉
製油
請訓
請託
請負
席巻
惜敗
惜別
積算
積層
積分
赤化
赤熱
切願
切削
切死
切除
切迫
切望
切論
接岸
接見
接合
接写
接受
接収
接触
接着
接頭
接伴
接尾
摂生
摂動
折衝
折損
折伏
設営
設問
節煙
節食
節制
節電
節米
節略
節録
説経
説示
説破
説伏
説法
雪辱
絶家
絶叫
絶賛
絶食
絶息
絶版
絶筆
絶命
先議
先達
占有
宣下
宣布
宣揚
専決
専属
専断
専念
専有
専用
洗眼
洗顔
洗脳
洗礼
洗練
染筆
染物
潜没
選評
前記
前駆
前借
前売
善導
全休
全通
措定
祖述
粗食
粗相
粗描
素読
素描
組閣
組成
組版
訴願
訴求
訴人
訴追
阻害
阻隔
創出
創設
奏聞
奏覧
想望
掃引
掃除
掃滅
早婚
早産
早死
早出
早寝
早着
争奪
相愛
相克
相殺
相似
相伴
相補
総説
総覧
総和
装飾
装置
装着
装備
送金
送迎
送出
送水
送籍
送達
送致
送配
送付
送風
送別
送話
遭遇
騒動
増悪
増援
増刊
増給
増結
増作
増刷
増車
増収
増進
増設
増置
増築
増派
増反
増幅
増便
増力
憎悪
蔵匿
贈位
贈官
贈号
贈答
贈物
贈与
造営
造影
造園
造血
造作
造水
造林
促進
促成
側聞
即詠
即応
即決
即製
即諾
即断
即答
即納
即発
測量
足算
速記
速決
速写
速射
速成
速断
速答
俗化
属望
属目
族生
続映
続載
続伸
続生
続報
続落
卒去
卒倒
卒読
存知
存置
存命
尊信
他言
他出
多言
多読
打電
体現
体得
対語
対審
耐乏
帯出
帯電
怠業
怠納
滞積
滞納
滞留
貸借
貸与
退学
退却
退去
退散
退出
退城
退場
退色
退席
退歩
退役
逮捕
代願
代決
代言
代読
代入
代筆
大挙
大悟
大食
大酔
大息
卓越
卓出
卓絶
卓立
択一
拓殖
託送
達観
奪略
脱衣
脱営
脱化
脱去
脱穀
脱獄
脱色
脱走
脱俗
脱着
脱腸
脱藩
脱漏
丹精
単作
嘆称
嘆賞
嘆息
嘆美
担任
探検
探険
探査
探察
探勝
探測
探知
探梅
探聞
探訪
短絡
端座
鍛造
鍛練
鍛錬
弾圧
断言
断交
断行
断裁
断罪
断種
断続
断定
断髪
断滅
談義
談笑
談判
談論
知得
置換
遅配
築港
築堤
畜産
蓄財
蓄積
蓄電
蓄熱
蓄髪
蓄冷
窒死
窒息
着火
着荷
着眼
着金
着剣
着座
着信
着陣
着水
着席
着船
着脱
着地
着電
着筆
中座
仲裁
抽出
抽選
注釈
注油
鋳造
著述
著録
貯金
貯水
貯留
彫金
彫刻
徴税
徴発
朝礼
聴許
聴取
聴納
調剤
調停
調髪
調伏
調薬
調練
超越
超勤
超克
超絶
超脱
跳躍
長駆
長欠
長考
長座
直覚
直撃
直結
直裁
直射
直書
直進
直訴
直奏
直送
直談
直通
直答
直読
直納
直売
直覧
直立
直話
沈下
沈降
沈思
沈酔
沈積
沈潜
沈殿
沈没
沈黙
珍重
珍蔵
鎮圧
鎮火
鎮護
鎮座
鎮静
鎮定
陳弁
陳列
墜落
追憶
追撃
追孝
追考
追従
追随
追善
追訴
追想
追贈
追討
追突
追認
追尾
追慕
追放
追録
痛飲
痛撃
痛言
痛恨
痛惜
痛嘆
痛論
通園
通読
通分
通謀
通覧
低回
低唱
低頭
低落
停会
停戦
停船
停滞
停電
停泊
停留
提唱
締結
締約
摘果
摘芽
摘記
摘出
摘心
摘発
摘録
滴下
適応
適帰
適従
適中
展延
展墓
展覧
店番
添書
転位
転移
転居
転勤
転写
転借
転住
転宿
転籍
転戦
転送
転属
転宅
転読
転売
転覆
転変
点眼
点呼
点在
点滴
点描
点滅
点訳
伝授
伝習
伝承
伝奏
伝搬
伝聞
電解
電請
電離
吐血
吐出
吐息
吐乳
塗布
徒食
徒長
徒費
渡洋
登載
登壇
登庁
登楼
土葬
怒号
怒張
倒錯
倒伏
倒幕
倒立
凍結
投獄
投写
投射
投宿
投出
投了
盗掘
盗作
盗聴
盗電
盗伐
当直
当惑
答電
答礼
統監
統御
統裁
統率
到達
到来
討死
討伐
討幕
討論
踏襲
逃亡
透写
陶酔
動座
同座
同室
同宿
同着
同道
同流
導出
導通
道楽
得度
得道
徳化
特訓
特赦
特出
特設
特待
特注
特認
特配
特売
特発
特筆
特報
特免
毒害
毒殺
独演
独航
独行
独座
独修
独習
独唱
独創
独奏
独走
独白
読過
読解
読図
読破
読了
突貫
突撃
突進
突入
突発
内閲
内応
内含
内勤
内向
内攻
内済
内在
内借
内祝
内職
内切
内接
内奏
内諾
内達
内談
内通
内命
内約
内覧
南面
難儀
難詰
難船
難破
日勤
乳化
入営
入荷
入閣
入漁
入京
入庫
入獄
入室
入質
入寂
入信
入隊
入朝
入電
入湯
入道
入内
入梅
入府
入部
入幕
入滅
任免
任用
認許
認容
熱演
熱願
熱唱
熱弁
念仏
粘着
悩殺
悩乱
濃縮
納金
納札
納車
納受
納本
波及
破断
破滅
破裂
馬耕
馬食
拝賀
拝見
拝察
拝借
拝受
拝承
拝聴
拝読
拝命
拝領
拝礼
排撃
排斥
排尿
敗退
敗亡
背反
背面
配員
配剤
配属
配備
倍旧
買収
売約
陪従
陪乗
陪食
陪席
陪聴
白黒
白濁
白熱
薄遇
爆撃
爆殺
爆傷
爆笑
爆沈
爆破
爆発
爆裂
発育
発煙
発火
発芽
発刊
発汗
発願
発議
発狂
発色
発心
発振
発進
発赤
発布
発奮
発明
発問
発揚
発露
伐採
伐木
抜剣
抜糸
抜歯
抜粋
抜刀
判然
判読
判別
半壊
半周
反撃
反証
反訴
反転
反覆
反目
反問
反訳
反落
帆走
搬出
搬送
搬入
板書
繁殖
繁盛
繁茂
悲観
悲嘆
批正
比肩
比類
秘匿
肥満
被覆
避寒
非議
飛躍
備蓄
尾行
微行
微動
微分
美食
匹敵
必見
必着
必読
筆算
氷結
氷釈
漂着
漂泊
漂白
漂流
票決
表出
表象
表装
表白
評決
評釈
描出
病欠
病没
貧血
付言
付随
付設
布告
布設
布線
敷設
普請
浮遊
浮流
浮浪
腐朽
腐食
赴任
舞踏
封殺
封入
風食
風発
風聞
伏在
伏流
復円
復縁
復業
復古
復交
復航
復号
復刻
復習
復姓
復籍
復命
服罪
服従
服属
服毒
服務
複写
複製
覆刻
覆没
覆滅
覆面
払底
物故
物納
分煙
分家
分岐
分極
分光
分合
分骨
分冊
分宿
分乗
分水
分節
分担
分地
分納
分売
分有
分与
分立
分流
分留
噴火
噴射
奮戦
奮闘
奮発
奮励
粉飾
粉食
紛議
紛失
紛乱
文飾
文選
聞知
平伏
平復
平分
並称
並進
並存
並列
閉会
閉館
閉居
閉業
閉経
閉鎖
閉山
閉店
閉門
壁書
別家
別掲
別言
別注
別納
別封
変圧
変位
変異
変移
変改
変死
変色
変節
変説
変奏
変装
変速
変態
変調
変通
変転
変名
変約
変容
返却
返照
返送
返答
返納
返杯
返付
返報
返本
返礼
便秘
勉学
勉励
弁解
弁難
弁別
保温
保釈
保養
舗装
捕獲
捕食
捕縛
補記
補修
補習
補職
補任
補筆
募金
募債
募兵
包摂
包蔵
報知
奉迎
奉行
奉賛
奉祝
奉職
奉読
奉納
奉拝
崩落
抱合
放下
放散
放出
放水
放任
放熱
放念
放伐
放牧
放流
放浪
砲撃
縫合
縫物
訪台
訪仏
豊熟
邦訳
飽食
飽満
飽和
亡失
傍観
傍受
傍証
忘却
忘失
忙殺
暴圧
暴飲
暴食
暴走
暴発
暴落
望見
謀議
謀殺
防音
防寒
防護
防災
防縮
防水
墨守
墨書
没却
没取
没収
没入
没落
本復
翻案
凡退
埋骨
埋設
埋葬
埋蔵
埋納
埋伏
埋没
枚挙
満悦
満喫
満載
満水
漫談
漫歩
漫遊
味解
味見
味到
味得
味読
魅了
魅惑
密行
密告
密殺
密集
密植
密生
密訴
密奏
密送
密談
密通
密売
密封
密閉
密約
密輸
密猟
脈動
民泊
夢想
霧散
名状
明察
明断
明滅
迷走
鳴動
滅却
滅失
滅尽
滅亡
免官
免訴
面詰
模写
模倣
猛撃
猛攻
猛襲
猛省
猛進
猛追
黙許
黙座
黙殺
黙想
黙諾
黙読
黙認
黙秘
黙礼
目撃
目算
目送
目測
目礼
問罪
問責
門出
門番
夜勤
夜襲
役務
約言
約諾
約定
訳載
訳出
訳述
訳読
躍進
躍増
躍動
油断
輸送
優越
優待
優退
勇退
勇断
勇躍
幽閉
憂慮
誘導
誘爆
誘発
誘惑
遊泳
遊学
遊戯
遊興
遊行
遊牧
遊覧
遊歴
郵送
予覚
予感
予見
予言
予告
予察
予習
予断
予報
予約
預言
預託
容赦
揚言
溶解
溶血
溶出
溶接
溶存
溶断
用捨
用談
要撃
要談
要略
陽転
養育
抑留
翼賛
裸出
来院
来往
来会
来観
来校
来航
来所
来場
来宅
来談
来着
来任
来報
来訪
来遊
雷撃
雷同
落下
落球
落後
落札
落手
落城
落飾
落成
落石
落選
落第
落胆
落着
落馬
落髪
落盤
落筆
落命
落雷
落涙
乱獲
乱掘
乱作
乱心
乱酔
乱造
乱闘
乱読
乱入
乱売
乱伐
乱費
濫獲
濫掘
濫作
濫造
濫読
濫発
濫伐
濫費
利殖
離縁
離隔
離間
離京
離郷
離合
離婚
離散
離床
離職
離水
離籍
離船
離村
離日
離乳
離任
離農
離反
離別
離陸
陸生
陸送
律動
立願
立脚
立言
立売
立腹
略記
略言
略取
略述
略説
略装
略筆
流産
流失
流転
流伝
流入
流布
流連
流露
流浪
留意
留任
留年
留保
隆起
隆替
了察
両断
量定
量販
領掌
領有
力泳
力演
力戦
力走
力闘
臨画
臨検
臨幸
臨写
臨書
臨場
臨席
臨模
輪講
輪作
輪転
輪読
類似
類従
類推
類比
令達
例証
冷却
冷笑
冷評
励起
励行
励振
礼遇
礼賛
隷従
隷属
霊化
歴遊
列記
列挙
列立
廉売
恋着
練達
連関
連携
連結
連呼
連座
連載
連作
連射
連取
連署
連乗
連接
連想
連濁
連弾
連動
連発
錬成
露営
露見
露光
朗詠
朗読
漏出
漏水
漏電
漏話
老熟
老衰
老成
論詰
論及
論究
論決
論結
論告
論述
論証
論争
論断
論定
論難
論破
論判
論弁
和楽
和合
和訳
惑乱
湾曲
湾入
御誘
結講
散積
下取
荷造
荷受
気晴
気落
逆恨
居眠
局止
駆足
空振
月払
肩入
元請
元締
言付
戸締
後払
差押
山登
山崩
切捨
仕送
手招
手分
受渡
焼直
深酔
深入
舟出
拓植
談議
掛算
焼付
上塗
面語
報祭
入山
阻細
寸評
刺絡
解氷
温服
隠避
流説
略解
訳解
補殺
別置
覆育
必中
抜染
発船
発根
摘除
裏打
目移
払出
表書
抜差
内張
天引
長持
打水
店卸
丹誠
更衣
分服
節倹
暗闘
慰問
移植
育児
下知
加配
寄書
帰投
競映
強請
撃破
結球
兼備
検算
験算
固化
厚遇
合一
細工
作詞
作詩
錯視
参究
惨落
市販
思慕
自給
受理
授精
除隊
笑殺
正装
清掃
盛装
選歌
走破
送波
続演
脱脂
着意
着色
朝賀
転向
塗装
途絶
東征
統制
闘病
燃焼
破水
破損
拝辞
買春
薄着
発揮
卑下
墓参
訪露
野営
落書
立見
連奏
和協
山盛
山分
手抜
代払
封切
日焼
移設
下請
改組
開示
寄食
気絶
規程
苦行
苦闘
激高
減額
呼吸
再議
細書
散在
散財
算用
指南
疾駆
就学
重任
推量
走行
損壊
対座
退座
代納
大言
担保
注記
長嘆
転調
踏査
発出
別記
変成
編制
乱打
立身
流下
両分
両用
療養
格付
出迎
目減
依託
委託
違約
架設
起床
兼帯
誤報
産休
仕分
象徴
信奉
推選
創刊
奏功
奏効
奏上
相関
退官
大観
誕生
遅疑
墜死
討議
破顔
破門
博覧
発散
表決
不参
崩壊
老化
滅金
味付
意図
意訳
起請
強襲
苦手
空発
訓電
降服
疾呼
親閲
水死
製鉄
製本
潜在
代署
添付
農耕
敗訴
倍加
防戦
模作
黙考
約分
恋慕
上積
移行
歓喜
共栄
抗告
自任
自認
失調
煮物
出家
常置
垂死
垂示
推称
推賞
対置
着生
兆候
提起
破獄
腐乱
服薬
平日
訪英
本有
夜営
容認
来援
加階
火傷
帰参
帰山
起算
誤写
公告
耕作
降圧
持参
手交
出勤
親祭
親裁
測地
定植
貧乏
平定
訪独
優位
陸上
了知
見合
維持
化生
加勢
火中
議決
実感
社会
受命
終止
親授
相乗
抵触
投下
募集
遊説
冷凍
安心
億兆
億万
公定
参朝
散見
集結
縦走
真似
吹奏
創造
送像
奪取
中和
塗擦
防止
劣敗
開国
格納
居留
後継
交織
降職
参賀
蚕食
通計
定置
渡御
内観
破約
陪観
無力
回想
勧戒
監視
緩解
企図
係船
参戦
修正
詳録
辛抱
増減
即位
代講
代香
代作
遅参
転校
入国
描画
付議
副葬
別売
放談
抑止
療治
移算
意味
会葬
回送
快走
改行
改葬
改装
協賛
見学
主席
従事
進学
増兵
多謝
直言
抵抗
入港
入行
発光
発効
発向
疲労
布団
奉加
奉賀
老死
安神
慰労
現送
行水
裁決
受精
重要
専管
代参
暖房
聴講
入坑
入校
入構
認知
晩成
軽視
行為
合歓
散歩
指呼
主流
修整
集成
召募
昇殿
消長
植皮
接地
遅刻
着帯
平穏
変革
利下
移転
戒告
甘受
裁縫
在庫
自賛
修学
専従
服役
荷揚
間借
寄与
急派
再訪
最中
採訪
散華
湿布
常駐
代位
配管
移項
刑死
兼摂
更新
参殿
自修
自習
自称
新造
阻止
遭難
貯蔵
発意
規正
傾斜
検札
賢察
朱書
重奏
順化
措置
拝観
被災
美容
婦人
部分
違背
歌舞
再調
在荷
参進
自省
自制
自生
自製
追試
東道
入唐
往生
開所
金策
交配
最終
使送
試走
自証
実行
修道
信託
振起
尽力
転成
転生
転入
透過
批評
並置
敬愛
終決
商量
生殖
絶句
打破
胎動
調進
半分
返事
陸行
禁固
空輸
研学
合資
切言
専任
選任
定立
等化
標定
返辞
報謝
問答
呼出
仲立
移管
営巣
下馬
完納
感応
教徒
景気
減数
仕度
私語
巡幸
巡航
順行
小憩
小計
少憩
承継
帯同
登用
放電
黙過
理会
移用
拡大
休校
休航
休講
菜食
収納
消散
称賛
賞賛
製剤
退院
退蔵
退転
内服
来社
会読
解読
回読
群舞
孤独
護持
控訴
受検
水洗
排他
分業
予納
公訴
行幸
巡行
生長
代書
忠義
予期
羽化
喚起
換気
休耕
強大
誤用
正誤
滞空
奪回
南中
塩化
急行
後見
至要
静養
盗用
帰省
常備
倒置
統治
留守
簡素
強要
教習
想到
掃討
争闘
代議
代任
傍聴
膨張
移送
加速
考量
参会
散開
同年
激動
色刷
推理
生食
訪欧
無私
来演
後進
交信
高進
出水
清聴
静聴
付置
布置
暴死
為替
常勤
照会
装用
直前
境界
公開
再来
作画
辞任
紹介
詳解
退庁
特記
突起
応接
規整
適正
終日
常用
通交
通航
営造
延長
送受
縫製
安息
応化
会館
成人
精査
賦活
出世
分村
穏健
軍縮
呼集
誤記
公布
好調
上気
段階
内分
酸化
出金
垂下
選句
増税
男性
同船
敗走
背走
配送
驚倒
交付
降参
測定
連用
苦心
進駐
徒死
皮肉
看破
考査
出入
厳守
成功
盛行
全訳
追記
用船
公的
終結
出走
相伝
命中
送電
現住
広告
小柄
潮解
入射
浮上
化成
後半
申請
人的
直営
投資
掲示
私議
処方
増資
打開
興起
銀行
行来
寄進
進級
超過
奇異
検問
通勤
少女
発会
滑降
減価
同化
市民
鋭利
殊勝
水浴
加療
尋問
折中
対等
非情
合力
親任
肥厚
訪中
御祭
予想
会同
征服
整復
委棄
遺棄
待機
宣教
復調
感心
管制
教室
交易
整地
遠慮
起草
協業
昇圧
正当
例示
世論
定位
浮動
励磁
立話
穀食
派出
表裏
借入
生新
凍死
透視
暴行
冷蔵
開業
軽易
専修
戦勝
引越
想像
付近
両立
幻想
支度
辛苦
単純
幻滅
振作
加味
器用
共用
再選
支配
橋渡
繰糸
創始
体操
入水
分別
堅実
豆腐
評定
真剣
化現
選出
町立
了簡
了見
料簡
好投
分散
人口
出張
停止
可能
強打
伸縮
侵犯
総連
病死
大量
気楽
賛助
親切
底止
不便
協和
適時
不要
差止
利上
恐縮
利益
改元
現在
急速
回国
感受
高値
彩色
区間
連記
加点
手当
遊歩
通電
途中
磁化
招請
焼成
前後
昨夜
上等
爆死
値上
正常
運動
細心
上京
簡略
特異
活用
寄生
業者
建設
微少
無口
会話
肝要
清新
端的
不忠
過密
丈夫
人数
対論
発酵
純化
所属
整美
精微
精美
他行
将棋
退位
検察
手書
対生
達者
微妙
劇的
司会
大柄
密接
円満
途上
制定
認定
主婦
特措
複雑
禁酒
海岸
奇麗
高遠
課税
国民
生起
高燥
重宝
正式
健全
談話
特許
熱心
休場
極端
黙止
黙視
異例
合議
指揮
不等
幼稚
怪我
称呼
悪質
精強
力行
子供
相応
解熱
詩的
修行
区画
適格
当番
割高
笑止
不利
強固
無尽
人体
大損
不覚
放射
面倒
糖化
敏感
無為
巧者
無情
論説
永久
温雅
見積
沈着
昨年
築城
後押
密会
来島
快調
怪奇
悪口
作家
週末
精確
兼学
幸福
丁重
倍増
単調
的確
補外
未熟
声高
通常
閉場
影響
軽率
固執
残存
受験
他人
再考
真率
著名
孤高
梅雨
料理
悪戯
先鋭
深長
人間
完全
再興
無用
減税
多用
代理
難解
老練
可聴
快適
会派
供用
真当
高価
直筆
有益
冷淡
堅調
出仕
深刻
人形
夢中
業腹
豪華
不能
交戦
退屈
膨大
無学
綿密
露骨
時計
質素
危険
軽快
薄弱
純粋
脱会
採鉱
重厚
多幸
過小
格段
強気
豪快
内野
冷静
既知
巧妙
潤滑
性的
精細
適切
分明
量的
鈍感
不滅
文字
有望
容易
右側
深切
未定
過重
出資
上品
前夜
日程
失礼
物的
順調
欧化
可変
上乗
粗野
適度
燃料
無粋
優雅
過大
個人
独特
無難
無法
勇敢
新鮮
大胆
痛烈
不用
有用
不溶
謀反
気軽
地味
中元
美妙
留置
手軽
度外
虚弱
極度
首相
小体
純一
貧弱
副署
皆無
確証
希薄
誇大
澄明
尊大
短気
偉大
温良
下等
軽少
最近
晴朗
長命
不定
便利
優性
立派
立論
急激
交差
史上
正気
着実
有利
合体
精良
絶妙
多彩
卓抜
調法
派手
奇妙
気随
広範
性急
不順
無礼
論外
敢然
円滑
奇特
好運
生鮮
素敵
低級
卑小
秘密
美味
不敬
無残
有害
率直
該博
希有
狭長
国内
純美
清潔
静的
素的
低俗
素適
暖気
異質
華麗
甘美
気丈
健在
見事
厳格
厳正
硬質
高度
豪気
残刻
小幅
心外
真黒
身近
端正
痛切
特殊
独得
薄情
病弱
不粋
明白
有意
有為
雄偉
裏腹
良好
順潮
安易
温暖
穏当
火急
気弱
強烈
警抜
古風
広博
控目
高雅
高名
自在
小心
真直
真白
親密
水平
正業
精密
切実
全体
粗放
多才
多大
多忙
単一
単簡
短小
地道
低調
篤実
内気
半端
悲痛
非凡
微細
不穏
平明
望外
無惨
無知
無恥
無能
冷厳
劣悪
哀切
安穏
安楽
安気
安直
暗愚
暗弱
案外
因業
陰気
陰険
陰惨
陰湿
隠微
隠密
鋭敏
遠浅
遠大
鉛直
横着
横長
横柄
横暴
横様
温柔
温順
温和
穏便
穏和
下品
下劣
佳麗
可読
果断
花車
荷重
快活
怪異
格別
滑脱
寒冷
簡単
簡便
簡明
簡約
緩慢
間遠
間近
丸裸
奇遇
奇警
奇態
奇抜
希代
気重
気早
気短
気長
喫緊
詰屈
逆様
旧式
巨大
虚心
凶暴
凶猛
強引
強健
強情
強的
強暴
強欲
狂暴
狭小
狭量
仰山
極小
極大
極道
均質
緊切
緊密
愚暗
愚直
愚鈍
愚劣
偶然
軽度
軽薄
軽便
劇烈
激越
激烈
潔癖
倹素
健気
堅固
権高
見高
険悪
険阻
険相
厳密
玄妙
言語
古雅
光栄
口重
口早
口速
硬骨
荒誕
高潔
高直
豪勢
豪的
豪勇
黒山
腰弱
細微
細密
殺伐
雑多
散漫
至純
至当
至便
至妙
自明
失敬
失当
湿潤
質実
邪悪
邪険
若気
弱小
弱体
手狭
手近
手荒
手短
手薄
周到
周密
秀抜
秀麗
従順
柔弱
柔順
柔和
縦長
重体
重度
潤沢
純潔
純情
純真
純正
純白
純良
順良
勝気
小食
小胆
小味
小欲
少食
少欲
詳細
詳密
上質
冗舌
冗長
冗漫
情強
色白
新鋭
新式
森厳
深遠
真暗
真丸
真青
真赤
神速
神秘
親愛
親身
身軽
人並
尋常
粋狂
酔狂
随意
随分
性悪
清純
清廉
精鋭
精妙
静穏
静寂
切要
絶大
絶美
絶無
舌長
先安
先高
専横
浅学
浅薄
鮮麗
鮮烈
全的
粗悪
粗雑
粗大
粗暴
粗慢
粗略
双対
早熟
憎体
即急
足早
足速
速急
俗悪
存外
尊厳
多額
多芸
多事
多湿
多種
多情
多端
多難
多能
多病
多弁
多望
多様
多量
怠慢
大儀
大仰
大形
大俗
大童
大味
大様
大力
達筆
丹念
短目
短慮
端近
端厳
端麗
遅鈍
中空
著大
超凡
直角
沈痛
珍奇
珍妙
陳腐
通俗
低湿
低能
低劣
低廉
定常
適任
鉄火
典麗
伝法
唐突
等質
同断
胴欲
突飛
鈍根
鈍重
内密
肉細
肉太
肉的
入魂
入用
熱烈
濃密
能弁
破格
博学
博識
博大
半間
繁雑
卑近
卑屈
卑俗
卑劣
悲惨
悲酸
皮相
非道
非力
微弱
必至
必定
病的
貧小
貧相
敏活
敏速
不易
不運
不吉
不屈
不束
不徳
不敏
不毛
不様
浮薄
風雅
風流
物騒
分外
文雅
文弱
平易
平滑
平俗
平淡
平板
別箇
別様
放縦
放胆
放漫
法外
芳烈
豊潤
豊満
豊麗
暴悪
暴虐
暴慢
本式
本望
未開
未読
無益
無害
無芸
無骨
無傷
無心
無体
無敵
無道
無毒
無比
無筆
無病
無謀
無味
無様
無欲
無類
明解
明快
明細
明敏
明朗
迷惑
滅相
滅茶
猛悪
猛烈
目深
目茶
野卑
野暮
優柔
優麗
勇猛
幽遠
幽玄
幽寂
有限
有能
雄大
雄弁
余分
幼弱
欲深
乱雑
乱暴
乱脈
利根
利発
律儀
律義
流麗
慮外
冷血
霊的
霊妙
劣弱
廉直
老巧
老実
老弱
腕白
気障
気任
強含
安価
乗気
翻然
小粋
助平
可坊
目障
端整
富有
簡短
永遠
過分
愚図
口軽
克明
寝坊
身重
多感
茶目
不法
優美
利口
有体
安静
盛大
素直
大抵
流石
断固