一昼夜
中国人
日本語
八百長
高校生
一本気
小学校
大人気
国公立
十二分
三角形
五十音
一直線
十字形
小細工
早合点
入出力
十字火
一家言
一口話
一頭地
一毛作
五角形
三原色
三行半
三国一
三毛作
四角形
四天王
四半分
四分六
四六文
七曜星
十五夜
十三夜
十姉妹
十文字
十六夜
千秋楽
千石船
千鳥足
千六本
二王門
二王立
二合半
二字口
二毛作
八分目
八文字
八里半
百万言
六角形
一本刀
中学校
大学生
下町風
口下手
口上手
生一本
一合目
小学生
長時間
今時分
出会頭
出合頭
子会社
天文台
下水道
中学生
出来高
国内線
通行人
日本円
原子力
音楽家
親会社
女子大
出入国
後見人
女子高
早場米
教科書
食生活
頭文字
大口魚
正方形
高学年
回帰線
小切手
水時計
右中間
新天地
中高年
母子草
高分子
小手先
夏時間
公立大
左中間
女学生
青少年
地下道
玉虫色
新入生
生理学
長電話
親切心
中高生
多人数
上水道
直方体
売買春
雨夜花
室内楽
門下生
画用紙
絵手紙
絵文字
秋刀魚
多年草
大理石
男子校
野心作
雨合羽
遠海魚
遠山里
遠地点
遠日点
黄金虫
下手人
火山岩
火食鳥
花水木
花電車
花文字
海王星
海人草
絵草紙
絵日記
外字紙
角細工
活魚車
活社会
活人画
丸合羽
魚市場
金切声
空中線
空文字
兄弟子
兄弟分
計数形
月見草
見目形
古文書
後生楽
光電池
口語体
口語文
工学科
広目天
行行子
高天原
高土間
合気道
黒水引
黒百合
黒文字
黒曜石
山茶花
山百合
子午線
紙細工
自小作
自力門
車前草
手細工
手弱女
出回線
出小作
出目金
出来秋
出来心
女文字
小正月
小太刀
小町糸
小天地
小麦色
小文字
小米花
少女子
食道楽
心字池
心食虫
心太草
心電図
新入学
親言語
親切気
親文字
人国記
人心地
人文字
人力車
水中花
星月夜
晴雨計
正教会
生字引
西王母
青海原
青人草
青道心
青二才
石火矢
石首魚
石竹色
石南花
赤間石
赤新聞
赤電車
赤目魚
切口上
雪月花
川千鳥
船大工
前口上
早月晴
早少女
村時雨
村八分
多年生
多聞天
多毛作
太刀魚
太刀風
大原女
大広間
大黒天
大山木
大谷石
大入道
大八車
大番組
大風子
大文字
大目玉
地文学
竹細工
中学年
中間子
中間色
中山道
中心線
昼光色
町道場
長上下
長方形
鳥羽絵
直弟子
弟切草
弟弟子
天道虫
天南星
電話形
土気色
同心円
同父母
内親王
内弟子
南京玉
南京虫
日時計
日本間
日本犬
日本晴
日本刀
入道雲
入木道
馬刀貝
白地図
半夏生
半線形
半風子
半母音
風知草
風土記
分教場
文語文
文字数
聞上手
本草学
明後年
明太子
明朝体
明天子
木太刀
目正月
目八分
門弟子
夜汽車
夜光虫
野太刀
矢車草
友千鳥
夕月夜
立女形
立太子
立方体
話半分
小女子
金花虫
白頭鳥
前前回
地玉子
通行止
風馬牛
赤外線
数時間
空手形
空元気
小中学
日本学
出入口
天下一
早月雨
日本人
国文学
天文学
竹麦魚
中国語
日本紙
日本食
地方紙
考古学
日本一
中心地
女学校
新分野
番外地
通用門
新聞紙
公文書
少人数