国立
大会
学会
高校
今後
市立
行方
学校
同日
科学
会合
市場
元気
生活
国家
組合
計算
半年
下車
大切
外国
前年
音楽
公正
入場
通用
小売
上手
中心
計画
会計
多数
声明
当時
会見
思考
来日
合作
文学
合同
今回
市長
中立
電話
出馬
記名
帰国
来年
今年
教会
帰社
正直
中止
通算
直後
計上
台頭
見当
正答
先行
左右
通学
頭書
出生
歩行
帰来
同車
先日
中小
北上
合点
少考
回答
同市
国会
読書
大学
入学
校正
算出
明答
上場
長生
強行
多食
売買
先後
公売
出火
点頭
用心
通知
通話
午後
工作
大書
回帰
心中
大同
休電
作歌
自記
入手
南下
明記
入金
自首
文通
野生
合計
外出
外食
自書
出土
休止
内用
入線
花見
帰朝
出力
直下
多作
同行
下見
西下
直行
公言
広言
高言
算入
親近
入力
入門
会食
自立
入園
入村
野合
自足
通夜
肉食
家出
合算
合図
作文
船出
直上
東上
記入
言明
校合
耳語
自白
草食
入北
売春
明言
来店
立食
遠出
海食
間食
帰休
帰京
休学
交合
交通
口外
出国
直交
来朝
林立
下書
引火
引見
引算
引当
引用
音読
下校
下船
火食
回心
外切
間作
帰一
休会
休心
強直
近道
言上
合本
細分
作図
自学
自活
手記
出社
出頭
出立
書見
上書
上船
上木
食言
水書
水食
前記
前売
足算
多言
多読
大食
長考
直書
直通
直答
直読
直売
直立
直話
通園
通読
通分
天引
店番
当直
答電
同室
同道
道楽
読図
内切
内通
入京
入室
入朝
入電
馬食
白黒
風食
風聞
分家
分光
分合
分水
分地
分売
分立
聞知
目算
門出
門番
来会
来校
来場
立言
立売
力走
気晴
手分
入山
下知
合一
細工
買春
立見
山分
細書
算用
走行
大言
出家
帰山
見合
手交
火中
社会
通計
入国
見学
直言
入行
行水
入校
自生
東道
半分
切言
下馬
小計
理会
休校
来社
会読
回読
生長
強大
南中
後見
同年
生食
作画
通交
分村
上気
内分
出金
同船
出入
用船
出走
後半
行来
合力
会同
教室
正当
立話
生新
入水
町立
人口
気楽
親切
回国
手当
通電
前後
細心
上京
活用
会話
人数
手書
高遠
休場
力行
当番
作家
声高
人間
多用
強気
分明
前夜
小体
合体
国内
心外
明白
気弱
古風
高名
小心
多才
多大
地道
内気
遠大
花車
間遠
間近
気早
気長
強引
見高
口早
高直
黒山
自明
弱小
弱体
手近
小食
少食
色白
先高
足早
大形
大力
直角
肉細
肉太
入用
半間
分外
文弱
明細
目茶
茶目
小形
大国
年少
大風
知名
当日
中正
書記
中学
正大
当用
見聞
生直
方正
年長
通行
番組
空間
先生
出来
国土
毎日
今週
自作
広大
高大
用地
計数
足弱
外科
地方
夕方
長大
午前
正午
弱気
日曜
海外
土曜
入社
弟子
公園
休日
学生
紙上
下手
目下
半日
同月
同夜
新年
今月
本社
本気
人工
先週
早朝
校長
先月
食前
分科
多分
北方
本人
少時
太古
学長
新人
本来
本日
長年
後日
場合
近日
生前
入来
年中
数字
今秋
当分
来月
町村
来週
火曜
今夏
今春
春先
大口
毎朝
年来
当今
先夜
朝方
同社
毎週
今夕
近年
来秋
今時
毎回
道中
毎月
後来
少年
毎夜
夜長
夜半
来夏
今冬
毎秋
先年
明方
近時
近来
元三
元朝
後月
生来
早秋
昼中
長日
当月
当年
白昼
半時
半道
半夜
方今
毎食
毎夕
明年
目今
夜前
夜分
夜毎
朝来
元年
車中
前回
前月
夜来
古来
多年
昼前
本年
小学
大数
日毎
北西
早春
木曜
雨下
時分
本紙
新作
内心
夜間
中間
内外
水曜
父親
年金
道交
金曜
月曜
分野
当夜
公明
今夜
用紙
夜中
社長
合理
半月
今朝
海上
考古
電車
何時
王立
時下
後年
毎時
広場
会場
大方
台数
工高
今日
岩船
名前
書店
町長
学科
会長
手紙
知人
外野
本名
正字
南東
長男
前週
車内
車線
土地
親子
手形
半数
青年
新入
手前
気分
前線
同国
本店
米人
文理
外交
頭数
黒人
時点
科目
社内
会頭
新聞
東方
西南
公社
見方
新書
年内
公休
手足
多角
新米
前半
先頭
友人
紙工
天気
地点
大海
口上
竹刀
円形
下学
家学
歌学
校内
体高
男子
口内
売上
草花
花火
自大
番外
青天
土木
口頭
市上
少子
自画
多色
本線
大公
先入
女声
回船
絵本
中前
原子
白色
日時
家計
元本
光頭
口答
玉子
森林
人生
本書
同店
水門
同町
白紙
中年
雨中
少数
母親
黒字
店頭
大気
同点
国歌
気風
手首
夕食
工学
国花
南西
新車
矢先
古今
原語
国教
父子
作用
町中
生魚
空中
自分
古紙
夜行
角力
書道
地学
親交
立場
白人
白書
小生
内科
船首
回数
天文
本国
右手
歌手
同大
気書
人中
本音
原作
長姉
古寺
地元
長子
高音
音声
古書
正門
名人
用水
下町
同紙
音色
夜目
兄妹
船場
名目
西土
雨風
王室
左記
下方
心理
谷間
高台
空文
南国
手間
男声
同名
草体
声楽
大社
大小
声名
日記
正月
立入
同校
南方
後天
立会
村長
言行
自国
歌人
古人
戸数
上空
生体
内線
黒土
白星
生家
天心
点心
金工
中風
門戸
同左
小父
水道
中火
頭首
台風
電力
野鳥
国道
公海
女王
黄鳥
上白
本石
文明
左上
市道
算数
小社
足首
木地
原点
国王
新星
体外
楽長
古米
台本
画一
日用
前金
大作
同村
文科
上人
大空
見立
大半
白地
立合
秋日
週日
校歌
細大
夜空
金糸
口才
大玉
工科
小鳥
昼間
絵画
大字
大地
気色
弱音
図書
名子
火花
先見
町内
人手
組長
教書
国体
細小
同小
風上
分会
野分
親方
活力
地上
書家
天国
天地
母国
当方
毎戸
行内
字書
水力
風雪
林野
青雲
夜気
後学
光学
水中
頭角
金文
市会
引分
何頭
大火
電線
火山
店内
小店
日計
本番
国字
社寺
赤字
用語
空家
同高
風水
大工
正教
夕日
体力
小石
公理
弱火
前文
計時
見地
合金
社線
水分
電気
歩道
小五
入口
白米
記文
記聞
空気
公知
親米
大金
直中
点前
王国
気力
公用
手口
教頭
交声
心頭
新刀
青空
紙魚
船頭
本船
木星
生後
林間
気道
新内
年数
名刀
名答
原紙
山里
昼食
田園
年上
親書
茶色
長女
出色
目前
家電
出番
正道
先方
頭金
火口
海気
先手
朝市
天上
買気
母校
語頭
中古
後会
公会
秋冬
新秋
道話
空前
晴天
生年
同一
母子
母体
生計
頭上
風船
王朝
後生
自力
数理
大男
町名
内角
北門
目白
岩場
顔色
手話
大台
土台
土中
北東
花形
風土
本心
原形
弱点
日子
小二
右目
山王
子中
生母
店先
白魚
家兄
心耳
新字
数学
白日
家長
口中
小目
土日
土用
同心
公金
口先
黒地
才気
小数
通年
年下
米作
外人
金魚
原人
親中
船台
分子
花鳥
左足
小引
地名
本家
右記
右足
行楽
左下
出目
船上
村立
力学
黒船
時文
書名
海原
空白
高空
黒石
親元
親分
生花
足元
知見
同夕
年頭
夜光
形声
原理
室外
出方
火手
秋気
小人
水星
水生
水声
同形
立方
左目
出先
村人
同工
雨林
口車
国父
川下
夜明
外来
弓矢
早計
朝野
海中
教理
車体
手羽
小男
赤地
草魚
文教
本場
本体
歌声
才子
小母
声門
直間
土手
道行
林道
後方
交点
光点
高点
図画
青春
船長
本朝
夜鳥
姉妹
自体
出前
上体
早見
大雨
道場
里方
上角
大体
下水
火力
社頭
台地
大王
地図
力点
下角
音頭
下風
家元
家風
岩山
耳目
多肉
文名
目頭
里親
活気
岩木
原画
光明
台車
茶室
魚心
字形
小犬
新雪
人前
人足
売出
名作
細切
強風
月間
出足
新春
水色
正金
男色
地理
当社
同気
方言
名車
目当
遠海
高弟
黒星
手中
春雨
先考
店名
入日
文楽
名声
見出
外紙
古楽
山行
山林
水気
生理
天体
目先
小船
外角
公立
茶会
同家
買手
本土
毛虫
人里
足場
大麦
町人
天元
文言
毛色
用字
雨戸
花台
回文
牛歩
口元
手元
女心
船体
足音
谷行
風雨
雨雲
王家
外形
牛肉
首長
小声
小知
土石
名水
野草
引金
女手
食道
先人
大黄
南口
母方
本数
野外
光一
丸太
気心
古手
公道
口火
社名
小麦
色石
人魚
電子
当行
用後
理数
園長
黄道
光来
色弱
心力
水虫
長上
白馬
名門
国交
国名
子女
車外
親友
石頭
早足
竹光
中高
内耳
半生
文語
顔立
夏場
回天
外電
近親
金線
子犬
子分
市外
寺社
時日
自前
車間
心木
新形
親水
赤毛
切花
大目
茶番
毛糸
目上
学園
学力
休園
広原
合間
作出
字体
手引
手本
図上
生水
石門
雪国
道心
南天
肉親
名画
目線
里子
立体
林地
羽車
雨天
王手
画風
学年
間道
気合
近火
古刀
行金
才女
作風
自室
秋水
週番
女中
小道
親王
水草
正方
切線
雪上
雪線
大番
知合
地形
中秋
中門
弟分
天才
当人
同数
道教
日月
風雲
風鳥
羽毛
円上
下番
歌道
火元
学風
教生
金力
月内
原色
広角
秋口
秋風
少雨
人知
水心
星雲
切点
雪雲
前生
早道
早番
地声
長雨
点字
土足
刀工
当校
肉体
馬子
買上
売場
白文
父兄
名字
遠見
下名
家名
科白
回虫
絵図
牛女
強火
形体
語口
車止
小用
色気
星空
正室
赤貝
朝見
道理
読後
読方
番犬
文体
野花
引合
王公
下絵
絵馬
学名
学友
記数
魚肉
近海
工手
国鳥
国力
今生
山場
市電
糸口
社外
週休
上方
色合
色町
食間
新教
正体
赤子
体毛
地力
天空
刀心
半角
北風
明日
目高
引手
王女
黄白
角番
汽船
強弱
強心
月白
古文
後室
光画
校外
行間
山男
子細
弱年
秋空
書作
書中
心火
心太
心友
図星
水牛
晴間
生肉
青書
線形
組子
地気
中形
長夜
長話
通気
冬山
当来
馬番
半休
半弓
番台
聞耳
本校
目玉
里数
左角
空売
元売
立読
引歌
引戸
引数
引船
引力
右近
右左
右文
羽音
羽交
羽虫
羽風
羽目
雨間
雨気
雨空
雨後
雨声
雨足
雲海
雲間
雲気
雲形
雲上
雲水
雲足
雲母
円心
円本
園地
遠音
遠火
遠近
遠国
遠心
遠足
遠道
遠方
遠目
遠矢
遠来
王水
王土
王道
黄玉
黄水
黄体
音字
下火
下戸
下作
下女
下心
下人
下図
下前
下草
下足
下男
下目
何方
夏作
夏山
家作
家数
家父
家母
家門
家来
科人
歌口
歌心
歌切
火玉
火色
火水
火切
花時
花色
花心
花道
画才
画数
会心
会友
回米
海牛
海月
海図
海内
海馬
海風
絵心
外気
外教
外語
外字
外耳
外道
外聞
外米
外用
外力
角書
角通
学兄
学才
学理
楽音
楽市
楽人
楽天
楽土
楽日
活花
活魚
活計
間引
間口
間色
間男
丸首
丸麦
丸本
岩魚
岩室
岩石
岩組
岩頭
気前
弓形
弓手
弓道
弓馬
牛後
牛車
牛刀
牛頭
牛馬
魚子
魚田
魚道
京間
京女
強弓
強国
教場
教父
教本
教門
玉音
玉算
玉糸
玉体
玉歩
玉目
玉門
近間
近国
近目
金円
金気
金言
金口
金高
金字
金地
金頭
金売
金風
空音
空語
空合
空耳
空車
空色
空谷
空地
空茶
空馬
空母
空名
空木
空目
空理
月色
月食
月切
月草
月読
月番
月明
月毛
犬馬
見台
見目
元正
元方
原音
原書
原図
原生
原虫
原麦
原名
原毛
原木
言下
言外
古音
古学
古顔
古記
古形
古語
古色
古体
戸外
戸長
後光
後口
後作
後山
後書
後場
後先
後前
後足
後朝
後目
語形
語原
語手
語草
交番
交友
光風
公魚
口絵
口角
口金
口語
口合
口前
口茶
工合
工数
広間
広口
広前
校風
校本
校友
行火
行学
行手
行頭
行道
行力
高下
高角
高足
高風
高話
合羽
合口
合切
合名
国母
黒雲
黒光
黒竹
黒点
黒米
黒毛
黒目
今上
今風
今方
左近
才力
才六
細引
細雨
細作
細字
細雪
細道
細目
作間
作男
作土
山雨
山気
山犬
山国
山寺
山女
山人
山水
山鳥
山刀
山番
山風
山立
子日
子方
止金
糸車
糸竹
糸目
紙花
紙切
字引
字音
字画
字数
字母
寺子
寺男
時雨
時空
時数
耳金
自今
自門
社日
社風
社友
車引
車馬
車力
弱行
弱国
弱竹
弱虫
手下
手玉
手金
手合
手車
手心
手水
手長
手刀
手風
秋雨
秋月
秋高
秋作
秋色
秋晴
秋草
秋分
出花
出丸
出自
春画
春作
春色
春雪
春分
春本
書画
書風
書目
書林
女気
女工
女色
女人
女竹
小言
小国
小作
小字
小耳
小首
小書
小女
小水
小前
小昼
小弟
小刀
小頭
小半
小名
小力
小話
上絵
上玉
上古
上戸
上作
上紙
上前
上長
上天
上番
上聞
上目
色絵
色女
色男
色道
色目
色里
食通
食肉
食分
心音
心月
心室
新顔
新月
新語
新茶
新店
新道
新来
親玉
親心
親船
親鳥
親日
親木
人海
人才
人山
人声
人頭
人馬
人買
図引
図会
図絵
図学
図工
図体
水引
水雲
水音
水絵
水魚
水玉
水計
水月
水子
水船
水足
水鳥
水天
水母
水木
数行
星合
星図
星夜
晴雨
正数
正中
正風
正目
生紙
生首
生木
声音
声聞
青貝
青玉
青色
青草
青地
青竹
青虫
青馬
青毛
石火
石弓
石工
石高
石女
石組
石竹
赤金
赤紙
赤手
赤心
赤土
赤道
赤本
赤目
赤門
切火
切口
切子
切紙
切首
切水
切石
切先
切地
切売
切米
切目
雪空
雪見
雪原
雪山
雪女
雪男
雪白
先王
先学
先口
先山
先天
川音
川船
川竹
船室
船人
船足
船虫
船内
船方
船用
前科
前言
前古
前書
前場
前足
前門
組下
組歌
組糸
組頭
早口
早耳
早出
早昼
早天
早年
早馬
草画
草月
草原
草市
草色
草分
草本
足形
村雨
村方
村里
多雨
多元
多売
多聞
多毛
太字
太線
体言
台形
台場
大円
大弓
大戸
大足
大通
男気
男工
男手
男心
知音
知行
知友
知力
地引
地雨
地歌
地顔
地金
地口
地紙
地色
地虫
地頭
地番
地文
地米
地歩
地目
池心
竹工
竹紙
竹馬
茶園
茶気
茶人
茶店
茶入
茶話
中音
中休
中空
中口
中黒
中子
中手
中食
中天
中点
中肉
昼顔
昼夜
虫気
朝顔
町場
町歩
町方
長円
長音
長歌
長月
長手
長足
長虫
長刀
長道
長文
鳥人
鳥目
直音
直会
直心
直弟
直門
通言
通番
通風
通力
天火
天顔
天金
天子
天女
天人
天水
天日
天馬
天分
天目
天来
店子
点画
点線
点茶
田楽
田作
田虫
電算
電場
電文
土間
土気
土語
土工
土色
土人
土星
冬空
冬作
冬場
冬草
冬日
冬木
東雲
東歌
東口
東国
東男
東天
東風
当家
当字
当店
頭字
同色
同人
同母
同門
同友
道火
道人
道草
読会
読手
読人
読本
内記
内金
内高
内室
南画
肉牛
肉交
肉色
肉声
肉池
肉入
日切
日歩
入海
入子
入声
入船
入道
入内
入目
年子
年弱
馬市
馬車
馬手
馬草
馬頭
馬肉
馬方
馬力
売口
売国
売子
売手
売女
売色
売人
売声
売文
売名
売立
白羽
白雨
白雲
白玉
白金
白糸
白首
白線
白太
白茶
白目
白話
麦雨
麦角
麦作
麦秋
麦茶
半円
半音
半玉
半金
半作
半紙
半切
半天
半白
半文
番茶
番長
番頭
父上
父方
風花
風気
風教
風月
風見
風光
風色
風声
風前
風草
風足
風体
風力
分校
分室
分数
分母
分力
文金
文月
文才
文色
文中
文鳥
文頭
聞書
米語
歩数
母音
母語
母上
母線
母船
方円
方図
北画
本科
本歌
本丸
本字
本寺
本草
名家
名花
名月
名犬
名言
名工
名山
名親
名数
名店
名馬
名木
明王
明春
明色
明太
明朝
明夜
木魚
木石
木刀
木目
木立
目角
目顔
目元
目色
目星
門火
門口
門人
門生
門地
門弟
夜会
夜学
夜顔
夜船
夜昼
夜直
夜店
夜道
夜番
野牛
野犬
野山
野人
野点
野道
野立
矢玉
矢車
矢場
矢声
矢文
矢来
友引
夕空
夕晴
夕立
用金
用言
用足
用木
来光
来書
来電
理外
理知
里心
里人
立引
立秋
立春
立番
立米
立毛
力車
力水
力足
林学
話頭
足長
細魚
外方
雨魚
火魚
科木
黄牛
星目
火入
花合
花立
画引
海鳴
絵合
気休
気組
木組
空店
見切
後引
山止
糸入
紙入
船歌
船形
書手
小当
食気
心組
心入
人通
石作
切戸
船玉
早船
中売
朝立
目交
切字
夕星
夜鳴
夜立
夜歩
目明
目切
歩引
分引
風切
買方
日読
内方
図形
前立
鳥肉
火星
画会
画工
気体
牛耳
近古
近東
空言
兄子
兄人
見分
後家
後人
後図
公人
公方
口書
行書
行文
国元
国原
国手
国電
国歩
才知
子音
紙子
社中
社用
手工
秋思
書生
女体
生糸
西国
西北
雪間
川中
線画
前人
組立
草書
体用
台下
台子
大船
大入
朝夕
長兄
長石
直近
直方
天外
天工
天道
電光
読点
日長
入方
分社
本道
目地
野天
矢立
理工
丸公
子鳥
冬子
金入
口止
羽子
外線
外地
間合
金時
才人
時人
出船
上水
心学
水明
正出
前頭
体長
茶道
中気
弟妹
天朝
電池
刀自
白夜
方角
本手
本立
毛羽
夜色
野心
空手
戸車
行人
自公
小米
早生
同上
内地
白下
方体
本元
力作
雨夜
歌合
歌体
学外
空電
公算
公電
校門
行場
国書
出合
小歌
心土
新本
水線
正本
切羽
通人
木耳
門下
門外
野火
来車
組方
画室
元高
原本
戸前
光子
小春
心算
新木
体内
大知
長計
文台
明月
明知
口数
小夜
内聞
文人
方形
本学
見本
公国
女形
多少
台木
電工
日出
原文
社交
人出
水車
数多
生国
赤口
足下
天草
内入
風下
名園
立冬
玉虫
国学
国風
山色
場数
日夜
明星
夜食
水貝
夏休
原石
会下
細線
春秋
場外
男前
通草
白光
木通
海草
小手
村会
火線
合方
車道
店長
日直
夕顔
海国
算木
通語
同中
回春
海鳥
後金
月見
月光
前作
点火
文目
名手
上声
心気
大名
日食
日新
下線
強電
戸口
新古
中入
天声
角形
丸木
市子
小雨
西風
台紙
大姉
中耳
同音
同番
国外
時鳥
小町
上家
水先
生色
大水
天王
田地
本文
角地
才色
人家
当山
道歌
小三
月来
社人
手先
親電
内国
歩合
立夏
火矢
回教
地場
鳴戸
原頭
太山
点数
米食
今体
木工
黄色
楽園
山子
目見
立地
行先
国光
山海
西人
名文
名聞
名分
左手
子弟
作中
手数
上町
多生
小雪
直線
理科
国文
社家
人外
中外
語数
同山
本通
見場
聞方
目方
語気
耳元
上記
早手
天理
小中
水火
公家
大鳥
道内
糸引
聞手
大雪
町家
用人
山家
新体
大白
家中
高三
月下
車台
先番
番人
金元
地中
白子
画家
国大
西方
道家
口気
歌会
帰心
出会
色紙
早場
朝家
日光
木馬
立国
立木
明後
中三
角行
形木
家内
村社
天明
白頭
父母
言文
古里
谷地
活字
山手
風車
金目
小才
石室
楽車
人台
教学
同文
園内
直人
声色
線上
西日
道学
汽車
新前
金色
元手
人後
人語
出水
後記
工船
体形
玉石
黄土
海星
春風
年強
右角
園生
黒白
人力
光線
公子
気先
高地
太白
首足
春光
草木
体計
大兄
大計
地下
頭目
南風
食後
正文
朝会
教科
自火
歌書
自家
天下
生気
鳴子
線分
小間
前車
人道
正気
室内
見番
後手
大京
赤色
後夜
日当
年女
同書
近作
元金
南北
朝間
家人
新地
前方
多目
大刀
新手
雨水
心地
空自
国語
人心
人文
夜話
町会
室町
本会
弱電
黄門
花月
本金
日数
近体
室長
小火
力紙
金星
当会
海女
海人
明文
書体
太子
当地
明間
年男
東西
花園
早月
毛見
校生
数回
売店
出店
月数
曜日
入会
本分
小金
北国
食用
山間
直前
山車
何分
強記
生地
上下
大声
来春
下記
火気
同線
米麦
門前
海水
月日
同体
元首
学内
当市
外車
生音
同学
南海
同前
右前
歌話
王子
東海
音大
行年
理学
山道
工大
親父
年会
強力
地合
頭分
新生
高年
同地
語学
週内
海道
朝食
多国
金石
数社
年月
黒色
毎年
東南
東北
人体
米紙
左前
野手
外見
市中
新風
人目
人名
黄金
本当
人形
何人
場内
日夕
兄弟
文書
出場
同時
自社
中日
言語
右下
国人
切手
右上
少女
大手
前日
工場
大人
文字
男女
人気
時間
高教
女子
日間
会社
地内
月夜
形見
黒子
回線
草紙
草子
太刀
年間
日中
年生
中国
人組
週間
時計
番目
分間
回分
回生
番線
番手
海里
人月
番地
分木
光年
分目
市内
時半