野球
国立
事業
開発
高級
研究
病院
学習
運転
大会
学会
高校
今後
中央
平和
工業
市立
発足
代表
行方
発見
勝負
都市
進出
発起
学校
同様
県内
高等
平等
決定
出血
教育
文化
同日
科学
出発
会合
委員
消火
市場
元気
早急
公式
分化
生活
国家
自由
組合
計算
取引
交流
半年
転落
工事
下車
家族
大事
放送
動物
作業
大切
外国
流出
前年
音楽
公正
安全
番号
同期
入場
本部
会談
時代
通用
対立
小売
上手
中心
計画
強化
会員
通商
会計
向上
多数
開会
声明
出向
当時
帰館
考究
会見
発表
思考
指向
所有
県立
決算
対話
来日
合作
使用
整形
対校
文学
画定
行使
配流
合同
今回
市長
中立
電話
出馬
活動
帰港
交感
記名
開院
帰国
起工
全国
注進
来年
進行
今年
定着
帰化
教会
反発
先取
帰社
正直
公平
送球
他界
開放
中止
通算
相談
所期
高談
注意
調整
悪化
直後
記者
登山
開場
先発
消化
計上
台頭
有力
対局
終業
配分
味気
転身
転進
意見
合意
見当
面目
発生
放校
味方
平行
正答
投球
高調
対当
投書
集会
仕方
大勝
発言
見物
集中
先行
帰農
左右
発売
心配
放心
放神
入定
通学
頭書
出生
病気
歩行
帰来
本意
同車
代行
先日
想見
登院
指定
中小
飲酒
行列
地区
表明
北上
談合
合点
少考
消光
後送
指名
回答
近代
負荷
同市
運用
開館
感光
登板
国会
対面
読書
大学
流通
動転
調理
開港
客死
整体
入学
進入
同意
校正
算出
出港
注目
兄事
明答
起動
内定
下野
公表
待命
転乗
同感
気化
上場
長生
転記
同調
化石
強行
回転
手写
着工
生動
多食
転化
売買
下山
切開
先後
早世
決着
都内
分筆
起用
炭化
発電
公売
教化
行動
注文
開校
出火
新調
点頭
下放
用心
下宿
土着
開始
手配
通知
発行
生息
対決
面会
急死
想起
着手
通話
感動
対談
配線
由来
下落
配車
午後
放鳥
工作
出品
着服
期待
所持
大書
予定
回帰
起業
公転
心中
大同
商売
食事
休電
作歌
自記
実見
着目
入手
転地
発注
命名
休館
自乗
投合
進上
追究
登場
南下
入館
明記
電送
動作
入金
配当
発着
流用
期間
出荷
対顔
入院
発声
自首
想定
飲食
文通
野生
旅行
安定
合計
全勝
調和
電化
電荷
暗算
外出
強調
前進
転用
発病
放歌
放火
横行
外食
自書
出土
同定
買物
筆写
分界
分配
会商
開店
楽勝
休止
交代
自重
登記
答申
内用
配列
記帳
作曲
入線
花見
帰朝
出力
着用
直下
配水
配転
助命
多作
多発
同行
入所
発動
北面
下見
化合
書写
西下
直行
表記
荷電
開花
公言
工面
広言
高言
算入
親近
先勝
直面
登校
入力
風化
勉強
洋行
活発
詩作
実用
集線
進歩
南進
入門
配向
配本
発想
美化
返上
用意
陽気
乗入
会食
開通
自立
親和
代休
定住
投入
同乗
入園
入村
筆答
野合
来集
引受
下命
休業
自足
集金
整理
西遊
先着
直感
通夜
投薬
肉食
配合
発音
予知
家出
開化
曲言
合算
合図
作文
算定
仕事
手品
集計
宿題
商談
植字
船出
打算
直上
直流
東上
入植
発車
物色
放言
面談
悪用
運行
開局
学問
記入
休息
急落
究明
空想
軽食
言明
校合
合宿
死去
耳語
自白
実写
集合
助長
植林
進化
全開
草食
大病
着岸
注水
注力
転回
転学
転業
転出
投身
投石
東進
内助
内申
入北
配色
配電
売春
分列
返金
明言
来店
立食
流会
練習
遠出
海食
開平
開門
開立
感電
間食
帰休
帰京
帰着
休学
休部
急進
具申
空転
決意
決心
交合
交通
口外
行持
行商
写生
重用
出国
出題
助走
乗車
深化
神化
進水
生育
赤面
先決
着想
注入
調教
調合
調味
直交
通院
入局
発走
発送
反命
筆記
筆談
服用
返品
野宿
来館
来朝
林立
下書
安住
安着
暗記
暗合
暗転
育毛
引火
引決
引見
引算
引当
引用
飲用
運開
運休
運算
雲集
遠泳
横死
横転
音読
下向
下校
下乗
下船
下問
化育
火食
火定
荷受
回向
回心
回申
回遊
回礼
開園
開帳
開板
外切
外注
外遊
活写
活着
感化
感知
感服
間作
帰一
帰服
起筆
起立
休会
休心
休神
急送
急追
急転
去来
強直
教練
近着
近道
金打
苦学
具有
決起
決行
血書
犬死
元服
言上
交遊
公有
口受
合本
合流
細分
作図
作動
作表
使役
始業
始動
指図
止血
止宿
死守
自学
自活
自決
自負
自問
実習
写植
弱化
手記
受業
受光
受注
受電
受配
受用
終息
習合
習練
集荷
集配
重合
重出
宿直
出庫
出社
出炭
出頭
出動
出立
書見
助力
消音
消去
上書
上申
上船
上木
乗算
乗船
乗馬
植毛
食言
心服
真読
進言
進発
水泳
水書
水食
整合
整流
整列
赤化
切死
前記
前売
全休
全通
早死
早着
送金
送出
送水
送配
送風
送話
足算
速記
速決
速写
速答
族生
他言
他出
多言
多読
打電
代決
代言
代読
代入
代筆
大食
大息
着火
着荷
着金
着水
着船
着地
着電
着筆
注油
朝礼
調薬
調練
長考
長持
直書
直進
直送
直談
直通
直答
直読
直売
直立
直話
追考
追想
追放
通園
通読
通分
天引
店番
転写
転住
転宿
転送
転読
転売
投写
投宿
投出
当直
答電
答礼
同室
同宿
同着
同道
同流
道楽
読図
内向
内切
内談
内通
内命
南面
入荷
入京
入庫
入室
入朝
入電
入湯
入部
馬食
配員
白黒
発育
発火
発色
発心
発進
発赤
発明
発問
反転
反目
反問
反落
板書
美食
筆算
表出
表白
風食
風発
風聞
分家
分光
分合
分宿
分乗
分水
分地
分売
分有
分立
分流
聞知
平分
返送
返答
返本
返礼
勉学
放下
放出
放水
放流
味見
味読
鳴動
目算
目送
目礼
門出
門番
遊泳
遊学
遊行
予感
予見
予言
予習
用談
陽転
来院
来会
来校
来所
来場
来談
来着
来遊
落下
落球
落後
落手
落石
落第
落着
落馬
落筆
落命
立言
立売
流転
流入
力泳
力走
列記
列立
和楽
和合
下取
気晴
気落
局止
山登
仕送
手分
深入
面語
入山
温服
発船
発根
表書
打水
分服
下知
帰投
合一
細工
作詩
受理
送波
着意
着色
転向
買春
立見
山分
苦行
細書
算用
指南
走行
大言
注記
転調
発出
立身
流下
両分
両用
仕分
表決
意図
苦手
空発
水死
出家
着生
服薬
平日
本有
帰山
起算
見合
手交
親祭
定植
平定
火中
実感
社会
受命
終止
相乗
投下
公定
中和
開国
通計
回想
係船
代作
転校
入国
放談
意味
回送
見学
進学
直言
入港
入行
発光
発向
安神
行水
入校
主流
消長
植皮
服役
自習
部分
自生
東道
開所
交配
使送
実行
転生
転入
終決
調進
半分
返事
研学
切言
定立
等化
問答
下馬
仕度
小計
登用
放電
理会
休校
内服
来社
会読
回読
分業
行幸
生長
代書
予期
羽化
強大
南中
急行
後見
教習
同年
生食
後進
高進
公開
作画
終日
通交
送受
安息
会館
出世
分村
上気
内分
出金
同船
配送
苦心
皮肉
出入
追記
用船
出走
命中
送電
後半
打開
銀行
行来
進級
発会
同化
対等
合力
予想
会同
感心
教室
整地
起草
正当
立話
生新
開業
両立
入水
町立
人口
強打
病死
気楽
親切
急速
回国
感受
手当
遊歩
通電
前後
上等
運動
細心
上京
活用
業者
会話
人数
整美
手書
対生
海岸
高遠
生起
正式
談話
休場
力行
区画
当番
来島
悪口
作家
幸福
丁重
声高
他人
深長
人間
多用
代理
真当
直筆
出仕
多幸
強気
内野
分明
深切
上品
前夜
有用
気軽
地味
中元
手軽
度外
首相
小体
短気
下等
軽少
長命
着実
合体
美味
国内
見事
高度
心外
真黒
身近
病弱
明白
有意
火急
気弱
古風
高名
小心
真直
真白
水平
正業
切実
全体
多才
多大
短小
地道
内気
平明
安楽
安気
安直
暗弱
遠大
横着
横長
横様
温和
下品
花車
荷重
間遠
間近
気重
気早
気短
気長
強引
軽度
見高
口重
口早
口速
高直
黒山
自明
弱小
弱体
手近
手短
重体
重度
助平
勝気
小食
小味
少食
色白
新式
深遠
真暗
真丸
真青
真赤
神速
親身
身軽
先安
先高
足早
足速
速急
多事
多病
多様
大形
大童
大味
大様
大力
短目
直角
鉄火
肉細
肉太
入用
半間
皮相
分外
文弱
平板
本式
明細
目深
目茶
乗気
口軽
身重
多感
茶目
有体
流石
全一
内福
流動
小形
実直
大国
横風
年少
安手
当面
大風
知名
当日
中正
書記
深夜
中学
指教
正大
相反
当用
有名
家庭
見聞
行進
生直
動員
幸運
身体
方正
年長
小口
通行
番組
品目
空間
運送
代用
先生
出来
真正
国土
有数
毎日
今週
自作
広大
緑化
高大
助言
歯科
用地
計数
定数
太平
下期
足弱
耳鼻
外科
地方
洋風
夕方
長大
午前
安心
正午
左様
弱気
平方
日曜
海外
土曜
入社
重大
弟子
公園
鉄道
南部
平気
休日
学生
紙上
下手
目下
半日
同月
同夜
当代
中部
言葉
外相
路線
新年
部門
社員
今月
本社
本気
人工
住所
高速
先週
空路
早朝
医科
平年
校長
部落
先月
作品
食前
相対
分科
多分
北方
本人
少時
太古
区分
学長
新人
本来
本日
植物
今度
長年
後日
次回
客冬
場合
近日
生前
打点
入来
事実
平安
年中
対外
意外
数字
終年
化学
今秋
当分
来月
町村
山上
来週
両日
火曜
今夏
今春
春先
大口
毎朝
反面
年来
当今
先夜
朝方
同社
毎週
投手
今夕
近年
来秋
今時
毎回
冬期
道中
毎月
後来
死者
少年
毎夜
夜長
夜半
来夏
今冬
大昔
西部
全部
毎秋
先年
方面
明方
寒中
客月
去月
去春
去年
近時
近来
月央
元三
元朝
後月
今次
終夜
真昼
生来
昔時
早秋
他日
中葉
昼中
長日
当月
当年
白昼
半時
半道
半夜
平生
方今
毎期
毎号
毎次
毎食
毎度
毎夕
明年
目今
夜前
夜分
夜毎
朝来
元年
車中
真夏
前回
前月
他年
夜来
古来
多年
当世
昼前
本年
前期
全員
他面
向後
始終
重力
小学
大数
日毎
病後
終世
終生
中期
北西
和平
早春
帰路
両度
木曜
雨下
時分
当期
本紙
新作
内心
上部
先度
夜間
中間
内外
水曜
物語
内実
場所
父親
年金
道交
金曜
月曜
分野
当夜
公明
今夜
半島
同等
用紙
長期
夜中
局面
社長
合理
半月
今朝
海上
考古
主人
役場
真冬
客年
電車
何時
王立
当局
時下
後年
毎時
広場
列車
両親
後世
会場
大方
区内
台数
工高
今期
今日
岩船
名前
相場
毎秒
水田
商工
書店
町長
学科
会長
手紙
知人
数等
外野
本名
食品
死後
正字
全日
商社
代金
山地
商品
南東
長男
前週
打数
全面
漢才
大根
車内
相手
大木
車線
商店
土地
海洋
親子
手形
半数
青年
勝者
火事
新入
港口
先物
手前
世代
医学
気分
前線
方向
同国
大使
本店
学界
区立
世界
息子
米人
文理
何者
方式
外交
頭数
黒人
時点
薬局
祭礼
科目
人物
社内
首都
後期
長調
会頭
新聞
東方
西南
記事
公社
見方
部長
新書
年内
後宮
公休
薬理
国対
手足
新薬
教員
上級
多角
地球
起原
新米
前半
先頭
表面
用品
生命
後事
公事
高次
向学
友人
紙工
天気
山中
地点
大海
外山
口上
竹刀
円形
業界
主食
下学
家学
歌学
校内
次代
体高
実業
男子
口内
根元
船橋
売上
詩人
取次
草花
北部
花火
楽界
自大
元号
主題
商船
番外
青天
農家
列国
形式
同和
内部
年始
次期
土木
客員
口頭
市上
事大
少子
自画
多色
本線
役者
短長
和漢
対向
大公
集魚
先入
女声
回船
定年
駅前
道路
返歌
新館
絵本
中前
当主
見世
原子
動力
反対
画面
短歌
白色
日時
西口
家計
医員
元本
光頭
口答
役員
玉子
森林
人生
大物
本書
題目
同店
医院
水門
同町
白紙
中年
雨中
少数
母親
界線
黒字
店頭
頭部
南都
目指
大和
大気
指事
同点
国歌
下部
気風
実家
手首
開口
夕食
主体
工学
国花
内相
重文
南西
理事
新車
矢先
水口
雨期
古今
山田
板金
公館
向寒
作物
原語
国教
父子
作用
町中
子宮
生魚
空中
自分
海員
古紙
古詩
助役
都立
夜行
教委
受苦
真上
医大
角力
高根
同業
物理
古代
書道
人員
前面
地学
半期
列石
時事
深交
親交
立場
書面
白人
白書
医家
小生
打線
内科
両手
船首
早期
化生
回数
天文
助手
本国
右手
歌手
紙帳
正面
家具
同大
気書
人中
台所
本音
根本
神体
大島
打者
店員
原作
中道
動向
意思
商人
長姉
学者
古寺
先進
地元
長子
高音
部品
葉書
音声
国界
寒心
古書
正門
本館
名人
平話
大屋
用水
下町
同紙
安打
音色
暑気
始球
夜目
橋台
大川
当事
兄妹
船場
日向
名目
予算
仕様
西土
雨風
子葉
板目
王室
左記
温水
下方
電流
医者
心理
内面
漢語
谷間
高台
空文
大豆
南国
手間
男声
同名
山村
草体
文章
重点
声楽
大社
大小
語路
声名
日記
下地
公安
正月
谷口
横道
次男
小物
立入
階上
上流
屋上
主力
同校
南方
命題
会期
後天
半面
来客
立会
村長
新家
同所
王者
言行
自国
都度
旅館
歌人
古人
戸数
上空
主筆
生体
内線
黒土
都下
白星
歌集
神酒
地主
詩形
書物
生家
天心
天真
点心
反日
金工
消夏
西進
商家
商科
全力
中風
大寒
門戸
実力
旅先
同左
小父
水道
先登
短大
中火
係長
水深
車両
他国
頭首
春日
対岸
台風
島内
電力
野鳥
自主
他行
薬物
和気
組員
局員
国道
自転
悲歌
皮下
公海
出身
新宮
等級
女王
薬湯
漢詩
使者
体育
黄鳥
上白
本石
外商
指数
正木
文明
家事
漢方
和食
下味
定時
品番
左上
市道
農業
部会
風味
県花
算数
小社
足首
木地
原点
国王
紙面
自助
新星
体外
楽長
期日
球場
古米
次女
真実
台本
都会
様子
後者
上意
理想
画一
小事
神人
日用
海路
前金
大作
真相
当所
駅名
下流
全校
同村
文科
本物
上人
場面
数次
大空
中等
見立
身元
大半
同区
白地
立合
秋日
週日
真人
全港
年次
顔面
楽曲
正負
同港
道者
分館
校歌
細大
山下
死球
主役
大道
反古
夜空
漢字
金糸
口才
所天
大玉
調書
工科
小鳥
小品
昼間
筆者
回路
絵画
古都
大字
大地
題字
知歯
気色
行事
弱音
図書
東洋
名子
様式
火花
神道
身上
先見
町内
家屋
寒気
商学
人手
組長
開村
教書
国体
細小
中身
同小
風上
分会
野分
親方
地神
活力
次長
地上
土橋
館長
苦味
書家
正客
天国
天地
母国
木戸
洋紙
当方
文相
毎戸
名所
曲面
行内
字書
水力
風雪
林野
古川
商港
上着
青雲
着物
夜気
流星
和室
気持
後学
光学
終着
水中
全線
頭角
薬事
金文
市会
上使
身長
両面
引分
何頭
学級
宮家
校章
大火
電線
有向
火山
高原
死生
石神
店内
都県
小店
親族
日計
横顔
西岸
風速
本号
役人
後部
女流
代数
本番
国字
社寺
新橋
赤字
柱頭
用語
客室
空家
同高
風水
理由
寒風
苦寒
詩話
世事
大工
同相
植木
正教
夕日
神社
体力
名曲
記号
県道
小指
小石
童話
旅人
光速
公理
国定
弱火
前文
計時
見地
原発
合金
社線
水分
太陽
王様
社主
電気
病室
歩道
木場
小五
短期
入口
白米
屋内
君主
小者
深雪
神明
前列
有人
記文
記聞
空気
公知
親米
身内
大金
直中
点前
両国
王国
海運
気力
客船
公用
手口
石橋
他馬
文様
教頭
交声
手帳
心頭
新刀
両社
外向
外港
近所
原油
公使
事前
生死
青空
北洋
両方
医局
紙魚
船頭
本船
木星
空身
神田
生後
中研
丁年
発作
役目
林間
気道
新内
深林
年数
名刀
名答
有色
家集
元始
原紙
原詩
山里
小暑
消暑
船員
昼食
田園
年上
羊水
新緑
真書
親書
前庭
茶色
長女
直球
具体
出色
商号
追手
鉄工
童詩
美女
目前
家電
金具
死神
時化
主計
出番
正道
先方
頭金
本業
名物
火口
海気
酒場
先手
前歯
速度
短調
朝市
天上
買気
母校
洋品
語頭
公庫
秋波
所由
中古
中流
転帰
話題
楽屋
金物
後会
公会
酒色
酒食
秋冬
乗員
新秋
神州
道話
両院
横車
横笛
空前
神米
晴天
生年
先代
同一
同館
文筆
母子
母体
様相
曲目
山神
首題
生計
頭上
年歯
白鳥
風船
両者
王朝
後生
自力
小川
数理
他家
大男
町名
内角
北門
目白
王宮
岩場
顔色
時速
手話
神事
大台
中級
土台
土中
北東
花形
海面
近世
深海
都心
配点
風土
本心
化工
原形
古着
式場
弱点
人身
正味
青木
天漢
日子
両船
小二
右目
金鉄
山王
子中
生母
店先
日次
波間
白魚
緑地
家兄
学期
使命
心耳
新字
人世
数学
全店
他者
体重
通事
白日
病者
家長
古屋
後葉
光陽
口中
春宮
小目
心事
神話
対物
土日
土用
同心
筆頭
広葉
医道
曲者
公金
口先
黒地
才気
小委
小数
身方
前身
通年
年下
米作
外人
金魚
原人
指命
死命
実科
親中
船台
全身
対内
分子
文面
何事
花鳥
開明
工員
左足
歯車
写実
小引
真先
神木
全長
地名
長所
頭皮
本家
葉色
右記
右足
歌曲
行楽
左下
出目
所長
女神
船上
村立
配下
病人
薬方
力学
火薬
黒船
時文
書名
竹林
有線
屋号
音曲
海原
気配
空白
高空
黒石
習作
親元
親分
生花
青葉
足元
知見
同夕
童形
年頭
農村
美人
夜光
形声
原理
時短
室外
出方
身分
農場
平屋
路面
火手
火酒
階数
外部
気息
近県
高温
死角
秋期
秋気
小人
小池
水星
水生
水声
線路
同形
立方
悪声
外界
活路
左目
住人
出先
数列
村人
代打
転院
同工
風物
本局
雨林
温室
荷物
具合
口車
国父
主知
真顔
世子
川下
地面
農薬
路上
夜明
外来
弓矢
作意
小豆
真心
全形
早計
体面
代地
朝野
文物
薬品
海中
教理
曲線
決勝
車体
手羽
小男
新都
神前
赤地
川岸
草魚
大暑
農相
文教
本場
本体
歌声
期首
急所
才子
次子
小曲
小使
小母
新品
声門
大所
直間
定休
天宮
土手
道行
薬味
林道
下面
後方
交点
光点
高点
酒手
神様
図画
青春
船長
他方
美風
部下
本朝
夜鳥
急談
急電
金品
姉妹
自体
受入
終期
出前
助字
上体
早見
他校
大雨
男物
定員
道場
毛根
里方
上角
大体
下水
火力
階級
社頭
重油
全曲
全文
台地
大王
地図
丁字
年号
力点
下角
横丁
音頭
下風
家元
家風
岩山
教主
行員
耳目
取組
新曲
多肉
大局
大葉
都銀
等号
文名
目頭
有半
里親
手指
医長
海港
活気
岩木
気品
客足
原画
光明
高見
祭式
身命
台車
茶室
美顔
陽光
下着
角度
急流
魚心
幸先
詩家
詩歌
詩学
歯学
字形
小玉
小犬
新雪
人前
人足
売出
病名
文庫
本命
名作
細切
悪女
駅員
客地
級友
強風
業主
月間
黒板
市有
出足
上面
新春
水色
正金
組曲
男色
地理
当社
同気
童心
内局
方言
本流
名車
和風
目当
悪日
遠海
屋外
夏物
曲名
銀色
高弟
黒星
細見
手中
終点
春雨
申立
親指
先考
他所
台帳
店名
入日
反感
文楽
名声
薬用
用事
見出
悪玉
横町
屋根
外紙
局部
古楽
山行
山林
寺院
主意
水気
生理
天体
島田
白丁
本島
目先
有事
夕陽
和服
小船
悪役
王族
階下
外角
気運
軽重
軽油
公立
校庭
取消
首級
所員
水屋
正使
題名
茶会
同家
買手
歩調
本土
毛虫
遊子
遊糸
強度
原野
後味
詩書
事後
主祭
真空
神都
人里
足場
大麦
町人
長流
天元
白球
文言
毛色
用字
両人
雨戸
運命
花台
回文
牛歩
県下
口元
細君
主薬
手元
暑中
女心
船体
足音
谷行
鉄人
都合
頭取
風雨
木具
雨雲
横糸
王家
外形
牛肉
空調
子役
実車
首長
所用
勝地
小乗
小声
小知
小島
水着
石炭
全館
大皿
中味
土石
本箱
名水
野草
洋式
路地
子取
歯切
引金
引鉄
回章
学究
局番
金庫
口笛
仕丁
実体
実定
女手
食道
世間
整式
先人
多客
大黄
等角
道具
南口
風神
母方
本屋
本数
野外
洋酒
列島
光一
表着
王事
温度
丸太
気心
急使
係員
古手
公道
口火
実父
写字
社名
小麦
上役
色石
人魚
図式
水流
全土
大安
電子
当行
同族
鼻歌
病苦
油絵
洋語
洋上
用後
理数
園長
黄道
音階
荷台
海流
原題
後発
光来
始原
実話
色弱
心力
真理
神風
水虫
線区
全会
相者
長上
湯船
入級
白馬
物流
文集
名門
洋服
両校
委曲
家業
感想
気温
局地
原由
口調
国交
国名
根気
子女
実子
車外
主神
受取
女坂
商用
新開
真草
神階
親友
石柱
石頭
早足
竹光
中高
朝命
転作
内耳
肉感
半生
文具
文語
本港
門葉
有休
遊休
用具
顔立
酒神
駅長
夏場
回天
外電
外様
学業
近親
金線
形勝
子犬
子分
市外
寺社
時日
自前
実物
実名
車間
車列
心木
新形
親水
青豆
赤毛
切花
大命
大目
茶柱
茶番
通期
通所
庭園
鉄路
天命
動意
同根
買取
箱屋
美酒
部外
母港
毛糸
目上
矢板
油田
有生
遊星
洋弓
陽子
礼金
飲物
家路
界面
学園
学力
漢学
休園
口実
広原
合間
細身
作出
死力
字体
手引
手本
助員
商業
神国
図上
生水
石門
雪国
打球
短刀
男根
男坂
定形
定番
鉄板
土物
道心
南天
肉親
麦酒
反動
氷山
名画
面相
目線
里子
立体
林地
羽車
雨天
王手
歌業
画風
学年
間道
気合
球形
近火
古刀
行金
才女
作風
詩集
持家
自室
主調
秋水
週番
所定
女中
商事
小道
食味
申入
親王
水草
晴着
正方
切線
雪上
雪線
先客
大度
大番
知合
地形
地表
中秋
中門
弟分
天才
天使
湯気
当人
同数
道教
日月
病原
風雲
風鳥
名医
名勝
両紙
両様
路次
悪意
意力
羽毛
円上
下番
家相
歌道
火元
学風
楽章
寒天
急場
教生
金力
苦楽
苦言
月内
原色
広角
作者
紙屋
字面
実兄
実姉
車庫
手動
秋口
秋風
終身
宿命
女物
小農
少雨
身根
人知
水球
水心
星雲
切点
雪雲
船旅
前章
前生
早道
早番
代役
大祭
知命
地声
虫歯
長雨
点字
電波
登高
土足
土筆
刀工
当校
等外
等身
肉体
馬子
買上
売場
白文
鼻先
表音
父兄
物事
返書
名字
洋楽
洋書
和文
歯止
悪友
安物
右岸
運気
遠見
下級
下名
家名
科白
回虫
絵図
学童
漢和
客気
急足
牛女
強火
金銀
区切
形体
語口
工具
行路
祭具
死線
持味
時流
実年
車止
主文
取水
集客
春期
春物
所思
小用
乗客
色気
色調
神童
神品
世相
星空
正室
昔話
赤貝
全局
全馬
打切
地酒
朝見
長旅
通路
庭球
鉄柱
度合
動画
道理
読後
読方
年配
農林
番犬
氷原
表土
文体
返球
本題
野花
両家
悪習
引合
王公
下絵
画集
絵馬
絵筆
開運
学名
学友
寒村
記数
魚肉
近海
金持
苦虫
月面
元物
原物
古式
公主
工手
号外
合板
国庫
国鳥
国力
黒酒
今生
山場
子息
市電
糸口
持主
持前
次兄
自発
実弟
実母
社屋
社外
社業
主動
取調
拾物
週休
集名
所行
上方
乗物
色合
色町
食間
新教
図表
正体
赤子
多面
体毛
地力
追風
定温
天空
刀心
刀身
等親
波長
買主
半角
反間
板前
悲話
美学
鼻息
秒速
部局
部数
物体
平温
北岸
北風
明日
目高
予科
洋名
流行
列強
物指
後向
光物
根引
旅立
意表
引手
王女
黄白
火消
回流
絵具
外事
外洋
角番
学区
寒空
漢文
間者
館主
汽船
球速
究理
強弱
強心
曲想
血道
月白
犬歯
県会
見所
原級
古文
後室
光画
校外
港外
行間
山男
山羊
子細
子羊
死本
詩才
自筆
社命
弱年
弱味
受持
秋空
重陽
所作
書作
書中
小身
乗組
心火
心太
心友
新酒
真中
神歌
神火
神橋
神馬
進取
進路
図星
水運
水牛
星章
晴間
生肉
青書
線形
前世
全階
全知
組子
草取
速足
速歩
他聞
短詩
短命
地気
地平
中形
朝練
長物
長夜
長話
通気
定見
庭木
電動
冬山
当来
道化
読者
南洋
年商
農具
農道
馬番
半休
半弓
反歌
番台
悲引
美感
美声
鼻血
表意
表題
負号
福音
聞耳
本校
名実
毛筆
目玉
野羊
有理
遊里
洋画
洋間
洋食
里数
流血
両行
力動
和算
左角
空売
元売
心待
立読
悪運
悪寒
悪漢
悪気
悪業
悪形
悪血
悪才
悪者
悪手
悪所
悪書
悪場
悪食
悪心
悪神
悪人
悪相
悪童
悪道
悪筆
悪病
悪風
悪文
悪様
安宿
暗雲
暗君
暗号
暗黒
暗室
暗主
暗色
暗線
暗箱
暗部
暗夜
暗流
委細
意中
医界
医業
医書
育休
員外
引歌
引戸
引数
引船
引物
引力
飲屋
飲助
飲水
飲代
飲茶
院外
院号
院主
右近
右左
右筆
右文
羽音
羽交
羽虫
羽風
羽目
雨間
雨気
雨具
雨空
雨後
雨声
雨足
雨皮
雨氷
運上
運筆
雲海
雲間
雲気
雲級
雲形
雲助
雲上
雲水
雲足
雲表
雲母
雲路
泳者
駅手
駅頭
駅路
円心
円柱
円本
園地
園丁
遠音
遠火
遠近
遠国
遠山
遠心
遠足
遠島
遠道
遠方
遠目
遠矢
遠洋
遠来
遠流
遠路
横雲
横形
横根
横紙
横手
横線
横波
横物
横木
横目
横列
王水
王代
王土
王道
王命
黄玉
黄水
黄体
屋体
温顔
温気
温州
温習
温石
音感
音字
音速
音調
音波
音物
下火
下戸
下根
下作
下女
下心
下人
下図
下前
下草
下足
下男
下表
下目
下役
化身
何方
何役
何様
夏作
夏山
夏服
家君
家作
家数
家父
家母
家門
家来
科人
歌口
歌心
歌切
火玉
火祭
火皿
火色
火水
火切
火打
火柱
花屋
花時
花実
花守
花色
花心
花代
花道
花氷
花落
荷車
荷主
荷船
荷足
荷馬
荷役
画業
画才
画商
画数
画題
画帳
画板
画筆
会意
会心
会友
回米
海牛
海月
海神
海図
海内
海馬
海風
絵心
開題
貝柱
外気
外客
外宮
外教
外局
外語
外字
外耳
外題
外道
外皮
外物
外聞
外米
外面
外用
外力
角書
角柱
角通
角笛
学兄
学才
学事
学都
学理
楽音
楽市
楽人
楽想
楽天
楽土
楽日
活花
活魚
活計
寒月
寒色
寒竹
寒流
寒路
漢意
漢音
漢書
間引
間口
間色
間代
間男
間柱
丸取
丸首
丸打
丸麦
丸本
丸薬
岩魚
岩根
岩室
岩石
岩組
岩頭
顔役
帰命
気球
気根
気前
気流
汽笛
起電
起毛
客間
客語
客車
客体
客土
客分
宮室
宮守
宮人
宮中
宮門
弓形
弓取
弓手
弓道
弓馬
急火
急調
急病
急用
球根
球心
球体
球道
球面
級数
級長
牛後
牛車
牛刀
牛頭
牛馬
牛皮
去秋
去声
魚子
魚族
魚田
魚道
魚板
魚油
京間
京女
京童
強弓
強国
強者
強談
強味
強面
教具
教場
教父
教本
教門
橋板
業火
業苦
業病
業風
業物
局外
局紙
局所
局方
曲学
曲玉
曲直
曲馬
曲筆
玉音
玉算
玉糸
玉章
玉体
玉代
玉歩
玉目
玉門
近間
近業
近国
近事
近目
近流
金員
金円
金気
金言
金口
金高
金字
金談
金地
金頭
金波
金売
金風
銀漢
銀山
銀糸
銀紙
銀地
銀笛
銀天
銀波
区長
区点
苦界
苦竹
苦役
具足
空音
空語
空合
空耳
空車
空色
空谷
空談
空地
空茶
空豆
空馬
空母
空名
空木
空目
空理
空列
君王
君公
君国
君父
君命
形相
形代
軽業
軽口
軽四
軽石
軽風
血気
血行
血祭
血色
血相
血族
血刀
血豆
血肉
血目
血路
月次
月色
月食
月切
月草
月代
月読
月番
月表
月明
月毛
月役
犬馬
研屋
研北
県人
見神
見台
見目
元正
元帳
元方
原意
原音
原書
原図
原生
原注
原虫
原麦
原板
原皮
原品
原名
原毛
原木
言下
言外
古音
古学
古顔
古記
古形
古血
古語
古事
古色
古体
古鉄
古筆
古物
古本
古流
戸外
戸主
戸長
湖岸
湖上
湖心
湖水
後光
後口
後作
後山
後指
後書
後場
後先
後前
後足
後朝
後目
後列
語感
語形
語原
語根
語手
語草
語部
語物
交番
交友
光風
公魚
口絵
口角
口金
口語
口合
口取
口前
口茶
工合
工数
広間
広口
広前
校風
校本
校友
行火
行学
行宮
行実
行手
行頭
行道
行平
行旅
行力
高下
高角
高足
高波
高風
高話
号音
号笛
合羽
合口
合切
合着
合名
国運
国号
国持
国表
国母
国本
黒雲
黒血
黒光
黒炭
黒竹
黒点
黒豆
黒米
黒毛
黒目
今上
今昔
今風
今方
今様
根号
根雪
根太
根方
根毛
左岸
左近
才取
才筆
才物
才力
才六
祭事
祭主
祭神
祭日
祭服
祭文
細引
細雨
細作
細事
細字
細雪
細道
細波
細筆
細面
細目
細流
坂道
作間
作男
作土
山雨
山気
山犬
山国
山坂
山寺
山女
山人
山水
山相
山鳥
山刀
山畑
山番
山風
山立
算式
仕業
仕向
仕草
使番
始発
始筆
子安
子持
子日
子方
指先
指分
止金
死花
死活
死金
死時
死所
死身
死水
死病
死物
死目
糸車
糸竹
糸目
紙花
紙切
歯根
歯肉
事物
字引
字音
字画
字数
字母
寺号
寺子
寺男
持場
持番
持病
持物
持薬
時雨
時局
時空
時数
時服
時様
次号
次数
耳金
自今
自注
自門
自流
式台
式日
式服
式目
室温
実悪
実意
実員
実学
実記
実字
実数
実正
実線
実竹
実方
実妹
写絵
写本
社運
社日
社風
社友
車引
車速
車代
車馬
車力
弱行
弱国
弱竹
弱虫
主音
主客
主教
主君
主語
主上
主点
主部
主命
主面
取口
取高
取前
取分
取立
守宮
守神
守刀
守役
手下
手業
手玉
手金
手合
手事
手持
手車
手植
手心
手水
手相
手代
手長
手刀
手箱
手鼻
手風
酒気
酒客
酒肉
受口
受皿
受章
受身
受動
州立
拾屋
秋雨
秋月
秋高
秋作
秋色
秋晴
秋草
秋物
秋分
終車
終章
終発
習字
習知
集題
住戸
重科
重言
重手
重心
重水
重土
重湯
重箱
重病
重役
宿悪
宿意
宿雨
宿運
宿屋
宿学
宿業
宿根
宿所
宿場
宿世
宿帳
宿木
出花
出丸
出自
出湯
出鼻
春画
春寒
春作
春色
春雪
春着
春分
春本
春陽
所化
所外
所業
所書
書屋
書画
書庫
書式
書取
書風
書目
書役
書林
助祭
助炭
女院
女気
女工
女持
女色
女人
女竹
女童
女波
勝運
勝星
勝味
商運
商館
商才
小寒
小業
小言
小国
小作
小皿
小字
小耳
小首
小書
小女
小水
小前
小昼
小弟
小刀
小頭
小童
小波
小半
小鼻
小名
小面
小力
小話
消口
消炭
上絵
上客
上玉
上古
上戸
上根
上作
上紙
上前
上長
上天
上板
上番
上皮
上表
上物
上聞
上目
上薬
上様
乗具
乗合
乗手
乗場
乗打
場代
植生
色悪
色絵
色感
色事
色女
色神
色相
色男
色道
色物
色目
色里
食客
食指
食通
食肉
食分
心音
心血
心月
心根
心室
新院
新顔
新月
新語
新山
新身
新茶
新着
新店
新湯
新道
新味
新来
深間
深手
深酒
深緑
申楽
申文
真横
真言
真向
真水
真前
真竹
真土
真皮
真筆
神業
神君
神式
神主
神色
神水
神通
神文
親玉
親心
親船
親鳥
親日
親筆
親木
身空
身形
身柱
進運
進物
人海
人橋
人才
人山
人声
人相
人柱
人頭
人波
人馬
人買
人品
人面
図引
図会
図絵
図学
図工
図体
図様
水引
水雲
水音
水絵
水魚
水玉
水銀
水計
水月
水根
水仕
水子
水神
水船
水足
水柱
水鳥
水天
水筆
水物
水母
水木
水薬
水油
水練
数行
数式
数物
世才
世上
世心
世人
世道
整数
星合
星祭
星宿
星図
星夜
晴雨
正員
正号
正真
正数
正中
正風
正目
生業
生血
生紙
生酒
生首
生皮
生面
生木
生薬
声音
声聞
青貝
青玉
青色
青草
青地
青竹
青虫
青田
青馬
青物
青毛
昔日
昔年
石火
石弓
石工
石高
石持
石女
石組
石竹
石庭
石板
石筆
赤金
赤紙
赤手
赤心
赤土
赤道
赤鼻
赤本
赤目
赤門
切火
切岸
切口
切子
切紙
切首
切所
切身
切水
切石
切先
切炭
切地
切売
切畑
切米
切目
雪空
雪見
雪原
雪山
雪女
雪消
雪男
雪白
雪氷
雪路
先王
先学
先君
先口
先山
先天
先箱
先負
先様
川音
川船
川竹
川面
線表
船荷
船客
船級
船具
船室
船主
船守
船宿
船人
船足
船着
船虫
船内
船板
船方
船用
船路
前科
前言
前古
前山
前書
前場
前足
前門
全音
全科
全角
全期
全区
全戸
全書
全数
全波
組下
組歌
組糸
組重
組打
組頭
組物
早業
早口
早耳
早出
早昼
早天
早年
早馬
相客
相銀
相国
相宿
相聞
相役
草屋
草画
草月
草原
草根
草市
草色
草笛
草分
草本
息女
足業
足形
足軽
足代
足湯
速算
速筆
速力
族長
村雨
村童
村方
村落
村里
他事
他心
他動
他物
他門
他流
他力
多雨
多血
多元
多倍
多売
多聞
多毛
太字
太守
太線
太物
打首
打豆
打物
打歩
体温
体言
対屋
対語
対流
待人
代走
代品
台形
台場
大円
大弓
大業
大君
大戸
大乗
大身
大足
大通
大波
大悲
大福
大役
大礼
題言
炭火
炭庫
炭山
炭車
炭取
炭田
短音
短見
短才
短所
短章
短文
短夜
男気
男工
男持
男手
男心
男波
談林
知育
知音
知行
知者
知友
知力
地引
地雨
地温
地歌
地顔
地金
地口
地紙
地所
地色
地虫
地頭
地番
地物
地文
地米
地歩
地目
地役
池心
竹工
竹紙
竹馬
茶園
茶気
茶事
茶所
茶人
茶庭
茶店
茶入
茶味
茶話
着駅
着発
中温
中音
中休
中業
中空
中口
中黒
中子
中指
中手
中食
中庭
中天
中点
中肉
中農
中表
中有
昼顔
昼夜
虫気
虫薬
丁場
丁数
丁半
帳元
帳合
帳場
朝顔
朝酒
朝湯
町医
町場
町歩
町方
調音
調車
調度
調歩
長円
長音
長歌
長月
長者
長手
長足
長虫
長刀
長湯
長道
長文
鳥人
鳥追
鳥目
直音
直会
直宮
直心
直弟
直門
直列
直路
追号
追福
追分
通言
通箱
通番
通風
通有
通力
定宿
定点
定命
定理
庭口
庭石
庭先
庭前
庭草
笛竹
鉄橋
鉄血
鉄色
鉄心
鉄石
鉄線
鉄筆
鉄分
天意
天運
天火
天界
天顔
天球
天金
天子
天助
天女
天人
天水
天日
天馬
天物
天分
天目
天来
店屋
店子
転石
転注
点画
点線
点茶
点薬
田楽
田作
田植
田虫
田遊
電界
電球
電算
電場
電柱
電文
電路
都鳥
都電
土間
土気
土語
土工
土色
土人
土星
土方
冬空
冬作
冬場
冬草
冬着
冬日
冬木
島山
島守
島台
投首
投売
投物
投力
東雲
東屋
東歌
東口
東国
東男
東天
東風
東遊
東路
湯花
湯元
湯女
湯水
湯茶
湯葉
当家
当館
当字
当住
当身
当店
当落
当流
当路
等温
等式
豆銀
豆炭
豆板
豆本
頭字
頭重
頭注
同君
同色
同人
同筆
同母
同門
同友
同列
童歌
童画
童顔
童部
道火
道人
道草
道服
読会
読手
読人
読物
読本
内意
内界
内記
内宮
内金
内高
内室
内所
内題
内庭
内湯
内皮
南画
南岸
肉界
肉牛
肉交
肉色
肉声
肉池
肉入
肉筆
日切
日待
日動
日歩
入海
入子
入神
入声
入船
入道
入内
入物
入目
年央
年子
年弱
年取
年表
農園
農期
農事
波風
波面
波路
馬屋
馬具
馬市
馬車
馬主
馬手
馬草
馬丁
馬追
馬頭
馬肉
馬方
馬面
馬力
配所
配役
倍音
倍角
倍数
倍大
買薬
売口
売国
売子
売主
売手
売女
売色
売人
売声
売品
売文
売名
売薬
売立
白羽
白雨
白雲
白玉
白金
白銀
白根
白糸
白歯
白酒
白首
白身
白水
白線
白太
白炭
白茶
白土
白湯
白波
白面
白目
白話
麦雨
麦角
麦作
麦秋
麦茶
麦笛
麦湯
麦畑
箱書
箱船
箱庭
畑作
発意
発頭
発話
半円
半音
半開
半玉
半金
半作
半紙
半切
半天
半白
半文
半平
反橋
反語
反身
反切
反物
反米
反歩
反立
板屋
板間
板子
板紙
板場
板本
板木
番屋
番所
番茶
番長
番頭
悲運
悲母
悲鳴
皮具
美育
美音
美形
美事
美神
美身
美談
美点
美田
美童
美文
鼻音
鼻紙
鼻水
鼻声
鼻柱
鼻面
鼻毛
鼻木
鼻薬
筆意
筆画
筆紙
筆生
筆先
筆太
筆箱
筆名
筆力
氷雨
氷海
氷魚
氷室
氷水
氷雪
氷炭
氷柱
氷野
表具
表口
表高
表号
表地
表皮
表方
表門
病家
病犬
病根
病身
病体
病葉
病理
品玉
品行
品等
父君
父上
父方
父様
負数
負目
部室
部首
部族
部面
部立
風花
風間
風気
風教
風月
風見
風光
風向
風習
風色
風声
風前
風草
風足
風体
風波
風流
風力
福引
福運
福耳
福助
福茶
福豆
福分
物音
物界
物見
物持
物日
分校
分室
分身
分数
分秒
分母
分力
文意
文運
文金
文月
文才
文事
文色
文身
文中
文鳥
文頭
文箱
聞事
聞酒
聞所
聞書
聞物
聞役
平家
平曲
平語
平作
平皿
平時
平手
平首
平場
平身
平水
平声
平打
平体
平麦
平服
平文
平米
平面
米語
米所
返点
返電
歩数
母屋
母音
母語
母式
母上
母線
母船
母物
放線
放列
方円
方図
方様
北画
本科
本歌
本丸
本字
本寺
本身
本草
名家
名花
名君
名月
名犬
名言
名工
名号
名山
名主
名親
名数
名代
名題
名店
名馬
名筆
名木
名流
命運
命数
命日
命毛
明暗
明王
明君
明春
明色
明神
明太
明朝
明笛
明夜
鳴神
面子
面持
面前
面長
面皮
面部
毛皮
木魚
木口
木石
木炭
木刀
木皮
木表
木目
木立
目角
目顔
目元
目次
目色
目星
目代
目鼻
目薬
門火
門口
門歯
門主
門人
門生
門地
門柱
門弟
門流
夜会
夜学
夜寒
夜顔
夜宮
夜業
夜具
夜船
夜昼
夜直
夜店
夜道
夜番
野牛
野犬
野山
野乗
野人
野点
野道
野面
野立
矢玉
矢車
矢場
矢声
矢庭
矢文
矢面
矢来
役牛
薬園
薬玉
薬研
薬指
薬酒
薬石
薬草
薬店
薬礼
油屋
油気
油紙
油送
油虫
油土
油分
友引
有界
有形
有高
有心
有配
有様
遊園
遊客
遊金
遊具
遊君
遊山
遊女
夕空
夕晴
夕波
夕立
予後
予行
洋学
洋銀
洋才
洋算
洋室
洋刀
洋本
用金
用言
用次
用足
用筆
用命
用木
羊頭
羊毛
葉音
葉月
葉虫
葉風
陽春
陽動
来意
来期
来光
来書
来電
来由
落花
落魚
落語
落口
落首
落人
落体
落丁
落度
落陽
理外
理知
理路
里心
里人
立引
立業
立秋
立春
立板
立番
立米
立毛
立礼
流感
流言
流者
流水
流速
流体
流氷
流物
流木
流矢
旅銀
旅宿
旅所
旅心
旅物
旅路
両君
両三
両前
両足
両朝
両町
両刀
両頭
両年
両部
力業
力持
力車
力水
力足
緑玉
緑酒
緑青
緑茶
緑土
緑門
緑野
緑林
林学
林業
林相
礼楽
礼式
礼者
礼電
礼服
礼物
列火
列世
列代
練糸
練炭
練鉄
練物
路銀
路頭
路用
和学
和牛
和金
和語
和字
和式
和習
和書
和上
和人
和声
和談
和物
和本
和名
和毛
話者
話頭
足長
古銀
細魚
外方
立待
血切
回者
持合
物売
雨魚
火魚
漢竹
科木
刀豆
肉豆
悪方
悪対
黄牛
安目
星目
雨落
火入
花合
花立
荷引
画引
海鳴
絵合
寒明
気休
気受
気組
木組
気病
客引
宮仕
牛追
玉取
銀流
空店
血止
見取
見切
見定
後引
根問
山止
指切
死顔
糸取
糸入
紙入
首部
取持
秋祭
習事
船歌
船形
宿元
書手
小当
色消
食気
心組
心入
深追
人通
西向
昔語
石作
切戸
雪持
船待
船玉
早船
送火
大守
打所
中落
中売
朝立
目交
外持
切字
礼回
夕星
役向
夜鳴
夜立
夜歩
目明
目打
目切
面立
歩引
分引
歩板
文使
風切
品書
白練
買方
馬乗
日読
内方
福神
図形
外反
前立
鳥肉
悪感
悪事
悪名
暗中
医方
屋台
家持
火星
画会
画工
海事
絵所
間着
気体
客来
球界
牛耳
近古
近東
銀子
空言
兄子
兄人
血合
見分
戸板
湖面
後家
後人
後図
公人
公方
口書
行書
行文
合服
国元
国原
国守
国手
国電
国歩
才知
作事
山幸
仕手
仕打
子音
指頭
指物
死人
死文
紙子
歯音
歯形
実事
実生
社中
社用
主家
手工
手負
秋思
集落
書生
女医
女体
商都
上乗
身中
図面
水温
生糸
西国
西北
赤身
雪間
川中
線画
船医
前人
組立
草書
速球
他県
他見
多重
体様
体用
台下
台子
大船
大入
大本
短波
中宮
帳面
朝夕
長兄
長石
長波
長路
直近
直方
定式
定木
天外
天工
天道
田打
田野
電光
湯屋
頭打
同役
読点
日商
日長
入方
年波
波形
美男
美名
分社
文題
北口
本道
目地
目路
野天
野路
矢立
用役
陽画
落書
理工
両道
緑豆
列後
波数
丸公
子鳥
石投
大高
冬子
間取
気取
木取
金入
月決
見返
口止
根分
仕出
人受
秒読
羽子
家運
開山
外線
外地
間合
間服
客人
近習
金歯
金時
見習
才人
仕切
死場
事始
時人
写場
主事
主持
酒家
出歯
出船
所見
所生
上水
心学
神学
水明
世路
正出
前代
前頭
体長
題画
地銀
茶道
中気
柱石
鳥屋
定石
定日
弟妹
天朝
電池
刀自
白夜
福相
物上
方角
本手
本代
本立
鳴物
面体
毛羽
夜色
野心
用度
羊歯
文者
仕入
意地
火屋
苦肉
空手
戸車
行人
詩文
時運
自公
実地
重石
出物
小米
早生
走者
体感
茶代
中州
同上
同薬
内地
白下
方体
本元
薬学
有終
落葉
力作
力投
和様
雨夜
円転
歌合
歌体
荷作
学外
記章
空事
空電
君子
言動
公算
公電
校門
行場
国書
受書
重工
出合
助人
小歌
心土
新本
深度
進度
水線
正本
切羽
村役
通人
平泳
平原
木耳
門下
門外
野火
野次
来者
来車
見送
組方
下屋
画室
血球
元高
原本
戸前
光子
公役
国主
山守
歯石
小春
上代
上地
心算
新木
神算
生身
他生
体内
対地
大知
長計
定食
鉄山
南庭
半球
文台
名取
明月
明知
明度
野中
落日
用向
曲調
口数
事相
小夜
東宮
内聞
品数
文人
方形
本学
本宮
目板
夜祭
両全
和船
仕上
意字
医事
見本
公国
向暑
死語
女形
上屋
多少
台木
長屋
電工
日出
板元
原文
始点
社交
終曲
人出
水車
数多
生国
赤口
足下
大門
地階
天草
内入
風下
名園
立冬
家主
玉虫
国学
国風
山色
場数
真打
世知
日夜
品物
明星
夜食
野原
洋館
半田
主用
心身
神代
水貝
全紙
大農
両次
夏休
原石
仕組
次週
道着
夜着
和洋
漢子
問者
会下
細線
住持
春秋
場外
相生
大全
大路
男前
通草
電鉄
豆油
白光
木通
緑風
意向
海草
起点
局内
小手
村会
打荷
長短
島国
農学
立役
火線
曲事
苦力
合方
車道
相方
題号
店長
日直
夕顔
海国
寒行
教区
後住
号車
黒田
根深
算木
死相
勝算
真面
神助
題意
通語
同中
回春
海鳥
気転
後金
待合
農作
月見
月光
見様
前作
中世
点火
文目
名手
名乗
山内
実理
上世
上声
真田
大死
農地
物品
両生
神知
仕立
書院
心気
神気
大名
長身
日食
日新
農大
下線
楽員
強電
戸口
詩想
詩草
受話
小路
新古
水路
中入
天声
院生
角形
丸木
山号
市子
小雨
西風
打身
体調
台紙
大姉
題詩
中耳
同音
同番
入歯
氷点
来世
国外
時鳥
小町
上家
心神
真意
身心
水先
生者
生色
大水
天王
田地
波高
本文
薬科
医用
角地
才色
詩語
神子
人家
全集
点者
当山
道歌
遊楽
小三
医薬
月来
死出
社人
手先
州都
真金
親電
丁子
天守
内国
波線
歩合
立夏
火矢
回教
語意
思想
身代
地場
同委
鳴戸
原頭
太山
地相
点数
波動
畑地
米食
本所
宮内
国事
仕形
心持
長打
白州
悲調
高配
今体
投打
木工
役名
黄色
楽園
県南
山子
消息
目見
立地
意想
黄葉
行先
国光
山海
西人
相等
中波
都道
平目
名文
名聞
農工
名分
後身
左手
子弟
整調
正調
声調
原動
作中
手数
上町
多生
木本
苦海
使丁
死体
終電
小雪
石山
直線
理科
国文
社家
人界
人外
全市
都区
化物
所出
章魚
中外
語数
手打
同山
本通
見場
市部
出面
深意
神意
赤木
大内
王化
温色
岩屋
心意
服地
聞方
目方
語気
耳元
上記
他紙
定本
冬物
早手
真木
神祭
天理
下界
局長
係数
小中
新進
水火
本章
和子
公家
行者
事理
大鳥
天主
道内
花祭
寒波
区会
糸引
持分
式事
式次
弱者
聞手
祭場
時世
大雪
町家
目安
用人
町屋
会所
原酒
所感
石油
定期
光波
高所
出口
入相
神楽
湯本
平野
金平
原始
山家
新体
大白
家中
国有
事由
和音
高三
月下
車台
先番
番人
金元
人様
地中
白子
画家
国大
終局
西方
道家
口気
工期
緑色
歌会
帰心
細部
宿六
出会
色紙
早場
朝家
日光
詩意
次点
出様
他用
死中
式部
手練
小山
対数
木馬
立国
立木
明後
夜曲
中三
角行
形木
川上
肉屋
家内
詩体
村社
天明
有期
白頭
放生
和親
市区
人死
父母
下意
言文
歌意
古里
谷地
活字
山手
新駅
西陽
風車
野地
金目
小才
石室
平地
両所
楽車
実相
人台
教学
新田
物相
同文
園内
直人
白木
子守
出所
声色
線上
光度
西日
道学
汽車
新前
人屋
金色
元手
人後
人語
古昔
出水
走路
後記
工船
馬場
黄身
前者
体形
玉石
黄土
海星
真名
急坂
春風
真下
年強
右角
園生
黒白
山元
人力
光線
公子
相思
童女
物心
気先
後代
高地
太白
童体
意気
首足
春光
神父
草木
体計
大兄
大計
地下
薬代
会式
名品
大家
同病
内海
屋形
先住
頭目
自他
花畑
軽水
語調
動体
文部
同院
南風
人命
代物
食後
正文
朝会
決死
真弓
教科
深部
大洋
全島
漢土
自火
本山
大石
館員
歌書
港内
気負
明主
山野
全作
水上
人君
自家
天下
金山
大意
生気
鳴子
打力
空港
広野
前部
悪行
線分
小間
起死
前車
人道
所内
正気
流人
室内
表作
見番
他社
後手
県土
大京
赤色
後夜
人定
日当
年女
学院
死期
同書
近作
重荷
取手
元金
山岸
度数
南北
大山
公取
通帳
全品
始期
朝間
家人
山路
朝日
新地
前方
多目
大宮
大刀
食物
新手
雨水
川原
本木
心地
空自
国語
波頭
力感
角界
人心
校区
人文
夜話
町会
室町
本会
弱電
黄門
童子
東部
花月
深山
対人
立花
院長
重代
西洋
本金
下田
全学
対空
日数
通運
相当
近体
面白
川口
上期
室長
小火
力紙
和歌
金星
代人
当会
海女
海人
乗数
昭代
明文
書体
太子
倍速
当地
明間
年男
年期
館内
東西
花園
早月
毛見
品名
校生
数回
売店
歯入
町役
道県
出店
宿駅
宿主
月数
曜日
入会
本分
部活
問屋
和紙
小金
大橋
北国
食用
商会
山間
式年
直前
天神
山車
山川
神宮
谷川
重苦
地代
何分
強記
大黒
両市
上田
部員
生地
全県
上下
同級
大声
来春
酒代
夏期
水面
乗用
魚屋
高山
歩度
全車
下記
火気
花期
感度
同線
中原
語族
校医
米麦
男役
門前
海水
理化
月日
店主
同体
元首
山形
学内
当市
外車
生音
同学
南海
同前
右前
県西
院内
歌話
王子
画意
小屋
東海
音大
行年
理学
半身
山道
工大
親父
表紙
同島
年会
自動
強力
地合
頭分
新生
高年
客数
茶屋
同地
員数
語学
金子
週内
海道
米屋
他意
高野
朝食
多国
白石
金石
数社
大部
学部
知事
年月
田畑
黒色
毎年
島根
県外
和国
両目
東南
東北
人体
米紙
左前
旅客
野手
役所
外見
両県
生物
市中
死地
部屋
新風
人目
部内
高木
人名
黄金
本当
人形
何人
全社
場内
日夕
兄弟
文書
出場
同時
金主
自社
中日
人事
本田
青山
言語
自身
右下
国人
切手
右上
少女
大手
前日
写真
工場
勝目
大人
対米
文字
男女
院本
人気
次第
時間
高教
女子
日間
気味
会社
問題
地内
年度
放題
対日
調子
月夜
形見
黒子
日和
回線
草紙
酒屋
羽根
草子
太刀
年間
日中
年代
年生
中国
仕合
世話
勝手
度目
人組
同県
次元
週間
時計
番目
分間
回分
区間
丁目
代目
回生
番線
親等
番手
秒間
海里
号線
進数
人月
馬身
番地
分木
等地
光年
号館
等分
期生
分目
市内
時半
号室