協会
野球
国立
事業
開発
高級
研究
病院
学習
不明
運転
大会
学会
高校
今後
中央
記念
平和
工業
自然
清算
市立
発足
代表
健康
行方
発見
特別
会議
勝負
都市
生産
進出
結果
不安
発起
差別
学校
同様
県内
高等
目的
平等
必要
決定
出血
関係
議員
教育
文化
同日
通信
科学
出発
大変
会合
委員
消火
市場
元気
同席
早急
残念
協議
公式
分化
以内
生活
国家
自由
組合
連合
協力
以来
計算
取引
交流
機関
不正
観光
半年
転落
工事
下車
単行
家族
大事
放送
動物
作業
選挙
大切
外国
流出
前年
音楽
公正
安全
特定
番号
同期
入場
本部
始末
会談
時代
通用
対立
協同
小売
上手
中心
管理
計画
共同
議長
約束
強化
会員
試乗
通商
会計
向上
多数
開会
声明
出向
当時
無理
帰館
助成
考究
給付
会見
祝賀
発表
思考
指向
試行
所有
県立
決算
対話
来日
合作
使用
公約
整形
対校
飛来
選手
民族
改選
完投
開戦
会戦
文学
画定
行使
利用
配流
合同
今回
長官
市長
各国
中立
法人
無事
電話
出馬
失点
高官
活動
帰港
参上
投票
交感
記名
入札
連勝
改印
開院
帰国
起工
全国
注進
来年
進行
今年
定着
卒業
帰化
教会
反発
先取
帰社
正直
公平
送球
他界
開放
中止
思料
思量
通算
相談
所期
平静
高談
結合
注意
調整
湯治
悪化
試用
直後
回議
出席
記者
登山
開城
開場
先発
実験
商議
消化
対照
付会
計上
台頭
有力
主唱
首唱
対局
終業
不調
関連
必死
配分
他愛
味気
転身
転進
意見
追求
合意
加工
見当
当初
面目
関心
発生
放校
味方
平行
正答
投球
追加
改号
高調
植民
対当
帯刀
投書
集会
仕方
失業
順当
大勝
発言
見物
競争
集中
先行
帰農
左右
発売
決議
心配
放心
放神
勝利
信心
入城
入定
通学
労働
頭書
連続
安産
試写
出産
出生
病気
分類
歩行
帰来
本意
加持
登城
同車
代行
先日
想見
登院
指定
中小
輪唱
連立
飲酒
給食
行列
参観
世帯
議定
地区
表明
北上
登録
談合
合点
付加
固定
少考
消光
焼香
後送
指名
給水
参画
回答
近代
高唱
伝写
登極
負荷
付課
同市
運用
成立
開館
完工
感光
試算
入選
登板
国会
対面
読書
大学
流通
動転
右折
調理
開港
唱和
伝言
日参
客死
整体
不幸
観望
入学
進入
付着
信号
同意
発熱
校正
低下
当選
客観
算出
出港
注目
兄事
明答
起動
内定
要求
固辞
公表
命令
固持
生成
待命
転乗
同感
気化
上場
長生
対戦
転記
同調
化石
散会
強行
焼死
回転
改正
欠課
手写
着工
試験
成形
生動
多食
転化
売買
切開
先後
早世
体験
形成
決着
都内
付帯
分筆
起用
続出
炭化
発電
公売
教化
行動
臣事
注文
点灯
開校
協定
司令
出火
新調
静止
点頭
下放
試作
用心
育英
便乗
無茶
下宿
土着
開始
説明
手配
調印
通知
発行
加算
生息
対決
発給
面会
列席
急死
想起
着手
通話
念持
感動
好転
初頭
選炭
対談
配線
由来
下落
考察
上達
通達
配車
付記
連戦
午後
静思
調達
放鳥
工作
出品
着服
楽観
期待
所持
選考
送信
大書
発覚
予定
録音
回帰
起業
公転
種類
心中
節水
大同
念願
連打
回折
合成
商売
食事
法的
歌唱
休電
給電
作歌
自記
実見
代置
着目
入手
回付
転地
転置
配給
発注
命名
休館
治定
自乗
投合
変形
着付
結成
参考
上陸
進上
戦死
全焼
追究
追給
登場
南下
入館
反省
明記
伝送
電送
動作
入金
配当
発着
不当
不服
流用
連敗
期間
帰順
出荷
対顔
入院
発声
育成
欠場
自首
照合
選好
想定
達成
入浴
飲食
共感
欠席
建言
参向
周回
照明
敗戦
文通
野生
旅行
安定
合計
全勝
調和
電化
電荷
熱発
暗算
案内
加熱
外出
共生
強調
出願
前進
転用
発病
変身
放歌
放火
勇戦
要心
横行
外食
希望
自書
出土
同定
配置
買物
発令
筆写
分界
分配
変心
変動
会商
開店
楽勝
観戦
休止
交代
自重
登記
答申
内用
配列
記帳
求人
曲折
結束
作曲
参入
静観
入線
熱中
付録
養成
花見
帰朝
指令
主管
出力
着用
直下
入省
配水
配転
愛着
印刷
競走
助命
選別
多作
多発
着陸
同行
入所
発動
北面
要望
下見
化合
加重
加入
協調
考案
失速
受付
順守
書写
消灯
成長
西下
全治
大敗
直行
特集
表記
荷電
開花
公言
工面
広言
高言
作成
算入
仕官
集約
重唱
親近
先勝
直面
登校
内包
入力
配達
風化
勉強
洋行
活発
観察
競合
決別
使令
詩作
実戦
実用
集線
進歩
成約
生別
南進
入門
配向
配本
発想
美化
返上
用意
陽気
乗入
会食
開通
挙式
訓練
結実
建議
自立
失敗
周知
親和
代休
調節
直観
定住
伝達
投入
同乗
入園
入村
発達
筆答
野合
来集
録画
引受
下命
改名
完勝
休業
共有
群生
結集
自足
集金
所要
小便
整理
清遊
西遊
先着
相続
続行
直感
通夜
努力
投薬
肉食
配合
発音
目印
予知
要約
栄進
家出
開化
開票
観照
給仕
給油
教訓
曲言
極言
群集
建立
合算
合図
作文
参照
算定
仕事
手続
手品
集計
集散
宿題
祝福
商談
植字
節酒
船出
打算
着衣
直上
直流
通約
的中
東上
内省
入植
発案
発車
物色
放言
面談
立案
類別
連帯
愛好
悪用
運行
改定
改良
開局
学問
完敗
観念
願望
記入
休息
急落
究明
挙手
区別
苦戦
空想
群発
計量
軽食
欠落
決戦
建都
言明
後続
校合
合宿
刷新
参列
死去
試飲
耳語
自白
失火
実写
終漁
集合
集積
助長
植林
心労
進化
節約
説教
選定
全開
全敗
草食
続発
大病
着岸
仲買
注水
注力
転回
転学
転業
転出
伝来
投身
投石
東進
内助
内申
入北
熱愛
配色
配電
売春
発信
分列
別送
返金
明言
来店
立食
流会
練習
連行
分包
安置
遠出
改悪
改札
改心
海食
開平
開門
開立
完走
完売
感電
間食
帰休
帰京
帰着
起案
休学
休戦
休部
急進
急変
競作
協約
具申
空転
決意
決心
血戦
建国
交合
交通
口外
行軍
行持
行商
左折
残業
試食
試問
自覚
自失
失望
失明
写生
取材
重用
出国
出題
助走
焼失
焼身
乗車
深化
神化
進水
成育
清書
生育
生害
赤面
折半
先決
選曲
待望
大別
知覚
着想
注入
調教
調合
調味
直交
通院
通観
通関
伝動
伝道
特進
特選
特約
入局
熱望
敗北
配信
配付
発走
発送
半焼
反命
飛散
筆記
筆談
標記
服用
返品
放置
野宿
養生
来館
来朝
量産
力説
林立
類焼
連係
下書
差入
愛育
愛飲
愛重
愛唱
愛読
愛用
安住
安着
暗記
暗合
暗唱
暗転
案出
案分
育種
育毛
印加
印行
印字
引火
引決
引見
引算
引当
引用
飲用
運開
運休
運算
雲散
雲集
栄達
栄転
遠泳
遠望
塩焼
塩梅
横死
横転
温浴
音読
下向
下校
下乗
下城
下船
下達
下付
下問
化育
加給
加筆
火食
火定
荷受
課金
回訓
回向
回心
回申
回遊
回礼
改作
改題
改変
開園
開札
開帳
開板
外切
外注
外遊
活写
活着
完結
完歩
官給
感化
感泣
感知
感服
間作
関知
希求
帰一
帰結
帰服
起筆
起立
休会
休心
休神
休養
急送
急追
急転
急冷
求愛
給血
給養
去来
挙行
挙止
挙兵
挙用
競泳
競落
共立
協商
強直
教練
近着
近道
金打
苦学
苦笑
苦節
具有
訓育
訓読
訓令
訓話
係争
軽信
欠食
欠配
欠礼
決起
決行
結氷
血書
建白
犬死
見参
元服
言上
固守
固着
交遊
公有
口受
口達
号泣
号令
合唱
合本
合流
根治
差配
才覚
細説
細分
細別
作図
作動
作表
察知
参学
参宮
参集
参着
参内
参府
散水
散大
散点
散発
産出
残害
残置
使役
司式
始業
始動
思念
指図
止血
止宿
死産
死守
死別
持続
治水
自害
自学
自活
自決
自選
自負
自問
辞去
失言
失笑
失心
失神
失念
実習
実働
写植
借金
借問
借用
弱化
手記
受給
受業
受光
受信
受注
受電
受配
受用
周章
周遊
終息
習合
習練
集荷
集貨
集束
集配
集録
重合
重刷
重出
宿直
宿望
出芽
出漁
出庫
出札
出社
出炭
出頭
出動
出府
出兵
出立
順礼
所望
書見
書置
助力
唱道
小別
消音
消去
消失
省察
省筆
上書
上申
上船
上木
乗算
乗船
乗馬
植毛
食害
食言
信愛
信服
心服
申達
真読
臣服
進軍
進言
進達
進発
図説
水泳
水書
水食
成業
成道
成敗
整合
整流
整列
生録
積算
積分
赤化
赤熱
切願
切死
切望
節食
節電
節米
節録
説法
先議
先達
前記
前借
前売
全休
全通
組成
想望
早産
早死
早着
相愛
送金
送出
送水
送達
送配
送付
送風
送別
送話
側聞
足算
速記
速決
速写
速成
速答
族生
続生
続落
卒去
卒読
他言
他出
多言
多読
打電
帯出
帯電
代願
代決
代言
代読
代入
代筆
大挙
大食
大息
達観
単作
談笑
着火
着荷
着金
着信
着水
着席
着船
着地
着電
着筆
注油
朝礼
調薬
調練
長欠
長考
長持
直覚
直結
直書
直進
直送
直談
直通
直答
直読
直売
直立
直話
追考
追想
追放
追録
通園
通読
通分
低回
低唱
低頭
低落
天引
店番
転位
転写
転借
転住
転宿
転戦
転送
転読
転売
転変
伝習
伝聞
徒長
投写
投宿
投出
当直
答電
答礼
同室
同宿
同着
同道
同流
道楽
徳化
特訓
特出
特待
特注
特配
特売
特発
特筆
読図
内向
内借
内祝
内切
内達
内談
内通
内命
内約
南面
入荷
入漁
入京
入庫
入室
入信
入隊
入朝
入電
入湯
入梅
入府
入部
熱願
熱唱
馬食
配員
売約
白黒
白熱
発育
発火
発芽
発願
発議
発色
発心
発進
発赤
発明
発問
半周
反転
反目
反問
反落
板書
悲観
美食
必見
必着
必中
必読
筆算
氷結
票決
表出
表白
病欠
付言
風食
風発
風聞
分家
分岐
分極
分光
分合
分宿
分乗
分水
分節
分地
分売
分有
分立
分流
文選
聞知
平分
別家
別言
別注
変位
変改
変死
変色
変節
変説
変速
変調
変通
変転
変名
変約
返照
返送
返答
返付
返本
返礼
勉学
放下
放散
放出
放水
放熱
放念
放牧
放流
望見
満水
味見
味読
明察
鳴動
目算
目送
目礼
門出
門番
約言
約定
遊泳
遊学
遊行
遊牧
予覚
予感
予見
予言
予察
予習
予約
用談
要談
陽転
養育
来院
来会
来観
来校
来所
来場
来談
来着
来遊
落下
落球
落後
落札
落手
落城
落成
落石
落選
落第
落着
落馬
落筆
落命
陸生
陸送
立願
立言
立売
流産
流失
流説
流転
流伝
流入
流連
量定
力泳
力戦
力走
輪作
輪転
輪読
令達
冷笑
列記
列挙
列立
練達
連関
連結
連作
連取
連乗
連想
連動
連発
和楽
和合
散積
下取
気晴
気落
局止
言付
山登
仕送
手分
焼直
深入
談議
焼付
面語
入山
温服
別置
発船
発根
表書
打水
分服
育児
下知
加配
帰投
結球
験算
固化
合一
細工
作詩
参究
自給
受理
選歌
送波
着意
着色
朝賀
転向
買春
立見
和協
山分
日焼
改組
苦行
細書
算用
指南
走行
大言
注記
転調
発出
別記
変成
立身
流下
両分
両用
産休
仕分
相関
大観
発散
表決
不参
老化
味付
意図
苦手
空発
訓電
水死
倍加
約分
上積
共栄
失調
出家
対置
着生
兆候
服薬
平日
本有
加階
帰参
帰山
起算
見合
持参
手交
親祭
定植
平定
火中
議決
実感
社会
受命
終止
相乗
投下
遊説
億兆
億万
公定
参朝
散見
集結
中和
開国
参賀
通計
定置
内観
無力
回想
係船
参戦
代香
代作
転校
入国
付議
別売
放談
意味
回送
改行
見学
主席
進学
直言
入港
入行
発光
発向
老死
安神
行水
重要
代参
入校
散歩
主流
集成
消長
植皮
着帯
利下
間借
服役
代位
配管
自習
順化
部分
参進
自省
自生
追試
東道
開所
交配
最終
使送
試走
実行
転成
転生
転入
終決
商量
調進
半分
返事
陸行
研学
切言
定立
等化
標定
返辞
問答
仲立
下馬
教徒
仕度
順行
小計
帯同
登用
放電
理会
休校
菜食
消散
内服
来社
会読
回読
分業
行幸
生長
代書
予期
羽化
強大
南中
塩化
急行
後見
静養
帰省
強要
教習
代議
加速
考量
参会
散開
同年
色刷
生食
後進
交信
高進
付置
照会
公開
作画
特記
終日
通交
送受
安息
会館
出世
分村
好調
上気
内分
出金
同船
敗走
配送
交付
連用
苦心
皮肉
出入
成功
追記
用船
公的
終結
出走
相伝
命中
送電
化成
後半
人的
打開
銀行
行来
進級
発会
同化
市民
水浴
折中
対等
合力
予想
会同
待機
感心
教室
整地
起草
協業
正当
定位
立話
借入
生新
開業
戦勝
両立
加味
共用
入水
分別
選出
町立
好投
分散
人口
強打
病死
大量
気楽
親切
底止
不便
協和
不要
差止
利上
改元
急速
回国
感受
連記
加点
手当
遊歩
通電
焼成
前後
上等
運動
細心
上京
活用
業者
無口
会話
清新
人数
整美
手書
対生
司会
円満
海岸
高遠
国民
生起
正式
健全
談話
熱心
休場
合議
不等
力行
詩的
区画
当番
笑止
不利
強固
不覚
見積
昨年
来島
悪口
作家
週末
幸福
丁重
単調
声高
受験
他人
料理
深長
人間
完全
無用
多用
代理
老練
真当
直筆
出仕
交戦
無学
多幸
強気
冷静
分明
量的
有望
右側
深切
未定
上品
前夜
失礼
物的
順調
無法
不用
有用
気軽
地味
手軽
度外
極度
首相
小体
短気
温良
下等
軽少
最近
長命
不定
便利
交差
着実
有利
合体
調法
不順
無礼
好運
低級
美味
無残
有害
希有
国内
静的
見事
高度
心外
真黒
身近
病弱
明白
有意
良好
火急
気弱
古風
広博
高名
小心
真直
真白
水平
正業
切実
全体
多才
多大
単一
短小
地道
低調
内気
平明
望外
無知
安楽
安気
安直
暗弱
案外
遠浅
遠大
横着
横長
横様
温順
温和
下品
花車
荷重
寒冷
間遠
間近
希代
気重
気早
気短
気長
強引
強健
強的
極小
極大
極道
軽度
軽便
健気
見高
光栄
口重
口早
口速
高直
黒山
自明
失当
弱小
弱体
手近
手短
重体
重度
順良
助平
勝気
小食
小味
少食
色白
新式
深遠
真暗
真丸
真青
真赤
神速
親愛
親身
身軽
切要
先安
先高
浅学
全的
足早
足速
速急
多芸
多事
多種
多病
多望
多様
多量
大形
大童
大味
大様
大力
達筆
短目
直角
鉄火
伝法
肉細
肉太
肉的
入用
博学
博大
半間
皮相
必定
病的
不運
不束
不徳
不毛
不様
分外
文弱
平板
別様
法外
本式
本望
未開
未読
無害
無芸
無心
無体
無道
無筆
無病
無味
無様
無類
明細
目深
目茶
利根
利発
冷血
老実
老弱
乗気
富有
口軽
身重
多感
茶目
不法
利口
有体
安静
流石
全一
徳用
内福
積極
口約
流動
小形
実直
無根
大国
好色
横風
年少
安手
当面
大風
知名
信用
当日
中正
書記
深夜
中学
指教
正大
英明
参加
小量
相反
当然
公選
戦争
当用
有名
家庭
不和
見聞
行進
不平
広量
心的
生直
健勝
動員
幸運
記録
公然
極悪
大成
身体
方正
内的
初出
美的
最下
年長
不変
極少
天然
通行
番組
品目
空間
共起
運送
代用
動的
不整
先生
勇健
出来
種目
労組
主要
産業
不同
不意
方法
真正
国土
街路
有数
毎日
位置
改新
今週
自作
達者
広大
緑化
高大
助言
歯科
用地
計数
無念
無数
定数
太平
下期
足弱
耳鼻
外科
地方
洋風
少量
夕方
長大
所管
午前
最良
安心
正午
左様
弱気
然様
希少
不全
平方
未練
日曜
海外
土曜
入社
重大
弟子
外的
公園
鉄道
平気
入念
休日
学生
紙上
通産
左側
下手
特有
目下
半日
同月
同夜
当代
戦後
中部
言葉
外相
路線
自愛
新年
部門
固有
年末
社員
結局
今月
器用
法案
本社
本気
山積
人工
馬鹿
住所
不良
完成
高速
昨日
先週
空路
早朝
医科
初冬
平年
校長
合法
部落
金利
先月
予選
作品
食前
初日
相対
分科
多分
未明
北方
本人
少時
太古
区分
学長
新人
本来
本日
植物
上位
今度
長年
後日
次回
客冬
以下
飛行
場合
近日
競馬
生前
知的
愛国
打点
入来
事実
平安
満足
年中
対外
意外
数字
連日
終年
化学
今秋
当分
来月
町村
今季
連名
種別
来週
両日
火曜
今夏
学的
高位
今春
府内
時季
春先
大口
毎朝
友愛
反面
年来
当今
生徒
先夜
朝方
同社
毎週
英語
投手
今夕
近年
来秋
今時
最大
毎回
共通
冬期
当季
道中
毎月
後来
死者
昨今
少年
毎夜
夜長
夜半
来夏
今冬
大昔
西部
全部
毎秋
昨春
先年
昨冬
倍量
方面
明方
寒中
客月
去月
去春
去年
近時
近来
月央
元三
元朝
後月
今次
昨月
昨朝
昨夕
終夜
初度
真昼
生来
昔時
早秋
他日
中葉
昼中
長日
当月
当節
当年
白昼
半時
半道
半夜
平生
方今
毎期
毎号
毎次
毎食
毎度
毎夕
末葉
満都
満目
明年
目今
夜前
夜分
夜毎
陸路
例日
決然
朝来
以後
各自
元年
車中
真夏
前回
前月
他年
夜来
古来
多年
単身
当世
最期
昼前
本年
前期
全員
他面
観葉
満場
始終
重力
初年
小学
大数
日毎
病後
終世
終生
中期
北西
和平
本初
早春
帰路
両度
木曜
雨下
時分
当期
本紙
新作
内心
上部
先度
夜間
機器
中間
最小
内外
水曜
物語
昨秋
物産
昨週
内実
場所
父親
年金
大陸
道交
半季
席上
道徳
金曜
月曜
分野
産後
戦線
利子
以前
当夜
公明
今夜
半島
北側
連休
同等
人選
満面
用紙
長期
熱帯
夜中
老人
局面
各員
見栄
社長
合理
作戦
最新
半月
不動
今朝
海上
考古
主人
駅伝
役場
真冬
客年
司法
電車
何時
上司
王立
当局
時下
戦時
後年
毎時
広場
列車
各人
初期
両親
年初
後世
会場
県民
大方
西側
料金
区内
台数
工高
今期
栄養
今日
岩船
名前
車種
不味
周辺
相場
毎秒
競売
公共
最中
商工
書店
世辞
町長
学科
戦前
会長
手紙
知人
数等
外野
本名
市街
無死
好感
食品
死後
正字
全日
民主
商社
代金
商品
南東
最悪
長男
年産
前週
打数
全面
漢才
大根
車内
相手
車線
商店
日付
土地
海洋
親子
治安
東側
功業
手形
半数
青年
勝者
火事
新入
相好
管内
港口
先物
手前
世代
冬季
医学
気分
前線
方向
同国
数量
機会
大使
本店
学界
区立
世界
息子
米人
文理
何者
定例
海軍
方式
外交
初心
頭数
黒人
時点
無料
高給
薬局
祭礼
科目
人物
社内
首都
後期
長調
器官
機動
会頭
気管
新聞
東方
西南
記事
公社
見方
部長
新書
年内
戦車
後宮
公休
好球
薬理
国対
手足
口径
新薬
教員
上級
多角
地球
酒類
笑顔
起原
新米
前半
人種
先頭
表面
用品
生命
軍人
後事
公事
好字
高次
向学
公司
友人
紙工
単科
利付
計器
天気
各種
地点
大海
口上
竹刀
円形
業界
主食
初代
分課
下学
家学
歌学
校内
次代
建物
体高
高熱
実業
男子
口内
根元
管区
売上
詩人
次官
取次
成算
大戦
無人
草花
北部
花火
楽界
自大
元号
主題
商船
同省
番外
英知
青天
鳥類
農家
列国
苦労
形式
同和
内部
年始
次期
土木
客員
口頭
市上
事大
少子
選書
作付
関節
子孫
静物
最上
参事
自画
小説
多色
本線
役者
初歩
短長
和漢
小児
対向
大公
大功
法相
周波
集魚
城内
観客
目標
以上
先入
電信
女声
土器
灯台
初戦
大臣
回船
光景
定年
面積
駅前
官等
関頭
後景
地帯
好事
道路
返歌
新館
絵本
中前
新卒
当主
機種
見世
原子
動力
南側
宮司
天井
反対
画面
新香
短歌
白色
電機
日時
家計
医員
海戦
元本
光頭
口答
役員
玉子
森林
人生
大物
本書
冷水
題目
同店
浴室
医院
水門
同町
白紙
差等
熱戦
中年
番付
雨中
少数
母親
界線
黒字
店頭
頭部
南都
目指
無名
残高
側面
大気
指事
死児
同点
国歌
博物
食材
下部
気風
実家
手首
標高
開口
気候
夕食
労連
気功
季候
軍事
最短
主体
機工
工学
国花
国貨
使節
議院
内相
重文
南西
理事
新車
矢先
雨期
古今
課長
終末
板金
公館
向寒
好漢
作物
原語
国教
父子
作用
友好
以外
町中
子宮
生魚
多選
空中
空軍
自分
海員
古紙
古詩
昨夏
助役
都立
夜行
教委
受苦
真上
医大
角力
高根
同業
物理
古代
書道
人員
前面
地学
半期
列石
時事
深交
親好
打席
名産
親交
立場
各社
書面
白人
白書
立法
医家
小生
打線
内科
両手
別館
船首
早期
化生
回数
天文
助手
本国
右手
歌手
氏名
紙帳
正面
部隊
京成
家具
街頭
同大
旗下
気書
季夏
人中
台所
本音
陸軍
神体
打者
店員
敗者
原作
仕法
動向
意思
商人
長姉
学者
古寺
先進
地元
長子
高音
大兵
部品
葉書
音声
国界
試料
初回
寒心
古書
正門
本館
名人
鏡台
平話
府県
産院
用水
下町
同紙
冷戦
安打
音色
酒席
暑気
始球
夜目
橋台
最深
当事
兄妹
船場
答辞
名目
予算
仕様
西土
雨風
子葉
板目
王室
左記
消極
無配
首席
祝日
省内
温水
下方
各氏
電流
医者
心理
内面
末日
漢語
谷間
老後
高台
材料
女児
空文
大豆
南国
手間
中隊
男声
同名
未来
重量
節目
事典
草体
文章
重点
声楽
大社
大小
必用
語路
声名
日記
公安
正月
府会
末期
横道
次男
小物
立入
階上
上流
単位
屋上
主力
省議
同校
南方
府立
主夫
首府
命題
人民
会期
後天
順位
大佐
内戦
半面
目録
来客
立会
村長
隊商
水産
同所
王者
言行
自国
式典
都度
不信
旅館
歌人
古人
戸数
上空
主筆
生体
内線
黒土
所信
都下
木材
白星
歌集
器機
原器
神酒
地主
業種
詩形
書類
都民
書物
生家
天心
天真
点心
反日
金工
消夏
西進
商家
商科
唱歌
全力
中風
成心
大寒
門戸
各地
実力
出欠
書信
旅先
同左
小父
水道
先登
短大
中火
係長
水深
車両
他国
頭首
治験
対岸
台風
島内
初等
電力
野鳥
自主
他行
薬物
組員
局員
国道
自転
手法
悲歌
皮下
品位
公海
出身
新宮
等級
漁船
候鳥
女王
薬湯
漢詩
給料
原案
使者
体育
博労
要地
黄鳥
上白
本石
外商
軍機
指数
首位
文明
家事
漢方
代官
和食
下味
定時
品番
方案
各紙
左上
市道
農業
部会
風味
県花
算数
小社
足首
木地
両氏
各階
原点
国王
紙面
機運
種子
自助
新星
体外
暗然
課員
楽長
期日
球場
古米
児女
次女
真実
台本
都会
本選
無線
様子
花街
後者
上意
積立
理想
画一
健児
小事
神人
副使
酒量
日用
英字
海路
前金
大作
市井
真相
当所
駅名
下流
全校
同村
文科
本物
無色
有印
上人
城頭
場面
数次
大空
中等
不足
見立
初球
身元
大半
伝説
同区
白地
本戦
立合
漁業
秋日
週日
真人
全港
年次
顔面
熱気
楽曲
初孫
商戦
正負
同港
道者
分館
返信
課題
楽器
校歌
細大
死球
主役
大差
反古
不満
夜空
下辺
漢字
器具
金糸
口才
所天
大玉
調書
付注
公課
功科
工科
残年
小鳥
小品
昼間
同博
筆者
回路
絵画
古都
固目
産地
台辞
大字
大地
題字
題辞
知歯
置市
無期
無形
気色
考課
行事
弱音
図書
東洋
名子
様式
良心
火花
神道
身上
水辺
正覚
先見
町内
灯油
動機
同好
家屋
寒気
商学
人手
組長
単向
開村
教書
国体
最少
細小
中身
同小
風上
分会
野分
養子
衣服
親方
地神
本位
活力
左官
次長
人徳
地上
角灯
館長
苦味
熊毛
書家
正客
天国
天地
母国
洋紙
寒害
管外
当方
文相
毎戸
名所
曲面
古参
行内
字書
小康
水力
風雪
林野
栄光
商港
上着
人類
正念
青雲
草案
着物
夜気
流星
和室
気持
後学
光学
好学
工芸
終着
水中
全線
対案
頭角
品種
薬事
金文
国府
市会
上使
身長
体協
標的
両面
引分
何頭
学級
宮家
校章
大火
直径
電線
土産
文芸
便所
有功
有向
火山
官公
死生
祝着
章典
店内
都県
戸別
小店
親族
通貨
道念
日計
横顔
西岸
風速
本号
役人
要員
後部
女流
代数
念頭
本番
例会
国字
自信
社寺
新橋
赤字
前兆
地位
仲冬
柱頭
無機
用語
客室
空家
同機
同高
府下
風水
要人
理由
学課
寒風
苦寒
詩話
世事
大工
同相
好例
高利
正教
男児
夕日
欠点
城市
神社
体力
白票
本城
名曲
衣料
記号
県道
小指
小石
童話
旅人
遠景
光速
公理
功利
国定
弱火
前文
計時
見地
原発
合金
社線
初級
水分
太陽
王様
岸辺
好物
社主
住民
電気
病室
歩道
小五
各市
関門
旗手
産道
成体
短期
入口
白米
屋内
君主
産科
小者
深雪
神明
声帯
前列
有人
各館
記文
記聞
曲芸
空気
公知
親米
親類
身内
大金
直中
点前
両国
王国
課目
海運
街角
気力
客船
公用
国旗
手口
他馬
付合
文様
教頭
交声
最速
手帳
心頭
新刀
神灯
人材
両社
外向
外港
近所
原油
公使
最低
事前
生死
青空
標語
法式
北洋
無実
両方
衣魚
医局
紙魚
次席
車輪
船頭
本船
満点
木星
有給
空身
辞表
生後
中研
丁年
発作
不死
付子
無言
無量
役目
林間
連歌
連火
気道
酒徒
新内
新約
深林
年数
名刀
名答
有色
例年
家集
元始
原紙
原詩
光熱
好機
山里
初夏
小暑
消暑
船員
昼食
田園
年上
羊水
信書
新緑
真書
親書
前庭
茶色
長女
直球
友達
音量
具体
出色
出典
商号
消印
省線
前例
追手
鉄工
童詩
美女
目前
家電
金具
死神
時化
主計
出番
信管
神官
成年
正道
先方
頭金
本業
名物
有無
火口
花芽
海気
酒場
先手
前歯
速度
短調
朝市
天上
伝記
徒歩
熱病
買気
母校
洋品
語頭
公庫
産児
秋波
所由
中古
中流
天機
転帰
要録
話題
楽屋
漁村
金物
後会
公会
公民
酒色
酒食
秋冬
乗員
新秋
神州
伝灯
道話
特典
文末
両院
雨量
園芸
横車
横笛
空前
神米
成果
成典
晴天
清風
生年
先代
同一
同館
日課
文筆
母子
母体
様相
家老
曲目
芸者
好古
山神
首題
終戦
勝機
生計
頭上
年歯
風船
無敗
両者
王朝
海辺
官位
後生
自力
数理
戦法
他家
大男
町名
内角
北門
目白
冷飯
王宮
岩場
顔色
機首
時速
手話
神事
対極
大台
達人
中級
土台
土中
兵力
北東
花形
海面
近世
好天
深海
都心
配点
不仲
風土
本心
塩分
化工
極右
原形
古着
式場
弱点
食器
真底
人身
正味
天漢
日子
両船
小二
右目
願書
金鉄
考試
山王
子中
人臣
生母
雪景
店先
日次
波間
白魚
富商
米兵
緑地
家兄
学期
教官
使命
食料
心耳
新字
人世
数学
正法
全店
他者
体重
通事
通辞
動議
白日
反戦
病者
役印
家長
県議
後葉
光陽
口中
参道
司書
社説
手順
春宮
小目
心事
神話
対物
中倉
土日
土用
同心
熱線
農夫
筆頭
無品
広葉
医道
機械
曲者
公金
口先
黒地
才気
祭器
小委
小数
身方
青果
前身
通年
同案
年下
副官
米作
横議
外人
各店
金魚
原人
指命
死命
実科
取付
親中
船台
全身
対内
通念
同位
分子
文面
便数
満席
塩味
何事
花鳥
開明
工員
左足
歯車
写実
小引
真先
神木
全長
地名
町民
長所
頭皮
本家
末位
民兵
葉色
例外
右記
右足
雨季
歌曲
行楽
左下
周期
出目
所長
女神
船上
村立
灯標
配下
病人
本官
本管
薬方
力学
加法
火薬
花輪
観点
器械
黒船
時文
辞書
初老
書名
不才
有線
両側
屋号
音曲
海原
気配
空白
原産
高空
黒石
習作
乗法
親元
親分
人望
正課
正貨
生花
青葉
足元
知見
同夕
童形
年頭
農村
美人
夜光
衣類
外伝
各車
形声
原理
時短
室外
秋季
出方
初動
身分
農場
不通
平屋
法会
法要
無位
養父
路面
付物
英紙
火手
火酒
階数
外部
気息
近県
軍楽
原料
高温
死角
秋期
秋気
小人
図利
水星
水生
水声
線路
同形
別名
無間
立方
悪声
沖合
外界
外灯
街灯
活路
左目
住人
出先
数列
戦国
村人
代打
転院
同工
不作
風物
本局
有料
老手
雨林
温室
荷物
具合
口車
高察
国父
主知
真顔
世子
川下
地面
農薬
不帰
別線
路上
夜明
会席
外来
学卒
管長
弓矢
空席
国富
作意
初雪
小差
小豆
真心
水位
全形
早計
卒中
体面
代地
朝野
底辺
文物
薬品
要所
家法
花束
海中
機材
教理
曲線
決勝
車体
手羽
小節
小男
章節
新都
神前
赤地
前節
草魚
太初
大暑
農相
不漁
風景
文教
本場
本体
野辺
悪貨
歌声
期首
議席
急所
教材
軍隊
結末
康平
才子
祭司
市議
時機
次子
社協
小曲
小使
小母
信金
新品
声門
戦力
大所
直間
定休
天宮
土手
道行
農産
薬味
勇気
林道
下面
機業
古典
後方
交点
光点
高点
国司
時差
酒手
新説
神様
図画
青春
船長
他方
伝票
美風
部下
本朝
夜鳥
急談
急電
金品
工兵
散人
姉妹
自体
受入
終期
出前
助字
助辞
上体
信念
早見
他校
大雨
男物
定員
底力
道場
面輪
毛根
門徒
里方
上角
大体
下水
火力
開府
階級
区民
社頭
重油
戦場
全曲
全文
台地
大王
大隊
地図
丁字
年号
力点
下角
横丁
音頭
下風
家元
家風
学芸
岩山
機知
教主
極地
軍国
功名
行員
耳目
取組
新曲
多肉
大局
大葉
都銀
等号
表側
文名
兵器
民家
目頭
有半
里親
連中
手指
主司
医長
海港
活気
岩木
気品
客足
原画
光明
祭式
辞令
初給
身命
台車
大群
茶室
内輪
美顔
不敗
陽光
労相
老母
愛犬
下着
角度
急流
魚心
軍談
好守
幸先
詩家
詩歌
詩学
試薬
歯学
字形
辞意
小犬
新雪
臣節
人前
人足
声量
仲兄
低空
売出
表札
病名
不実
文庫
本命
名作
浴用
細切
悪女
駅員
旗印
客地
級友
競書
強風
業主
月間
言笑
黒板
市有
試案
出足
上面
色街
信実
新春
水色
正金
線香
組曲
男色
地理
電灯
当社
同気
童心
内局
方言
本流
民法
名車
和風
目当
悪日
遠海
屋外
夏物
果物
魚類
曲名
銀色
高弟
黒星
産別
次位
手中
終点
宿願
春雨
勝敗
小包
申立
親指
先考
戦功
他所
台帳
店名
入日
反感
文楽
文法
名声
薬用
用事
労音
見出
悪玉
横町
屋根
外紙
観法
局部
軍旗
軍記
古楽
山行
山林
散光
寺院
主位
主意
手芸
初会
上官
食管
水気
生理
前景
全景
大軍
大便
天体
白丁
本島
目先
有事
夕陽
老木
和服
小船
悪法
悪役
王族
階下
外角
気運
軽重
軽油
県連
原典
公立
校庭
主観
取消
首級
所員
信徒
水屋
正使
多産
題名
茶会
同家
内側
買手
歩調
法量
本土
毛虫
有司
遊子
遊糸
愛車
各線
強度
景観
結社
後味
詩書
事後
主祭
初音
初子
真空
神都
人里
足場
大麦
町人
長流
天元
伝家
白球
文言
母印
無休
毛色
用字
両人
主菜
雨戸
運命
花台
回文
機具
牛歩
漁協
係官
県下
口元
行末
香道
細君
菜園
主戦
主薬
手元
順番
暑中
女心
深浅
戦敗
線量
船体
足音
谷行
中位
定法
鉄人
都合
頭取
年令
敗色
風雨
文官
法家
法科
法貨
木具
理念
老年
雨雲
横糸
王家
外形
牛肉
空調
祭典
子役
実車
手管
首長
所用
勝地
小乗
小声
小知
新種
水着
石炭
全館
全席
大皿
単語
単品
中味
低音
電器
土石
島民
特色
農協
飛球
本箱
名水
野草
洋式
要式
路地
子取
歯切
引金
引鉄
果菜
回章
学位
学究
関取
球児
局番
金庫
金満
群島
元利
湖底
語録
口笛
産年
仕丁
事例
実体
実定
女手
焼肉
上衣
食道
世間
整式
石材
先人
多客
大黄
当機
等角
道具
南口
入試
不問
風神
風説
母方
牧草
本屋
本数
野外
洋酒
列島
光一
結付
表着
井然
王事
温度
丸太
機長
気心
急使
共和
係員
古手
公道
口火
産声
次節
実父
写字
社名
小麦
上役
色石
新芽
人魚
図式
水軍
水流
整然
積雪
全土
大安
大老
題材
地衣
電子
当行
同族
道管
鼻歌
病苦
不発
文民
野菜
油絵
洋語
洋上
用後
利便
理数
園長
黄道
音階
荷台
海流
感覚
顔料
原題
後発
光来
始原
実話
祝電
色弱
心力
真理
神風
水虫
線区
全会
相者
単機
単記
長上
定説
点景
湯船
入級
念力
白馬
物流
文集
便器
満員
満天
名門
洋服
利点
両極
両校
両省
以東
委曲
家業
火種
寒帯
感想
機上
気温
局地
芸風
血便
原由
公法
口調
工法
国交
国名
根気
根底
最古
子女
自席
実子
車外
主神
受取
女坂
商用
信教
真草
神階
親友
石柱
石頭
選良
早足
単形
竹光
中高
仲人
朝命
転作
内耳
肉感
半生
不学
不着
文具
文語
本港
無上
明器
木札
門葉
有休
遊休
用具
要事
顔立
酒神
英才
英和
駅長
夏場
家伝
回天
海兵
外電
外様
角材
学業
器材
共管
近親
金線
形勝
径路
景勝
公案
公印
産前
産物
司祭
子犬
子分
市外
指標
止観
寺社
時日
自前
実物
実名
車間
車列
手鏡
所以
小変
笑芸
心木
新形
親水
青豆
赤毛
切花
前菜
倉庫
大命
大目
単願
茶柱
茶番
通期
通所
庭園
鉄路
天命
動意
同根
熱意
買取
白菜
箱屋
飯台
美観
美酒
部外
兵員
母港
毛糸
目上
矢板
油田
有生
遊星
洋弓
用兵
陽子
利息
陸協
陸相
料飲
冷夏
礼金
老親
形無
飲物
家路
界面
貝類
街談
学園
学力
漢学
休園
極印
金貨
景品
血管
建材
公害
口実
広原
合間
細身
作出
使臣
指輪
死力
字体
治世
自伝
鹿毛
手引
手本
州法
週給
助員
商機
商業
小器
笑気
信組
神国
図上
正伝
生水
石門
雪国
太極
打球
短刀
男根
男坂
定形
定番
鉄板
転機
土物
道心
南天
肉親
日貨
熱湯
麦酒
反共
反動
氷山
兵隊
法灯
末路
未完
名画
面相
木芽
目線
要港
里子
立体
良法
林地
羽車
雨天
王手
歌業
画風
外観
各位
学年
官軍
間然
間道
機体
気合
球形
漁民
近火
径行
芸名
古刀
行金
差金
才女
細管
作風
詩集
持家
時給
自室
主調
手付
州兵
秋水
週番
春節
所産
所定
女中
商事
小道
食味
申入
親王
水草
成分
晴着
正方
切線
説話
雪上
雪線
先客
戦利
選集
側近
対辺
大度
大番
知合
地形
地表
中秋
中門
弟分
天才
天使
伝令
湯気
当人
同数
道教
道順
日月
念書
博徒
美徳
病原
病巣
富強
風雲
風鳥
末代
満身
無季
名医
名勝
陸運
両紙
両様
冷害
路次
労力
悪意
意力
羽毛
円上
下番
加薬
家産
家相
歌道
火元
海底
学風
楽章
寒天
官学
器物
器量
機電
季語
急場
教生
金力
苦楽
苦言
軍学
月産
月内
原色
言辞
古老
光量
広角
作者
紙屋
字面
実兄
実姉
車庫
手動
秋口
秋風
終身
宿命
祝勝
所労
女物
小農
少雨
城下
身根
人知
水球
水心
水兵
星雲
正札
清元
切札
切点
節点
雪雲
戦火
船旅
前章
前生
早道
早番
代役
大祭
単級
知命
地声
虫歯
長雨
点字
電波
登高
度量
土足
土筆
刀工
灯光
当校
等外
等身
肉体
農民
馬子
買上
売場
白文
鼻先
票田
表音
富農
父兄
物事
別命
返書
法衣
法城
末席
名器
名字
洋楽
洋書
浴衣
冷風
和文
歯止
悪友
安物
印章
右岸
運気
遠見
下級
下名
家名
科白
回虫
絵図
害虫
学童
官省
官話
漢和
客気
急足
牛女
漁港
強火
金銀
区切
形体
軽量
芸談
決選
月給
語口
工具
行路
左飛
祭具
死線
事案
持味
時流
実年
車止
主文
取水
集客
祝辞
春期
春物
所司
所思
小用
乗客
色気
色調
神童
神品
身辺
世相
星空
正室
昔話
積年
赤貝
節度
浅緑
前説
全局
全馬
村民
打切
単勝
短観
地酒
朝見
長旅
通路
低温
庭球
鉄柱
度合
土建
答案
動画
道理
特使
読後
読方
年配
農林
番犬
氷原
表土
副業
文体
返球
法定
本題
無官
門松
野花
野選
両家
良家
類書
連隊
労作
老少
愛社
悪習
印画
引合
王公
下絵
画材
画集
絵馬
絵筆
開運
外信
学説
学徒
学名
学友
寒村
旗標
記数
漁具
魚肉
競輪
近海
近辺
金持
苦虫
軍配
結石
結縄
血清
月面
元物
原物
古式
公主
好手
工手
号外
合板
国庫
国鳥
国力
黒酒
今生
昨季
山場
産油
残雪
残土
子息
市電
糸口
持主
持前
次兄
自発
実弟
実母
実例
社屋
社外
社業
主動
取調
守成
拾物
週休
集名
春季
所行
少佐
上方
乗物
色合
色町
食間
新教
神鏡
図案
図表
正体
赤子
戦野
浅才
前官
巣箱
多岐
多面
打順
体毛
地力
中佐
長老
追風
定温
天空
刀心
刀身
投信
灯心
灯船
等親
特会
特長
特番
内陸
波長
買主
半角
半径
半量
反間
板前
飯事
悲話
美学
鼻息
標札
標本
秒速
夫役
負軍
負戦
部局
部数
物体
平温
変局
変電
方位
法器
法文
北岸
北風
民芸
民放
無給
明日
目高
予科
洋名
流行
列強
老害
老公
目差
持成
物差
物指
後向
光物
根引
焼立
旅立
愛児
意表
引手
王女
黄白
温帯
加害
果実
果皮
火消
課業
回流
絵具
外事
外周
外洋
覚書
角番
学区
寒空
官民
感量
漢文
観想
観相
間者
関数
館主
旗本
機先
気節
汽船
希節
球速
究極
究理
漁火
強弱
強心
曲節
曲想
極意
極寒
極光
近景
軍刀
血道
月白
犬歯
県会
見所
原級
古文
後室
光画
好日
校外
港外
行間
行司
号旗
差引
才媛
山男
山羊
残部
子細
子羊
死票
死本
詩才
持説
自軍
自説
自筆
辞色
実景
社命
借手
弱年
弱味
手塩
受持
秋空
重陽
所作
書作
書中
小照
小身
省油
笑話
乗組
心火
心太
心友
新酒
新選
真中
真勇
神歌
神火
神橋
神馬
臣下
進取
進路
図星
水運
水牛
星章
晴間
清勝
生肉
青書
折紙
戦隊
戦列
線形
船隊
選対
前世
全階
全知
組子
草取
速足
速歩
続開
続投
他聞
単月
短詩
短命
地気
地平
中形
仲直
朝練
長物
長夜
長話
通気
低利
定見
庭木
電動
冬山
当来
道化
特大
特例
読者
内径
縄文
南洋
日照
年商
農具
農道
馬番
半休
半弓
反歌
番台
悲引
悲願
美感
美声
鼻血
表意
表題
富家
負号
福音
福利
聞耳
便船
法弟
法服
本校
満開
未然
民業
民話
無才
名実
毛筆
目玉
野羊
油井
有理
遊里
洋画
洋間
洋種
洋食
用材
要具
利害
里数
陸橋
流血
両行
良工
良港
良相
力動
冷茶
老臣
老身
和算
左角
空売
元売
祝事
心待
石積
立読
愛書
愛息
愛鳥
愛別
悪運
悪寒
悪漢
悪気
悪業
悪形
悪血
悪才
悪者
悪手
悪所
悪書
悪場
悪食
悪心
悪神
悪人
悪相
悪童
悪道
悪徳
悪念
悪筆
悪病
悪風
悪文
悪様
悪例
安宿
暗雲
暗君
暗号
暗黒
暗室
暗主
暗色
暗線
暗箱
暗部
暗夜
暗流
案下
案文
位階
委細
意中
衣手
医界
医業
医書
井守
井目
育休
印形
印材
印池
印伝
印肉
印面
員外
引歌
引戸
引札
引数
引船
引縄
引物
引力
引例
飲屋
飲助
飲水
飲代
飲茶
院外
院号
院主
右近
右左
右筆
右府
右文
右辺
羽衣
羽音
羽交
羽虫
羽風
羽目
雨間
雨気
雨具
雨空
雨後
雨声
雨足
雨皮
雨氷
運上
運筆
雲海
雲間
雲気
雲級
雲形
雲助
雲上
雲水
雲足
雲表
雲母
雲量
雲路
栄位
栄典
泳者
英学
英気
英主
英図
駅手
駅頭
駅路
円周
円心
円柱
円本
園地
園丁
遠音
遠火
遠近
遠国
遠心
遠足
遠島
遠道
遠方
遠目
遠矢
遠洋
遠来
遠流
遠路
塩引
塩花
塩害
塩気
塩豆
塩物
塩類
横雲
横形
横根
横紙
横手
横線
横隊
横波
横物
横木
横目
横列
王佐
王水
王代
王土
王道
王法
王命
黄玉
黄水
黄体
黄梅
岡引
岡持
岡目
沖天
屋体
温顔
温気
温州
温習
温石
温熱
音感
音訓
音字
音信
音節
音速
音調
音波
音物
音便
下火
下戸
下根
下作
下司
下種
下女
下心
下人
下図
下前
下草
下足
下帯
下男
下表
下目
下役
化身
何方
何役
何様
加水
加数
夏作
夏山
夏服
家君
家訓
家作
家借
家信
家臣
家数
家父
家母
家門
家来
家令
家例
科挙
科人
果肉
歌口
歌心
歌切
火玉
火祭
火皿
火色
火水
火切
火打
火柱
火縄
火夫
花屋
花軍
花札
花時
花実
花守
花色
花信
花心
花代
花道
花氷
花落
花梨
荷札
荷車
荷主
荷積
荷船
荷足
荷縄
荷馬
荷役
貨車
画業
画才
画商
画数
画然
画題
画帳
画板
画筆
賀春
賀正
会意
会心
会友
回米
海牛
海月
海参
海神
海図
海内
海馬
海風
海陸
界標
絵心
絵付
開題
貝焼
貝柱
外気
外客
外宮
外教
外局
外語
外材
外字
外耳
外積
外孫
外題
外典
外道
外皮
外物
外聞
外米
外法
外面
外用
外力
外輪
害悪
害心
害鳥
各駅
各科
各区
各月
各室
各面
各様
角書
角帯
角柱
角通
角笛
学兄
学才
学事
学都
学徳
学府
学理
楽音
楽市
楽焼
楽人
楽節
楽想
楽典
楽天
楽土
楽日
活花
活魚
活計
寒月
寒色
寒竹
寒梅
寒流
寒路
完本
官金
官女
官服
官辺
官有
官立
感熱
漢意
漢音
漢書
管下
管見
観兵
間引
間欠
間口
間色
間代
間男
間柱
間縄
間夫
関守
関所
関白
丸材
丸取
丸首
丸打
丸帯
丸麦
丸本
丸薬
岩塩
岩魚
岩根
岩室
岩石
岩組
岩頭
顔役
願意
願行
願事
願主
願人
願文
願力
器楽
旗雲
旗持
旗色
旗頭
旗日
機外
機根
機才
帰命
気位
気球
気根
気前
気流
汽笛
季秋
季春
起電
起票
起毛
議事
議題
議連
客位
客間
客語
客車
客種
客体
客土
客分
宮室
宮守
宮人
宮中
宮門
弓形
弓取
弓手
弓道
弓馬
急火
急信
急調
急病
急用
求道
泣顔
泣言
泣女
球根
球心
球体
球道
球面
級数
級長
牛後
牛車
牛刀
牛頭
牛馬
牛皮
去秋
去声
挙国
挙世
挙動
挙例
漁場
漁色
漁灯
漁夫
漁父
漁法
漁労
魚群
魚子
魚族
魚田
魚道
魚板
魚油
京間
京菜
京女
京童
競市
競買
競歩
共助
共役
強弓
強国
強者
強談
強飯
強兵
強味
強面
教案
教具
教場
教典
教父
教本
教門
橋板
鏡石
鏡板
鏡面
業火
業苦
業病
業風
業物
局外
局紙
局所
局方
曲学
曲玉
曲直
曲馬
曲筆
極安
極楽
極官
極月
極左
極細
極所
極書
極上
極太
極熱
極付
極量
玉案
玉音
玉菜
玉算
玉糸
玉章
玉体
玉代
玉歩
玉目
玉門
近間
近業
近国
近事
近目
近流
金位
金員
金円
金気
金欠
金言
金口
金高
金札
金字
金側
金談
金地
金的
金頭
金波
金売
金風
金輪
銀位
銀漢
銀器
銀山
銀糸
銀紙
銀側
銀地
銀笛
銀天
銀波
銀輪
区長
区点
苦塩
苦界
苦竹
苦熱
苦役
具案
具足
空音
空語
空合
空耳
空車
空色
空説
空戦
空巣
空谷
空談
空地
空茶
空豆
空馬
空母
空名
空木
空目
空理
空陸
空冷
空列
熊祭
熊手
君王
君公
君国
君臣
君側
君徳
君父
君民
君命
訓辞
訓点
群雲
群議
群小
群臣
群青
群竹
群落
軍医
軍功
軍港
軍手
軍書
軍神
軍船
軍馬
軍票
軍夫
軍服
軍法
軍命
軍門
軍役
軍旅
軍令
郡代
兄達
形相
形代
景物
軽挙
軽業
軽口
軽四
軽焼
軽石
軽卒
軽風
芸事
芸当
芸道
芸文
芸林
欠員
欠字
欠番
欠文
欠本
欠目
結界
結願
結言
結語
結節
結線
結文
血気
血行
血祭
血色
血相
血族
血刀
血豆
血肉
血目
血路
月極
月次
月色
月食
月切
月草
月代
月読
月番
月表
月別
月明
月毛
月役
月利
月輪
健筆
建玉
建具
建水
建徳
建売
犬馬
研屋
研北
県人
県令
見神
見台
見目
見料
元結
元種
元正
元帳
元方
元老
原意
原音
原初
原書
原図
原生
原隊
原注
原虫
原麦
原板
原皮
原票
原品
原付
原名
原毛
原木
言下
言外
言説
言伝
古音
古学
古顔
古希
古記
古訓
古形
古血
古語
古事
古城
古色
古巣
古体
古鉄
古伝
古筆
古物
古兵
古流
固形
固体
戸外
戸主
戸長
湖岸
湖上
湖心
湖水
後光
後口
後作
後山
後産
後指
後書
後場
後先
後前
後足
後朝
後便
後目
後列
語感
語形
語原
語根
語手
語種
語順
語草
語部
語物
語末
交番
交友
候文
光風
光輪
公魚
公孫
公達
功労
口絵
口角
口金
口語
口合
口取
口前
口茶
口伝
口辺
好望
工合
工数
幸便
広間
広口
広前
校訓
校倉
校風
校本
校友
行火
行学
行宮
行実
行手
行灯
行頭
行道
行平
行旅
行力
香花
香魚
香具
香合
香車
香水
香箱
香物
香油
高下
高角
高札
高節
高説
高足
高低
高波
高風
高話
号音
号笛
合印
合羽
合口
合札
合切
合着
合名
国運
国訓
国号
国持
国典
国表
国母
国利
国老
黒雲
黒熊
黒血
黒光
黒松
黒焼
黒炭
黒竹
黒点
黒豆
黒米
黒毛
黒目
今上
今昔
今風
今方
今様
根号
根菜
根城
根雪
根太
根方
根毛
左岸
左近
左府
左辺
差合
差紙
差歯
差水
差前
差足
差分
差毛
差料
最愛
最強
才芸
才取
才徳
才筆
才物
才力
才六
祭事
祭主
祭神
祭日
祭服
祭文
細引
細雨
細作
細事
細字
細雪
細道
細波
細筆
細民
細面
細目
細流
菜館
菜種
材木
坂道
作間
作男
作土
作法
作例
刷物
刷本
札差
札止
札所
札束
札付
山雨
山気
山犬
山国
山菜
山坂
山寺
山女
山人
山水
山相
山鳥
山刀
山畑
山番
山風
山立
散楽
散票
散文
産衣
産気
産金
産室
産着
産直
産土
産湯
産毛
算式
残火
残花
残金
残欠
残月
残暑
残照
残生
残飯
残品
残物
残夜
仕業
仕向
仕種
仕草
使番
始発
始筆
姉達
子安
子持
子鹿
子種
子日
子方
市松
指先
指分
止金
死花
死活
死金
死時
死所
死身
死水
死病
死物
死目
氏子
氏神
氏族
糸車
糸竹
糸底
糸目
紙花
紙切
試筆
歯根
歯肉
事物
事変
字引
字音
字画
字訓
字数
字母
寺号
寺子
寺男
持場
持番
持病
持物
持薬
時雨
時局
時空
時数
時服
時様
次号
次数
滋養
耳金
耳順
耳輪
自今
自注
自門
自流
鹿子
式台
式日
式服
式法
式目
失意
失語
失体
失地
失投
室温
実悪
実意
実印
実員
実害
実学
実機
実記
実字
実数
実正
実説
実線
実竹
実包
実方
実妹
実録
写絵
写本
社運
社日
社風
社友
者共
車引
車速
車代
車馬
車夫
車力
借間
借景
借主
借受
借地
借着
借物
借料
弱行
弱国
弱卒
弱竹
弱虫
主音
主客
主教
主君
主語
主上
主点
主部
主命
主面
取口
取高
取札
取前
取的
取分
取立
守宮
守札
守神
守刀
守兵
守役
手下
手械
手旗
手業
手玉
手金
手合
手刷
手札
手事
手持
手車
手植
手心
手水
手相
手代
手長
手刀
手箱
手鼻
手風
手兵
種牛
種紙
種族
種馬
種板
種皮
種物
種本
種油
酒塩
酒気
酒客
酒倉
酒肉
首輪
受口
受皿
受章
受身
受動
州民
州立
拾屋
秋雨
秋月
秋高
秋作
秋色
秋晴
秋草
秋物
秋分
秋冷
終車
終章
終発
習字
習知
集題
住戸
重科
重言
重手
重心
重臣
重水
重席
重土
重湯
重箱
重病
重役
宿悪
宿意
宿雨
宿運
宿屋
宿学
宿業
宿根
宿所
宿場
宿世
宿帳
宿徳
宿便
宿木
宿料
宿老
祝意
祝言
祝祭
祝酒
祝典
出花
出丸
出自
出初
出湯
出鼻
春画
春寒
春景
春作
春色
春雪
春着
春分
春本
春陽
順風
順法
順流
順列
順路
初荷
初学
初空
初午
初口
初号
初産
初耳
初秋
初春
初声
初切
初速
初伝
初湯
初発
初筆
初氷
初物
初夜
初役
所化
所外
所願
所業
所書
所説
所伝
暑熱
書屋
書画
書庫
書札
書式
書取
書風
書目
書役
書林
助祭
助炭
女院
女官
女気
女給
女工
女持
女色
女人
女竹
女童
女波
勝運
勝星
勝味
商運
商館
商才
商標
唱名
小寒
小官
小業
小結
小言
小国
小作
小皿
小字
小耳
小首
小書
小女
小水
小前
小隊
小昼
小弟
小刀
小頭
小童
小波
小梅
小半
小鼻
小付
小兵
小満
小名
小面
小力
小話
松虫
松風
松明
消口
消炭
焼印
焼塩
焼絵
焼魚
焼玉
焼金
焼山
焼場
焼石
焼鳥
焼売
焼畑
焼飯
焼物
照焼
照度
省力
上絵
上客
上玉
上古
上戸
上根
上作
上紙
上前
上側
上長
上底
上天
上板
上番
上皮
上表
上物
上聞
上目
上薬
上様
乗具
乗合
乗手
乗場
乗打
城主
城門
場景
場席
場代
場末
植生
色悪
色絵
色覚
色感
色香
色事
色女
色神
色相
色男
色道
色物
色目
色里
食塩
食客
食指
食通
食肉
食分
信者
信女
心音
心願
心血
心月
心根
心材
心室
心祝
心付
心夫
新案
新院
新顔
新月
新語
新身
新茶
新着
新店
新湯
新道
新兵
新味
新来
新令
深間
深手
深酒
深緑
申楽
申文
真横
真言
真向
真水
真前
真竹
真土
真皮
真筆
神器
神業
神君
神式
神主
神色
神水
神通
神典
神徳
神文
神変
臣民
親玉
親心
親節
親船
親鳥
親日
親筆
親木
身空
身形
身柱
進運
進物
人海
人橋
人才
人山
人声
人相
人柱
人頭
人波
人馬
人買
人品
人夫
人面
図引
図会
図絵
図学
図工
図体
図法
図様
図録
水引
水雲
水音
水絵
水害
水魚
水鏡
水玉
水銀
水計
水芸
水月
水根
水差
水菜
水仕
水子
水神
水船
水足
水柱
水鳥
水底
水天
水筆
水夫
水物
水母
水木
水薬
水油
水陸
水冷
水練
数行
数式
数物
世才
世上
世心
世人
世道
成員
成虫
整数
星合
星祭
星宿
星図
星夜
晴雨
正員
正訓
正号
正真
正数
正中
正風
正目
清栄
清音
清酒
清談
清白
清流
生業
生血
生紙
生酒
生首
生節
生皮
生面
生木
生薬
生類
声音
声聞
声望
青貝
青玉
青菜
青色
青草
青地
青竹
青虫
青馬
青票
青物
青毛
静心
静夜
席画
席次
席順
席入
席末
席料
昔日
昔年
石印
石英
石火
石弓
石工
石高
石持
石女
石組
石竹
石庭
石板
石筆
積悪
積雲
積荷
積木
赤金
赤熊
赤札
赤紙
赤手
赤心
赤土
赤道
赤飯
赤鼻
赤本
赤目
赤門
切火
切岸
切口
切子
切紙
切首
切所
切身
切水
切石
切先
切炭
切地
切売
切畑
切米
切目
折角
折戸
折山
折助
折節
折線
折箱
折本
折目
節糸
節分
節用
節理
雪害
雪空
雪見
雪原
雪山
雪女
雪消
雪男
雪白
雪氷
雪路
先王
先覚
先学
先君
先口
先山
先天
先箱
先夫
先負
先兵
先便
先約
先様
先例
川音
川船
川竹
川底
川面
戦雲
戦局
戦役
戦友
浅黄
浅海
浅手
浅春
線表
船荷
船客
船級
船具
船軍
船室
船主
船守
船宿
船人
船倉
船側
船足
船着
船虫
船底
船内
船板
船標
船便
船方
船用
船路
選外
選民
前科
前芸
前言
前古
前祝
前書
前場
前足
前便
前門
全音
全科
全課
全角
全期
全区
全戸
全書
全数
全波
全便
組下
組歌
組糸
組重
組打
組頭
組物
倉荷
倉卒
想念
早業
早口
早耳
早出
早昼
早天
早縄
早年
早馬
早便
早老
巣引
争議
争点
相客
相銀
相国
相宿
相席
相聞
相役
相輪
草屋
草画
草月
草原
草根
草市
草色
草卒
草笛
草分
草本
送辞
送料
側室
側節
側線
側帯
側板
側部
側目
側役
息女
束帯
足業
足形
足軽
足芸
足代
足湯
足熱
足労
速算
速達
速筆
速力
族長
続物
卒然
村雨
村童
村方
村落
村里
他事
他心
他動
他物
他門
他流
他力
多雨
多血
多元
多倍
多売
多聞
多毛
太字
太守
太線
太夫
太物
打首
打豆
打物
打歩
体温
体言
体積
体側
対屋
対語
対流
帯金
帯紙
帯祝
帯側
帯地
帯皮
待人
隊列
代案
代印
代走
代品
台形
台場
大円
大願
大弓
大協
大業
大君
大戸
大鹿
大乗
大身
大足
大通
大徳
大波
大悲
大福
大望
大役
大勇
大礼
題言
達引
達見
達文
単音
単元
単式
単車
単色
単数
単線
単体
単発
単物
単文
単葉
単利
単流
炭火
炭庫
炭山
炭車
炭取
炭焼
炭田
短音
短見
短才
短所
短章
短信
短文
短夜
男気
男工
男持
男手
男心
男帯
男波
談林
知育
知音
知行
知者
知徳
知勇
知友
知力
地引
地雨
地温
地歌
地顔
地金
地口
地紙
地所
地色
地積
地虫
地底
地頭
地熱
地番
地物
地文
地米
地変
地歩
地目
地役
池心
置引
置屋
置字
置土
置物
竹工
竹紙
竹馬
竹輪
茶園
茶器
茶気
茶事
茶所
茶人
茶席
茶庭
茶店
茶入
茶飯
茶味
茶話
着駅
着発
着類
中温
中音
中休
中業
中空
中口
中黒
中子
中指
中手
中食
中折
中卒
中置
中庭
中天
中点
中肉
中農
中表
中有
中老
仲合
仲秋
仲春
昼顔
昼飯
昼夜
虫気
虫薬
丁場
丁数
丁半
丁付
帳元
帳合
帳場
帳票
帳付
朝顔
朝酒
朝湯
朝飯
町医
町場
町歩
町方
調音
調車
調帯
調度
調歩
長円
長音
長歌
長月
長者
長手
長足
長虫
長刀
長湯
長道
長文
鳥人
鳥追
鳥目
直音
直会
直宮
直参
直心
直積
直弟
直伝
直門
直列
直路
追号
追福
追分
通言
通説
通箱
通番
通風
通有
通力
通例
低速
低木
定宿
定点
定命
定理
底意
底魚
底土
底豆
底面
底流
庭訓
庭口
庭石
庭先
庭前
庭草
庭梅
的屋
笛竹
鉄管
鉄器
鉄橋
鉄血
鉄材
鉄色
鉄心
鉄石
鉄線
鉄筆
鉄分
鉄輪
典章
典薬
典例
天意
天運
天火
天界
天顔
天球
天金
天候
天産
天子
天助
天女
天人
天水
天孫
天日
天馬
天物
天分
天辺
天目
天来
店屋
店子
転結
転石
転注
点画
点線
点茶
点薬
伝書
伝助
伝単
田楽
田作
田植
田虫
田遊
電位
電界
電球
電極
電材
電算
電場
電柱
電熱
電文
電路
徒花
徒口
徒死
徒事
徒者
徒手
徒食
徒足
徒弟
徒名
都鳥
都電
土間
土気
土語
土工
土焼
土色
土人
土星
土民
冬芽
冬空
冬作
冬場
冬草
冬着
冬日
冬木
島山
島守
島台
投首
投節
投売
投物
投力
東雲
東屋
東歌
東口
東国
東男
東天
東風
東遊
東路
湯花
湯元
湯女
湯水
湯茶
湯葉
湯量
灯火
灯明
当家
当館
当字
当住
当身
当店
当落
当流
当路
等位
等温
等式
等辺
等量
豆銀
豆炭
豆板
豆本
豆類
頭字
頭重
頭注
動輪
動労
同君
同色
同人
同筆
同母
同門
同友
同類
同列
童歌
童画
童顔
童部
道火
道人
道草
道標
道服
道民
徳育
徳望
徳目
徳利
特急
特級
特金
特車
特種
特電
特等
特命
特立
読会
読手
読人
読物
読本
奈落
内意
内界
内記
内議
内宮
内金
内高
内室
内所
内積
内争
内孫
内題
内庭
内典
内湯
内皮
縄付
縄目
南画
南岸
南倉
肉界
肉牛
肉交
肉色
肉声
肉池
肉入
肉筆
肉類
日給
日切
日待
日動
日歩
日輪
入海
入子
入神
入声
入船
入道
入内
入夫
入物
入目
熱球
熱血
熱度
熱風
熱量
年央
年子
年弱
年取
年表
年利
年輪
農園
農期
農芸
農事
農兵
農法
波風
波面
波路
馬印
馬屋
馬具
馬市
馬車
馬主
馬手
馬草
馬丁
馬追
馬頭
馬肉
馬飛
馬標
馬方
馬面
馬料
馬力
馬連
敗軍
敗残
配所
配役
倍音
倍角
倍数
倍大
梅酒
梅林
買薬
売口
売国
売子
売主
売手
売女
売笑
売色
売人
売声
売品
売文
売名
売薬
売立
博愛
博引
博打
博聞
白衣
白羽
白雨
白雲
白玉
白金
白銀
白熊
白根
白糸
白歯
白酒
白首
白身
白線
白太
白炭
白茶
白湯
白波
白梅
白兵
白面
白目
白話
麦雨
麦角
麦作
麦秋
麦茶
麦笛
麦湯
麦畑
麦飯
箱書
箱船
箱庭
畑作
発意
発頭
発話
半円
半音
半開
半玉
半金
半作
半紙
半切
半天
半白
半文
半平
半輪
反橋
反軍
反語
反照
反身
反切
反物
反米
反別
反歩
反立
反例
板屋
板間
板材
板子
板紙
板場
板本
板木
飯場
飯店
飯米
番屋
番所
番卒
番茶
番長
番頭
番兵
悲運
悲母
悲鳴
皮具
皮帯
飛魚
飛札
飛車
飛信
飛石
飛台
飛電
飛箱
飛板
美育
美音
美挙
美形
美景
美事
美辞
美神
美身
美談
美点
美田
美童
美文
鼻音
鼻紙
鼻水
鼻声
鼻柱
鼻面
鼻毛
鼻木
鼻薬
必勝
必然
筆意
筆画
筆紙
筆順
筆生
筆先
筆戦
筆太
筆箱
筆法
筆名
筆力
標号
標題
標柱
標注
標灯
標縄
標目
氷雨
氷海
氷魚
氷室
氷水
氷雪
氷炭
氷柱
氷野
表具
表芸
表口
表高
表号
表地
表徳
表皮
表方
表門
病家
病犬
病根
病身
病体
病変
病葉
病理
品玉
品行
品等
不一
不感
不休
不急
不具
不言
不念
不買
不文
不例
不労
不老
付火
付根
付焼
付図
付文
付目
夫君
夫子
富国
富札
富者
富力
父君
父上
父方
父様
父老
負数
負目
部材
部室
部首
部族
部民
部面
部立
風位
風花
風害
風気
風教
風月
風見
風光
風向
風習
風色
風声
風前
風草
風足
風体
風波
風流
風力
副手
副食
副題
副文
副本
副木
福引
福運
福耳
福助
福茶
福豆
福分
物音
物界
物見
物持
物置
物日
物量
分校
分室
分身
分数
分隊
分秒
分母
分量
分力
文案
文意
文運
文金
文月
文才
文事
文治
文辞
文色
文身
文節
文中
文鳥
文典
文頭
文箱
文例
聞香
聞事
聞酒
聞所
聞書
聞達
聞物
聞役
兵学
兵事
兵種
兵書
兵船
兵卒
兵長
兵馬
兵役
平家
平曲
平語
平作
平皿
平時
平手
平首
平城
平場
平信
平身
平水
平声
平打
平体
平底
平熱
平麦
平服
平文
平米
平民
平面
米塩
米語
米材
米所
米飯
別院
別間
別後
別口
別刷
別使
別紙
別辞
別室
別種
別伝
別電
別当
別品
別物
別便
別法
変種
変人
変数
変体
変物
変量
返札
返点
返電
便意
便衣
便通
便服
便法
歩数
歩卒
歩兵
母屋
母音
母語
母式
母上
母線
母船
母物
包金
包皮
包有
放線
放列
方円
方図
方様
法印
法楽
法橋
法語
法号
法治
法主
法線
法体
法典
法名
法門
法力
法輪
法令
法例
法話
北画
北辺
牧歌
牧牛
牧者
牧人
牧笛
牧童
牧夫
牧民
牧羊
本案
本科
本歌
本丸
本願
本字
本寺
本身
本節
本然
本草
本末
末学
末子
末寺
末社
末書
末世
末節
末孫
末筆
末文
末法
末木
末流
満会
満願
満期
満月
満作
満山
満室
満車
満票
味覚
未見
未生
未草
未配
未必
民意
民活
民宿
民心
民選
民草
民度
民望
民有
民力
無印
無下
無欠
無血
無月
無産
無主
無手
無住
無宿
無水
無想
無代
無題
無地
無電
無二
無熱
無風
無文
無辺
無明
名案
名家
名花
名君
名月
名犬
名言
名工
名香
名号
名札
名山
名主
名城
名親
名数
名節
名代
名題
名店
名馬
名筆
名付
名望
名木
名利
名流
命運
命数
命日
命毛
明暗
明王
明鏡
明君
明春
明色
明神
明太
明達
明朝
明笛
明徳
明夜
鳴神
面差
面子
面持
面前
面長
面皮
面部
毛管
毛皮
木管
木魚
木石
木炭
木刀
木皮
木表
木末
木目
木立
目角
目顔
目元
目次
目色
目星
目代
目鼻
目薬
門火
門口
門札
門歯
門主
門人
門生
門地
門柱
門弟
門灯
門標
門付
門流
夜会
夜学
夜寒
夜顔
夜宮
夜業
夜具
夜軍
夜景
夜戦
夜船
夜昼
夜直
夜店
夜道
夜番
野茨
野牛
野犬
野山
野乗
野人
野戦
野点
野道
野望
野面
野立
矢印
矢玉
矢車
矢種
矢場
矢声
矢束
矢庭
矢文
矢面
矢来
役牛
役付
約音
約数
薬園
薬害
薬玉
薬研
薬指
薬種
薬酒
薬石
薬草
薬店
薬礼
油屋
油気
油差
油菜
油紙
油然
油送
油単
油虫
油土
油分
勇者
勇足
友引
友軍
有界
有形
有高
有産
有心
有徳
有配
有夫
有様
遊園
遊客
遊漁
遊金
遊具
遊君
遊軍
遊芸
遊山
遊女
遊民
夕空
夕景
夕晴
夕波
夕立
予後
予行
予兆
洋学
洋銀
洋才
洋算
洋室
洋刀
洋本
洋梨
用金
用言
用次
用足
用達
用筆
用便
用命
用木
用例
羊頭
羊毛
葉音
葉月
葉虫
葉風
葉末
要害
要図
要点
要目
要用
要理
要路
陽春
陽動
養魚
養女
養親
養分
養母
浴後
来意
来期
来季
来光
来書
来信
来電
来由
落果
落花
落魚
落語
落口
落差
落首
落人
落体
落丁
落度
落陽
利運
利酒
利所
利生
利他
利達
利目
梨園
梨地
理外
理知
理路
里心
里人
陸戦
陸続
陸田
陸湯
陸風
立引
立業
立秋
立春
立板
立番
立米
立毛
立礼
流感
流言
流者
流水
流速
流体
流氷
流物
流民
流木
流矢
流量
旅衣
旅銀
旅宿
旅所
旅心
旅物
旅路
両君
両三
両前
両足
両朝
両町
両刀
両頭
両年
両夫
両部
両辺
両輪
料足
良案
良貨
良計
良材
良種
良人
良風
良民
良友
量水
力業
力持
力車
力水
力足
緑玉
緑酒
緑青
緑茶
緑土
緑便
緑門
緑野
緑林
林学
林業
林相
輪形
輪中
輪番
類歌
類火
類語
類題
類本
類例
令兄
令姉
令室
令色
令息
令孫
令弟
令聞
令妹
令名
例月
例言
例祭
例式
例題
例文
例話
冷暗
冷雨
冷温
冷機
冷気
冷酒
冷然
冷肉
冷熱
冷麦
礼楽
礼式
礼者
礼節
礼典
礼電
礼服
礼物
礼法
列火
列世
列代
列伝
練糸
練炭
練鉄
練物
練兵
連曲
連言
連語
連山
連声
連体
連投
連年
連木
路銀
路側
路頭
路標
路辺
路用
労金
労銀
労苦
労農
労役
老兄
老健
老残
老女
老体
老台
老中
老農
老病
老兵
和学
和議
和牛
和金
和訓
和語
和字
和式
和習
和書
和上
和人
和声
和談
和物
和本
和名
和毛
話芸
話者
話頭
話法
足長
男松
外連
古銀
細魚
外方
立待
血切
散炭
折板
回者
持合
物売
焼酒
笑物
雨魚
旗魚
火魚
漢竹
科木
球菜
刀豆
肉豆
火焼
女松
悪方
悪対
黄牛
安目
星目
雨落
岡焼
家付
火入
花合
花立
荷引
画引
海鳴
絵合
寒明
丸焼
気休
気散
気受
気組
木組
気病
客引
宮参
宮仕
牛追
共食
鏡開
玉取
玉無
銀流
空店
君付
血止
月参
見取
見切
見定
固練
後引
根無
根問
菜葉
菜切
札入
山止
山焼
指切
指折
死顔
糸取
糸入
紙入
借数
積量
首材
首部
取持
種取
種付
秋祭
習事
船歌
船形
宿元
祝金
初買
書手
小当
焼打
焼鉄
上包
定連
色消
色付
食気
心組
心入
深追
人通
生焼
声付
西向
席書
昔語
石作
切戸
節付
雪持
先付
船令
船戦
船積
船待
船印
船玉
早船
走井
送火
足付
群雨
大守
打所
中落
中売
朝立
目交
外持
切字
礼参
礼回
立付
利者
夕星
役向
夜鳴
夜泣
夜立
夜歩
夜働
目明
目打
目切
面立
歩引
分引
歩板
文使
風切
付木
付馬
品書
飛入
白練
買方
馬乗
日読
読札
内方
福神
図形
黄熱
敗血
外反
前立
鳥肉
悪感
悪事
悪名
暗中
医方
印紙
院試
屋台
家持
火星
画会
画工
海事
絵所
各戸
感官
観音
間着
希書
気体
季題
記法
客来
求法
球界
牛耳
近古
近東
金管
銀子
空言
軍歌
兄子
兄人
血合
見分
戸板
湖面
後家
後人
後図
光参
公人
公徳
公方
功徳
口書
口説
行書
行文
香味
高菜
合服
国元
国原
国守
国手
国電
国歩
才知
作事
山幸
仕手
仕打
仕付
司直
子音
指頭
指物
死人
死文
紙子
歯音
歯形
治者
実事
実生
社司
社中
社用
主家
手工
手負
秋思
集落
初生
書生
書付
女医
女体
商都
小佐
焼野
上乗
城代
身中
図面
水温
生糸
西国
西北
席題
石松
積水
赤身
雪間
川中
戦意
戦果
線画
船医
選科
前人
組立
草書
速球
他県
他見
他念
多重
体様
体用
台下
台子
大船
大入
大要
短波
中宮
帳面
朝議
朝夕
長兄
長径
長石
長波
長路
直近
直方
定式
定木
天外
天工
天道
天変
伝馬
田打
田夫
電光
湯屋
頭打
同役
徳行
読点
肉芽
日商
日長
入方
年波
波形
飛地
美果
美男
美名
部類
分社
文題
兵家
兵科
兵火
法界
法問
本給
本道
目地
目付
目路
野天
野路
矢立
約手
用役
陽画
陽極
落書
利札
利水
理工
両道
良夜
良薬
緑豆
類字
列後
連夜
連理
老生
波数
丸公
子鳥
石投
冬子
間取
気取
木取
近付
金入
月決
見返
口止
向付
根分
仕出
人受
秒読
悪戦
羽子
岡三
家運
開山
外線
外地
間合
間服
機屋
季冬
客人
急戦
近習
金歯
金時
空位
見習
高徳
才人
参差
仕切
仕置
使徒
死場
事始
時人
時節
実利
写場
主事
主持
主辞
酒家
出歯
出船
初手
所見
所生
小勇
上水
心学
新法
神学
臣子
人別
水明
世路
正出
節気
節季
戦旗
戦機
前代
前頭
前輪
体長
題画
地銀
茶道
中気
仲店
柱石
鳥屋
定石
定日
弟妹
典礼
天朝
電池
刀自
特高
縄手
年功
白夜
福相
物上
方角
法官
本手
本代
本立
未聞
鳴物
面体
毛羽
夜色
野心
用度
羊歯
老成
文者
仕入
肉付
意地
衣食
王城
火屋
貨物
漁区
近信
近臣
苦肉
空手
戸車
語法
功力
行人
香典
根付
詩文
時運
時候
時好
自公
自治
実地
重石
出物
小米
城府
席代
早生
走者
孫子
体感
大官
茶代
茶利
中州
定府
等差
同上
同薬
特用
内地
白下
不戦
方体
本元
薬学
有終
落葉
力作
力投
輪差
和様
戸建
雨夜
英名
円貨
円転
歌合
歌体
荷作
外貨
学外
記章
求心
空事
空電
君子
芸子
言動
公算
公電
校門
行場
国書
受書
重工
出合
助人
小歌
信望
心土
新本
深度
進度
水線
正本
切羽
村役
大典
町議
通人
平泳
辺土
木耳
門下
門外
野火
野次
野良
来者
来車
令書
見送
組方
黄旗
下屋
画室
各日
血球
元高
原本
戸前
光子
公役
国主
山守
歯石
小春
上代
心算
新木
神算
生身
相法
他生
多照
体内
対地
大知
虫害
長計
定食
鉄山
南庭
半球
文台
未決
明月
明知
明度
落日
陸海
良品
用向
曲調
口数
事相
重器
所帯
小夜
底本
東宮
内聞
病害
品数
付人
文人
辺地
方形
本学
本宮
目板
夜祭
立札
両全
料地
良知
連子
和船
仕上
意字
医事
期初
教法
軍使
見本
公国
向暑
好悪
高飛
死語
助産
女形
上屋
選言
多少
台木
電工
日出
板元
飛語
付票
別席
面付
楽隊
原文
国選
始点
社交
終曲
終極
書法
人出
水車
数多
生国
赤口
足下
地階
天草
内入
白旗
風下
民生
無反
名園
立冬
沖積
家主
玉虫
国学
国風
山色
場数
真打
世知
達意
低地
特区
日夜
品物
放課
明星
夜食
洋館
勝軍
共学
建前
治山
主用
心身
神代
水貝
石器
戦記
全紙
大農
地産
置数
法談
本隊
両次
良書
夏休
官選
漁期
空包
原石
仕組
次週
低位
道着
馬陸
法学
無業
無声
夜着
和洋
漢子
問者
主治
会下
細線
住持
春秋
上席
場外
相生
大全
大路
男前
通草
電鉄
豆油
特産
白光
票数
物議
未着
木通
緑風
類同
意向
海草
起点
給金
局内
試練
小手
人参
続飯
村会
村議
打荷
長短
島国
農学
未申
立役
良筆
火線
海産
各委
曲事
苦力
合方
治国
治産
車道
小伝
相方
大夫
題号
中産
店長
日直
夕顔
海国
寒行
教区
後住
号車
根深
算木
死相
勝算
真面
神助
成文
題意
単打
通語
徒労
同中
回春
海鳥
官印
官員
機転
気転
銀貨
後金
城山
待合
農作
品別
料紙
量子
課外
各課
月見
月光
見様
国法
前作
中世
点火
文目
名手
名乗
用量
業法
辞世
実理
上世
上声
人伝
全労
大死
農地
物品
法事
両生
神知
加里
郡部
仕立
自照
書院
心気
神気
選者
大名
長身
日食
日新
農大
法王
下位
下線
楽員
強電
戸口
詩想
詩草
受話
小路
新古
水路
成魚
中入
天成
天声
院生
角形
丸木
山号
市子
小雨
西風
打身
体調
台紙
大姉
題詩
中耳
灯下
当課
同音
同番
入歯
氷点
変事
用法
来世
緑児
残香
芸人
国外
時鳥
借方
勝景
小径
小町
上家
心神
真意
身心
水先
生者
生色
赤軍
大水
天王
田地
奈何
波高
法理
本文
名残
薬科
医用
角地
才色
詩語
神子
人家
全集
点者
当山
道歌
遊楽
小三
医薬
各所
岐路
月来
死出
社人
手先
州都
真金
親電
丁子
天守
内国
波線
反旗
福徳
歩合
望遠
立夏
火矢
回教
語意
思想
身代
地場
同委
鳴戸
官記
教養
原頭
産学
成語
太山
地相
点数
年別
波動
畑地
米食
包帯
本所
陸地
労協
国事
仕形
心持
成案
長打
白州
悲調
軍民
高配
今体
投打
灯用
木工
役名
黄色
各部
楽園
県南
好配
香料
山子
消息
心機
別人
目見
養家
立地
位相
意想
黄葉
行先
国光
山海
水量
成鳥
西人
相等
中波
都道
平目
名文
名聞
好漁
児童
年季
農工
名分
後身
功臣
左手
子弟
整調
正調
清朝
声調
不知
原動
作中
手数
上町
前側
多生
仲夏
投機
平然
変化
苦海
使丁
死体
終電
小雪
新参
直線
伝手
副書
理科
給湯
建場
国文
最後
社家
人界
人外
全市
大漁
都区
土管
化物
所出
章魚
中外
老父
希世
語数
手打
同山
鼻輪
勇名
和戦
本通
見場
市部
出面
深意
神位
神意
静水
年賀
未成
王化
温色
岩屋
心意
服地
聞方
目方
勇魚
有機
月例
語気
無音
置場
耳元
上記
他紙
定本
冬物
不治
本省
早手
黒衣
神祭
親達
天理
野末
下界
局長
係数
見付
重機
小中
新進
水火
本章
和子
公家
行者
事理
自利
大鳥
天主
徒話
道内
兵法
無界
花祭
各週
寒波
区会
糸引
持分
式事
式次
式辞
弱者
同種
飛火
聞手
利手
海老
公差
祭場
時世
大雪
町家
民事
目安
用人
町屋
会所
原種
原酒
所感
石油
定期
期成
光波
高所
入相
半旗
付表
滋味
神楽
金平
芸界
原始
山家
新体
大白
道産
家中
験者
国有
事由
和音
高三
月下
山側
車台
先番
番人
金元
人様
地中
白子
自働
画家
国大
終局
西方
都議
道家
老酒
公器
口器
口気
好季
工期
校旗
香気
戦地
緑色
衣帯
歌会
帰心
細部
宿六
出会
色紙
早場
朝家
日光
労使
関屋
詩意
字典
次点
辞典
出様
他用
母衣
王位
軽協
死中
式部
手練
対数
木馬
立国
立木
借家
本法
明後
夜曲
勝戦
中三
角行
形木
勝差
成金
肉屋
部位
林産
家内
詩体
村社
注連
天明
有期
科料
散薬
大約
白頭
放生
和親
火付
市区
人死
父母
下意
言文
矢倉
愛馬
清福
隊員
歌意
古里
谷地
養老
活字
山手
新駅
西陽
側石
風車
官界
金目
小才
石室
平地
両所
楽車
英文
実相
人台
府議
未発
教学
物相
法度
帰巣
同文
園内
直人
物種
最前
子守
出所
声色
線上
光度
西日
両機
道学
浴場
汽車
新前
人屋
位記
街道
金色
元手
人後
人語
徒然
量目
古昔
出水
走路
方便
後記
好戦
工船
大器
定量
黄身
前者
体形
朝臣
玉石
黄土
海星
上辺
真名
急坂
春風
年強
右角
園生
気付
黒白
人力
不出
光線
公子
相思
大輪
童女
夕飯
高卒
直衣
物心
末弟
外側
気先
後代
高地
太白
童体
米産
意気
首足
春光
神父
草木
体計
隊形
大兄
大計
地下
動静
理法
薬代
会式
戦中
選管
定席
府民
期末
省令
名品
産所
同病
屋形
先住
頭目
海松
自他
水松
花畑
軽水
語調
新付
動体
参議
文部
同院
南風
官業
人命
代物
食後
正文
朝会
議案
民間
力量
決死
真弓
教科
深部
大洋
全島
仲仕
各回
漢土
自火
小成
照星
笑声
館員
部課
歌書
港内
気負
明主
全作
全量
不時
民地
不二
極点
人君
自家
天下
大意
園児
生気
鳴子
打力
各校
空港
治下
前部
内法
悪行
線分
小間
起死
最長
前車
野老
火器
人道
産屋
所内
正気
算法
飛鳥
流人
室内
表作
見番
他社
後手
県土
大京
赤色
後夜
人定
日当
年女
量感
学院
香木
死期
同書
近作
重荷
取手
元金
度数
南北
国軍
浴客
塩水
公取
通帳
麦芽
軍兵
全品
別業
急便
始期
紙器
朝間
家人
新地
前方
多目
大刀
未満
各組
食物
新手
雨水
心地
心底
空自
国語
波頭
力感
角界
人心
校区
人文
夜話
町会
室町
本会
各行
弱電
黄門
童子
東部
未知
京阪
白焼
花月
対人
院長
最多
重代
西洋
本金
全学
対空
日数
通運
相当
近体
面白
軍部
上期
室長
小火
力紙
各相
和歌
径庭
商法
金星
代人
当会
海女
海人
同府
乗数
昭代
明文
共鳴
書体
太子
倍速
当地
明間
議場
年男
国産
年期
館内
司教
東西
花園
早月
毛見
水利
品名
校生
各局
数回
売店
歯入
町役
道県
出店
前夫
宿駅
宿主
月数
佐官
曜日
機内
入会
本分
愛想
部活
問屋
和紙
位地
昨夜
小金
北国
食用
商会
山間
別表
式年
直前
天神
客席
山車
産品
神宮
重苦
地代
何分
課内
強記
同軍
両市
部員
生地
全県
上下
同級
花器
隊長
大声
来春
好意
酒代
夏期
水面
乗用
牧場
夏季
魚屋
歩度
全車
散米
下記
火気
花期
感度
同線
飲料
語族
校医
君達
米麦
男役
門前
海水
各州
理化
月日
店主
前約
同体
青梅
元首
学内
当市
外車
芸大
成人
生音
同学
南海
同前
右前
県西
動産
同隊
院内
歌話
王子
画意
賀意
景色
試合
各省
最初
小屋
東海
音大
行年
理学
各界
半身
議会
山道
工大
親父
表紙
同島
年会
県別
自動
強力
地合
頭分
新生
高年
客数
茶屋
利器
同地
員数
語学
院議
週内
海道
米屋
他意
朝食
工夫
多国
金石
数社
同然
日産
大部
正副
大法
学部
知事
年月
黒色
毎年
島根
議運
県外
和国
両目
東南
副長
富民
東北
人体
米紙
左前
旅客
軍用
点差
野手
役所
外見
両県
陸上
生物
市中
死地
部屋
人達
新風
人目
月末
部内
人名
黄金
本当
人形
何人
全社
場内
大卒
以南
各県
以北
日夕
兄弟
共産
回戦
街中
文書
出場
同時
金主
自社
中日
人事
言語
自身
右下
夫人
国人
切手
右上
少女
大手
前日
写真
工場
勝目
大人
対米
文字
男女
院本
人気
次第
時間
高教
女子
日間
気味
会社
問題
地内
最高
市協
梅雨
年度
放題
対日
調子
以遠
月夜
束子
飛白
形見
思案
黒子
日和
回線
刷毛
草紙
酒屋
以西
羽根
草子
包丁
太刀
年間
日中
年代
年生
中国
仕合
世話
勝手
度目
人組
周年
産米
同県
次元
週間
時計
番目
分間
回分
区間
丁目
代目
回生
番線
親等
番手
秒間
号機
等席
海里
号線
進数
人月
馬身
番地
分木
等地
光年
号館
合戦
等分
期生
分目
市内
時半
景気
付近
号室