協会
連盟
野球
国立
事業
開発
貿易
総合
経済
高級
研究
病院
学習
不明
運転
国際
大会
学会
高校
今後
政治
中央
記念
平和
指示
工業
自然
警備
清算
市立
発足
代表
健康
行方
発見
解放
特別
会議
勝負
対抗
批判
看護
都市
生産
振興
進出
結果
教戒
不安
普通
発起
差別
学校
同様
県内
高等
目的
保障
芸術
検討
平等
必要
決定
基金
付属
出血
関係
議員
建築
統一
教育
文化
同日
通信
科学
出発
生存
大変
会合
歴史
処分
委員
行政
女性
消火
市場
元気
採用
同席
経営
個別
連判
起訴
在日
早急
私的
残念
民俗
協議
公式
分化
以内
生活
連絡
国家
得意
明確
適当
自由
共存
出版
分離
戦闘
組合
宇宙
連合
協力
以来
保護
非常
計算
取引
交流
機関
不正
観光
半年
整備
転落
工事
下車
禁止
絶対
単行
家族
大事
対策
放送
焼却
動物
作業
選挙
大切
外国
流出
前年
音楽
武装
噴出
公正
不快
安全
特定
番号
同期
選抜
入場
本部
通過
始末
処理
機構
競技
会談
時代
通用
合格
伝染
参政
迫撃
対立
突出
不振
協同
機能
完済
小売
上手
中心
管理
結論
有効
慎重
洗面
興行
計画
経験
遺伝
共同
議長
違法
航行
約束
強化
会員
退会
試乗
執行
解決
救急
検査
評議
通商
奮起
異常
発展
会計
向上
多数
開会
困難
布陣
期限
声明
出向
死亡
技術
調査
当時
無理
帰館
団体
判決
高額
助成
再開
攻究
考究
講究
給付
会見
中毒
制限
祝賀
是非
発表
志向
補給
公示
翌年
伺候
思考
指向
試行
降下
所有
県立
加減
決算
著作
継起
英訳
得点
対話
同盟
提出
支持
精算
優勝
来日
保存
合作
生誕
使用
増殖
引退
応用
特派
公約
取捨
評価
整形
対校
退校
退行
飛来
選手
輸血
民族
改選
完投
開戦
会戦
寄金
執着
停車
文学
画定
輸入
行使
助勢
積載
確認
学修
利用
設計
配流
無縁
依頼
合同
逆転
今回
長官
納付
移動
市長
補佐
各国
中立
法人
無事
電話
出馬
師事
失点
高官
活動
若干
平均
愛護
寄港
寄稿
帰港
帰耕
起稿
優秀
検知
参上
投票
何処
条約
交感
交歓
公刊
吸収
急襲
祈念
記名
礼拝
私用
入札
枯死
無視
連勝
改印
開院
財団
帰国
起工
全国
注進
営業
来年
進行
信仰
侵攻
深耕
進攻
進航
進講
異化
打倒
今年
軽減
定着
創成
卒業
領収
帰化
教会
反発
背離
先取
喜捨
帰社
支給
正直
進退
寄付
公平
送球
他界
突破
開放
作為
中止
告解
思料
思量
勢力
通算
相談
再建
所期
平静
高談
発券
結合
手術
謝罪
対処
中傷
保有
介抱
注意
調整
湯治
悪化
試用
飼養
直後
回議
増益
出席
保証
解説
監護
復刊
公団
採集
製材
順応
中退
適用
記者
孝行
登山
先制
研修
侵出
浸出
早退
激化
調律
現場
構想
造船
開城
開場
先発
実験
商議
微小
預金
回復
制裁
急増
消化
対照
付会
負傷
計上
台頭
仮定
有力
主唱
首唱
署名
対局
就業
終業
襲業
渡河
不調
関連
必死
復活
配分
至高
申訳
他愛
致方
味気
転身
転進
防備
優勢
意見
追求
健闘
合意
加工
資料
拡声
敬意
見当
当初
面目
関心
発生
放校
味方
減速
改革
平行
兼行
痛心
征討
正答
製糖
投球
理解
教導
追加
評論
包装
改号
紅潮
高調
再生
植民
脱出
割引
監理
供給
対当
帯刀
投書
被爆
後援
講演
集会
中継
仕方
失業
順当
正確
大勝
発言
見物
競争
集中
先行
討究
報道
帰納
帰農
建造
公演
左右
推進
発売
決議
補助
駆使
警衛
口演
好演
心配
堅持
更生
代替
放心
放神
勝利
信心
制作
入城
入定
通学
労働
辞儀
頭書
連続
照射
歩測
補足
安産
試写
出産
消費
鮮明
出生
微笑
病気
分類
歩行
帰来
試射
本意
加持
登城
同車
学術
交際
重視
対比
代行
形容
賛成
先日
創建
想見
総見
送検
登院
慣用
項目
指定
中小
補正
輪唱
連立
厳存
減損
致仕
致事
飲酒
勧告
給食
難航
比率
感謝
激情
激戦
行列
参観
招致
世帯
彼女
議定
宣戦
地区
仏参
確実
参看
奏楽
蔵書
消却
表明
並立
北上
名誉
確答
先占
登録
横領
救済
採決
占居
占拠
大幅
談合
優先
合点
常任
付加
固定
考証
少考
消光
焼香
演奏
押収
後送
抗争
指名
情死
秘蔵
給水
参画
復帰
歴訪
回答
近代
激増
公称
口承
高唱
宣言
伝写
破産
登極
負荷
報告
違令
刊行
付課
賦課
編成
降車
試製
同市
運用
告示
成立
解除
開館
完工
感光
試算
質問
入選
再編
刺殺
住宅
承認
登板
国会
指摘
対面
読書
和解
増加
大学
避暑
流通
新築
制度
動転
済度
踏破
右折
調理
開港
唱和
伝言
倒壊
日参
保守
明示
客死
講習
参堂
賛同
整体
善戦
透明
不幸
観望
再発
侵入
鈍化
入学
復権
構成
除名
進入
付着
裁定
失効
焼亡
信号
浸透
浸入
同意
発熱
演出
解消
較正
検分
減益
更正
校正
退化
低下
提案
反射
運営
渡米
当選
保育
客観
算出
出港
出稿
出航
精製
注目
直接
復元
貴方
傾倒
兄事
恵投
精読
即死
明答
起動
減員
治療
親臨
宣伝
提供
内定
獲得
激減
減資
要求
固辞
公表
告発
命令
固持
誇示
出展
制動
生成
同視
非礼
快気
待命
添乗
転乗
同感
解約
気化
賛辞
書評
上場
長生
表示
仮称
観測
更改
航海
製革
尊重
対戦
転記
同調
化石
呼称
故障
誇称
参拝
散会
示現
分派
強行
焼死
占領
転倒
隠退
回転
改正
規制
勤学
空襲
欠課
志望
手写
着工
倒産
濃化
解答
強攻
妻帯
試験
成形
生動
多食
転化
売買
兼補
公判
際会
新設
製作
切開
先後
創製
早世
体験
調製
添加
面責
下降
加盟
形成
決着
混和
支出
収集
成熟
展観
都内
答弁
付帯
分筆
起用
検地
更始
再起
雑食
続出
大呼
炭化
提示
導入
発電
発砲
彼等
暴言
異動
鑑定
及第
公売
再検
樹立
成型
教化
禁制
行動
再製
臣事
中耕
注文
点灯
奴等
開校
協定
孝養
抗議
司令
出火
新調
正解
静止
装荷
点頭
難産
下放
回航
改稿
改姓
再帰
試作
宿泊
製造
即行
速攻
入賞
弁論
用心
育英
指導
証言
増発
便乗
無茶
医師
下宿
過熱
採炭
自営
承引
深謝
接戦
脱皮
中絶
土着
彼処
布達
彼是
開始
実現
精米
説明
反論
継続
手配
総計
中断
調印
通知
発行
延期
加算
見舞
減少
出演
証印
生息
対決
探求
注視
同居
発給
分割
面会
列席
急死
講評
死傷
専心
想起
代謝
着手
通話
闘争
念持
非難
介入
感動
好転
縮小
初頭
制止
選炭
対談
独裁
独自
配線
由来
遠征
応答
下落
議論
急造
考察
主張
処罰
上達
正視
通達
同情
納税
配車
付記
閉止
連戦
移乗
午後
再会
静思
調達
放鳥
感染
工作
収監
熟思
熟視
出品
装弾
着服
統合
拍手
否定
包含
訪朝
面接
円熟
楽観
期待
拠出
再思
所持
詳説
蒸留
選考
送信
増産
大書
独語
熱狂
発覚
予定
録音
回帰
開設
起業
逆流
句作
公転
口供
種類
上奏
心中
節水
存在
大同
追及
入団
念願
否決
編集
連打
違反
回折
開腹
逆襲
区割
合成
車検
召集
商売
食事
納得
不純
編入
法的
御産
歌唱
過称
過賞
休電
給電
兼修
兼用
検収
作歌
自記
実検
実見
招集
招来
洗髪
退社
代置
着目
摘要
入手
腐心
回付
快復
劇化
算段
声援
製塩
接種
染髪
注射
通報
通訳
転地
転置
配給
発注
表現
暴露
命名
休館
惨死
治定
自乗
敵対
投合
得票
別居
変形
着付
救出
結成
参考
所蔵
上陸
進上
推参
推算
設立
戦死
全焼
増大
増長
追究
追給
登場
南下
入館
判示
反省
分解
無効
明記
隣接
快勝
交尾
殺害
準備
新任
申告
築造
伝送
電送
動作
入金
配当
発着
不当
不服
流用
連敗
期間
帰順
強制
広報
釈明
縮写
出荷
対顔
待避
退避
脱税
独占
入院
発声
返済
補講
密造
育成
解明
乾杯
感激
帰依
敬遠
欠場
検出
視察
自首
主導
承合
照合
先攻
専攻
専行
選好
選鉱
想定
対質
退室
達成
入浴
論議
飲食
共感
欠席
建言
厳禁
参向
周回
除外
照明
殖民
染色
敗戦
発現
布石
文通
編曲
野生
輸出
旅行
安定
休載
許可
敬重
検証
減点
合計
深厚
親拝
是正
先述
全勝
操作
増強
脱線
調和
提言
適合
電化
電荷
渡海
導水
熱発
保管
雄視
裏書
暗算
案内
汚染
加熱
外出
外泊
共生
強調
再現
失策
出願
出費
上告
前進
貯蓄
敵視
転用
道破
白状
発病
判断
反映
変更
変身
放歌
放火
勇戦
要心
論戦
横行
改称
外食
鑑賞
希望
求職
兼業
自署
自書
出土
扇情
対峠
帯磁
退治
脱水
仲介
同定
配置
買物
発令
筆写
分界
分配
変心
変針
変動
補整
離島
威服
会商
改造
開店
革新
楽勝
観戦
逆行
休止
休職
交代
在宅
自壊
自戒
自重
辞職
熟成
召致
承知
先遣
増額
賃貸
登記
答申
独学
内用
配列
反乱
付与
観賞
記帳
求人
曲折
均分
経過
警報
結束
告別
差遣
在住
作曲
参入
静観
創案
展望
倒閣
入線
熱中
派生
派兵
付録
分遣
保全
雄飛
養成
立替
演説
花見
帰朝
検視
検便
攻落
再婚
再燃
刺激
指令
主管
縦断
出力
除草
精通
着用
徴兵
徴用
直下
直視
直属
入省
配水
配転
補導
訪日
養護
愛着
印刷
解体
勧進
救助
競走
欠損
兼任
採血
在任
志願
重畳
助命
証明
植樹
推計
説得
絶縁
選別
操車
造型
多作
多発
着陸
中略
追徴
同行
入所
発動
判定
反響
布教
訪米
豊富
北面
要望
応召
下見
化合
加重
加糖
加入
解職
解任
歓待
帰宅
協調
継承
言訳
考案
骨折
裁可
在世
酸敗
自責
失速
受付
順守
書写
消灯
侵略
制約
成長
西下
先導
扇動
前納
全治
走査
増員
造語
造反
存立
尊敬
帯剣
大敗
直行
逃避
特集
入居
表記
復員
復原
報復
模造
立証
恋愛
論評
運航
音訳
荷電
改訳
開花
干拓
祈願
供述
検定
厳戒
厳罰
減給
公言
工面
広言
抗言
高言
混信
作成
産卵
算入
仕官
集約
重唱
詳記
乗降
親近
節減
先勝
装丁
直面
直訳
痛感
展示
点検
渡航
登校
統計
内包
入力
配達
判明
標示
風化
勉強
保持
予防
洋行
洋装
改善
活発
観察
競合
共演
決別
後退
交替
使令
師承
私消
詩作
実戦
実用
捨象
収拾
修習
集線
出陣
親告
進歩
成約
生別
退任
同義
南進
入門
脳死
配向
配本
発想
美化
描写
負担
返上
訪問
用意
陽気
離党
乗入
会食
開通
開幕
挙式
勤続
訓練
係属
景仰
結実
建議
減食
減反
減量
公認
講義
告訴
混同
鎖国
裁量
自立
辞退
失敗
射殺
受領
周知
出征
初演
焼損
詳言
親和
全納
相違
即売
存続
損失
対応
退団
代休
宅配
脱却
脱帽
脱毛
短縮
断水
調節
直観
通告
定住
伝達
吐露
投稿
投入
逃走
同乗
内蔵
入園
入村
認可
認証
配布
発達
繁栄
筆答
復学
復唱
野合
欲求
来襲
来集
乱用
両替
録画
遺精
引受
引証
下命
改名
格闘
活躍
完勝
帰郷
貴重
休業
居住
供与
共有
禁欲
苦難
群生
経由
結集
厳選
減石
光被
抗弁
降着
降任
採納
在学
在中
散布
自足
実視
社告
集金
所要
小便
省略
侵害
心痛
臣従
推移
整理
清遊
精選
製版
西遊
切腹
設置
先着
相続
続行
損害
脱党
探究
着弾
直感
通夜
定義
転任
登降
努力
投降
投薬
肉食
拝顔
輩出
配合
発音
反逆
批難
比定
秘結
避難
復旧
補強
包容
目印
予測
予知
要約
勝越
浸染
違犯
栄進
延焼
可決
家出
我慢
開化
開票
干犯
感賞
観劇
観照
帰属
休刊
急減
給仕
給油
許容
教訓
局限
曲言
極言
駆動
群集
経理
警固
軽微
建立
現有
言及
講話
合算
合図
告知
告白
在室
作文
参照
算定
仕事
指弾
自警
失格
手続
手品
襲名
集計
集散
宿題
祝福
縮減
熟練
出現
商談
賞味
賞用
植字
信頼
進撃
接続
設定
節酒
絶交
先駆
船出
前述
善用
創業
操業
操縦
争論
増徴
造成
打算
退勤
代弁
蓄蔵
着衣
直上
直流
通約
的中
展開
渡島
東上
独断
内示
内省
入植
任官
派遣
発案
発射
発車
反抗
反攻
反復
版行
肥大
被弾
費消
微増
腐敗
復職
物色
分布
変型
変質
編修
弁明
補完
補血
放言
亡命
密着
鳴謝
面談
薬殺
乱射
立案
略称
類別
劣化
連帯
朗唱
朗笑
前払
愛好
悪用
暗殺
意識
移調
遺言
運行
演技
解禁
改定
改良
皆済
開局
確信
学問
完敗
完備
感得
看取
観念
関与
願望
記入
休演
休息
急落
救援
救命
究明
挙手
禁煙
区別
苦戦
空想
群発
計量
警護
軽食
欠落
決戦
決断
結党
兼勤
建都
言明
鼓動
後続
校合
合宿
婚約
再転
再任
採点
在留
策定
刷新
雑談
参列
支援
死去
私有
試飲
耳語
自殺
自白
失火
実写
実証
実装
芝居
主演
守備
収容
収録
就職
終漁
集合
集積
従軍
処断
助長
上映
上演
植林
心労
進化
成就
節約
説教
選定
善感
全壊
全開
全敗
総称
草食
続発
損傷
大病
脱船
団結
断食
着岸
仲買
昼寝
注解
注水
注力
追跡
低減
転回
転学
転業
転出
転貸
転補
伝来
冬眠
投身
投石
東進
到着
独居
内助
内申
肉薄
入党
入北
認識
熱愛
納骨
配色
配電
売却
売春
発信
半減
販売
氷解
賦与
風刺
復興
分列
別送
変造
返金
補間
明言
来店
率先
立食
流会
歴任
練習
連行
連破
値引
分包
安置
依存
移民
永住
越年
延命
援助
遠出
往復
横断
温存
仮想
介護
介在
解散
解題
改悪
改札
改心
海食
開演
開平
開閉
開門
開立
外征
乾燥
完走
完売
感電
歓送
監察
監修
看病
間食
帰休
帰京
帰陣
帰着
記述
起案
休学
休戦
休部
急進
急変
競演
競作
協演
協約
仰天
近接
具申
空転
空爆
君臨
決意
決心
血戦
堅守
建国
検挙
検死
厳探
減産
現出
現像
呼号
交合
交通
公許
厚着
口外
口論
好防
攻撃
考慮
行脚
行軍
行持
行商
講和
降格
根絶
左折
再演
再縁
再刊
裁断
財投
作製
殺傷
雑居
散乱
残業
試食
試問
自覚
自供
自失
自適
自律
執心
失跡
失望
失明
写生
車載
取材
授受
収用
就寝
修復
修理
従業
重用
出国
出精
出題
助奏
助走
女装
除雪
傷害
傷心
焼失
焼身
笑納
上程
上納
乗車
乗務
常設
蒸発
振込
振動
浸水
深化
神化
進水
進展
制御
成育
政談
正座
清書
生育
生害
精進
静座
赤面
切断
接客
接近
接待
折半
設備
節税
絶望
先決
宣告
選曲
善処
全快
創作
創発
創立
増水
増配
増販
増補
増量
造形
造立
速報
体認
待望
退京
退職
大別
脱退
脱落
嘆願
担当
弾奏
断絶
断線
断念
男装
知覚
遅延
着想
着任
忠勤
注入
徴収
徴集
調教
調合
調味
直交
直航
通院
通観
通関
低迷
提議
提訴
転載
転職
伝動
伝導
伝道
渡来
登頂
投影
投与
得心
特進
特選
特約
届出
入局
任命
熱望
納入
納品
破壊
敗北
背任
配信
配付
配慮
迫害
発掘
発走
発送
半焼
反応
反命
犯則
否認
飛散
筆記
筆談
標記
品評
普及
復位
服用
分断
並行
閉院
閉口
閉校
閉幕
返品
弁済
保留
包囲
放映
放置
冒険
防御
慢心
満腹
密漁
密航
矛盾
野宿
遊離
養殖
養生
来館
来朝
乱発
乱舞
乱立
理髪
離脱
量産
領会
領解
領承
力説
林立
類焼
連係
露出
下書
差入
段取
愛育
愛飲
愛重
愛唱
愛蔵
愛読
愛用
握手
圧延
圧殺
圧死
圧縮
圧勝
圧着
圧入
圧迫
圧服
安座
安住
安着
安眠
暗記
暗合
暗示
暗唱
暗転
暗躍
案出
案分
依拠
委縮
委任
威圧
移住
移出
移築
移入
遺失
遺贈
遺脱
遺留
育種
育毛
印加
印可
印行
印刻
印字
印磁
因由
引火
引決
引見
引算
引責
引接
引致
引当
引用
引率
飲用
隠居
隠見
右傾
運開
運休
運算
運針
運搬
雲散
雲集
映写
映発
栄達
栄転
永続
永別
永眠
液化
越境
越冬
延引
延着
延納
延発
援引
援護
援用
演算
演習
遠泳
遠望
塩焼
塩蔵
塩梅
汚損
汚濁
往訪
往来
応援
応射
応戦
応訴
応対
押印
押送
押売
横死
横転
黄熟
黄濁
憶測
恩借
温浴
音読
下向
下校
下乗
下城
下垂
下船
下達
下付
下問
化育
仮作
仮借
仮植
仮設
仮装
仮眠
加給
加護
加除
加増
加担
加筆
夏眠
家居
家蔵
火食
火定
荷受
荷造
荷担
課金
過食
過信
画策
介意
会釈
会得
解釈
解脱
解毒
解離
回訓
回向
回収
回心
回申
回避
回遊
回礼
壊死
壊乱
快眠
戒心
戒慎
改易
改作
改宗
改修
改題
改築
改版
改変
改編
皆勤
皆伝
開園
開札
開拓
開帳
開板
外在
外切
外接
外注
外遊
拡散
拡張
確言
確執
確聞
確保
確約
確立
割愛
割拠
割腹
活写
活着
乾留
勧化
完結
完熟
完歩
完訳
官給
官許
干与
感恩
感化
感泣
感嘆
感知
感服
感奮
慣熟
歓迎
歓呼
歓談
監禁
監査
監訳
看過
簡抜
観覧
鑑査
鑑別
間作
関知
含意
含浸
含蓄
含味
含有
奇襲
寄宿
寄贈
寄留
希求
希釈
揮発
帰一
帰営
帰結
帰任
帰服
規定
記憶
記載
起因
起居
起筆
起立
義絶
詰責
詰問
却下
脚色
逆算
逆上
逆用
休会
休心
休神
休眠
休養
吸引
吸気
吸着
吸入
急告
急設
急送
急追
急転
急迫
急報
急冷
救護
求愛
求婚
泣訴
給血
給費
給与
給養
去勢
去来
挙行
挙止
挙証
挙兵
挙用
漁獲
供応
供血
供出
供養
供覧
競泳
競落
共振
共立
協商
強圧
強振
強訴
強直
強迫
強弁
恐怖
教護
教示
教練
狂死
狂信
狂乱
興奮
驚嘆
仰視
仰望
局在
曲解
勤番
勤務
勤労
禁圧
禁絶
禁足
禁断
近似
近着
近道
金打
区処
苦学
苦笑
苦節
苦悩
苦慮
駆除
駆虫
具現
具備
具有
空費
屈曲
屈従
屈折
屈服
繰越
繰延
訓育
訓戒
訓告
訓示
訓導
訓読
訓令
訓話
群居
軍備
係争
係留
傾注
恵与
敬服
敬礼
経略
計測
警戒
警告
軽信
軽装
迎撃
迎合
迎接
劇変
撃退
撃沈
激賛
激賞
激走
激怒
激闘
激突
激発
激変
激論
欠勤
欠航
欠食
欠配
欠礼
決壊
決起
決行
決済
決裁
決闘
穴居
結団
結髪
結氷
結盟
結露
血書
血判
月払
兼営
兼官
兼職
兼務
兼有
建白
検案
検印
検温
検眼
検針
検束
検波
検品
犬死
見参
元服
厳達
厳談
厳秘
厳命
厳令
減圧
減却
減殺
減算
減車
減収
減水
減退
減配
現前
現用
言上
限局
呼応
固守
固着
誇張
鼓吹
鼓舞
鼓腹
互助
互生
互選
後述
後略
誤解
誤算
誤信
誤断
誤伝
誤読
誤認
誤聞
誤訳
護衛
護送
交接
交遊
公述
公有
口受
口授
口述
口達
攻略
更衣
構築
講釈
講読
降誕
降板
降臨
号泣
号令
合冊
合唱
合奏
合致
合評
合本
合流
豪語
豪遊
刻印
刻苦
困却
困惑
根治
混血
混交
混合
混在
混作
混雑
混食
混成
混生
混戦
混線
混濁
混入
混迷
混用
混浴
混乱
左傾
差押
差配
査察
査収
査証
査定
査読
査問
座州
座乗
座食
座談
再挙
再説
再送
再築
再読
再認
再拝
再版
再臨
再論
才覚
採掘
採取
採種
採寸
採石
採油
採録
細説
細分
細別
細論
裁許
載録
在位
在官
在京
在勤
在校
在国
在社
在宿
在職
在席
在庁
在朝
在天
在府
在役
作興
作図
作動
作表
策応
策動
策略
冊立
察知
殺生
殺到
雑記
雑言
雑交
雑婚
雑踏
参学
参宮
参勤
参集
参着
参内
参府
参与
山居
惨殺
惨敗
散骨
散策
散水
散大
散点
散発
散髪
産出
賛嘆
賛美
残害
残置
残留
仕訳
使役
司式
始業
始動
思念
思弁
指図
支弁
止血
止宿
死産
死守
死蔵
死闘
死別
私蔵
私闘
視認
試演
試掘
飼育
持久
持続
治水
示寂
示達
自演
自害
自学
自活
自決
自尽
自選
自訴
自蔵
自存
自沈
自得
自爆
自負
自噴
自弁
自慢
自問
辞去
式微
識別
執奏
執達
執刀
執筆
執務
失脚
失禁
失権
失言
失笑
失職
失心
失神
失念
失恋
質疑
実演
実在
実習
実測
実存
実働
舎営
写植
写像
射影
射撃
射出
謝恩
謝絶
借金
借財
借問
借用
借覧
釈放
若死
弱化
守護
手記
受戒
受給
受業
受光
受講
受傷
受賞
受信
受洗
受像
受贈
受注
受電
受難
受任
受納
受配
受粉
受容
受用
授戒
授業
授賞
授乳
授与
収載
収受
収縮
収蔵
収束
収得
周延
周航
周章
周遊
就位
就航
就床
就任
就眠
就役
就労
修交
修好
修飾
修造
修築
修得
修補
修養
修練
拾得
終演
終息
習合
習熟
習得
習練
襲撃
襲職
襲用
襲来
集荷
集貨
集束
集配
集録
従属
縦続
縦覧
重合
重刻
重婚
重刷
重出
重版
重訳
宿営
宿衛
宿直
宿望
縮刷
縮尺
縮退
熟議
熟考
熟達
熟談
熟知
熟読
熟眠
熟覧
熟慮
出芽
出漁
出郷
出撃
出庫
出御
出札
出射
出社
出炭
出頭
出動
出納
出府
出兵
出離
出立
述作
準拠
準用
巡演
巡回
巡業
巡検
巡見
巡察
巡視
巡拝
巡遊
巡覧
巡礼
巡歴
順延
順接
順礼
処決
処置
所望
書見
書置
助演
助力
除去
除算
除電
除服
勝訴
唱導
唱道
小破
小別
承服
招待
消音
消去
消失
消尽
消沈
消毒
焼尽
焼鈍
照応
照査
照準
照覧
省察
省筆
称美
笑覧
詳述
詳論
象眼
賞嘆
賞美
上述
上書
上申
上船
上訴
上木
上覧
乗算
乗除
乗船
乗馬
常住
常食
常直
蒸散
蒸着
植毛
触接
触発
触法
食害
食言
食傷
信愛
信服
侵食
心服
浸食
浸炭
申達
真読
臣服
進軍
進言
進達
進発
震動
図解
図示
図説
吹鳴
垂範
推挙
推考
推察
推重
推測
推断
推知
推服
推論
水泳
水書
水食
水難
寸断
寸評
世襲
是認
制圧
制欲
成業
成婚
成道
成敗
成仏
整合
整除
整髪
整流
整列
生録
精勤
精察
精白
精油
精練
製図
製氷
製表
製粉
製油
席巻
積算
積層
積分
赤化
赤熱
切願
切死
切除
切迫
切望
切論
接岸
接見
接合
接写
接受
接収
接触
接着
接頭
接尾
折損
設営
設問
節煙
節食
節制
節電
節米
節略
節録
説経
説示
説破
説法
絶家
絶叫
絶賛
絶食
絶息
絶版
絶筆
絶命
先議
先達
占有
宣下
宣布
専決
専属
専断
専念
専有
専用
洗眼
洗顔
洗脳
洗礼
洗練
染筆
染物
選評
前記
前駆
前借
前売
善導
全休
全通
祖述
素読
素描
組閣
組成
組版
訴願
訴求
訴人
訴追
創出
創設
奏聞
奏覧
想望
早婚
早産
早死
早寝
早着
相愛
相殺
相似
相補
総説
総覧
総和
装飾
装置
装着
装備
送金
送迎
送出
送水
送達
送致
送配
送付
送風
送別
送話
騒動
増悪
増援
増刊
増給
増結
増作
増刷
増車
増収
増進
増設
増置
増築
増派
増反
増幅
増便
増力
贈位
贈官
贈号
贈答
贈物
贈与
造営
造影
造園
造血
造作
造水
造林
側聞
即応
即決
即製
即断
即答
即納
即発
測量
足算
速記
速決
速写
速射
速成
速断
速答
俗化
属望
属目
族生
続映
続載
続生
続報
続落
卒去
卒倒
卒読
存知
存置
存命
尊信
他言
他出
多言
多読
打電
体現
体得
帯出
帯電
貸借
貸与
退学
退却
退去
退散
退出
退城
退場
退色
退席
退歩
退役
代願
代決
代言
代読
代入
代筆
大挙
大食
大息
拓殖
達観
脱衣
脱営
脱化
脱去
脱穀
脱色
脱走
脱俗
脱着
脱腸
丹精
単作
嘆称
嘆賞
嘆息
嘆美
担任
探検
探険
探査
探察
探勝
探測
探知
探梅
探聞
探訪
短絡
端座
弾圧
断言
断交
断行
断裁
断罪
断種
断続
断定
断髪
談義
談笑
談判
談論
知得
遅配
築港
築堤
蓄財
蓄積
蓄電
蓄熱
蓄髪
蓄冷
着火
着荷
着眼
着金
着剣
着座
着信
着陣
着水
着席
着船
着脱
着地
着電
着筆
中座
仲裁
注釈
注油
著述
著録
貯金
貯水
貯留
徴税
徴発
朝礼
調剤
調停
調髪
調薬
調練
跳躍
長駆
長欠
長考
長持
直覚
直撃
直結
直裁
直射
直書
直進
直訴
直奏
直送
直談
直通
直答
直読
直納
直売
直覧
直立
直話
沈下
沈降
沈思
沈積
沈殿
沈黙
珍重
珍蔵
追憶
追撃
追孝
追考
追従
追善
追訴
追想
追贈
追討
追突
追認
追尾
追放
追録
痛飲
痛撃
痛言
痛嘆
痛論
通園
通読
通分
通覧
低回
低唱
低頭
低落
停会
停戦
停船
停電
停泊
停留
提唱
摘果
摘芽
摘記
摘出
摘心
摘発
摘録
滴下
適応
適帰
適従
適中
天引
展延
展墓
展覧
店番
添書
転位
転移
転居
転勤
転写
転借
転住
転宿
転戦
転送
転属
転宅
転読
転売
転変
点眼
点呼
点在
点滴
点描
点訳
伝授
伝習
伝承
伝奏
伝搬
伝聞
電解
電離
吐血
吐出
吐息
吐乳
徒長
徒費
渡洋
登載
登庁
怒号
怒張
倒幕
倒立
投写
投射
投宿
投出
盗掘
盗作
盗電
当直
当惑
答電
答礼
統監
統御
統裁
統率
到達
到来
討死
討幕
討論
踏襲
逃亡
透写
動座
同座
同室
同宿
同着
同道
同流
導出
導通
道楽
得度
得道
徳化
特訓
特出
特設
特待
特注
特認
特配
特売
特発
特筆
特報
毒害
毒殺
独演
独航
独行
独座
独修
独習
独唱
独創
独奏
独走
独白
読過
読解
読図
読破
突撃
突進
突入
突発
内応
内含
内勤
内向
内攻
内済
内在
内借
内祝
内職
内切
内接
内奏
内達
内談
内通
内命
内約
内覧
南面
難儀
難詰
難船
難破
日勤
乳化
入営
入荷
入閣
入漁
入京
入庫
入室
入質
入寂
入信
入隊
入朝
入電
入湯
入梅
入府
入部
入幕
任用
認許
認容
熱演
熱願
熱唱
熱弁
念仏
悩殺
悩乱
濃縮
納金
納札
納車
納受
納本
波及
破断
馬耕
馬食
拝賀
拝見
拝察
拝借
拝受
拝承
拝読
拝命
拝領
拝礼
敗退
敗亡
背反
背面
配員
配剤
配属
配備
倍旧
買収
売約
白黒
白濁
白熱
爆撃
爆殺
爆傷
爆笑
爆沈
爆破
爆発
発育
発煙
発火
発芽
発刊
発汗
発願
発議
発狂
発色
発心
発振
発進
発赤
発布
発奮
発明
発問
発露
抜剣
抜糸
抜歯
抜染
抜刀
判然
判読
判別
半壊
半周
反撃
反証
反訴
反転
反目
反問
反訳
反落
搬出
搬送
搬入
板書
繁殖
繁盛
繁茂
悲観
悲嘆
批正
比肩
比類
肥満
避寒
非議
飛躍
備蓄
尾行
微行
微動
微分
美食
匹敵
必見
必着
必中
必読
筆算
氷結
氷釈
票決
表出
表象
表装
表白
評決
評釈
描出
病欠
貧血
付言
付設
布告
布設
布線
敷設
浮遊
浮流
腐朽
腐食
舞踏
風食
風発
風聞
復円
復縁
復業
復古
復交
復航
復号
復刻
復習
復姓
復命
服罪
服従
服属
服毒
服務
複写
複製
払底
物故
物納
分煙
分家
分岐
分極
分光
分合
分骨
分冊
分宿
分乗
分水
分節
分担
分地
分納
分売
分有
分与
分立
分流
分留
噴火
噴射
奮戦
奮闘
奮発
粉飾
粉食
文飾
文選
聞知
平復
平分
並称
並進
並列
閉会
閉館
閉居
閉業
閉経
閉鎖
閉山
閉店
閉門
壁書
別家
別言
別注
別納
変圧
変位
変異
変移
変改
変死
変色
変節
変説
変奏
変装
変速
変態
変調
変通
変転
変名
変約
変容
返却
返照
返送
返答
返納
返杯
返付
返報
返本
返礼
便秘
勉学
弁解
弁難
弁別
保温
保釈
保養
舗装
捕獲
捕食
補記
補修
補習
補職
補任
補筆
包蔵
報知
抱合
放下
放散
放出
放水
放任
放熱
放念
放牧
放流
砲撃
訪台
訪仏
豊熟
亡失
傍観
傍受
傍証
忘却
忘失
忙殺
暴圧
暴飲
暴食
暴走
暴発
暴落
望見
防音
防寒
防護
防災
防縮
防水
本復
凡退
枚挙
満載
満水
漫談
漫歩
漫遊
味解
味見
味到
味得
味読
密行
密告
密殺
密集
密植
密生
密訴
密奏
密送
密談
密通
密売
密閉
密約
密輸
脈動
民泊
夢想
霧散
名状
明察
明断
迷走
鳴動
面詰
模写
猛撃
猛攻
猛襲
猛省
猛進
猛追
黙許
黙座
黙殺
黙想
黙読
黙認
黙秘
黙礼
目撃
目算
目送
目測
目礼
問罪
問責
門出
門番
夜勤
夜襲
役務
約言
約定
訳解
訳載
訳出
訳述
訳読
躍進
躍増
躍動
油断
輸送
優越
優待
優退
勇退
勇断
勇躍
遊泳
遊学
遊戯
遊興
遊行
遊牧
遊覧
遊歴
郵送
予覚
予感
予見
予言
予告
予察
予習
予断
予報
予約
預言
溶解
溶血
溶出
溶接
溶存
溶断
用捨
用談
要撃
要談
要略
陽転
養育
翼賛
来院
来往
来会
来観
来校
来航
来所
来場
来宅
来談
来着
来任
来報
来訪
来遊
雷撃
雷同
落下
落球
落後
落札
落手
落城
落飾
落成
落石
落選
落第
落着
落馬
落髪
落盤
落筆
落命
落雷
落涙
乱獲
乱掘
乱作
乱心
乱造
乱闘
乱読
乱入
乱売
乱費
利殖
裏打
離縁
離間
離京
離郷
離合
離婚
離散
離床
離職
離水
離船
離村
離日
離乳
離任
離農
離反
離別
離陸
陸生
陸送
律動
立願
立脚
立言
立売
立腹
略解
略記
略言
略取
略述
略説
略装
略筆
流産
流失
流説
流転
流伝
流入
流布
流連
流露
留意
留任
留年
留保
両断
量定
量販
領有
力泳
力演
力戦
力走
力闘
臨画
臨検
臨幸
臨写
臨書
臨場
臨席
臨模
輪講
輪作
輪転
輪読
類似
類従
類推
類比
令達
例証
冷却
冷笑
冷評
礼賛
隷従
隷属
歴遊
列記
列挙
列立
恋着
練達
連関
連結
連呼
連座
連載
連作
連射
連取
連署
連乗
連接
連想
連濁
連弾
連動
連発
露営
露見
露光
朗読
老熟
論詰
論及
論究
論決
論結
論告
論述
論証
論争
論断
論定
論難
論破
論判
論弁
和楽
和合
和訳
惑乱
結講
散積
下取
気晴
気落
居眠
局止
駆足
空振
肩入
言付
山登
切捨
仕送
手招
手分
受渡
焼直
深入
舟出
拓植
談議
焼付
面語
報祭
入山
刺絡
解氷
温服
隠避
補殺
別置
発船
発根
摘除
目移
払出
表書
内張
打水
丹誠
分服
暗闘
移植
育児
下知
加配
寄書
帰投
競映
撃破
結球
兼備
検算
験算
固化
合一
細工
作詞
作詩
参究
惨落
市販
自給
受理
授精
除隊
笑殺
正装
盛装
選歌
走破
送波
続演
脱脂
着意
着色
朝賀
転向
途絶
東征
統制
闘病
燃焼
破水
破損
拝辞
買春
薄着
発揮
墓参
訪露
野営
立見
連奏
和協
山盛
山分
手抜
代払
日焼
移設
改組
開示
格付
寄食
気絶
規程
苦行
苦闘
激高
減額
呼吸
再議
細書
散在
散財
算用
指南
就学
重任
走行
損壊
対座
退座
代納
大言
担保
注記
長嘆
転調
踏査
発出
別記
変成
編制
乱打
立身
流下
両分
両用
療養
出迎
目減
違約
起床
兼帯
誤報
産休
仕分
象徴
推選
創刊
奏功
奏効
奏上
相関
退官
大観
誕生
遅疑
討議
破顔
破門
博覧
発散
表決
不参
老化
味付
意図
意訳
強襲
苦手
空発
訓電
降服
水死
製鉄
製本
代署
添付
農耕
敗訴
倍加
防戦
模作
黙考
約分
上積
移行
歓喜
共栄
抗告
自任
自認
失調
煮物
出家
常置
垂死
垂示
推称
推賞
対置
着生
兆候
提起
腐乱
服薬
平日
訪英
本有
夜営
容認
来援
加階
火傷
帰参
帰山
起算
見合
誤写
公告
耕作
降圧
持参
手交
出勤
親祭
親裁
測地
定植
平定
訪独
優位
維持
加勢
火中
議決
実感
社会
受命
終止
親授
相乗
抵触
投下
遊説
億兆
億万
公定
参朝
散見
集結
縦走
真似
吹奏
創造
送像
中和
防止
劣敗
開国
格納
居留
降職
参賀
蚕食
通計
定置
渡御
内観
破約
無力
回想
勧戒
監視
係船
参戦
修正
詳録
増減
即位
代講
代香
代作
遅参
転校
入国
描画
付議
別売
放談
療治
移算
意味
回送
快走
改行
改装
協賛
見学
主席
従事
進学
増兵
多謝
直言
抵抗
入港
入行
発光
発効
発向
疲労
老死
安神
現送
行水
裁決
受精
重要
専管
代参
入校
入構
認知
晩成
軽視
行為
散歩
指呼
主流
修整
集成
消長
植皮
接地
遅刻
着帯
変革
利下
移転
戒告
甘受
間借
在庫
自賛
修学
専従
服役
寄与
急派
再訪
採訪
代位
配管
移項
更新
参殿
自修
自習
自称
新造
貯蔵
規正
傾斜
検札
朱書
重奏
順化
拝観
被災
美容
部分
違背
歌舞
再調
在荷
参進
自省
自制
自生
自製
追試
東道
入唐
往生
開所
金策
交配
最終
使送
試走
自証
実行
修道
振起
尽力
転成
転生
転入
批評
並置
敬愛
終決
商量
生殖
絶句
打破
調進
半分
返事
陸行
禁固
空輸
研学
呼出
合資
切言
専任
選任
定立
等化
標定
返辞
報謝
問答
仲立
移管
営巣
下馬
完納
感応
教徒
減数
仕度
私語
巡幸
巡航
順行
小計
承継
帯同
登用
放電
黙過
理会
移用
拡大
休校
休航
休講
菜食
収納
消散
称賛
賞賛
製剤
退院
退蔵
退転
内服
来社
会読
解読
回読
群舞
護持
受検
水洗
分業
予納
公訴
行幸
巡行
生長
代書
忠義
予期
羽化
休耕
強大
誤用
正誤
南中
塩化
急行
後見
至要
静養
盗用
帰省
常備
倒置
統治
留守
簡素
強要
教習
想到
争闘
代議
代任
移送
加速
考量
参会
散開
同年
激動
色刷
推理
生食
無私
来演
後進
交信
高進
付置
布置
暴死
常勤
照会
装用
境界
公開
再来
作画
辞任
紹介
詳解
退庁
特記
突起
応接
規整
適正
終日
常用
通交
通航
営造
延長
送受
安息
応化
会館
精査
賦活
出世
分村
軍縮
呼集
誤記
公布
好調
上気
段階
内分
酸化
出金
垂下
選句
増税
男性
同船
敗走
背走
配送
驚倒
交付
降参
測定
連用
苦心
皮肉
看破
考査
出入
厳守
成功
盛行
全訳
追記
用船
公的
終結
出走
相伝
命中
送電
現住
広告
潮解
入射
浮上
化成
後半
人的
直営
投資
私議
処方
増資
打開
興起
銀行
行来
寄進
進級
奇異
検問
通勤
発会
減価
同化
市民
鋭利
水浴
加療
尋問
折中
対等
非情
合力
親任
肥厚
訪中
御祭
予想
会同
征服
整復
待機
宣教
復調
感心
管制
教室
交易
整地
遠慮
起草
協業
正当
例示
定位
浮動
立話
穀食
派出
表裏
借入
生新
透視
暴行
冷蔵
開業
軽易
専修
戦勝
引越
想像
両立
支度
単純
振作
加味
共用
再選
支配
橋渡
繰糸
創始
体操
入水
分別
堅実
評定
真剣
化現
選出
町立
料簡
好投
分散
人口
出張
停止
可能
強打
侵犯
総連
病死
大量
気楽
賛助
親切
底止
不便
協和
不要
差止
利上
恐縮
改元
現在
急速
回国
感受
高値
彩色
連記
加点
手当
遊歩
通電
途中
磁化
焼成
前後
上等
爆死
値上
正常
運動
細心
上京
簡略
特異
活用
寄生
業者
建設
微少
無口
会話
清新
端的
不忠
過密
人数
対論
純化
所属
整美
精微
精美
退位
検察
手書
対生
微妙
劇的
司会
密接
円満
制定
認定
主婦
複雑
禁酒
海岸
高遠
課税
国民
生起
高燥
重宝
正式
健全
談話
特許
熱心
休場
極端
黙止
黙視
異例
合議
指揮
不等
称呼
悪質
精強
力行
子供
相応
解熱
詩的
修行
区画
当番
割高
笑止
不利
強固
無尽
不覚
放射
面倒
糖化
敏感
無為
無情
温雅
見積
沈着
昨年
築城
後押
密会
来島
快調
悪口
作家
週末
精確
兼学
幸福
丁重
倍増
単調
的確
補外
未熟
声高
閉場
影響
軽率
固執
残存
受験
他人
再考
真率
著名
料理
先鋭
深長
人間
完全
再興
無用
減税
多用
代理
難解
老練
快適
会派
供用
真当
高価
直筆
有益
冷淡
堅調
出仕
深刻
夢中
業腹
不能
交戦
退屈
無学
綿密
露骨
質素
危険
軽快
薄弱
脱会
採鉱
重厚
多幸
過小
格段
強気
豪快
冷静
性的
精細
適切
分明
量的
鈍感
有望
容易
右側
深切
未定
過重
出資
上品
前夜
日程
失礼
物的
順調
可変
適度
燃料
優雅
過大
個人
独特
無難
無法
新鮮
痛烈
不用
有用
不溶
気軽
地味
美妙
留置
手軽
度外
極度
首相
小体
純一
貧弱
副署
皆無
確証
希薄
誇大
澄明
尊大
短気
偉大
温良
下等
軽少
最近
晴朗
長命
不定
便利
優性
立派
立論
急激
交差
着実
有利
合体
精良
絶妙
多彩
調法
派手
奇妙
広範
性急
不順
無礼
論外
好運
生鮮
素敵
低級
美味
不敬
無残
有害
率直
希有
狭長
国内
純美
清潔
静的
素的
暖気
低俗
素適
異質
甘美
気丈
健在
見事
厳格
厳正
高度
残刻
小幅
心外
真黒
身近
端正
痛切
独得
薄情
病弱
明白
有意
有為
雄偉
裏腹
良好
順潮
安易
温暖
火急
気弱
強烈
警抜
古風
広博
高雅
高名
自在
小心
真直
真白
親密
水平
正業
精密
切実
全体
多才
多大
多忙
単一
単簡
短小
地道
低調
内気
半端
悲痛
非凡
微細
平明
望外
無惨
無知
無恥
無能
冷厳
劣悪
安楽
安気
安直
暗弱
案外
因業
陰気
陰険
陰惨
隠微
隠密
鋭敏
遠浅
遠大
鉛直
横着
横長
横柄
横暴
横様
温柔
温順
温和
下品
下劣
可読
果断
花車
荷重
快活
格別
寒冷
簡単
簡便
簡明
簡約
間遠
間近
奇警
奇態
奇抜
希代
気重
気早
気短
気長
詰屈
逆様
旧式
巨大
凶暴
凶猛
強引
強健
強情
強的
強暴
強欲
狂暴
狭小
狭量
仰山
極小
極大
極道
均質
軽度
軽薄
軽便
劇烈
激越
激烈
健気
堅固
権高
見高
険悪
険相
厳密
玄妙
古雅
光栄
口重
口早
口速
荒誕
高潔
高直
豪勢
豪的
豪勇
黒山
腰弱
細微
細密
雑多
散漫
至純
至当
至便
至妙
自明
失敬
失当
質実
若気
弱小
弱体
手狭
手近
手荒
手短
手薄
周到
周密
秀抜
秀麗
従順
柔弱
柔順
柔和
縦長
重体
重度
純潔
純情
純真
純正
純白
純良
順良
助平
勝気
小食
小味
小欲
少食
少欲
詳細
詳密
上質
情強
色白
新鋭
新式
森厳
深遠
真暗
真丸
真青
真赤
神速
神秘
親愛
親身
身軽
人並
尋常
清純
精鋭
精妙
静寂
切要
絶大
絶美
絶無
舌長
先安
先高
専横
浅学
浅薄
鮮麗
鮮烈
全的
早熟
即急
足早
足速
速急
俗悪
存外
尊厳
多額
多芸
多事
多種
多情
多端
多難
多能
多病
多弁
多望
多様
多量
大儀
大仰
大形
大俗
大童
大味
大様
大力
達筆
丹念
短目
短慮
端近
端厳
端麗
遅鈍
著大
直角
沈痛
珍奇
珍妙
通俗
低能
低劣
定常
適任
鉄火
典麗
伝法
唐突
等質
同断
胴欲
突飛
鈍根
鈍重
内密
肉細
肉太
肉的
入用
熱烈
濃密
能弁
破格
博学
博識
博大
半間
繁雑
悲惨
悲酸
皮相
非道
非力
微弱
必至
必定
病的
貧小
貧相
敏活
敏速
不易
不運
不屈
不束
不徳
不敏
不毛
不様
浮薄
風雅
物騒
分外
文雅
文弱
平易
平俗
平淡
平板
別箇
別様
放縦
放漫
法外
豊満
豊麗
暴悪
暴慢
本式
本望
未開
未読
無益
無害
無芸
無骨
無傷
無心
無体
無敵
無道
無毒
無比
無筆
無病
無味
無様
無欲
無類
明解
明快
明細
明敏
明朗
迷惑
猛悪
猛烈
目深
目茶
野暮
優柔
優麗
勇猛
有限
有能
雄大
雄弁
余分
幼弱
欲深
乱雑
乱暴
乱脈
利根
利発
律儀
律義
流麗
慮外
冷血
劣弱
老実
老弱
腕白
気任
安価
乗気
端整
富有
簡短
永遠
過分
口軽
寝坊
身重
多感
茶目
不法
優美
利口
有体
安静
盛大
素直
流石
断固
異色
全一
得用
徳用
内福
険難
厚顔
積極
濃厚
口約
誠実
流動
小形
均一
実直
善美
富貴
無根
厳重
鮮少
大国
好色
横風
淡泊
淡白
年少
安手
当面
薄幸
不敵
平凡
大層
大風
知名
過敏
信用
当日
異様
政権
善良
中正
狂的
書記
深夜
中学
国境
指教
試供
示教
正大
英明
補作
過少
豪気
豪儀
参加
小量
新奇
相反
低率
無限
歳上
当然
等価
不精
無精
公選
戦争
当用
透過
有名
家庭
買得
不和
豪放
神妙
繁多
微力
高慢
見聞
行進
不平
広量
高率
比較
至極
心的
生直
非業
健勝
動員
簡潔
枯淡
幸運
垂直
不孝
記録
公然
極悪
大成
身体
方正
内的
変則
初出
外縁
極秘
繁忙
不潔
小型
清雅
美的
勤勉
優等
凶悪
最下
年長
不変
良質
極少
劣等
結婚
天然
敏腕
軽妙
美麗
通行
瞬時
高貴
番組
品目
空間
共起
狂喜
驚喜
典雅
品薄
運送
沈静
堅気
代用
動的
不整
金納
先生
勇健
出来
神聖
同格
不適
種目
労組
骨太
主要
産業
不同
製鋼
不意
方法
気鋭
潔白
真正
国土
街路
機敏
有数
幼少
屈強
毎日
有毒
位置
改新
所得
株主
別個
格安
今週
自作
大柄
達者
広大
抗戦
緑化
高大
助言
痛快
都雅
歯科
用地
健脚
計数
余計
刻下
無念
責任
均等
攻囲
至難
長居
無数
極論
定数
温厚
義務
太平
対陣
退陣
防衛
下期
原則
足弱
耳鼻
外科
地方
簡易
毒死
略式
忠告
洋風
少量
端末
夕方
長大
所管
翌日
午前
満杯
幅広
座視
最良
安心
正午
左様
弱気
然様
希少
不全
平方
未練
日曜
海外
好適
土曜
入社
重大
弟子
外的
現存
公園
浮気
大破
読経
鉄道
正規
政党
平気
入念
休日
総会
学生
紙上
通産
左側
悪戯
下手
特有
目下
留学
清澄
半日
現行
同月
同夜
下旬
当代
環境
戦後
中部
言葉
外相
路線
自愛
開眼
新年
部門
将来
固有
年末
社員
結局
今月
割安
器用
共闘
過当
即日
弁護
法案
本社
極微
重複
本気
山積
苦痛
人工
馬鹿
住所
中旬
不良
完成
過失
高速
昨日
先週
空路
早朝
医科
初冬
平年
校長
合法
部落
金利
先月
予選
作品
沢山
交響
食前
初日
相対
分科
多分
経緯
風俗
未明
北方
過度
本人
以往
少時
太古
区分
学長
新人
方針
本来
本日
木造
植物
圧倒
上位
今度
長年
後日
次回
客冬
午后
中盤
以下
飛行
場合
上旬
近日
優良
財界
競馬
生前
初旬
知的
鉱業
再度
愛国
打点
入来
事実
平安
満足
知識
独立
抜群
田舎
基本
年中
従来
無職
不備
絶好
対外
意外
数字
連日
途上
適法
終年
化学
今秋
復路
資金
以降
当分
来月
町村
今季
連名
政策
種別
信任
来週
両日
火曜
今夏
舞台
学的
高位
今春
府内
時季
春先
大口
毎朝
友愛
時刻
反面
各党
政府
年来
真際
当今
生徒
先夜
朝方
同社
任意
晩年
毎週
露天
英語
事件
投手
過多
今夕
幼時
近年
来秋
今時
最大
毎回
共通
誠意
冬期
当季
道中
毎月
後来
死者
高裁
昨今
少年
即刻
半額
毎夜
夜長
夜半
翌月
来夏
今冬
今晩
常時
大昔
朝暮
西部
全部
総研
毎秋
幾年
旧時
昨春
先年
毎晩
昨冬
瞬間
先般
倍量
方面
明方
夕暮
鋭意
過激
過日
寒中
客月
客歳
旧年
去月
去歳
去春
去年
居常
挙句
近時
近来
月央
元三
元朝
後月
今次
今般
昨月
昨朝
昨夕
時余
終夜
術後
初度
諸共
真昼
尽日
寸分
生来
昔時
先刻
早秋
他日
大略
中葉
昼中
朝晩
長日
当月
当歳
当節
当年
独力
白昼
半時
半道
半夜
晩春
晩節
晩冬
晩方
平生
暮方
方今
毎期
毎号
毎次
毎食
毎度
毎夕
末葉
満都
満目
明年
明晩
目今
門並
夜前
夜分
夜毎
余日
陸路
例日
御陰
決然
幾許
朝来
以後
衛生
各自
軒並
元年
後刻
国防
車中
真夏
前回
前月
他年
晩夏
夜来
古来
多年
大抵
単身
途次
当世
別途
沿岸
最期
昼前
本年
郵便
臨床
前期
全員
他面
観葉
誠心
満場
始終
限定
重力
致死
初年
映画
小学
先程
大数
過般
日毎
病後
候補
簡裁
人情
魚介
終世
終生
中期
歌謡
北西
和平
本初
確定
真個
真箇
早春
劇場
帰路
両度
適齢
木曜
雨下
時分
当期
過渡
翌朝
価格
幹部
本紙
教師
新作
生態
内心
上部
教職
先度
夜間
機器
旧冬
刻字
中間
最小
内外
水曜
昨晩
山脈
過去
物語
昨秋
物産
昨週
内実
地質
場所
父親
年金
寝具
大陸
道交
無罪
半季
史的
席上
物質
道徳
金曜
月曜
分野
産後
総額
戦線
句集
利子
以前
当夜
公明
今夜
半島
北側
連休
対象
同等
人選
体制
満面
平素
用紙
長期
熱帯
夜中
老人
局面
各員
見栄
社長
同窓
巨額
合理
作戦
最新
半月
蔵相
先晩
不動
御覧
今朝
戦略
海上
考古
主人
駅伝
役場
真冬
大蔵
客年
司法
総裁
電車
何時
旧来
上司
王立
手渡
幹事
当局
時下
戦時
結構
後年
推定
毎時
広場
列車
各人
初期
両親
大仏
年初
後世
特段
会場
県民
大方
西側
料金
眼鏡
区内
台数
工高
今期
栄養
今日
岩船
厚生
事故
構造
大型
名前
車種
不味
周辺
相場
毎秒
永年
競売
恒久
公共
最中
商工
書店
世辞
町長
晩秋
学科
首脳
戦前
秘書
会長
凶徒
模様
高齢
手紙
知人
著者
実質
数等
外野
本名
平常
市街
修業
無死
好感
天性
高層
告祭
食品
病因
死後
正字
盛事
盛時
青磁
全日
民主
商社
代金
政事
忠実
任期
商品
南東
最悪
長男
露店
年産
前週
打数
党派
地裁
証券
全面
漢才
大根
複数
最適
車内
相手
同署
基地
車線
商店
日付
罰金
土地
背中
海洋
歳出
親子
楽団
治安
東側
気質
功業
手形
半数
青年
勝者
消防
火事
趣味
新入
相好
管内
港口
皇考
先物
手前
女史
税率
私情
世代
冬季
医学
気分
取扱
製品
至上
誌上
興業
史乗
至情
詩情
前線
方向
同国
数量
論文
右派
機会
大使
鉄製
本店
学界
区立
新興
職員
世界
息子
適地
米人
集団
文理
何者
高検
定例
助詞
海軍
方式
助士
序詞
序詩
外交
感情
初心
若者
精神
頭数
税制
黒人
時点
無料
不仁
不尽
思惑
諸島
高給
情報
薬局
祭礼
科目
人物
社内
首都
新党
後期
長調
器官
機動
季刊
会頭
基幹
奇観
帰環
気管
貴簡
新聞
東方
内容
分署
原因
西南
記事
興味
姿勢
証書
公社
見方
区検
総理
部長
新書
年内
数値
戦車
党内
紀元
後宮
公休
好球
薬理
国対
手足
口径
新薬
殿下
教員
上級
起源
青銅
多角
地球
酒類
鉄鋼
笑顔
起原
新米
原稿
捕手
前半
申込
人種
先頭
日系
表面
用品
圏内
生命
軍人
自衛
後事
公事
好字
高次
雑誌
遺跡
向学
公司
私行
至孝
試航
水準
友人
紙工
私鉄
単科
利付
計器
天気
余威
各種
地点
公衆
世紀
大海
口上
竹刀
円形
業界
主食
初代
分課
下学
家学
歌学
厚情
恒常
校内
交情
次代
建物
総代
学歴
体高
朝刊
劇団
航空
高熱
実業
男子
口内
根元
管区
宗教
売上
詩人
次官
取次
成算
青酸
大戦
地震
美術
無人
巻頭
系統
草花
北部
花火
外務
楽界
自大
元号
主題
商船
同省
番外
英知
紀行
範囲
青天
鳥類
農家
被告
列国
苦労
形式
同和
内部
年始
次期
将軍
都営
土木
客員
金額
口頭
市上
事大
少子
選書
弾頭
作付
関節
血圧
子孫
神経
静物
南端
最上
参事
自画
小説
多色
本線
役者
歳入
初歩
短長
和漢
小児
対向
退紅
大公
大功
法相
健保
周波
憲法
集魚
城内
織物
観客
証取
能力
目標
以上
成績
先入
農繁
電信
女声
土器
弁当
教授
灯台
初戦
大臣
地検
離宮
価額
回船
海鮮
光景
定年
面積
駅前
官等
関頭
後景
人権
地帯
電源
不測
付則
好事
左派
旧制
質的
道路
返歌
歓楽
新館
日誌
絵本
中前
山系
証人
中堅
新卒
当主
機種
見世
原子
歳暮
動力
南側
宮司
磁気
天井
敷地
公党
地域
反対
画面
私家
新香
短歌
白色
資本
電機
日時
破局
要因
左党
秘密
学士
家計
医員
海戦
元本
光頭
口答
恒等
皇統
紅灯
荒唐
高踏
役員
玉子
職業
森林
微量
諸国
人生
大物
炭素
本書
冷水
財源
題目
同店
浴室
医院
価値
水門
世態
同町
前提
白紙
差等
熱戦
中年
番付
雨中
税調
少数
母親
界線
高砂
黒字
店頭
頭部
南都
目指
無名
残高
年刊
総体
側面
測候
大気
効力
指事
死児
同点
国歌
博物
食材
下部
気風
実家
手首
標高
下腹
画像
開口
気候
夕食
労連
気功
理論
奇功
奇効
奇行
帰航
季候
貴公
貴校
軍事
最短
主体
機工
工学
国花
国貨
使節
本格
議院
惨状
貸間
適時
内相
重文
書展
南西
理事
新車
矢先
支部
濃度
雨期
格差
規模
古今
課長
終末
板金
公館
向寒
好漢
皇漢
鋼管
作物
原語
国教
父子
旧習
作用
友好
以外
紀年
町中
子宮
生魚
腸管
沈香
精力
多選
皆様
空中
士長
実勢
空軍
自分
数寄
海員
古史
古紙
古詩
故紙
昨夏
主義
助役
全般
都立
夜行
余人
距離
教委
署長
垂水
数奇
大賞
中震
忠信
忠心
得手
受苦
真上
書留
医大
角力
行蔵
高根
暖帯
同業
物理
古代
書道
人員
前面
地学
天皇
半期
列石
史料
費用
時事
深交
深更
親好
打席
名産
差額
親交
欲念
立場
各社
書面
総長
白人
抗生
白書
立法
易化
医家
小生
身障
打線
内科
両手
別館
船首
早期
化生
回数
規則
天文
助手
本国
薬剤
右手
歌手
思潮
支庁
氏名
紙帳
熟年
正面
背理
部隊
貴社
京成
先端
家具
街頭
将校
同大
犯罪
方陣
資格
兵士
訳書
奇貨
幾何
机下
旗下
気書
季夏
貴下
貴家
県庁
神殿
人中
台所
本音
陸軍
意志
限度
釈然
神体
遺子
遺志
遺矢
賞金
米穀
模型
市庁
打者
検事
店員
敗者
仏文
原作
仕法
私法
至宝
動向
意思
割合
経常
差益
好評
国務
商人
長姉
用途
学者
形状
古寺
先進
地元
長子
党首
最盛
自販
高音
大兵
単独
内閣
部品
葉書
音声
国界
試料
飼料
舞踊
初回
寒心
歓心
甘心
古書
正門
本館
名人
円型
鏡台
県警
私服
平話
後段
高段
資産
府県
産院
条件
精度
用水
下町
同紙
冷戦
安打
音色
宮殿
酒席
暑気
始球
相互
夜目
余波
橋台
最深
当事
会報
回報
快報
快方
兄妹
国史
石灰
船場
中称
背後
解法
忠臣
冬至
答辞
統辞
本質
名目
予算
仕様
西土
飛越
依然
雨風
講座
姿容
子葉
板目
王室
幾夜
左記
消極
上層
即時
無配
課程
若手
首席
祝日
素人
比例
歌劇
区史
過程
省内
温水
下方
快技
僧階
各氏
現地
電流
豊作
医者
編著
義理
現実
手跡
市制
心理
内面
末日
家賃
漢語
谷間
著書
老後
高台
材料
女児
異論
空文
大豆
南国
両端
海域
県境
手間
暖海
中隊
通禁
主将
弾性
男声
同名
被害
未来
球団
重量
節目
銀鉱
事典
僧体
草体
徒士
文章
口座
士民
重点
声楽
大社
大小
必用
論説
栄枯
境内
語路
上段
状態
盛名
声名
日記
武力
公安
正月
波布
府会
末期
横道
左翼
次男
産政
小物
率土
立入
新旧
回状
階上
講談
殺人
党員
上流
大損
単位
屋上
主力
床机
省議
同校
南方
府立
教義
狭義
経木
主夫
首府
命題
活性
貴意
人民
木像
会期
後天
秀作
順位
大佐
内戦
半面
目録
故人
来客
立会
村長
対称
隊商
件数
事情
床下
水産
同所
王者
原鉱
玄黄
言行
自国
式典
守将
都度
不信
首将
職人
旅館
歌人
古人
戸数
上空
素材
主筆
女優
生体
内線
黒土
黒奴
所信
都下
木材
上限
白星
歌集
官庁
器機
鬼気
支払
制憲
政見
泉水
有罪
露点
郷里
金鉱
敬老
原器
御酒
私学
神酒
判事
市警
地主
賃金
業種
紙型
詩型
詩形
書類
専制
都民
危機
軍団
書物
情勢
生家
天心
天真
点心
反日
金工
山容
消夏
西進
総数
評判
軒灯
商家
商科
唱歌
将家
証歌
全力
中風
要旨
運賃
樹木
電装
白砂
成心
大寒
難色
門戸
各地
実力
出欠
初任
書信
水域
全額
仏像
旅先
講師
税金
銭湯
同左
末端
型式
権力
酸性
小父
水道
先登
洗湯
短大
中火
宝物
無断
係長
自己
宿舎
水深
髪形
間際
基準
幾度
車両
他国
頭首
戯夢
後尾
治験
聖火
対岸
台風
島内
米収
我家
初等
電力
野鳥
目刺
座長
蚕業
自主
他行
薬物
拠点
春闘
体質
正統
組員
片側
鏡銅
局員
継投
国道
自転
手法
精糖
悲歌
比価
皮下
品位
墓地
逆手
金属
公海
出身
新宮
等級
砲火
旅費
漁船
候鳥
女王
薬湯
下限
漢詩
給料
原案
使者
体育
大筋
博労
夜討
要地
黄鳥
外傷
楽聖
急性
上白
人質
本石
外商
感興
軍機
採算
指数
圧力
至善
首位
悲喜
武門
文明
補選
家事
漢方
経費
新刊
代官
適量
保険
和食
衛星
下味
権限
現象
個性
効果
純金
定時
品番
方案
各紙
学制
現役
左上
市道
親仁
農業
舞子
部会
風味
仏心
奥地
温泉
可用
県花
算数
守旧
小社
足首
木地
両氏
永世
永生
各階
原点
言質
国王
支店
紙面
窓口
頭痛
難民
機運
禁裏
区域
持論
朱色
種子
別姓
砂層
細腰
自助
雅致
額面
形影
継泳
講堂
香煙
小舟
新星
体外
大盗
令状
暗然
課員
楽長
期日
球場
句風
古米
児女
次女
次序
自序
真実
戦術
台本
都会
砲身
本選
無線
様子
花街
後者
上意
情意
積立
理想
画一
健児
初値
小事
消磁
賞辞
障子
神人
副使
副詞
酒量
同庁
日用
乳状
片目
英字
海路
序盤
神像
前金
大作
潮流
党略
彼氏
市井
真相
政界
当所
同派
婦長
駅名
下流
階段
私大
手段
酒税
全校
素顔
同村
年鑑
文科
補則
本物
無色
有印
至近
上人
城頭
場面
数次
大空
中等
伝統
不足
見立
初球
身元
大半
伝説
同区
白地
判官
本戦
立合
悪性
右翼
海容
基盤
機雷
漁業
豪族
支社
秋日
週日
真人
前項
善行
全港
年次
顔面
検字
初恋
熱気
腹筋
話柄
楽曲
教団
御飯
誤判
校舎
祝詞
初孫
商戦
勢威
征衣
征途
正負
聖徒
先輩
脱法
同港
堂舎
道者
分館
返信
無煙
課題
楽器
逆風
校歌
細大
死球
主役
少額
心臓
大差
同誌
反古
反故
飯盛
微傷
美称
不満
補語
夜空
下辺
漢字
器具
近視
金枝
金糸
光彩
厚司
厚子
口才
所天
諸点
心像
創憲
創見
大玉
調書
投網
付注
遠眼
巻末
公課
功科
功過
工科
残年
小鳥
小品
昼間
同博
年齢
班長
筆者
表情
野党
回路
絵画
旧姓
古都
固目
御札
好捕
産地
小額
聖者
貸付
台辞
大字
大地
題字
題辞
炭鉱
知歯
地誌
置市
微風
無期
無形
花粉
気色
逆説
考課
行事
弱音
図書
損益
度胸
東洋
幕末
名子
様式
良心
御茶
印象
火花
再話
神道
身上
水辺
正覚
先見
町内
適例
灯油
動機
同好
銅鉱
家屋
家格
過客
寒気
間尺
若葉
商学
人手
組長
単向
単項
探鉱
墓標
抱負
本志
本旨
本誌
開村
教書
狂詩
国体
最少
細小
産制
中身
同小
風上
分会
野分
養子
衣服
親方
団地
地神
腸線
皮革
本位
活力
厚相
左官
次長
人徳
政局
地上
鳥獣
不在
容姿
旅券
角灯
監事
館長
喜怒
輝度
苦味
熊毛
高僧
書家
称号
正客
天国
天地
仏式
母国
容止
洋紙
寒害
干害
管外
単価
渡守
当方
道筋
文相
毎戸
名所
曲面
古参
行内
字書
小康
食堂
水力
夫妻
風雪
木綿
林野
栄光
煙草
火難
我国
器質
基質
策戦
商港
上着
人類
正念
青雲
草案
着物
夜気
流星
和室
灰色
気持
起句
後学
光学
好学
工芸
皇宗
行装
鉱層
差損
終着
賞品
新著
水中
全線
対案
頭角
品種
薬事
金文
剣道
国府
市会
上使
上士
新巻
身長
清貧
体協
標的
両面
引分
何頭
学級
宮家
公傷
公証
口証
校章
行賞
鉱床
仕込
奏者
大火
直径
殿舎
電線
土産
白髪
文芸
便所
有功
有向
火山
官公
好奇
講社
死生
祝着
章典
新訳
店内
都県
歌詞
間接
戸別
雑草
主権
女将
序言
小店
親族
丹花
炭価
通貨
答訪
道念
日計
分権
本腰
威令
違例
英雄
横顔
居間
公舎
高射
砂山
刺青
司政
市勢
市政
氏姓
私製
至誠
詩聖
資性
西岸
風速
本号
役人
要員
王座
後部
女流
代数
同志
念頭
本番
無援
無鉛
例会
営養
奥様
刻時
国字
市域
自信
社寺
新橋
赤字
前兆
地位
仲冬
柱頭
標準
無機
用語
勧降
慣行
客室
空家
経堂
恒例
校則
財政
生保
同機
同高
不離
府下
風水
要人
理由
黄泉
学課
寒風
苦寒
御上
史話
私話
詩話
資源
射手
首領
世事
大工
同相
病状
牧師
旅団
改憲
好例
構文
高利
豪雨
私書
性格
政官
正教
清興
盛況
男児
男優
典型
難場
年寄
夕日
塩性
欠点
国政
城市
神社
人格
体力
中段
同展
白票
本城
本状
名曲
偉績
衣料
記号
県道
高座
私費
脂肪
主任
小指
小石
通称
童話
旅人
遠景
光速
公理
功利
効率
国定
弱火
前文
容器
下士
仮死
可視
歌誌
計時
見地
原罪
原発
合金
私腹
斜線
社線
初級
商圏
商権
水分
正絹
西端
太陽
犯人
王様
開巻
岸辺
月額
好物
攻勢
構内
社主
住民
上布
水系
電気
発端
病室
兵制
歩道
小五
箇別
各項
各市
各誌
革命
関門
旗手
産道
宗派
成体
政体
扇面
短期
入口
白米
屋内
感冒
君主
御幸
耕地
産科
将士
小史
小者
証紙
賞詞
深雪
神明
聖体
声帯
静態
前列
有人
各館
奇聞
記文
記聞
漁舟
曲芸
空気
警乗
公知
自宅
小党
親米
親類
身内
大金
直中
点前
片手
両国
王国
課目
海運
街角
気力
客船
公用
国旗
手口
手腕
盛年
他馬
団長
日刊
髪型
品質
付合
文様
北端
汚職
教頭
交声
恒星
最速
細則
酸類
手帳
将兵
職印
心頭
新刀
神灯
人材
洗車
対価
耐火
大過
噴気
陽性
両社
外向
外港
干城
感状
環状
管状
近所
原型
原油
公使
最低
事前
生死
青空
標語
壁画
法式
北洋
無実
両方
衣魚
医局
脚本
郷土
紙魚
次席
車輪
宗義
心得
政労
船頭
貧困
本船
満点
木星
有給
中押
金権
空身
敬答
合弁
根性
辞表
社宅
傷兵
人件
陣内
生後
税政
弾薬
中研
中団
丁年
停年
日額
発作
不死
付子
付添
無言
無量
役目
林間
連歌
連火
意欲
奇童
奇道
気道
酒徒
首途
衆徒
新内
新約
深林
年数
名刀
名答
有色
要領
例年
王将
家集
解党
海浜
元始
原紙
原詩
原資
現員
光熱
好機
山里
初夏
小暑
消暑
新型
聖典
船員
前妻
地蔵
昼食
田園
年上
羊水
悪評
異父
個室
志士
信書
新緑
真書
親署
親書
正堂
前庭
貸家
地権
茶色
長女
直球
道義
道床
銅賞
友達
音量
具体
時針
磁針
出色
出典
商号
消印
省線
新規
前例
追手
鉄工
鉄鉱
動詞
同旨
導師
童詩
道士
美女
目前
家電
開張
金具
血液
財産
死神
時化
若草
主計
出番
諸君
信管
神官
成年
政道
正道
精銅
聖堂
先方
築法
頭金
独身
薄口
本業
名義
名物
有無
火口
花芽
会規
回腸
海気
開基
居士
金銭
軍陣
経路
玄関
惨事
自我
芝生
酒場
重傷
水質
先手
前歯
速度
短調
朝市
天上
伝記
殿上
徒歩
熱病
買気
母校
報賞
洋品
官設
環節
言論
語頭
公庫
産児
蚕児
刺史
史詩
師資
詩史
秋波
所由
小判
政客
正格
中古
中流
忠誠
珍味
天機
転帰
要録
歴代
話題
稲荷
縁日
楽屋
貴種
居室
漁村
金物
古称
湖沼
後会
公会
公民
効用
算術
字源
執念
酒色
酒食
秋冬
小姓
乗員
新秋
神州
伝灯
道話
特典
文末
両院
雨量
園芸
横車
横笛
甘苦
空前
劇談
秋興
神米
性能
成果
成典
晴天
清風
生年
盛典
税務
先代
貸出
同一
同館
内訳
日課
薄謝
比重
評者
文筆
母子
母体
役割
容疑
様相
奥秘
家老
基調
曲目
芸者
決河
限界
好個
好古
山神
士人
私人
至人
首題
終戦
衆議
勝機
生計
聖教
帯状
丹頂
暖冬
頭上
難点
年歯
犯意
風船
無敗
両者
王朝
海辺
官位
技法
凶荒
凶行
教皇
剣法
元素
後件
後生
効験
指針
自力
人絹
数理
性別
政令
戦法
側壁
他家
大男
断頭
町名
直系
内角
薄利
氷菓
評語
北門
目白
冷飯
掘出
王宮
岩場
顔色
機首
狂言
公私
構図
砂粒
時速
手話
神事
正系
聖跡
創世
対極
大台
達人
中級
中将
町制
土台
土中
頭髪
兵力
北東
歌稿
花形
快刀
海面
奇手
近世
金網
好天
深海
政経
西経
大尽
朝政
都心
日常
配点
不仲
風土
本心
訳者
要素
塩分
化工
仮構
河港
快晴
極右
元凶
原形
古着
厚志
紅紫
高士
式場
弱点
小片
食器
真底
人身
正味
天漢
日子
物資
片面
裏目
両船
小二
右目
火砲
願書
金鉄
紅梅
考試
再三
山王
子中
私財
真宗
人臣
生母
聖母
雪景
貸金
値域
通詞
店先
伝奇
日次
波間
白魚
富商
風潮
物件
米兵
理容
緑地
異状
家兄
学期
教官
狂歌
均整
祭殿
使命
斜面
樹脂
終盤
食料
信士
心耳
新字
人世
人性
仁政
数学
正法
全店
即座
他者
体重
中興
忠孝
通事
通辞
動議
白日
反戦
病者
不詳
放資
法律
本展
役印
里謡
論調
家裁
家長
県議
後葉
光陽
口中
済世
祭政
参道
司書
至尊
社説
手順
春宮
小目
心事
神話
聖歌
製薬
対物
態度
段差
中倉
土日
土用
同心
胴着
熱線
農夫
費途
非違
筆頭
無品
矛先
広葉
異国
異同
医道
機械
曲者
公金
口先
孝子
黒地
才気
祭器
舟場
小委
小数
情熱
身方
青果
前身
即効
測光
速効
打率
代将
茶宇
通年
同案
年下
迫力
肥料
不況
副官
米作
有志
隣室
異性
横議
課徴
外人
各店
金魚
原人
公権
抗力
刺客
指命
死命
私設
実科
主砲
取付
殖財
親中
船台
全身
対内
弾道
通念
同位
武器
風穴
分子
文面
便数
保安
満席
名士
名称
塩味
何事
花鳥
開講
開明
較差
公益
工員
左足
資材
歯車
写実
勝因
小引
床上
賞状
職場
真先
神木
身柄
聖王
全長
大砲
地名
町民
長所
頭皮
童謡
難局
難曲
難病
薄氷
副賞
本家
末位
民兵
葉色
例外
露地
異種
医務
右記
右足
雨季
歌曲
行楽
左下
在米
周期
出目
所長
女神
垂心
船上
村立
灯標
内証
農奴
配下
拍車
病人
本官
本管
薬方
両翼
力学
円堂
加法
家宝
果報
火薬
花輪
感性
観点
器械
貴国
貴命
経歴
源流
抗体
黒船
支局
私案
至福
時文
辞書
終値
初老
書名
接点
唐皮
罰則
不才
母性
宝塔
方策
有線
両側
屋号
音曲
海原
気配
巨利
空白
原産
高空
黒石
紙幅
手技
習作
初潮
乗法
常法
親元
親分
身許
人望
陣地
正価
正課
正貨
生花
盛夏
精子
声価
製法
青葉
創部
足元
知見
同夕
童形
年頭
農村
美人
武人
法敵
夜光
欲望
卵酒
利率
悪政
衣類
外伝
各車
紀要
筋力
傾城
形勢
形声
警世
肩書
原理
御世
高評
私産
視覚
時短
室外
秋季
出方
初動
諸道
心筋
新婚
身分
跡地
洗剤
鉄筋
同郷
農場
薄暑
不通
平屋
法会
法要
無位
余地
養父
路面
付物
威力
英紙
家宅
火災
火手
火酒
階数
外部
株価
気息
共著
近県
空腹
軍楽
傾向
軽傷
原告
原料
後任
高温
才能
死角
視角
詩格
若木
宗規
秋期
秋気
初稿
小人
小粒
条鋼
図利
水勢
水性
水星
水生
水声
製菓
税別
戦士
戦端
線路
早版
総記
対訳
築地
同形
別巻
別名
無間
裏側
立方
御寺
悪声
円盤
沖合
外界
外灯
街灯
活路
左目
妻子
趣旨
住人
出先
数列
戦国
村人
代打
短編
転院
同工
難所
評伝
不作
風物
文句
米価
本局
綿糸
有料
卵子
老手
雨林
液状
延性
温室
荷物
胸部
具合
敬称
減作
口車
航法
高察
国父
骨格
座席
実権
実態
主知
祝杯
真顔
人柄
世子
姓氏
正史
聖旨
製糸
青史
川下
扇子
地面
忠士
党外
農薬
俳誌
背景
不帰
府警
別線
路上
夜明
会席
外来
学卒
干潮
管長
弓矢
胸中
空席
個展
国富
作意
初雪
小差
小豆
食欲
真心
水位
制球
聖戦
全形
僧団
早計
卒中
体面
代地
大判
丹毒
朝野
底辺
党費
夫権
府庁
父権
文物
薬品
余所
要所
陸士
隣家
異端
円陣
家法
花束
海中
機材
気圏
教理
胸裏
曲線
決勝
権益
限月
豪雪
車体
手羽
小節
小男
章節
新都
神前
赤地
前節
草魚
太初
大暑
知性
忠言
農相
不漁
風景
文教
砲丸
本場
本体
本庁
夜桜
野辺
幼児
力士
恋人
悪貨
右端
歌声
会誌
幾代
期首
議席
急所
教材
軍隊
結末
元祖
好況
広狭
康平
鋼鉄
才子
祭司
市議
時機
次子
社協
社団
宗室
終巻
習慣
小曲
小使
小母
情感
情操
条項
信金
新品
性質
精農
声紋
声門
戦力
全容
即事
隊舎
大所
柱状
直間
定休
天宮
土手
道行
農産
版画
薬味
勇気
林道
音質
下面
機業
旧友
境地
軍属
源泉
玄米
現職
個利
古典
後方
交点
光点
荒天
高点
国司
国師
市価
時差
酒手
樹林
初版
小遣
心情
新説
神様
図画
制令
青春
船長
他方
大権
伝票
年限
美風
不為
部下
壁面
本朝
夜鳥
裏金
臨海
仮象
急談
急電
金品
工兵
号砲
散人
姉妹
自体
受入
終期
熟語
出前
助字
助辞
序次
上座
上体
常体
常態
常談
情態
信念
水源
聖楽
早見
総力
損金
他校
他項
多項
大雨
男物
頂点
定員
底力
敵性
道場
内政
乳児
薄給
面輪
毛根
門徒
幼年
要件
里方
上角
大体
下水
火力
開府
階級
寄道
規格
区民
形態
系図
航路
材質
史観
支所
社頭
重油
職種
心裏
西暦
税額
戦場
前任
全曲
全文
台地
大王
大将
大隊
地図
着尺
丁字
頂上
年号
粉雪
密室
力点
下角
横丁
音頭
下風
家元
家風
学芸
眼下
岩山
危地
奇知
機知
貴地
義弟
教主
極地
金券
群衆
軍国
形像
恵贈
軒数
軒先
原液
公費
功名
行員
砂浜
際限
財布
止痛
私通
磁器
耳目
主旨
取組
秋桜
柔道
初婚
情歌
情火
新曲
親善
正妻
生彩
精彩
聖祭
祖国
多肉
大局
大葉
敵前
都銀
等号
表側
浮輪
武家
舞楽
文名
兵器
片道
墓表
民家
目頭
有半
里親
両像
両論
連中
手指
主司
朱子
医長
音程
介助
海港
活気
管財
岩木
気品
客足
境目
金堂
原画
個数
光明
抗原
国士
才識
祭式
士道
師家
師団
辞令
朱筆
初給
女難
小難
色彩
信条
身命
総評
総論
存分
台車
大群
団扇
茶室
内輪
波状
美顔
不敗
補欠
無税
陽光
労相
老母
御湯
愛犬
偉人
異見
違憲
陰性
下着
角度
基数
急流
旧家
旧暦
魚心
凶弾
極限
軍談
激痛
後備
好守
幸先
史学
士官
師道
志学
私道
糸価
紙価
視学
詞花
詩家
詩歌
詩学
試薬
資力
歯学
字形
辞意
主幹
主峰
小犬
新雪
真情
臣節
人前
人足
陣中
声量
値段
仲兄
賃銀
低空
定評
党則
得策
俳文
倍率
売出
費目
表札
病名
不壊
不実
粉末
文庫
本命
名作
雄姿
養蚕
浴用
遣方
細切
悪女
駅員
旗印
規準
客地
級友
旧遊
競書
強風
胸囲
驚異
業主
月間
権道
現物
言笑
向性
黒板
腰痛
腰布
最貧
市有
試案
社報
祝舞
出足
勝率
上面
色街
信実
心肺
新劇
新春
水色
正金
製紙
節供
線香
組曲
探題
男色
地理
定刻
電灯
当社
同気
童心
内局
馬券
犯行
宝永
方言
砲塔
本流
民法
名車
勇士
要項
和風
目当
悪日
沿海
縁海
遠海
屋外
夏物
果物
外資
救療
旧領
魚類
曲名
銀色
軒下
御代
工程
高弟
黒星
座像
産別
誌面
次位
示威
守勢
手中
終点
宿願
春雨
勝敗
小包
情状
申立
親指
盛会
先考
戦功
浅紅
鮮紅
祖父
素案
総勢
他所
貸費
台帳
店名
桃色
入日
脳裏
反感
秘話
文楽
文系
文法
編物
名声
薬用
用事
労音
見出
悪玉
悪夢
因果
越権
鉛筆
汚名
横町
屋根
仮題
外史
外紙
学派
官報
観法
貴様
儀式
旧知
局部
軍旗
軍紀
軍規
軍記
権原
古楽
古制
公報
行程
婚家
山行
山林
散光
蚕種
賛否
寺院
主位
主意
手芸
手編
趣意
初会
初段
諸家
上官
食管
神仏
針金
水気
征矢
生理
前景
全景
造花
尊属
大軍
大便
中殿
天体
殿堂
土質
銅器
濃口
白丁
白布
病床
保線
本島
目先
有事
夕陽
与党
老木
和服
腕力
小船
悪法
悪役
王族
花片
階下
外角
各冊
気運
軽重
軽油
県連
原典
公立
口紅
校庭
紅花
事態
時論
主観
取消
首級
樹下
所員
信徒
水屋
正使
全編
祖母
多産
題名
茶会
同家
同率
銅鏡
内側
難題
日陰
農政
背水
買手
薄紙
不断
別製
歩調
墓場
法量
本土
無銭
名刺
毛虫
毛髪
勇姿
有刺
有司
有史
遊士
遊子
遊糸
遊資
雄志
裏口
礼状
御盆
愛車
果樹
各線
旧型
共犯
強豪
強度
景観
結社
後味
孝弟
工費
紅色
桜草
史書
支署
私署
詩書
事後
児戯
字義
謝辞
主因
主祭
純銀
初音
初子
小骨
常勝
条章
新渡
新郎
真空
神都
人里
足場
大詰
大潮
大麦
大盤
断面
潮位
町人
長流
賃料
天元
伝家
能会
白球
尾根
腹心
文言
母印
無休
毛色
郵船
用字
粒子
両人
隣人
恋心
郎等
遣気
主菜
首歳
羽翼
雨戸
運命
駅弁
花台
回文
灰皿
基板
機具
牛歩
漁協
魚粉
胸痛
係官
県下
元職
口元
行末
鋼板
香道
細君
菜園
死因
主戦
主薬
手元
週刊
住処
従姉
獣脂
順番
暑中
書士
諸氏
女心
深浅
陣痛
吹雪
性状
政情
聖上
先陣
戦敗
扇状
線条
線量
船体
足音
谷行
中位
潮風
定法
鉄人
電設
都合
頭取
年令
敗色
薄型
微熱
富豪
風雨
文官
法家
法科
法貨
木具
木製
優生
余暇
理念
裏面
立像
隣国
路程
老年
論理
大盛
卵焼
異腹
稲作
雨雲
営利
横糸
王家
恩師
海損
外形
官舎
逆接
休暇
旧名
牛肉
近著
金製
金棒
空調
現形
黒髪
祭典
子役
視線
字解
持戒
磁界
実車
若造
主眼
手管
首長
所用
勝地
商状
小我
小乗
小声
小銭
小知
心境
新種
真券
水着
石炭
専権
全館
全席
体格
大皿
単語
単品
端午
暖地
中型
中味
低音
電器
土石
党紀
島民
特色
難関
農協
背広
飛球
鼻骨
不渡
報国
砲台
本箱
名水
野草
油性
雄図
雄途
夕刊
容量
洋式
要式
卵白
路地
子取
歯切
端切
案件
引金
引鉄
果菜
回章
絵巻
外為
各層
学位
学究
関取
吸水
球児
強盗
局番
金庫
金満
群島
元利
湖底
語録
口笛
皇室
高床
国益
雑音
山師
産年
仕丁
事例
質量
実情
実体
実定
狩人
重罰
純益
女手
焼肉
上衣
情人
食道
図鑑
推力
世間
制式
整式
晴眼
正眼
青眼
石材
切替
先人
戦災
染料
相性
多客
大黄
大乱
定価
党規
党名
当確
当機
等角
統覚
道具
南口
入試
肥土
不問
風神
風説
復田
母方
冒頭
牧草
本屋
本数
妙味
野外
洋酒
利権
暦法
列島
光一
結付
建替
表着
井然
益税
往事
往時
王事
温度
賀状
格下
巻数
丸太
機長
気心
急使
球史
旧師
共和
係員
古手
故意
公道
公武
口火
工率
皇軍
歳月
産声
資財
次節
次善
実技
実父
写字
社名
小麦
上役
条例
色石
寝顔
新芽
真俗
人魚
図式
図柄
水軍
水流
性善
整然
清鑑
盛観
石像
積雪
先祖
全土
素質
総菜
蔵元
足並
大安
大腸
大老
題材
地衣
珍客
痛手
店舗
電子
当行
同族
導管
道管
馬術
彼岸
皮質
秘策
鼻歌
病苦
不発
仏体
文民
壁際
宝庫
未婚
野菜
油絵
雄花
幼生
洋語
洋上
溶性
用後
雷雨
利便
理数
涙声
冷灰
園長
汚点
黄道
黄銅
音階
音源
荷台
快楽
海流
感覚
看守
顔料
脚力
球筋
漁師
系列
原題
原版
後発
光来
紅玉
紅白
鉱物
高堂
国技
骨子
骨盤
雑歌
始原
死罪
私見
紫色
至言
実話
若年
酒豪
収入
祝電
色弱
心力
深層
真理
神風
人妻
水虫
正賞
戦犯
線区
前震
前歴
善心
全会
相者
増価
造化
大粒
単機
単記
地異
中腰
長上
定性
定説
天恵
添景
点景
殿様
党是
湯船
当否
頭脳
特徴
入級
念力
背骨
白馬
半値
貧打
敷石
仏経
物流
文集
便益
便器
舗道
本領
満員
満天
無策
名門
勇将
郵相
洋服
用件
利点
両極
両校
両省
形振
普段
以東
委曲
異存
演劇
家業
火種
学資
楽士
楽師
株数
寒帯
巻物
感想
寄席
機上
気温
貴族
逆進
魚価
狂騒
局地
芸風
劇薬
血筋
血便
憲章
原由
古銅
御職
公法
口調
工法
国交
国名
腰部
根気
根底
最古
子女
試論
事績
事跡
時評
自席
実子
実務
車外
主神
受取
住職
女坂
傷口
商用
常務
色情
信教
新装
深窓
真草
神階
親許
親友
石柱
石頭
節操
先妻
戦型
船腹
選良
全域
早足
装束
増勢
足腰
卒論
体罰
大圏
単形
断腸
竹光
中高
仲人
朝命
珍獣
転作
等比
糖分
特性
毒薬
内耳
難問
肉感
半生
販社
表敬
不学
不着
富鉱
敷金
武事
仏徳
文具
文語
本港
本職
無上
無常
明器
木札
木精
紋様
門葉
有価
有休
遊休
用具
要事
理系
裏地
裏町
略歴
朗報
顔立
主震
酒神
威勢
異郷
異変
陰口
英才
英和
駅長
往信
横穴
夏場
家伝
果糖
回天
快挙
海兵
絵柄
外電
外様
角材
学業
割増
観衆
器材
共管
共済
凶漢
教程
胸間
胸元
郷関
近親
金扇
金線
形勝
形象
径路
敬承
景勝
経巻
月刊
見解
厳寒
現官
光陰
公案
公印
口裏
荒波
国論
根幹
再試
採火
載貨
山腹
産前
産物
司祭
史官
士関
子犬
子分
市外
指標
止観
詩巻
事柄
寺社
時日
自前
実物
実名
謝礼
車間
車寄
車列
手鏡
縮図
所以
諸悪
諸表
小変
小編
少将
笑芸
上皇
常項
情交
情工
心木
新形
真価
親水
寸前
正犯
青豆
赤毛
切花
専務
前菜
倉庫
測度
貸切
大命
大目
単願
端歩
茶柱
茶番
通期
通所
庭園
敵失
鉄路
天命
党利
動意
同根
胴衣
毒性
熱意
能面
買取
白菜
箱屋
飯台
盤上
皮膚
美観
美酒
氷質
部外
兵員
母后
母港
本尊
枚数
漫画
民衆
毛糸
木版
目処
目上
矢板
油煙
油田
有性
有生
有精
由縁
遊星
洋弓
用兵
葉柄
陽子
雷鳥
利剣
利息
陸協
陸相
料飲
林政
冷夏
礼金
老親
論点
論法
形無
裏付
安否
飲物
運輸
演芸
塩素
応急
王権
屋敷
音盤
家路
海綿
界面
貝類
外政
街談
各派
学園
学力
勧学
漢学
機密
義母
休園
球技
巨費
許否
胸底
極印
禁物
金貨
空域
景品
迎車
血管
建材
権利
原論
現況
公害
功罪
口実
広原
皇后
荒原
合間
穀物
婚期
根基
根拠
細身
作出
使臣
指輪
死力
私権
私信
私心
糸状
紙片
至心
事項
字体
治世
磁束
自伝
鹿毛
手引
手本
酒造
州法
修身
週給
諸事
助員
商機
商業
将器
小器
沼気
笑気
城壁
信組
振出
新穀
神国
陣頭
図上
水圏
寸法
正伝
正殿
生水
聖書
税込
石門
折込
雪国
絶頂
全盛
素焼
操船
太極
打球
体裁
台座
炭酸
短刀
男根
男坂
定形
定番
鉄板
転機
途方
土物
桃葉
踏切
道心
南天
肉親
日貨
熱湯
麦酒
反共
反動
犯科
非鉄
氷山
布地
浮体
払込
兵隊
便座
宝刀
法則
法灯
法統
傍役
幕下
末路
未完
名画
名詞
名将
明視
面相
木芽
木舞
目線
紋付
容儀
洋紅
洋裁
用布
要義
要港
里子
立体
両隣
良法
林地
隣県
冷泉
高峰
意趣
異名
因縁
羽車
雨天
沿道
王手
歌業
河童
画風
雅楽
外観
外陣
街宣
各位
学年
官軍
間然
間道
机上
機体
気胸
気合
貴人
貴注
義兄
脚光
球形
牛乳
漁民
近火
近隣
径行
経口
芸名
古層
古刀
後妻
語源
公儀
効能
広域
広義
行金
鋼材
合否
差金
才女
細管
作風
刺傷
支障
私傷
視床
詞章
詩集
持家
時給
自室
実益
実績
尺度
主潮
主調
手簡
手付
首巻
州兵
秋水
週番
春節
所産
所定
諸派
女中
商事
小異
小道
小謡
象限
常敗
織機
食券
食味
新税
申入
親王
人造
吹上
水草
成分
星座
晴着
正方
声優
切線
接線
説話
雪上
雪線
先客
先史
先師
戦史
戦利
船影
選集
鮮鋭
総量
側近
即興
損保
対辺
大度
大番
端役
知己
知合
地形
地表
中秋
中門
定額
弟分
鉄棒
天才
天使
伝令
党争
刀剣
湯気
当人
同数
堂上
道教
道順
届先
日割
日月
念書
能率
波紋
杯洗
博徒
判例
美技
美徳
病原
病舎
病巣
貧民
不興
富強
賦金
風雲
風格
風鳥
副将
仏子
仏師
物権
分詞
文士
兵舎
墓相
法規
棒状
本件
末代
満身
無季
名医
名勝
明証
迷信
毛布
木陰
野性
里芋
陸運
流域
両紙
両様
冷害
路次
労力
和装
御流
主監
愛情
悪意
偉力
意力
異議
異才
異母
異類
胃薬
印鑑
羽毛
運勢
液体
円上
鉛版
塩基
下番
加薬
可算
家産
家相
歌道
火元
快音
海底
皆婚
学殖
学風
楽章
寒天
官学
干天
感傷
間柄
眼球
器財
器物
器量
機電
季語
疑惑
急場
挙党
凶作
教生
筋書
金彩
金脈
金力
苦楽
苦言
軍学
継手
月産
月内
原色
原泉
言辞
古老
光量
厚恩
広角
恒温
攻防
皇居
高批
座業
座主
座敷
災害
在外
作者
雑則
私曲
私兵
紙屋
視野
事端
字面
実兄
実姉
車庫
若妻
主犯
手動
趣致
秋口
秋風
終身
集権
獣性
重税
宿将
宿命
祝勝
純銅
初更
所労
諸語
諸公
諸説
女物
小農
少雨
証左
上巻
城下
常連
情愛
身根
人骨
人知
水球
水心
水兵
征戦
政戦
政友
星雲
正札
正論
清元
盛運
聖域
切札
切点
接骨
節点
雪雲
占師
戦火
船旅
前章
前生
全能
僧位
僧衣
創意
早道
早番
総意
足許
打撃
代役
大祭
単級
断層
断筆
知命
地勢
地声
致命
虫歯
虫垂
町衆
長雨
直情
珍談
定型
適性
点字
電波
登高
度量
土足
土筆
刀工
灯光
当校
等外
等身
銅像
難路
肉体
納豆
農蚕
農民
馬子
買上
売場
白文
薄紫
薄板
盤石
鼻先
票田
表音
浜路
不納
不弁
婦警
富農
父兄
父系
風情
復配
物事
別命
返書
墓前
母乳
方丈
法衣
法城
法条
防火
本能
末席
霧中
名器
名字
名優
油彩
余罪
洋楽
洋書
浴衣
立件
両剤
冷風
老齢
和文
客寄
歯止
愛称
悪友
安物
為政
異姓
遺習
遺制
印章
隠元
右岸
右脳
運気
英姿
衛視
遠見
王政
黄粉
音響
下級
下名
可否
家名
科白
火宅
回虫
海獣
絵図
害虫
学童
乾板
寒剤
官省
官版
官話
漢和
看板
眼科
奇岩
奇形
気迫
技能
技量
客気
急足
牛女
漁港
魚雷
凶手
強火
興趣
極致
禁教
金銀
句切
区切
屈指
形体
軽量
芸談
劇評
決選
月給
険要
原爆
語口
口許
工具
攻守
行路
国宝
黒幕
左飛
祭具
指紋
支線
死線
私選
事案
持味
時流
示談
実年
写経
斜体
斜辺
車券
車止
弱毒
主文
取水
収益
秋蚕
集客
従容
祝辞
春期
春物
処士
初志
初犯
所司
所思
書志
書誌
諸姉
諸般
除目
小用
省益
乗客
常忠
状況
色気
色調
触手
寝酒
心証
神童
神品
身辺
尽忠
図版
世相
成獣
政商
政敵
星空
正室
清適
声質
昔話
積年
赤貝
節度
浅緑
前説
善人
全局
全馬
素因
素式
窓辺
総業
草丈
草創
続編
村民
打切
単彩
単勝
短観
弾力
地酒
地盤
朝憲
朝権
朝見
長剣
長旅
通宝
通路
低温
低額
庭球
鉄柱
度合
土建
土砂
党情
当座
答案
闘犬
動画
道理
特使
読後
読方
入朱
年配
年率
農林
番犬
悲傷
批点
氷原
表土
評言
武術
副業
服飾
複線
文体
片耳
返球
歩幅
法定
本震
本題
未刊
無官
面影
猛獣
門松
野花
野選
役職
役得
余生
容体
乱視
乱調
利得
裏曲
両家
良家
類書
連隊
労災
労作
老境
老少
老雄
丸刈
見張
心構
心遣
備付
愛煙
愛妻
愛社
悪習
悪報
意義
異人
異朝
胃腸
印画
引合
陰画
英断
鋭角
液便
沿線
縁起
遠称
汚水
奥行
往航
王公
王制
下絵
過言
我輩
画材
画集
快速
絵馬
絵筆
開運
外信
確度
学説
学徒
学名
学友
寒村
岩盤
奇数
奇跡
旗標
記数
脚長
救国
旧慣
旧観
旧館
巨火
漁況
漁具
魚肉
競輪
共販
凶兆
恐妻
教範
狂風
驚風
業務
筋肉
近海
近辺
金持
苦虫
軍配
経時
警官
芸歴
劇痛
劇通
結石
結縄
血幹
血清
月報
月面
検校
元物
原物
古豪
古式
故国
公主
好手
工手
号外
合板
国庫
国是
国鳥
国力
黒酒
今生
左脳
砂利
在来
昨季
山場
産油
算盤
酸素
残雪
残土
史談
子息
市電
師友
旨味
糸口
視力
雌雄
飼主
持主
持前
次兄
自発
実弟
実母
実例
射座
社屋
社外
社業
若芽
主動
取調
守成
酒精
酒乱
樹勢
収量
周囲
宗主
宗法
拾物
衆道
週休
週報
集名
獣行
春季
純増
純度
順序
所行
序文
少佐
焼経
賞杯
賞与
障害
上刻
上方
乗物
色合
色町
触感
食間
振子
新教
新券
真義
神鏡
神剣
神権
薪能
親権
進境
図案
図像
図表
水素
正体
石敷
石壁
赤子
戦績
戦跡
戦野
泉石
浅才
染織
前官
前編
全巻
巣箱
俗説
孫娘
多岐
多面
打順
体毛
短髪
断片
知能
地力
茶髪
中佐
仲居
張紙
町営
長髪
長老
追風
通巻
堤防
定温
天空
天災
刀心
刀身
刀泉
刀銭
投信
盗心
灯心
灯船
等親
特会
特製
特長
特番
独善
内壁
内陸
難易
日影
脳性
波長
背丈
買主
半角
半径
半量
反間
板前
繁簡
販拡
飯事
悲話
被衣
美学
美質
鼻息
標札
標本
秒速
夫役
負軍
負戦
武具
部局
部数
仏身
仏敵
物体
文型
文脈
平温
平価
変局
変項
変災
変電
方位
法眼
法器
法文
傍目
防犯
北緯
北岸
北風
本態
幕間
民芸
民放
無給
明日
猛暑
目高
夜盗
優品
友情
有情
予価
予科
幼虫
幼鳥
洋名
流行
領域
礼帽
列強
劣勢
連俳
連舞
連峰
老害
老公
目差
眼指
持成
物差
物指
焼芋
割振
言渡
後向
光物
口振
根引
春巻
焼立
旅立
鳥刺
愛児
愛執
意表
異境
異教
緯糸
衣装
遺族
引継
引際
引手
英資
益鳥
演目
縁故
遠祖
押入
押目
王女
黄精
黄白
温床
温帯
仮説
加害
果実
果皮
火消
課業
画布
会費
会務
回流
皆兵
絵具
外事
外周
外洋
覚書
角番
学区
乾田
寒空
巻首
官民
感量
慣習
漢文
監守
看客
管領
観想
観相
間者
間奏
関数
館主
基音
基線
旗本
機先
気節
気密
汽船
希節
貴宅
輝岩
輝線
戯評
義父
逆光
逆心
逆臣
久離
求縁
球威
球速
究極
究理
旧縁
旧劇
旧人
旧離
巨船
漁火
強腰
強弱
強心
曲節
曲想
極意
極寒
極光
近景
群盗
軍刀
血縁
血道
月白
健常
券売
剣豪
剣士
検使
権威
犬歯
絹糸
県会
肩身
見処
見所
原級
原盤
古文
後室
御坊
語尾
光画
好日
校外
構外
港外
皇族
行間
行司
鉱害
鋼玉
降水
号旗
国儀
穀倉
骨組
差引
砂州
砂防
妻君
才媛
細型
在民
作柄
山男
山羊
残部
使途
史論
子細
子羊
師表
枝葉
死票
死本
私印
私論
至論
詩才
詩論
持説
時効
自軍
自説
自著
自党
自筆
辞色
質料
実景
実状
舎監
社命
借手
若衆
若僧
若蔵
弱年
弱味
手塩
手鑑
酒鬼
受持
宗旨
宗祖
秋空
終幕
縦穴
重職
重陽
所作
書作
書跡
書中
序奏
傷跡
小照
小身
省油
笑話
乗組
常温
常例
情事
情趣
条文
条令
畳字
蒸器
職責
寝息
寝台
心火
心太
心友
振替
新価
新酒
新選
真中
真勇
神歌
神火
神橋
神祖
神馬
臣下
薪水
進取
進路
図星
水稲
水運
水牛
水彩
制勝
成否
政変
星影
星章
晴間
清勝
生肉
盛暑
製販
青書
折紙
節奏
絶遠
戦隊
戦列
扇形
線型
線形
船型
船隊
船幅
選対
前世
善玉
善政
全階
全知
素行
組子
僧形
窓際
草取
蔵版
息災
速足
速歩
続開
続投
存否
尊兄
尊台
他聞
対格
台閣
台覧
大罪
大杯
単眼
単月
短詩
短命
団子
地縁
地気
地平
中形
中値
仲直
朝練
長物
長夜
長幼
長話
通気
低層
低利
停学
定見
庭師
庭木
適否
天険
天際
天覧
電動
吐気
都庁
党類
冬山
投句
東経
当来
糖度
糖類
闘将
同属
道化
道俗
徳性
徳政
特権
特修
特大
特例
毒素
読者
内径
内情
縄文
南洋
日照
乳歯
熱闘
年商
納会
能管
脳幹
農具
農道
農務
馬番
拝外
敗因
爆竹
半価
半休
半弓
反歌
版権
番台
盤台
彼奴
悲引
悲願
被布
被風
非負
尾花
尾骨
微減
美感
美声
鼻血
氷壁
表意
表層
表題
品詞
貧富
富家
布衣
敷居
敷布
負号
副因
幅員
福音
福利
腹囲
仏徒
文政
聞耳
便船
弁理
墓列
宝島
抱腹
法弟
法服
暴投
本校
本稿
幕府
満開
未然
密度
民業
民話
無才
名実
盟友
綿棒
模範
毛筆
目玉
野羊
油井
有理
遊里
余念
幼子
幼主
幼体
洋画
洋間
洋種
洋食
洋舞
用材
葉状
要具
卵巣
利害
里数
陸橋
律蔵
流儀
流血
旅僧
両行
良工
良港
良相
領海
領空
力動
臨時
冷茶
練乳
老臣
老身
論考
論敵
和算
腕輪
左角
独者
割込
割出
及腰
空売
繰入
堅焼
元売
祝事
心待
人込
人混
石積
早脚
速脚
蔵板
立読
網焼
追込
愛郷
愛敬
愛書
愛染
愛息
愛鳥
愛別
愛娘
愛欲
悪因
悪運
悪縁
悪寒
悪漢
悪気
悪鬼
悪逆
悪業
悪形
悪血
悪妻
悪才
悪者
悪手
悪趣
悪所
悪書
悪場
悪食
悪心
悪神
悪人
悪推
悪僧
悪相
悪態
悪党
悪童
悪道
悪徳
悪念
悪筆
悪病
悪風
悪文
悪様
悪例
握屋
握飯
圧巻
圧制
圧政
圧雪
安危
安居
安宿
安値
暗雲
暗影
暗鬼
暗君
暗紅
暗号
暗黒
暗室
暗主
暗証
暗色
暗線
暗箱
暗部
暗幕
暗黙
暗夜
暗流
暗涙
案下
案文
位階
依願
依命
偉業
偉才
偉物
委細
威儀
威厳
威風
威名
意中
易学
易者
為事
為様
異義
異訓
異形
異彩
異称
異数
異風
異物
異聞
異本
移流
緯線
胃液
胃弱
胃痛
胃病
胃壁
衣手
衣紋
違名
遺愛
遺影
遺戒
遺業
遺訓
遺骨
遺作
遺書
遺著
遺髪
遺筆
遺品
遺風
遺物
遺文
遺忘
遺命
医界
医業
医術
医書
井守
井目
育休
稲光
稲妻
芋幹
芋虫
芋頭
芋版
印影
印形
印材
印税
印池
印伝
印肉
印判
印綿
印面
員外
因習
因襲
因数
因明
引歌
引戸
引札
引数
引船
引窓
引潮
引導
引縄
引物
引幕
引綿
引網
引力
引例
飲屋
飲助
飲水
飲代
飲茶
院外
院号
院主
院宣
院展
陰雲
陰影
陰火
陰間
陰極
陰金
陰言
陰刻
陰祭
陰線
陰地
陰徳
陰文
陰紋
陰陽
陰暦
隠語
隠然
隠宅
隠亡
隠坊
右近
右左
右筆
右府
右文
右辺
宇内
羽衣
羽越
羽音
羽交
羽尺
羽虫
羽風
羽並
羽目
雨間
雨気
雨脚
雨具
雨空
雨後
雨声
雨足
雨滴
雨曇
雨皮
雨氷
雨粒
運座
運上
運筆
雲煙
雲海
雲間
雲気
雲脚
雲級
雲居
雲形
雲際
雲助
雲上
雲水
雲足
雲表
雲母
雲量
雲路
営為
営舎
営庭
営農
営林
影印
影画
影絵
影向
影身
栄位
栄典
栄誉
永存
永日
泳者
英学
英気
英主
英図
英略
衛士
鋭気
液剤
液肥
益体
益虫
益友
駅舎
駅手
駅頭
駅路
越訴
越度
円座
円周
円心
円柱
円舞
円本
園地
園丁
延金
延縄
援軍
援兵
沿革
沿路
演義
演題
演武
演舞
演物
煙雨
煙害
煙管
煙毒
煙突
煙波
煙幕
煙霧
縁語
縁取
縁石
縁先
縁組
縁側
縁台
縁談
縁辺
縁由
縁類
遠因
遠縁
遠音
遠火
遠近
遠国
遠視
遠心
遠足
遠島
遠道
遠方
遠目
遠矢
遠洋
遠来
遠雷
遠流
遠路
鉛管
鉛毒
塩引
塩花
塩害
塩気
塩豆
塩浜
塩物
塩類
汚俗
汚物
奥向
奥歯
奥手
奥書
奥底
奥伝
奥付
奥方
往古
往歳
往者
往昔
往日
往年
往路
応益
応札
応手
応需
応分
応変
応報
押花
押紙
押麦
押葉
横雲
横筋
横型
横形
横根
横座
横紙
横手
横線
横隊
横波
横腹
横物
横木
横目
横列
王佐
王水
王代
王土
王道
王法
王命
黄玉
黄水
黄体
黄梅
岡引
岡持
岡目
沖天
屋舎
屋体
屋並
憶説
憶念
恩愛
恩威
恩義
恩給
恩恵
恩賞
恩情
恩人
恩沢
恩典
恩命
温灰
温顔
温気
温州
温習
温情
温石
温突
温熱
温容
音域
音感
音義
音訓
音字
音信
音節
音素
音速
音調
音吐
音波
音物
音便
音容
音律
下陰
下火
下刈
下巻
下戸
下刻
下根
下座
下作
下策
下司
下枝
下種
下衆
下女
下情
下職
下心
下人
下図
下前
下層
下草
下足
下帯
下端
下段
下男
下値
下肥
下表
下敷
下目
下役
下略
下露
下郎
化身
仮宮
仮初
仮寝
仮親
仮数
仮泊
仮病
何程
何奴
何方
何役
何様
加水
加数
可逆
可動
可燃
夏越
夏作
夏山
夏蚕
夏服
夏隣
家筋
家君
家訓
家憲
家作
家借
家職
家信
家臣
家数
家父
家柄
家並
家母
家紋
家門
家来
家令
家例
科挙
科人
暇人
果肉
歌口
歌心
歌切
歌沢
歌論
河骨
河鹿
河川
火影
火脚
火玉
火祭
火皿
火除
火色
火水
火切
火打
火柱
火縄
火夫
箇中
花屋
花軍
花札
花時
花実
花守
花序
花色
花信
花心
花代
花道
花曇
花薄
花氷
花弁
花落
花梨
花暦
荷扱
荷札
荷車
荷主
荷積
荷船
荷足
荷縄
荷馬
荷役
貨車
貨殖
過誤
我見
我執
我人
我先
我流
画業
画才
画賛
画師
画趣
画商
画数
画聖
画然
画素
画題
画帳
画板
画筆
画幅
賀春
賀正
雅兄
雅言
雅語
雅号
雅趣
雅称
雅俗
雅文
雅名
雅量
介添
会意
会衆
会心
会則
会友
解語
回米
回覧
快足
快弁
戒名
戒律
改暦
海牛
海月
海参
海象
海神
海図
海内
海難
海馬
海髪
海抜
海風
海防
海陸
灰吹
界標
界雷
絵絹
絵姿
絵師
絵詞
絵心
絵素
絵像
絵付
絵暦
開題
貝焼
貝柱
外圧
外因
外延
外気
外客
外宮
外教
外局
外勤
外語
外材
外字
外耳
外需
外積
外層
外装
外孫
外題
外典
外道
外皮
外物
外聞
外米
外編
外報
外法
外面
外用
外乱
外力
外輪
外郎
害悪
害心
害鳥
害毒
各駅
各科
各区
各月
各室
各般
各面
各様
各論
拡販
拡幅
格技
格言
格式
格調
格率
獲物
確然
確報
確率
角巻
角質
角書
角帯
角柱
角通
角笛
角髪
角帽
閣下
閣議
閣老
革具
革質
革帯
学割
学兄
学才
学際
学事
学識
学績
学僧
学窓
学則
学都
学徳
学府
学帽
学務
学理
学齢
楽音
楽座
楽市
楽焼
楽寝
楽人
楽節
楽想
楽典
楽天
楽土
楽日
額縁
額際
割印
割下
割札
割算
割声
割注
割判
割付
割賦
割目
割礼
活花
活眼
活魚
活況
活計
活殺
活版
活仏
活弁
株間
株券
株立
刈株
乾死
乾式
乾草
乾飯
乾布
乾物
乾葉
寒月
寒紅
寒色
寒暖
寒竹
寒梅
寒肥
寒卵
寒流
寒路
寒露
刊本
勧賞
巻雲
巻貝
巻紙
巻尺
巻狩
巻舌
巻網
完膚
完本
官営
官金
官憲
官権
官署
官女
官職
官途
官費
官服
官辺
官有
官立
干潟
干乾
干死
干草
干物
干満
干葉
幹竹
感触
感熱
感涙
慣例
汗顔
汗水
汗馬
漢意
漢音
漢書
甘塩
甘言
甘口
甘酸
甘煮
甘酒
甘食
甘草
甘茶
甘党
甘皮
甘露
看経
管下
管見
簡保
観桜
観兵
鑑札
鑑識
間引
間欠
間口
間色
間貸
間代
間断
間男
間柱
間縄
間髪
間判
間夫
関守
関所
関白
丸干
丸腰
丸材
丸取
丸首
丸寝
丸染
丸損
丸打
丸帯
丸麦
丸幅
丸本
丸薬
岸壁
眼界
眼光
眼識
眼前
眼帯
眼中
眼底
眼福
眼目
眼力
岩塩
岩魚
岩穴
岩根
岩室
岩床
岩畳
岩石
岩組
岩頭
顔役
願意
願行
願事
願主
願人
願文
願力
危害
危急
危局
喜劇
器楽
基根
基肥
基部
奇縁
奇骨
奇才
奇策
奇習
奇術
奇人
奇談
奇病
奇弁
奇問
寄算
寄手
寄場
寄人
寄木
寄目
幾重
幾日
幾分
机辺
旗雲
旗持
旗色
旗頭
旗日
機縁
機外
機根
機才
機織
機片
機略
帰命
気位
気宇
気球
気骨
気根
気前
気団
気脈
気流
汽笛
季秋
季春
紀州
紀伝
紀律
規律
貴君
貴著
貴殿
貴覧
貴慮
起電
起爆
起票
起毛
輝石
鬼火
鬼才
鬼子
鬼歯
鬼神
鬼灯
鬼門
儀典
儀表
戯曲
戯言
戯作
戯事
技官
技芸
技工
疑義
疑似
疑団
疑点
疑念
義援
義眼
義挙
義金
義軍
義心
義戦
義足
義兵
義妹
義民
義烈
議事
議題
議連
詰込
詰所
詰腹
詰物
客位
客演
客間
客筋
客語
客舎
客車
客種
客僧
客層
客体
客殿
客土
客分
脚下
脚気
脚注
脚湯
脚立
逆運
逆縁
逆境
逆産
逆子
逆児
逆修
逆順
逆数
逆潮
逆波
逆夢
逆理
逆旅
久遠
及落
吸玉
吸血
宮居
宮室
宮守
宮人
宮中
宮門
弓形
弓取
弓手
弓術
弓勢
弓張
弓道
弓馬
急火
急信
急調
急難
急病
急務
急用
救難
救貧
救民
朽木
朽葉
求道
求肥
泣顔
泣言
泣女
球戯
球根
球心
球体
球道
球面
級数
級長
給源
旧悪
旧恩
旧株
旧記
旧居
旧教
旧作
旧識
旧主
旧称
旧臣
旧態
旧宅
旧都
旧道
旧任
旧物
旧聞
旧法
旧盆
旧幕
旧約
旧訳
旧例
牛革
牛後
牛脂
牛舎
牛車
牛刀
牛頭
牛馬
牛皮
去就
去秋
去声
居館
居候
居合
居所
居城
居職
居然
居宅
居敷
巨億
巨漢
巨岩
巨財
巨資
巨樹
巨星
巨体
巨弾
巨頭
巨富
巨歩
巨峰
巨砲
巨万
巨木
挙国
挙世
挙動
挙例
許婚
許多
漁場
漁色
漁灯
漁夫
漁父
漁法
漁網
漁労
魚群
魚子
魚族
魚拓
魚田
魚道
魚板
魚肥
魚腹
魚網
魚油
京間
京菜
京女
京染
京童
京舞
供御
供頭
供物
供米
競市
競買
競歩
共益
共助
共寝
共編
共役
共裏
凶事
凶状
凶日
凶年
凶変
境域
強弓
強権
強肩
強国
強者
強震
強談
強敵
強飯
強兵
強味
強面
教案
教具
教権
教場
教条
教祖
教則
教典
教父
教本
教務
教門
橋脚
橋銭
橋板
狂犬
狂者
狂女
狂人
狂体
狂態
狂文
狂恋
狭斜
狭霧
胸奥
胸高
胸骨
胸水
胸先
胸倉
胸像
胸当
胸板
胸壁
胸毛
興亡
郷国
鏡石
鏡板
鏡面
業火
業況
業苦
業師
業績
業態
業病
業風
業物
業容
局外
局紙
局所
局報
局方
曲学
曲技
曲玉
曲師
曲射
曲尺
曲直
曲馬
曲筆
極安
極楽
極官
極月
極左
極細
極所
極書
極上
極製
極太
極熱
極貧
極付
極量
玉案
玉音
玉稿
玉座
玉菜
玉算
玉糸
玉将
玉章
玉総
玉体
玉代
玉杯
玉歩
玉目
玉門
玉露
勤行
勤評
禁衛
禁園
禁漁
禁句
禁札
禁書
禁城
禁色
禁則
禁中
禁鳥
禁門
禁輸
禁令
筋合
筋骨
筋子
筋道
筋目
筋立
近因
近影
近衛
近刊
近間
近眼
近況
近郷
近業
近国
近在
近事
近情
近状
近傍
近目
近流
金位
金員
金円
金縁
金環
金気
金筋
金欠
金穴
金言
金口
金高
金砂
金座
金札
金字
金側
金団
金談
金地
金的
金頭
金波
金杯
金売
金髪
金肥
金敷
金風
金仏
金粉
金紋
金輪
銀位
銀縁
銀漢
銀器
銀筋
銀山
銀糸
銀紙
銀朱
銀将
銀賞
銀製
銀扇
銀側
銀地
銀笛
銀天
銀波
銀杯
銀髪
銀盤
銀粉
銀宝
銀幕
銀翼
銀輪
句題
句点
句柄
区営
区長
区点
苦塩
苦界
苦境
苦竹
苦熱
苦杯
苦役
具案
具眼
具象
具足
空音
空株
空語
空合
空際
空似
空耳
空車
空色
空寝
空説
空戦
空巣
空谷
空談
空値
空地
空茶
空豆
空馬
空母
空夢
空名
空木
空目
空欄
空理
空陸
空涙
空冷
空列
空論
屈性
掘割
熊祭
熊手
繰綿
君王
君恩
君公
君国
君臣
君側
君徳
君父
君民
君命
訓辞
訓点
群雲
群議
群小
群臣
群青
群像
群竹
群峰
群雄
群落
群論
軍医
軍営
軍拡
軍鼓
軍功
軍港
軍手
軍需
軍書
軍神
軍勢
軍政
軍扇
軍船
軍装
軍馬
軍費
軍票
軍夫
軍服
軍法
軍帽
軍務
軍命
軍門
軍役
軍律
軍略
軍旅
軍令
郡代
傾国
兄貴
兄達
型紙
型番
型付
型名
形質
形跡
形相
形代
恵存
恵沢
敬仰
敬具
敬神
敬白
景況
景趣
景物
経界
経学
経机
経穴
経国
経書
経蔵
経典
経伝
経度
経年
経文
経絡
経論
継妻
継室
継受
継親
継走
継台
継馬
継父
継物
継母
継目
計略
警句
警策
警手
警笛
警棒
警防
軽挙
軽業
軽口
軽四
軽質
軽焼
軽震
軽石
軽卒
軽輩
軽風
芸域
芸事
芸当
芸道
芸文
芸林
迎春
劇詩
劇暑
劇毒
劇務
撃剣
激語
激写
激暑
激職
激震
激務
激流
欠員
欠格
欠字
欠番
欠文
欠本
欠目
穴熊
穴場
穴蔵
穴馬
結縁
結界
結願
結句
結言
結語
結節
結線
結腸
結納
結文
結綿
血煙
血眼
血気
血行
血祭
血色
血税
血相
血族
血潮
血沈
血刀
血糖
血統
血豆
血肉
血粉
血脈
血盟
血目
血涙
血路
月影
月割
月極
月経
月限
月次
月謝
月収
月色
月食
月切
月草
月代
月読
月販
月番
月表
月評
月賦
月並
月別
月明
月毛
月役
月余
月利
月輪
健筆
健忘
兼愛
兼題
券面
剣客
剣玉
剣術
剣先
剣突
剣舞
剣幕
圏点
堅人
堅陣
堅蔵
堅炭
堅氷
堅物
建株
建玉
建具
建水
建値
建徳
建売
建網
憲兵
検見
検車
検量
権化
権現
権妻
権助
権臣
権蔵
権能
権柄
権幕
犬馬
研屋
研師
研北
絹雲
絹針
絹地
絹布
絹物
絹本
絹綿
県域
県営
県人
県費
県令
肩衣
肩口
肩車
肩先
肩息
肩当
肩付
肩幅
見境
見識
見神
見台
見幕
見目
見料
軒端
遣戸
遣手
遣水
険所
険路
元詰
元結
元種
元正
元値
元帳
元肥
元方
元老
原意
原音
原義
原拠
原初
原書
原図
原寸
原生
原隊
原注
原虫
原著
原麦
原板
原皮
原肥
原票
原品
原付
原名
原綿
原毛
原木
厳君
厳暑
厳島
厳父
減法
源平
玄奥
玄人
玄孫
玄麦
現業
現今
現尺
現収
現神
現身
現世
現制
現勢
現任
現品
言下
言外
言句
言説
言伝
限外
個我
個体
個中
個物
古音
古格
古学
古株
古顔
古希
古記
古訓
古形
古血
古語
古事
古傷
古城
古色
古泉
古銭
古巣
古俗
古体
古鉄
古伝
古渡
古筆
古物
古兵
古流
呼塩
呼気
呼水
呼声
呼損
呼値
呼物
呼名
固形
固体
戸外
戸主
戸長
故殺
故実
故主
故知
故買
故由
故老
枯骨
枯枝
枯木
枯葉
湖岸
湖上
湖心
湖水
鼓手
鼓腸
互角
互恵
後影
後衛
後詰
後光
後口
後作
後山
後産
後姿
後指
後書
後傷
後場
後陣
後先
後前
後足
後端
後朝
後難
後納
後髪
後腹
後編
後便
後棒
後目
後列
御衣
御歌
御感
御願
御許
御供
御形
御構
御行
御告
御座
御事
御社
御者
御召
御状
御寝
御身
御仁
御製
御大
御題
御地
御中
御灯
御内
御難
御念
御悩
御髪
御末
御名
御遊
御料
御礼
語格
語幹
語感
語義
語形
語原
語根
語釈
語手
語種
語順
語序
語勢
語草
語部
語物
語末
語脈
誤殺
誤植
誤脱
誤爆
護岸
護憲
護身
交雑
交織
交番
交友
候文
光沢
光風
光臨
光輪
公営
公魚
公準
公序
公設
公孫
公達
功績
功労
効目
厚紙
厚手
厚地
厚底
厚様
口絵
口角
口金
口語
口合
口取
口跡
口舌
口前
口茶
口伝
口辺
好望
孝女
工合
工数
幸便
広縁
広間
広口
広前
広敷
広幅
抗日
攻口
校訓
校倉
校風
校本
校友
皇神
皇孫
稿本
紅型
紅絹
紅茶
紅粉
紅毛
紅裏
紅涙
航跡
航続
荒屋
荒海
荒業
荒筋
荒行
荒事
荒性
荒地
荒縄
荒馬
荒布
荒壁
荒亡
行火
行学
行儀
行宮
行実
行手
行状
行跡
行灯
行頭
行道
行平
行旅
行力
講述
講説
講中
鉱水
鉱石
鉱毒
鉱脈
鉱油
降順
降雪
香花
香魚
香具
香合
香車
香水
香箱
香物
香油
高下
高角
高閣
高札
高節
高説
高足
高著
高張
高低
高殿
高曇
高波
高風
高欄
高覧
高話
号音
号笛
合印
合羽
合憲
合口
合財
合札
合切
合着
合判
合壁
合名
豪家
豪酒
豪商
豪農
豪物
刻限
国運
国営
国詰
国禁
国訓
国号
国持
国替
国典
国表
国母
国利
国領
国老
穀雨
穀粉
穀類
黒雲
黒縁
黒鉛
黒熊
黒血
黒光
黒松
黒焼
黒炭
黒竹
黒潮
黒点
黒豆
黒米
黒毛
黒目
腰巻
腰気
腰高
腰骨
腰帯
腰刀
腰湯
腰縄
腰板
腰弁
骨灰
骨幹
骨質
骨身
骨相
骨炭
骨張
骨頂
骨堂
骨肉
骨粉
骨柄
骨法
今際
今上
今昔
今風
今方
今様
困苦
婚儀
婚礼
根芋
根因
根株
根号
根菜
根城
根雪
根太
根方
根毛
根粒
混一
混声
左岸
左近
左肩
左証
左端
左府
左辺
差合
差紙
差歯
差水
差前
差足
差分
差毛
差料
砂煙
砂絵
砂岩
砂丘
砂金
砂原
砂子
砂上
砂場
砂船
砂鉄
砂壁
鎖骨
鎖線
座右
座興
座金
座元
座高
座骨
座作
座職
座中
座方
座薬
座浴
再往
再応
再犯
再販
最愛
最奥
最強
妻戸
妻室
妻女
妻板
彩雲
彩管
才幹
才芸
才取
才蔵
才徳
才筆
才物
才略
才力
才六
才腕
採草
採否
採卵
歳計
歳次
歳徳
歳費
歳末
災難
祭事
祭主
祭神
祭日
祭服
祭文
細引
細雨
細作
細事
細字
細雪
細道
細波
細筆
細民
細面
細目
細流
細腕
菜館
菜種
裁板
裁物
際物
在院
在郷
在高
在所
在俗
在方
在野
材木
罪悪
罪科
罪業
罪障
罪状
罪人
罪責
罪跡
罪名
財形
財経
財物
財宝
財用
財欲
財力
坂道
作間
作況
作条
作男
作土
作法
作例
昨報
桜貝
桜紙
桜狩
桜色
桜湯
桜飯
冊数
刷物
刷本
札差
札止
札所
札束
札付
殺意
殺虫
雑益
雑貨
雑学
雑株
雑感
雑観
雑技
雑曲
雑劇
雑件
雑犬
雑考
雑穀
雑作
雑事
雑煮
雑種
雑書
雑人
雑税
雑然
雑題
雑念
雑俳
雑費
雑筆
雑品
雑文
雑兵
雑報
雑務
雑役
雑録
雑話
山芋
山雨
山奥
山気
山犬
山国
山骨
山菜
山坂
山桜
山詞
山寺
山狩
山女
山人
山水
山僧
山相
山鳥
山刀
山畑
山番
山風
山並
山立
惨害
惨劇
惨烈
散楽
散銭
散票
散文
産衣
産額
産気
産金
産室
産着
産直
産土
産湯
産毛
算式
蚕室
蚕豆
賛意
酸度
酸鼻
酸模
酸葉
残火
残花
残額
残響
残金
残欠
残月
残暑
残照
残生
残像
残敵
残党
残任
残飯
残品
残物
残片
残務
残夢
残夜
残余
仕業
仕向
仕種
仕草
使番
刺子
刺身
刺草
刺虫
史実
史伝
史筆
史脈
士族
始発
始筆
姉御
姉達
姿見
子安
子株
子持
子鹿
子種
子日
子宝
子方
市松
師号
師走
師伝
師父
思召
思慮
指圧
指先
指値
指分
支族
支脈
支流
旨煮
枝折
枝族
枝炭
枝豆
枝道
枝肉
止金
死花
死活
死金
死際
死時
死処
死所
死身
死水
死恥
死毒
死病
死物
死脈
死目
氏子
氏神
氏族
私益
私儀
私物
私欲
糸巻
糸桜
糸車
糸織
糸操
糸竹
糸底
糸目
紙花
紙巻
紙切
紫衣
紫雲
紫煙
紫根
紫竹
紫電
脂汗
脂気
脂身
脂性
脂足
脂粉
至芸
至徳
視座
詞書
詩賦
詩編
試筆
試補
雌花
雌牛
雌松
雌竹
雌鳥
飼鳥
飼葉
歯根
歯肉
歯並
事物
事変
事訳
字引
字音
字画
字訓
字数
字母
寺格
寺号
寺子
寺銭
寺男
寺領
持株
持経
持場
持番
持病
持仏
持物
持薬
時雨
時局
時空
時数
時服
時様
次号
次数
次段
滋養
治効
治績
治乱
治略
磁極
磁石
磁土
磁力
耳環
耳金
耳順
耳輪
自今
自若
自陣
自尊
自注
自費
自腹
自門
自余
自流
鹿子
式台
式日
式能
式服
式法
式目
識見
識語
執権
執事
執政
執柄
失意
失語
失政
失体
失態
失地
失投
失費
室温
質屋
質感
質券
質札
質種
質草
質店
質点
質物
実悪
実意
実印
実員
実害
実学
実株
実機
実記
実況
実字
実需
実収
実数
実寸
実正
実説
実線
実像
実弾
実竹
実否
実費
実包
実方
実妹
実歴
実録
芝刈
芝山
舎兄
舎人
舎弟
舎費
写絵
写本
射干
射術
射程
射的
捨子
捨身
捨石
捨値
捨売
斜影
斜眼
斜子
斜文
煮花
煮干
煮染
煮豆
社運
社格
社是
社則
社殿
社日
社費
社風
社務
社友
社歴
者共
謝意
謝金
車引
車座
車速
車代
車馬
車夫
車紋
車力
借越
借間
借景
借主
借受
借銭
借宅
借地
借着
借物
借料
尺寸
尺地
尺八
釈家
釈義
釈教
釈氏
釈尊
釈門
若朽
若君
若紫
若人
若水
若竹
若殿
若党
若湯
若輩
若布
若様
若緑
寂光
寂静
弱行
弱国
弱腰
弱酸
弱震
弱卒
弱竹
弱虫
弱敵
弱輩
弱齢
主恩
主音
主格
主客
主教
主筋
主君
主語
主査
主剤
主従
主上
主情
主著
主点
主部
主脈
主務
主命
主面
主翼
取灰
取口
取高
取札
取前
取的
取分
取粉
取立
守衛
守株
守宮
守札
守神
守刀
守秘
守兵
守役
手下
手械
手旗
手許
手業
手玉
手筋
手金
手合
手鎖
手刷
手札
手事
手持
手車
手序
手傷
手植
手職
手心
手水
手勢
手性
手洗
手創
手相
手代
手沢
手長
手刀
手箱
手鼻
手風
手兵
手柄
手並
手踊
手絡
朱珍
朱肉
朱欄
狩衣
狩場
種芋
種牛
種紙
種姓
種族
種馬
種板
種皮
種物
種本
種油
種卵
酒塩
酒気
酒客
酒興
酒倉
酒蔵
酒肉
酒杯
酒販
酒保
首筋
首座
首罪
首狩
首班
首尾
首輪
受益
受口
受腰
受皿
受章
受身
受動
受認
授産
樹陰
樹影
樹液
樹海
樹幹
樹皮
樹氷
樹齢
需給
需品
需用
需要
収差
収支
収税
周縁
周壁
宗家
宗族
宗風
宗務
宗門
宗論
州浜
州民
州立
修験
修士
修辞
修女
修法
修論
拾遺
拾屋
秀歌
秀句
秀才
秋雨
秋月
秋高
秋作
秋色
秋晴
秋草
秋物
秋分
秋冷
終車
終章
終端
終発
習字
習俗
習知
舟運
舟歌
舟形
舟航
舟行
舟守
舟人
衆口
衆人
衆生
衆多
衆知
衆評
衆望
衆目
衆力
衆論
襲歩
集題
住戸
従兄
従者
従前
従卒
従弟
従犯
従兵
従妹
柔術
獣医
獣心
獣身
獣肉
獣皮
獣欲
獣類
縦形
縦陣
縦隊
縦列
重圧
重囲
重縁
重恩
重科
重詰
重言
重罪
重手
重心
重臣
重水
重席
重責
重態
重土
重湯
重箱
重犯
重病
重弁
重役
宿悪
宿意
宿雨
宿運
宿縁
宿屋
宿学
宿許
宿業
宿根
宿罪
宿所
宿場
宿世
宿銭
宿善
宿帳
宿賃
宿敵
宿徳
宿便
宿坊
宿木
宿料
宿老
祝意
祝言
祝祭
祝酒
祝典
祝砲
縮織
熟字
熟田
熟畑
出花
出格
出丸
出自
出初
出銭
出窓
出潮
出湯
出鼻
術計
術語
術策
術数
術中
述語
春画
春寒
春景
春作
春蚕
春情
春色
春雪
春暖
春着
春桃
春分
春本
春眠
春陽
春雷
瞬発
旬月
旬日
準急
準則
準縄
純愛
純系
純血
純絹
純然
純忠
純分
純綿
純毛
純量
巡査
順縁
順逆
順風
順法
順流
順列
順路
処世
処務
初荷
初学
初空
初経
初午
初口
初号
初産
初姿
初耳
初秋
初春
初陣
初声
初切
初速
初端
初伝
初湯
初発
初筆
初氷
初物
初盆
初夢
初夜
初役
所化
所外
所願
所業
所載
所収
所書
所説
所存
所伝
所与
所領
所論
暑熱
書屋
書画
書割
書机
書庫
書冊
書札
書式
書取
書証
書状
書抜
書判
書風
書幅
書目
書紋
書役
書林
諸縁
諸王
諸兄
諸口
諸行
諸山
諸子
諸式
諸種
諸宗
諸色
諸声
諸税
諸相
諸多
諸白
諸費
諸物
諸味
諸矢
諸訳
助祭
助炭
女院
女官
女気
女給
女系
女権
女御
女工
女持
女色
女人
女竹
女敵
女童
女波
女犯
女腹
女郎
序歌
序曲
序章
序説
序品
序幕
序論
除数
除法
除幕
傷寒
傷物
勝運
勝星
勝味
召使
召状
召料
商運
商館
商況
商才
商標
商略
唱名
将官
将卒
小陰
小寒
小官
小業
小結
小言
小鼓
小国
小腰
小作
小策
小皿
小字
小耳
小首
小書
小女
小職
小水
小勢
小前
小善
小僧
小隊
小昼
小潮
小弟
小敵
小刀
小頭
小童
小脳
小波
小梅
小半
小鼻
小付
小布
小兵
小満
小娘
小名
小面
小網
小紋
小力
小話
少敵
床屋
床間
床山
床畳
床柱
床店
床杯
床板
承前
松脂
松飾
松虫
松風
松明
松露
沼地
消口
消炭
焼印
焼塩
焼絵
焼魚
焼玉
焼金
焼山
焼場
焼石
焼跡
焼鳥
焼討
焼売
焼畑
焼飯
焼物
照尺
照焼
照度
省力
称名
章句
章程
笑劇
証跡
証票
証文
証本
象虫
賞罰
障壁
上絵
上客
上玉
上古
上戸
上根
上作
上策
上枝
上紙
上前
上側
上端
上値
上潮
上長
上底
上天
上背
上板
上番
上皮
上表
上敷
上物
上聞
上目
上薬
上様
上略
上腕
丈余
丈六
乗具
乗合
乗手
乗場
乗打
城主
城門
場景
場席
場銭
場代
場末
常夏
常詰
常客
常習
常宿
常春
常人
常世
常節
常打
常道
常民
常命
常緑
情景
情合
情実
情調
情動
情念
情欲
条目
状差
状箱
畳語
畳表
蒸焼
蒸物
植生
織元
織女
織目
職位
職域
職階
職権
職工
職制
職長
職能
職分
職方
職務
職名
職歴
職労
色悪
色絵
色覚
色感
色狂
色香
色事
色女
色神
色素
色相
色男
色道
色物
色目
色欲
色里
触覚
触角
触書
触状
触文
食塩
食客
食指
食尽
食通
食肉
食分
信者
信女
寝巻
寝汗
寝間
寝技
寝業
寝言
寝際
寝耳
寝室
寝首
寝所
寝床
寝食
寝相
寝敷
心音
心眼
心願
心血
心月
心根
心妻
心材
心室
心祝
心術
心拍
心付
心夫
心腹
心柄
心慮
心療
振鼓
振事
振付
振幅
新案
新院
新株
新顔
新月
新語
新身
新茶
新着
新店
新湯
新道
新派
新盤
新仏
新兵
新柄
新編
新盆
新味
新来
新令
新暦
浸剤
浸礼
深奥
深間
深手
深酒
深沈
深慮
深緑
申楽
申文
真因
真影
真横
真言
真向
真水
真前
真竹
真土
真否
真皮
真筆
真綿
真裏
神域
神格
神器
神業
神君
神式
神主
神職
神色
神水
神通
神典
神徳
神罰
神文
神変
神慮
神領
臣民
薪炭
親芋
親衛
親株
親玉
親御
親骨
親心
親節
親船
親潮
親鳥
親展
親日
親筆
親木
身空
身形
身状
身性
身銭
身柱
身幅
進運
進物
針山
針子
針術
針箱
針目
針路
震域
震央
震音
震源
震幅
人陰
人影
人煙
人海
人橋
人穴
人皇
人才
人災
人山
人士
人称
人証
人声
人跡
人相
人柱
人頭
人波
人馬
人買
人品
人夫
人膚
人脈
人面
仁愛
仁王
仁義
仁恵
仁者
仁術
仁丹
陣営
陣屋
陣形
陣所
陣容
陣立
陣列
図引
図会
図絵
図学
図工
図体
図法
図様
図録
吹管
吹降
吹竹
吹矢
垂幕
垂木
水圧
水引
水雲
水影
水煙
水鉛
水音
水絵
水害
水割
水干
水魚
水郷
水鏡
水玉
水銀
水計
水芸
水月
水根
水差
水菜
水際
水仕
水子
水神
水盛
水船
水足
水損
水団
水柱
水鳥
水底
水滴
水天
水杯
水髪
水盤
水肥
水筆
水夫
水腹
水物
水母
水防
水密
水脈
水木
水薬
水油
水雷
水陸
水冷
水練
水論
数個
数行
数刻
数詞
数式
数輩
数物
寸陰
寸暇
寸劇
寸言
寸刻
寸志
寸時
寸借
寸尺
寸書
寸心
寸鉄
寸土
寸胴
寸描
寸秒
寸話
世才
世上
世情
世心
世人
世俗
世尊
世道
世評
世柄
制札
制帽
勢車
征野
征旅
性悪
性合
性病
成員
成因
成句
成虫
政所
政断
政略
政論
整骨
整数
整脈
星眼
星合
星祭
星宿
星図
星団
星夜
晴雨
晴姿
正員
正株
正訓
正号
正真
正数
正接
正中
正否
正風
正編
正夢
正目
清栄
清音
清酒
清濁
清談
清白
清覧
清流
生業
生血
生紙
生酒
生首
生傷
生節
生乳
生皮
生壁
生娘
生面
生木
生薬
生類
盛栄
盛花
盛挙
盛業
盛砂
盛者
盛場
盛土
盛物
精液
精根
精虫
精肉
精麦
精兵
聖恩
聖業
聖衆
聖女
聖俗
聖断
聖目
聖夜
聖油
声域
声音
声聞
声望
声誉
声涙
製茶
西域
誠忠
青貝
青刈
青玉
青筋
青菜
青畳
青色
青草
青地
青竹
青虫
青馬
青票
青物
青毛
静心
静脈
静夜
税源
税収
税目
席画
席次
席順
席入
席末
席料
昔日
昔年
石印
石英
石火
石弓
石工
石高
石刻
石持
石女
石畳
石組
石造
石段
石竹
石庭
石塔
石突
石板
石版
石盤
石筆
石綿
積悪
積雲
積荷
積肥
積木
責苦
責務
赤金
赤熊
赤札
赤紙
赤手
赤心
赤誠
赤恥
赤潮
赤沈
赤土
赤道
赤銅
赤飯
赤鼻
赤貧
赤膚
赤腹
赤坊
赤帽
赤本
赤目
赤門
跡形
跡式
跡敷
跡目
切火
切株
切干
切岸
切口
切妻
切子
切紙
切首
切所
切傷
切身
切水
切石
切先
切窓
切炭
切地
切張
切能
切売
切畑
切髪
切抜
切米
切片
切目
接眼
接辞
接台
接木
折角
折詰
折戸
折山
折助
折節
折線
折箱
折敷
折本
折目
設題
節義
節穴
節糸
節織
節婦
節分
節用
節理
雪隠
雪煙
雪害
雪空
雪見
雪原
雪山
雪女
雪消
雪男
雪踏
雪白
雪氷
雪腹
雪片
雪娘
雪路
絶域
絶海
絶間
絶技
絶境
絶景
絶後
絶勝
絶唱
絶世
絶島
絶品
絶壁
舌鼓
舌根
舌先
舌戦
舌代
舌端
舌頭
先王
先覚
先学
先君
先限
先口
先皇
先山
先触
先天
先箱
先非
先夫
先負
先払
先兵
先便
先棒
先約
先様
先例
宣命
専業
専売
川音
川筋
川砂
川狩
川船
川竹
川底
川幅
川面
戦域
戦雲
戦局
戦費
戦備
戦役
戦友
戦乱
戦歴
扇町
浅黄
浅海
浅手
浅春
浅傷
浅慮
洗足
洗粉
洗米
染粉
線表
線描
船縁
船荷
船客
船脚
船級
船具
船軍
船室
船主
船守
船宿
船床
船人
船倉
船蔵
船側
船足
船端
船団
船着
船虫
船賃
船底
船内
船板
船尾
船標
船便
船方
船用
船齢
船路
選外
選民
銭形
鮮魚
鮮血
鮮肉
前衛
前科
前芸
前言
前古
前祝
前書
前場
前条
前垂
前奏
前足
前端
前段
前髪
前非
前便
前門
前略
前腕
善悪
善意
善果
善言
善根
善所
善女
善男
善本
全音
全科
全課
全角
全期
全区
全戸
全書
全数
全段
全波
全判
全便
祖業
祖宗
祖神
祖先
素引
素魚
素絹
素見
素手
素首
素数
素姓
素性
素生
素足
素膚
素面
素謡
素踊
素養
素話
組下
組歌
組糸
組重
組打
組討
組頭
組杯
組物
組踊
訴因
訴額
訴件
訴権
僧院
僧家
僧職
僧俗
僧都
僧堂
僧服
僧兵
僧坊
僧門
僧林
倉荷
倉卒
層雲
想念
操守
操短
操典
早業
早口
早耳
早舟
早出
早昼
早天
早縄
早年
早馬
早便
早老
巣引
争議
争点
争乱
相恩
相客
相銀
相国
相識
相宿
相席
相即
相判
相聞
相棒
相役
相輪
窓側
総員
総画
総角
総高
総則
総点
総髪
総門
総有
総領
草屋
草画
草月
草原
草枯
草根
草市
草色
草卒
草笛
草堂
草肥
草分
草本
装画
装具
送辞
送状
送料
騒音
騒客
騒人
騒乱
像法
増炭
臓物
蔵人
蔵置
蔵店
蔵米
贈名
造次
造庭
側圧
側妻
側室
側節
側線
側帯
側板
側部
側目
側役
即金
即今
即題
即妙
即夜
息女
息吹
束帯
束髪
束論
測鉛
測深
測線
足技
足業
足形
足軽
足芸
足代
足湯
足熱
足労
速算
速達
速筆
速力
俗縁
俗歌
俗画
俗解
俗界
俗間
俗眼
俗気
俗客
俗曲
俗言
俗語
俗骨
俗才
俗習
俗書
俗称
俗信
俗人
俗世
俗姓
俗僧
俗体
俗談
俗調
俗伝
俗念
俗輩
俗筆
俗物
俗本
俗務
俗名
俗用
俗謡
俗流
俗論
属官
属国
属人
属性
属地
属島
属領
族称
族制
族長
続物
続柄
卒然
存意
存生
存念
存亡
尊影
尊家
尊簡
尊顔
尊公
尊皇
尊号
尊師
尊者
尊書
尊称
尊前
尊像
尊堂
尊父
尊名
尊命
尊容
尊来
尊覧
尊慮
損気
損所
損得
損亡
損料
村雨
村営
村勢
村政
村童
村方
村落
村里
他郷
他殺
他事
他宗
他心
他端
他動
他物
他門
他律
他流
他力
多雨
多義
多血
多元
多妻
多罪
多勢
多段
多倍
多売
多聞
多毛
多欲
太絹
太字
太守
太織
太線
太夫
太物
打首
打傷
打豆
打物
打粉
打歩
打棒
打綿
体液
体温
体技
体言
体積
体側
対屋
対句
対語
対敵
対流
耐圧
耐久
耐酸
耐震
耐水
耐熱
帯革
帯金
帯紙
帯祝
帯側
帯地
帯皮
帯留
待針
待人
待肥
替歌
替玉
替着
替紋
貸越
貸元
貸主
貸席
貸賃
貸店
貸本
退路
隊列
代案
代印
代走
代品
代脈
代務
台形
台詞
台場
台網
大円
大奥
大願
大技
大義
大逆
大弓
大凶
大協
大業
大君
大穴
大戸
大冊
大紫
大鹿
大序
大乗
大身
大震
大足
大著
大通
大敵
大殿
大徳
大難
大任
大波
大悲
大尾
大福
大望
大枚
大役
大勇
大欲
大礼
題言
宅扱
宅造
拓本
濁音
濁酒
濁水
濁世
濁声
濁点
濁流
達引
達見
達識
達文
達弁
脱字
脱文
脱力
丹色
丹心
丹青
丹前
丹田
単音
単元
単座
単式
単車
単色
単数
単線
単体
単発
単複
単物
単文
単弁
単葉
単利
単流
嘆声
担税
探湯
淡湖
淡彩
淡色
淡水
淡雪
淡竹
淡味
炭火
炭庫
炭山
炭質
炭車
炭取
炭焼
炭層
炭団
炭田
炭肺
短音
短剣
短見
短才
短資
短所
短章
短信
短針
短評
短文
短夜
端株
端居
端金
端山
端子
端尺
端初
端書
端女
端然
端点
端本
団交
弾雨
弾丸
弾倉
弾幕
断案
断雲
断簡
断橋
断金
断章
断熱
断編
暖衣
暖国
暖色
暖流
段位
段丘
段収
段数
段通
段鼻
段物
段平
段別
段歩
段幕
男気
男系
男工
男持
男手
男衆
男心
男帯
男波
男腹
談林
値札
値打
値幅
知育
知音
知行
知者
知将
知徳
知勇
知友
知略
知慮
知力
地引
地雨
地温
地歌
地顔
地境
地金
地口
地紙
地所
地象
地織
地色
地積
地虫
地底
地頭
地熱
地髪
地番
地膚
地物
地文
地米
地変
地歩
地目
地紋
地役
地謡
地雷
地卵
恥骨
恥部
池沼
池心
置引
置屋
置字
置床
置土
置物
致傷
遅効
遅行
遅出
遅場
遅速
遅達
遅日
遅番
遅筆
築山
築庭
竹縁
竹工
竹紙
竹馬
竹輪
茶園
茶菓
茶器
茶気
茶事
茶所
茶人
茶席
茶庭
茶店
茶入
茶飯
茶腹
茶舗
茶盆
茶味
茶話
着駅
着丈
着発
着払
着類
中陰
中温
中音
中休
中許
中業
中筋
中空
中限
中口
中黒
中子
中指
中手
中食
中折
中層
中卒
中置
中潮
中庭
中天
中点
中肉
中農
中背
中表
中幅
中腹
中編
中幕
中綿
中有
中老
仲合
仲秋
仲春
忠君
忠節
忠勇
昼顔
昼飯
昼夜
虫干
虫気
虫酸
虫腹
虫薬
著聞
貯炭
丁幾
丁場
丁数
丁半
丁付
帳元
帳合
帳場
帳票
帳付
張子
張手
張扇
張店
張板
張物
張力
徴求
徴証
朝恩
朝顔
朝酒
朝敵
朝湯
朝飯
朝露
潮煙
潮間
潮気
潮境
潮合
潮時
潮煮
潮受
潮吹
潮騒
潮頭
潮曇
潮入
潮目
潮路
町医
町筋
町場
町奴
町歩
町方
腸詰
腸満
調音
調革
調車
調帯
調度
調歩
跳馬
跳箱
長芋
長円
長音
長歌
長久
長月
長座
長者
長手
長足
長虫
長潮
長堤
長刀
長湯
長道
長文
長編
頂門
鳥人
鳥追
鳥網
鳥目
直音
直会
直宮
直参
直心
直垂
直積
直腸
直弟
直伝
直販
直門
直列
直路
沈魚
沈金
沈子
沈勇
珍貨
珍事
珍書
珍説
珍品
珍物
珍聞
珍宝
珍問
珍優
賃銭
追号
追福
追腹
追分
痛覚
痛苦
痛事
痛点
痛風
痛棒
通言
通史
通性
通説
通則
通箱
通番
通風
通弁
通有
通力
通例
通論
低圧
低質
低速
低木
停刊
定圧
定詰
定収
定宿
定則
定点
定命
定紋
定訳
定理
定論
底意
底魚
底土
底豆
底面
底流
庭訓
庭口
庭樹
庭石
庭先
庭前
庭草
庭梅
提重
提灯
程合
摘草
敵意
敵営
敵手
敵襲
敵情
敵陣
敵勢
敵討
敵背
敵本
敵役
的屋
笛竹
適温
適期
適業
適言
適才
適作
適者
適職
適評
適役
適薬
適訳
鉄管
鉄器
鉄脚
鉄橋
鉄血
鉄鎖
鉄剤
鉄材
鉄床
鉄条
鉄色
鉄心
鉄石
鉄扇
鉄泉
鉄線
鉄塔
鉄筆
鉄敷
鉄分
鉄壁
鉄片
鉄輪
鉄腕
典拠
典故
典座
典章
典範
典薬
典例
天意
天為
天運
天恩
天火
天界
天眼
天顔
天球
天金
天候
天骨
天産
天蚕
天子
天資
天質
天授
天助
天女
天象
天職
天人
天水
天窓
天測
天孫
天敵
天日
天馬
天罰
天物
天分
天辺
天幕
天網
天目
天与
天来
天領
店屋
店子
店賃
添字
添状
添水
添物
添木
転義
転結
転寝
転石
転注
点画
点線
点茶
点薬
伝書
伝助
伝単
殿宇
殿軍
殿原
殿中
殿方
田楽
田作
田植
田虫
田遊
電圧
電位
電界
電球
電極
電撃
電材
電算
電場
電柱
電熱
電脳
電文
電報
電略
電路
吐逆
吐剤
徒花
徒口
徒桜
徒死
徒事
徒者
徒手
徒情
徒食
徒足
徒弟
徒党
徒名
渡座
渡者
渡船
渡鳥
渡殿
渡板
都鳥
都電
土煙
土間
土気
土語
土工
土豪
土焼
土色
土人
土星
土製
土蔵
土俗
土民
土留
奴原
奴輩
奴隷
怒声
怒髪
倒影
倒語
倒木
党務
冬営
冬芽
冬空
冬型
冬作
冬場
冬草
冬着
冬日
冬木
唐衣
唐音
唐画
唐楽
唐丸
唐金
唐紅
唐松
唐織
唐心
唐草
唐竹
唐風
唐物
唐木
唐様
塔頭
島陰
島影
島山
島守
島台
投首
投節
投銭
投売
投物
投力
東雲
東屋
東歌
東口
東国
東男
東天
東風
東遊
東路
桃割
桃源
盗汗
盗人
盗犯
盗品
湯煙
湯花
湯巻
湯元
湯女
湯水
湯銭
湯茶
湯殿
湯葉
湯量
灯影
灯火
灯明
当為
当家
当館
当限
当字
当住
当身
当店
当腹
当落
当流
当路
等位
等温
等式
等辺
等量
糖衣
統語
豆幹
豆銀
豆蔵
豆炭
豆乳
豆板
豆本
豆粒
豆類
踏絵
踏石
踏台
踏段
踏板
逃場
逃水
逃道
透水
透目
頭割
頭株
頭骨
頭字
頭重
頭注
頭頂
頭領
闘牛
闘魚
動乱
動輪
動労
同君
同罪
同質
同舟
同職
同色
同人
同素
同輩
同筆
同腹
同母
同門
同友
同類
同列
堂宇
堂奥
堂守
童歌
童画
童顔
童部
胴巻
胴丸
胴元
胴中
胴乱
胴裏
道火
道芝
道術
道人
道草
道端
道断
道標
道幅
道服
道民
銅山
得業
得体
得物
得分
徳育
徳操
徳望
徳目
徳利
特価
特急
特級
特金
特恵
特旨
特車
特種
特需
特称
特賞
特電
特等
特販
特務
特命
特立
毒液
毒気
毒魚
毒見
毒手
毒水
毒舌
毒草
毒虫
毒筆
毒婦
毒物
毒味
毒矢
独往
独眼
独言
独歩
独話
読会
読手
読人
読物
読本
突角
突指
突傷
突先
突端
突風
突棒
曇天
鈍角
鈍器
鈍才
鈍色
鈍痛
鈍刀
鈍物
奈落
内圧
内意
内因
内縁
内奥
内界
内規
内記
内儀
内議
内宮
内金
内高
内妻
内室
内需
内所
内陣
内積
内層
内争
内装
内臓
内属
内孫
内題
内庭
内典
内湯
内燃
内皮
内乱
縄張
縄付
縄目
南緯
南画
南岸
南限
南侵
南倉
南殿
難境
難句
難訓
難件
難読
難物
難文
難役
弐心
肉界
肉眼
肉牛
肉交
肉質
肉情
肉色
肉声
肉弾
肉池
肉入
肉筆
肉粉
肉片
肉欲
肉類
日永
日乾
日干
日脚
日給
日限
日射
日収
日除
日切
日銭
日待
日動
日賦
日柄
日並
日歩
日暮
日輪
乳液
乳価
乳牛
乳業
乳剤
乳酸
乳質
乳糖
乳頭
乳棒
入海
入子
入神
入声
入船
入潮
入道
入内
入費
入夫
入物
入目
入訳
任国
任務
認印
認罪
認否
熱球
熱型
熱血
熱源
熱砂
熱傷
熱情
熱性
熱誠
熱度
熱風
熱雷
熱量
熱涙
熱論
年央
年額
年子
年弱
年取
年端
年輩
年表
年賦
年報
年利
年輪
念慮
燃費
燃油
濃紫
濃淡
濃霧
濃緑
納屋
納期
納戸
納所
能才
能事
能動
能否
能筆
能文
脳天
脳波
脳病
農園
農期
農芸
農事
農舎
農兵
農法
波風
波面
波乱
波路
破屋
破戒
破婚
破子
破談
破竹
破風
破片
破帽
馬印
馬屋
馬脚
馬具
馬市
馬車
馬主
馬手
馬草
馬丁
馬跳
馬追
馬頭
馬肉
馬飛
馬尾
馬匹
馬標
馬方
馬面
馬料
馬力
馬齢
馬連
俳画
俳号
俳書
俳人
俳聖
俳談
俳風
俳味
俳論
拝具
拝殿
拝復
敗軍
敗残
敗勢
敗報
杯事
杯盤
背教
背信
背節
背徳
背部
背紋
肺魚
肺臓
肺病
肺門
肺葉
配所
配役
倍音
倍角
倍額
倍数
倍大
梅酒
梅毒
梅林
梅暦
買値
買弁
買薬
売口
売国
売子
売主
売手
売女
売笑
売色
売人
売声
売僧
売品
売文
売名
売薬
売立
博愛
博引
博雅
博打
博聞
博論
拍板
白衣
白羽
白雨
白雲
白眼
白及
白玉
白金
白銀
白熊
白骨
白根
白糸
白歯
白磁
白酒
白首
白身
白扇
白線
白太
白炭
白茶
白張
白湯
白銅
白波
白梅
白描
白粉
白兵
白壁
白妙
白面
白目
白話
薄縁
薄塩
薄荷
薄儀
薄地
薄茶
薄曇
薄肉
薄日
薄皮
薄物
薄片
薄暮
薄命
薄明
薄目
薄様
迫持
迫真
爆音
爆心
爆声
爆弾
爆風
爆薬
爆雷
麦雨
麦角
麦作
麦秋
麦茶
麦笛
麦湯
麦畑
麦飯
箱師
箱書
箱船
箱庭
畑作
発意
発禁
発句
発御
発頭
発破
発話
髪結
髪際
髪床
罰点
罰杯
抜荷
抜穴
抜作
抜刷
抜手
抜身
抜足
抜本
抜毛
抜目
判子
判取
半円
半音
半解
半開
半玉
半金
半裁
半作
半紙
半畳
半切
半銭
半天
半白
半幅
半文
半平
半片
半輪
反橋
反軍
反語
反骨
反収
反照
反身
反切
反吐
反物
反米
反別
反歩
反立
反例
板屋
板間
板材
板子
板紙
板床
板場
板畳
板張
板敷
板本
板木
版下
版式
版本
版木
犯跡
繁劇
繁務
繁用
般若
販推
販路
範式
飯場
飯店
飯米
飯粒
晩稲
晩学
晩期
晩景
晩婚
晩熟
晩食
番屋
番所
番卒
番茶
番長
番頭
番兵
盤根
盤面
否運
否応
彼方
悲運
悲境
悲況
悲劇
悲母
悲報
悲鳴
悲恋
比況
比熱
比翼
比隣
比論
皮具
皮帯
秘奥
秘技
秘境
秘教
秘曲
秘計
秘術
秘跡
秘説
秘中
秘伝
秘仏
秘文
秘宝
秘方
秘法
秘本
秘薬
肥育
被官
被管
被疑
被服
非運
非職
非勢
非番
非望
非命
非役
非理
飛魚
飛型
飛札
飛車
飛信
飛石
飛跡
飛泉
飛台
飛弾
飛電
飛箱
飛板
飛報
備考
備荒
備品
備砲
備忘
尾羽
尾端
尾長
尾灯
尾翼
微雨
微温
微光
微香
微罪
微志
微震
微速
微粉
美育
美音
美挙
美形
美景
美事
美辞
美神
美身
美俗
美談
美点
美田
美童
美文
鼻音
鼻筋
鼻紙
鼻水
鼻声
鼻祖
鼻柱
鼻面
鼻毛
鼻木
鼻薬
鼻翼
匹夫
必殺
必需
必修
必勝
必然
筆意
筆画
筆耕
筆紙
筆順
筆触
筆陣
筆勢
筆生
筆跡
筆舌
筆先
筆戦
筆洗
筆太
筆端
筆致
筆箱
筆法
筆名
筆力
標号
標識
標題
標柱
標注
標灯
標縄
標目
氷雨
氷海
氷魚
氷室
氷水
氷雪
氷炭
氷柱
氷霧
氷野
表具
表芸
表口
表構
表高
表号
表替
表地
表徴
表徳
表皮
表編
表方
表門
評注
病家
病犬
病根
病身
病垂
病勢
病体
病態
病毒
病変
病葉
病理
病歴
秒針
品玉
品行
品等
浜手
浜焼
浜辺
貧寒
貧苦
貧鉱
貧者
貧土
貧道
貧農
不一
不縁
不感
不休
不急
不朽
不具
不言
不善
不念
不買
不抜
不犯
不文
不慮
不例
不労
不老
不惑
付火
付句
付根
付焼
付図
付値
付文
付目
夫君
夫子
婦女
婦徳
富国
富札
富者
富力
布引
布子
布目
布令
府営
怖気
敷革
敷島
敷板
敷皮
普天
浮雲
浮魚
浮橋
浮腰
浮舟
浮織
浮寝
浮身
浮説
浮巣
浮草
浮足
浮沈
浮島
浮名
浮木
浮力
父君
父上
父方
父様
父老
腐植
腐肉
負数
負目
賦役
武運
武功
武神
武臣
武断
武闘
武徳
武備
武辺
武弁
武名
武勇
武略
舞曲
舞扇
部材
部室
部首
部署
部族
部費
部民
部面
部立
風圧
風位
風花
風害
風眼
風気
風紀
風儀
風脚
風教
風狂
風月
風見
風光
風向
風骨
風災
風姿
風趣
風樹
風習
風色
風勢
風声
風前
風窓
風草
風足
風体
風致
風波
風評
風柄
風防
風紋
風流
風力
副手
副食
副題
副文
副本
副木
復文
福引
福運
福耳
福助
福茶
福豆
福分
腹案
腹巻
腹芸
腹鼓
腹水
腹切
腹蔵
腹帯
腹中
腹背
腹壁
複音
複眼
複式
複素
複文
複方
複本
複葉
複利
複流
払子
仏縁
仏恩
仏家
仏画
仏界
仏閣
仏学
仏間
仏具
仏工
仏座
仏事
仏寺
仏者
仏書
仏性
仏説
仏前
仏祖
仏典
仏土
仏塔
仏堂
仏道
仏罰
仏法
仏門
仏力
物陰
物影
物音
物我
物界
物見
物腰
物持
物証
物象
物税
物置
物日
物販
物欲
物療
物量
物論
分陰
分限
分校
分際
分室
分身
分針
分数
分隊
分団
分段
分銅
分秒
分母
分脈
分量
分力
噴煙
噴砂
噴水
噴泉
噴飯
噴霧
噴門
噴流
奮然
粉屋
粉剤
粉炭
粉乳
粉本
粉薬
文案
文意
文運
文机
文金
文月
文豪
文才
文事
文治
文辞
文色
文身
文勢
文節
文段
文中
文鳥
文典
文展
文頭
文箱
文範
文略
文例
聞香
聞事
聞酒
聞所
聞書
聞達
聞物
聞役
兵営
兵革
兵学
兵権
兵事
兵種
兵書
兵船
兵卒
兵端
兵団
兵長
兵馬
兵備
兵務
兵役
兵乱
兵略
平押
平家
平曲
平絹
平語
平作
平皿
平時
平射
平手
平首
平準
平城
平場
平織
平信
平身
平水
平声
平打
平体
平底
平熱
平麦
平版
平服
平文
平米
平幕
平脈
平民
平面
柄行
柄頭
柄物
並製
並足
並存
並幅
閉式
閉庁
閉路
米塩
米語
米材
米所
米銭
米飯
壁間
壁紙
壁代
壁土
別院
別格
別間
別儀
別件
別後
別口
別冊
別刷
別使
別紙
別辞
別室
別種
別称
別条
別状
別宅
別段
別珍
別伝
別殿
別電
別当
別派
別杯
別品
別物
別便
別報
別法
別離
別涙
変種
変人
変数
変体
変物
変乱
変量
片雲
片影
片言
片口
片糸
片食
片親
片身
片前
片息
片足
片町
片辺
片棒
片恋
片腕
編戸
編首
編章
編針
編組
編隊
編棒
編木
編目
辺境
辺幅
返札
返点
返電
返討
便意
便衣
便通
便殿
便服
便法
便覧
弁口
弁才
弁士
弁舌
弁髪
弁務
保革
保身
保水
保税
保父
保冷
捕縄
捕物
捕方
歩数
歩卒
歩武
歩兵
補遺
補角
補元
補色
補数
補題
補肥
墓域
墓穴
墓守
墓所
暮雲
暮春
暮色
暮雪
母屋
母音
母型
母系
母権
母御
母語
母式
母上
母線
母船
母堂
母物
包金
包皮
包有
包絡
報恩
報徳
報命
宝剣
宝算
宝飾
宝船
宝前
宝典
抱寝
放線
放列
方円
方舟
方術
方処
方図
方寸
方途
方様
方略
法域
法印
法益
法楽
法橋
法語
法号
法治
法主
法線
法体
法典
法認
法名
法網
法門
法力
法輪
法令
法例
法話
砲煙
砲金
砲座
砲術
砲戦
砲兵
砲門
訪客
豊丸
豊漁
豊凶
豊水
豊年
亡君
亡兄
亡国
亡妻
亡弟
亡父
亡羊
傍訓
傍系
傍人
傍題
傍注
傍点
傍輩
傍白
傍流
坊間
帽章
忘恩
忘我
忘年
忙中
暴威
暴雨
暴漢
暴挙
暴君
暴状
暴政
暴徒
暴動
暴風
暴民
暴勇
暴利
暴論
望郷
棒引
棒術
棒先
棒組
棒頭
防共
防具
防空
防砂
防暑
防除
防食
防人
防雪
防虫
防毒
防熱
防腐
防風
防壁
北画
北限
北辺
牧歌
牧牛
牧舎
牧者
牧人
牧笛
牧童
牧夫
牧民
牧羊
本案
本科
本歌
本丸
本願
本紀
本源
本妻
本裁
本字
本寺
本床
本身
本姓
本節
本然
本訴
本草
本則
本属
本宅
本堂
本曇
本舗
本末
本務
本暦
本論
凡下
凡眼
凡骨
凡才
凡作
凡策
凡失
凡主
凡手
凡小
凡常
凡人
凡俗
凡打
凡百
凡夫
凡慮
凡例
盆景
盆山
盆石
盆地
盆暮
妹御
妹背
毎歳
幕営
幕屋
幕臣
幕政
幕命
末学
末巻
末技
末座
末子
末寺
末社
末書
末世
末節
末孫
末尾
末筆
末文
末法
末木
末流
満会
満額
満株
満干
満願
満期
満月
満座
満作
満山
満室
満車
満潮
満堂
満票
満幅
漫芸
漫言
漫語
漫才
漫然
漫筆
漫文
味覚
未見
未済
未詳
未生
未設
未草
未配
未必
密雲
密画
密教
密計
密使
密宗
密書
密命
密林
脈所
脈拍
脈絡
妙案
妙音
妙技
妙計
妙工
妙策
妙手
妙趣
妙所
妙法
妙薬
妙齢
民意
民営
民活
民需
民宿
民情
民心
民選
民訴
民草
民度
民望
民有
民謡
民力
眠草
夢現
夢占
夢路
無印
無下
無我
無欠
無血
無月
無腰
無雑
無産
無主
無手
無住
無宿
無水
無勢
無想
無代
無題
無地
無賃
無痛
無電
無二
無熱
無風
無文
無辺
無明
無紋
無頼
霧雨
霧雲
霧吹
霧笛
霧氷
娘師
娘心
名案
名越
名家
名花
名菓
名鑑
名句
名君
名月
名剣
名犬
名言
名工
名香
名号
名札
名山
名主
名城
名親
名数
名跡
名節
名僧
名代
名題
名店
名馬
名筆
名付
名望
名木
名訳
名利
名流
名論
命運
命数
命日
命婦
命脈
命毛
明暗
明王
明鏡
明君
明春
明色
明神
明太
明達
明徴
明朝
明笛
明徳
明夜
盟休
盟約
迷宮
迷彩
迷夢
迷霧
迷路
鳴神
綿雲
綿花
綿弓
綿雪
綿布
綿服
綿毛
綿油
綿羊
面差
面子
面持
面識
面前
面長
面皮
面部
面壁
面容
毛管
毛筋
毛穴
毛蚕
毛織
毛唐
毛抜
毛皮
毛並
毛裏
猛火
猛犬
猛毒
猛勇
網元
網戸
網状
網針
網版
網目
木灰
木管
木簡
木魚
木筋
木型
木剣
木遣
木骨
木質
木石
木炭
木刀
木杯
木皮
木表
木仏
木片
木末
木目
木裏
木立
黙劇
黙約
目縁
目角
目顔
目許
目元
目脂
目次
目色
目性
目星
目代
目端
目張
目鼻
目薬
紋下
紋所
紋章
紋織
紋帳
紋日
紋服
紋柄
門衛
門火
門鑑
門限
門口
門札
門歯
門主
門人
門生
門跡
門地
門柱
門弟
門灯
門派
門標
門付
門流
夜陰
夜会
夜学
夜寒
夜顔
夜宮
夜業
夜具
夜軍
夜景
夜警
夜戦
夜船
夜昼
夜直
夜店
夜道
夜番
夜霧
夜露
野茨
野牛
野犬
野山
野蚕
野乗
野人
野戦
野点
野道
野砲
野望
野面
野立
矢印
矢玉
矢車
矢種
矢場
矢声
矢束
矢庭
矢文
矢柄
矢面
矢来
役儀
役牛
役僧
役宅
役付
役柄
約音
約数
薬液
薬園
薬害
薬玉
薬研
薬効
薬指
薬種
薬酒
薬石
薬草
薬店
薬毒
薬舗
薬療
薬礼
訳語
訳合
訳柄
躍起
油圧
油屋
油気
油差
油菜
油剤
油紙
油脂
油状
油然
油層
油送
油単
油虫
油土
油分
優形
優姿
優女
優男
優劣
勇往
勇者
勇足
勇武
友引
友軍
有縁
有界
有形
有高
有産
有心
有徳
有配
有髪
有夫
有様
由旬
遊園
遊技
遊客
遊漁
遊金
遊具
遊君
遊軍
遊芸
遊山
遊女
遊民
郵書
郵貯
郵務
雄松
雄心
雄竹
雄編
雄略
夕影
夕映
夕煙
夕空
夕景
夕刻
夕晴
夕潮
夕波
夕立
予後
予稿
予行
予震
予兆
余栄
余寒
余興
余響
余光
余香
余財
余情
余色
余震
余勢
余沢
余談
余滴
余得
余徳
余毒
余熱
余病
余聞
余命
余力
余類
与格
与件
与国
与信
与太
預血
預入
幼顔
幼魚
幼君
幼者
幼女
幼心
幼童
幼名
容顔
容共
容色
容積
容態
様態
洋灰
洋学
洋銀
洋才
洋算
洋室
洋刀
洋髪
洋本
洋梨
溶暗
溶岩
溶剤
溶質
溶着
溶明
用金
用言
用次
用足
用達
用筆
用便
用務
用命
用木
用例
羊腸
羊頭
羊毛
葉陰
葉音
葉巻
葉月
葉桜
葉酸
葉虫
葉風
葉末
葉脈
要害
要職
要図
要点
要務
要目
要用
要覧
要理
要路
謡言
謡物
踊子
踊場
陽解
陽刻
陽春
陽動
陽暦
養魚
養女
養親
養分
養母
欲界
欲気
欲心
欲得
欲目
浴後
翌週
翌晩
翼下
来意
来期
来季
来迎
来光
来旨
来示
来書
来状
来信
来電
来復
来由
来臨
来歴
雷雲
雷火
雷管
雷魚
雷光
雷公
雷獣
雷神
雷電
雷名
雷鳴
落縁
落果
落花
落魚
落語
落口
落差
落首
落人
落体
落丁
落潮
落度
落陽
乱雲
乱逆
乱軍
乱行
乱婚
乱酒
乱臣
乱数
乱世
乱戦
乱丁
乱髪
乱筆
乱文
乱療
卵黄
卵色
卵生
卵塔
欄外
欄干
利運
利酒
利所
利生
利他
利達
利敵
利鈍
利幅
利目
利欲
利腕
梨園
梨地
理外
理詰
理財
理知
理路
裏芸
裏作
裏尺
裏手
裏声
裏窓
裏庭
裏店
裏道
裏白
裏表
裏編
裏方
裏紋
裏門
裏話
里心
里人
里程
陸奥
陸戦
陸続
陸田
陸湯
陸風
律語
律令
率然
立引
立居
立業
立憲
立姿
立射
立秋
立春
立板
立番
立米
立毛
立網
立礼
略儀
略語
略号
略字
略章
略図
略体
略伝
略表
略服
流感
流汗
流言
流砂
流罪
流者
流水
流造
流速
流俗
流体
流弾
流氷
流物
流亡
流民
流木
流矢
流離
流量
留金
留山
留針
留鳥
留湯
留別
粒銀
粒食
旅衣
旅銀
旅宿
旅所
旅情
旅寝
旅心
旅装
旅程
旅物
旅路
両為
両義
両脚
両君
両個
両三
両舌
両前
両足
両損
両朝
両町
両刀
両統
両頭
両得
両年
両派
両夫
両部
両辺
両雄
両輪
料足
療育
療護
療術
療病
良案
良縁
良貨
良計
良妻
良剤
良材
良策
良識
良種
良人
良能
良否
良風
良民
良友
量水
領主
領水
領民
領野
力業
力持
力車
力水
力足
緑陰
緑眼
緑玉
緑酒
緑樹
緑青
緑茶
緑土
緑肥
緑便
緑門
緑野
緑林
林学
林業
林泉
林相
臨界
臨機
臨休
臨月
臨御
臨港
臨死
臨終
臨戦
臨地
臨池
臨調
臨本
輪形
輪状
輪中
輪番
輪舞
輪留
隣席
隣組
隣村
隣地
隣保
涙雨
涙金
類縁
類歌
類火
類句
類型
類語
類題
類本
類例
令兄
令姉
令旨
令室
令色
令息
令孫
令弟
令聞
令妹
令名
例規
例月
例言
例刻
例祭
例式
例題
例文
例話
冷暗
冷雨
冷温
冷菓
冷汗
冷眼
冷機
冷気
冷酒
冷床
冷性
冷然
冷奴
冷肉
冷熱
冷麦
礼楽
礼儀
礼式
礼者
礼節
礼装
礼典
礼電
礼服
礼物
礼法
礼砲
隷下
隷農
麗句
麗姿
麗質
麗人
麗筆
麗容
暦学
暦象
暦数
暦日
暦年
暦本
歴象
歴数
歴世
歴戦
歴然
歴朝
歴程
歴年
列火
列座
列世
列聖
列代
列伝
劣位
劣情
劣性
烈火
烈士
烈女
烈震
烈日
烈婦
烈風
恋歌
恋情
恋仲
恋敵
恋風
恋文
練絹
練糸
練炭
練鉄
練武
練物
練兵
連曲
連句
連言
連語
連鎖
連山
連枝
連声
連体
連投
連年
連綿
連木
路銀
路肩
路側
路頭
路標
路辺
路傍
路用
露悪
露座
露草
露台
露頭
露払
露命
労金
労銀
労苦
労賃
労農
労務
労役
朗色
朗話
老朽
老兄
老健
老骨
老残
老樹
老女
老体
老台
老中
老農
老輩
老病
老兵
老舗
老優
老幼
郎子
郎女
郎党
論客
論拠
論語
論功
論策
論賛
論旨
論陣
論蔵
論題
和学
和議
和牛
和金
和訓
和敬
和語
和裁
和字
和式
和習
和書
和上
和人
和声
和製
和俗
和談
和銅
和布
和物
和本
和名
和毛
話芸
話者
話術
話頭
話法
惑星
腕骨
腕車
腕首
腕章
腕節
腕前
腕組
腕木
黒糖
芋煮
足長
御交
御下
御株
御宮
御菜
御次
御守
男松
御針
御節
御足
御側
御薄
御冷
隠芸
隠子
駆競
飾職
外連
現生
古銀
是式
細魚
針魚
更湯
為所
漫心
外方
立待
戯者
血切
縮毛
対丈
告口
摘菜
摘入
能平
果状
跳橋
散炭
浸物
折板
解物
回者
持合
保合
物売
焼酒
遣口
遣場
我校
忘草
笑物
破目
青粉
水綿
雨魚
音呼
旗魚
火魚
漢竹
川骨
垂桜
科木
球菜
紅娘
刀豆
肉豆
庭常
半割
火焼
路導
眼張
女松
悪方
悪対
黄牛
安目
星目
雨落
縁座
延板
奥許
圧麦
岡焼
仮渡
家探
家付
火渡
火入
花合
花立
荷引
過払
画引
芽接
解方
海鳴
絵合
角隠
角刈
破物
割物
割書
刈取
寒明
汗取
丸焼
気狂
気違
気休
気散
気受
気障
気組
木組
気抜
気病
季寄
客扱
客引
逆立
吸出
宮参
宮仕
牛追
居続
居抜
許状
共食
共倒
強含
胸焼
胸積
鏡開
曲弾
玉突
玉取
玉垂
玉無
筋交
銀流
句合
空店
空解
掘師
繰言
君付
継立
血止
月越
月参
絹張
見取
見切
見定
元払
固練
子飼
枯色
枯草
後引
後添
後払
刻目
腰折
腰張
腰抜
骨抜
骨無
今渡
根継
根無
根問
左巻
左寄
差込
差替
差添
座付
歳市
菜葉
菜切
札入
山止
山留
山焼
切込
指切
指折
枝打
死顔
糸繰
糸取
糸入
紙入
飼犬
事触
潮見
借数
釈子
釈師
積量
若齢
首材
衆罪
首部
取持
手込
手探
種取
種付
酒盛
秋祭
習事
船歌
船形
宿割
宿元
祝金
初買
書手
勝抜
小割
小当
小躍
床入
焼打
焼穴
焼鉄
上澄
上張
上包
乗替
乗継
状景
定連
畳替
飾窓
植込
織糸
色消
色付
触出
食気
寝衣
寝込
寝返
心組
心入
深追
神隠
人通
陣取
吹抜
垂髪
寸切
世継
生焼
声付
西向
席書
席貸
昔語
石作
切戸
節付
雪持
先付
船令
川舟
河底
河幅
河面
扇型
舟荷
舟縁
舟足
舟脚
舟具
舟繰
船戦
舟戦
舟軍
舟室
舟主
舟宿
舟床
船積
舟積
船待
舟待
舟着
舟賃
舟底
舟板
船印
舟印
舟標
舟便
舟方
舟旅
船玉
舟玉
舟路
銭型
素脚
素泊
早技
早船
総立
走井
送火
足付
脚付
足型
群雨
大守
打所
端歌
段飾
男振
値動
地割
遅咲
中落
中売
朝立
潮待
添乳
早晩
眼間
目交
外持
可坊
切字
礼参
礼回
留立
立付
立枯
裏切
利者
乱取
葉越
葉隠
夕星
役向
夜鳴
夜泣
夜立
夜歩
夜働
夜逃
門構
目明
目腐
目打
目切
網打
面立
方違
歩引
分引
歩板
編上
文使
腹当
風切
付木
付馬
品書
氷詰
飛入
抜差
白練
買方
背割
馬乗
日読
読札
毒消
土突
土寄
追払
追銭
内方
福神
図形
象皮
黄熱
筋痛
敗血
外反
増多
眼精
巻絡
前立
鳥肉
悪感
悪事
悪銭
悪名
暗中
偉材
異域
異材
異事
緯度
医方
印紙
因子
院試
陰晴
隠士
隠者
塩酸
王師
屋台
音像
下剤
夏至
家財
家持
河船
火星
花押
画会
画工
画稿
海事
皆朱
絵所
階層
外販
各戸
確固
割前
感官
観音
間着
眼路
基体
基底
奇型
奇計
奇書
希書
機微
気体
季題
記法
貴所
貴書
貴女
貴台
貴報
鬼女
鬼面
疑心
義手
義人
客来
求法
球界
旧跡
牛耳
供人
凶報
近古
近東
金管
銀子
句論
空言
軍歌
兄子
兄人
継歯
穴子
血合
剣山
見分
厳然
呼子
戸板
故旧
故山
故事
湖面
鼓弓
後家
後人
後図
御台
光参
公人
公徳
公方
功徳
口書
口説
荒神
行書
行文
香味
高菜
高密
合従
合服
国元
国原
国策
国守
国手
国状
国造
国電
国保
国歩
佐幕
才知
作事
雑魚
山幸
山桃
仕手
仕打
仕付
司直
士風
士分
子音
師恩
指頭
指物
旨趣
死人
死文
私営
私党
紙子
詩趣
歯音
歯形
字幕
治者
示度
実事
実生
斜視
社司
社中
社用
若菜
主家
主我
手工
手飼
手負
趣向
修史
秋思
集落
旬報
初生
書生
書聖
書付
諸政
女医
女体
序列
商都
小佐
沼沢
焼野
上乗
城代
情義
情味
情話
織地
新宅
身中
図面
水温
世故
勢子
政争
生糸
生得
盛徳
精巣
聖日
西国
西北
席題
石松
石粉
積水
赤身
切端
雪間
専一
専科
川中
戦意
戦果
泉下
線維
線画
船医
選科
前人
善隣
組立
僧徒
草刈
草書
即値
速球
尊王
他県
他見
他念
多重
体様
体用
耐用
態様
代価
台下
台子
大域
大船
大入
大紋
大要
達示
短波
端数
段落
中宮
帳面
徴候
朝議
朝寝
朝夕
長押
長兄
長径
長講
長石
長波
長路
直近
直方
定式
定木
適材
適所
天外
天工
天道
天変
伝馬
殿御
田打
田夫
電光
湯屋
討入
頭打
同役
徳行
特攻
読点
突堤
肉芽
日商
日長
日舞
入方
年増
年波
能書
波形
俳句
俳話
背革
背子
背皮
梅干
泊地
白露
比丘
秘事
非分
飛地
美果
美男
美名
不宣
不燃
敷物
父祖
武芸
武者
部類
幅跳
仏果
物情
分社
文題
文武
兵家
兵科
兵火
別項
暮秋
宝蔵
法界
法問
砲手
亡児
傍線
本義
本給
本絹
本陣
本道
本編
慢性
未到
未踏
猛鳥
目盛
目地
目付
目路
野天
野路
矢立
約手
訳詞
訳詩
訳文
有余
余話
溶液
用役
陽画
陽極
落書
利己
利札
利水
理工
陸離
略画
両道
良俗
良夜
良薬
緑豆
類字
隷書
列後
恋路
連環
連夜
連理
労政
老生
論集
波数
御鏡
御玉
暮露
丸公
子鳥
石投
冬子
間取
気取
木取
局留
近付
金入
繰出
月決
見返
口止
向付
根分
仕出
煮込
人受
雪解
河竹
国振
目障
秒読
馬刺
納言
悪戦
異説
院政
羽子
永代
演歌
応力
岡三
家運
過労
我欲
快事
開山
外線
外地
間合
間服
喜色
機屋
季冬
客人
吸物
急戦
近習
近称
金歯
金時
金賞
空位
敬語
劇界
剣劇
見習
言責
鼓笛
御家
高潮
高徳
合歓
国情
国費
腰間
婚前
才人
祭儀
策士
参差
山妻
散剤
散史
産婦
蚕紙
仕切
仕置
使徒
師範
死場
私版
視点
事始
時人
時節
自暴
実利
写場
射場
射利
謝儀
寂然
主事
主持
主辞
手提
酒家
出歯
出船
出端
旬刊
旬間
初手
所見
所生
小勇
照影
上水
心学
新法
神学
臣子
進士
人別
水明
世路
政務
正出
生絹
西陣
節気
節季
戦旗
戦機
前代
前頭
前輪
全備
祖語
早稲
造言
俗文
存疑
他姓
体長
帯域
大我
大脳
題画
地銀
茶道
中気
仲店
柱石
長途
鳥屋
定石
定日
弟妹
抵当
典礼
天朝
天頂
電池
徒輩
刀自
特高
特質
独活
縄手
難行
乳人
年功
白夜
版図
秘録
微意
微粒
浮図
服装
福相
物上
変格
片端
補注
宝鑑
方角
法官
坊主
本手
本代
本立
未聞
鳴物
面体
毛羽
夜色
野心
余白
用度
羊歯
謡曲
律師
律詩
立志
留男
臨空
連尺
路盤
露盤
老成
留処
止処
文者
仕入
目抜
肉付
威信
威徳
意地
異土
衣食
遺臣
遺沢
遺徳
王城
火屋
貨物
画境
開祖
奇特
漁区
近信
近臣
苦肉
空手
検体
現数
戸車
午砲
語法
功力
荒物
行人
香典
国許
根付
座標
詩文
時運
時候
時好
次項
自公
自治
実地
斜陽
弱視
重石
重砲
出物
助監
小米
城府
常識
情夫
情婦
新釈
真秀
神宝
水爆
盛代
聖代
席代
僧官
僧上
倉皇
層間
層状
操行
早生
総状
草稿
走者
孫子
体感
耐寒
大官
大鑑
団居
茶代
茶利
中州
潮先
定府
提要
土俵
唐人
等差
同上
同薬
特用
内地
年並
白下
評点
不戦
粉米
文革
報労
方体
法被
本元
密儀
密議
野獣
薬学
有終
余事
落葉
療法
力作
力投
輪差
老若
和様
半被
戸建
洗張
円居
貧生
性骨
握力
雨夜
運河
英名
円価
円貨
円転
煙火
縁家
歌合
歌体
荷作
外貨
学外
奇勝
気性
規範
記章
求心
興福
句読
空事
空電
君子
軍制
芸子
劇画
言動
誤差
公算
公電
口腹
校門
紅顔
行場
国書
視差
磁場
手妻
受書
就農
秀峰
重工
出合
助人
除夜
小歌
小冊
小腹
信望
心土
心棒
振舞
新本
深度
進度
震度
垂線
水線
正本
切羽
専門
創傷
相称
総出
俗楽
村役
多層
大典
張番
町議
通人
天堂
途端
唐土
鈍行
薄手
氷河
武鑑
文責
平泳
辺土
迷子
迷児
木耳
門下
門外
野火
野次
野良
訳名
来者
来車
理非
令書
見送
組方
威武
縁者
黄旗
下屋
可分
画室
各日
共修
血球
剣難
元高
原本
戸前
光子
公職
公役
皇国
国主
歳晩
山守
市営
歯石
寺僧
手織
出師
傷病
小春
上代
常会
心算
新木
神算
生身
聖徳
戦傷
奏法
相法
総統
造酒
他称
他生
多照
体内
対地
貸方
大知
虫害
庁舎
長計
定食
鉄山
天賦
唐子
特効
南庭
買価
抜書
半球
物価
物性
文台
陛下
未決
名宝
明月
明知
明度
遊撃
落日
陸海
良品
連装
用向
飛込
画質
学費
旗鼓
帰途
規約
貴兄
貴札
曲調
月齢
件名
御前
御堂
護国
交互
光圧
口数
蚕糸
事相
重器
所帯
所柄
小夜
真砂
政調
前史
全姿
相承
宅内
定規
底本
電導
東宮
闘技
内聞
病害
品数
不乱
付人
文人
辺地
方形
本学
本宮
目板
夜祭
薬師
裏山
立札
両全
料地
良知
劣後
連子
和船
仕上
裏返
意字
異字
遺児
医事
雲丹
永久
仮性
家政
歌聖
河清
火勢
灰分
期初
教法
興国
軍使
軍師
見本
公国
向暑
好悪
高跳
高飛
国難
死語
射幸
助産
女形
上屋
場裏
情理
真跡
神授
震災
聖人
選言
前額
多少
替手
台木
地層
張本
停職
電工
電磁
唐名
日出
年収
半熟
板元
飛語
不評
付票
浮標
浮氷
仏殿
別席
猛威
郵税
雄鳥
与力
用益
面付
雲脂
楽隊
原文
皇宮
国選
腰元
山頂
惨苦
始端
始点
支点
斜光
社交
終曲
終極
書法
諸方
諸法
人出
水車
数多
成層
生国
赤口
足下
端物
地階
中途
鉄則
天草
内入
白旗
非人
風下
民生
無反
名園
猛者
立党
立冬
領事
老眼
御付
遺産
汚行
沖積
家主
株式
玉虫
苦情
警部
警務
欠片
互先
国学
国風
最善
山色
山吹
磁路
弱志
朱印
場数
真打
世知
積善
戦陣
達意
潮干
低地
定値
同系
導火
特区
日夜
品物
捕虫
放課
本営
明星
網代
夜食
容子
洋館
勝軍
環海
共学
仰角
経線
建前
肩章
後輩
治山
主用
手製
順境
心象
心身
神代
水貝
石器
宣旨
戦記
全紙
大農
地産
置数
鉄骨
渡世
都政
得失
半途
法談
本隊
訳注
欄間
理屈
両次
良書
胃散
胃酸
違算
夏休
河馬
閣内
官選
干支
環視
疑問
漁期
空包
原石
御宇
再戦
仕組
字句
次週
磁区
舎利
新報
造兵
太陰
大弐
低位
道着
馬陸
白桃
晩生
不義
法学
夢精
無業
無声
夜着
薬価
余技
欲情
翼状
領分
労資
老師
和洋
漢子
問者
主治
異都
右党
会下
閣外
護法
合性
細線
紙背
識者
謝状
住持
春秋
上席
城跡
場外
水溶
性情
相生
大全
大路
男前
通草
定項
定跡
電鉄
党勢
豆油
道警
特産
乳香
拝金
白光
票数
物議
未着
木通
緑風
類同
見逃
意向
域外
海草
起点
給金
局内
金将
芸能
更地
在処
始祖
試練
小手
人参
造本
測位
続飯
村会
村議
打荷
大宗
長短
島国
動脈
農学
背泳
皮脂
秘史
未申
立役
良筆
火線
海産
各委
汽圧
逆徒
宮腹
曲事
苦力
経水
現時
合方
市費
治国
治産
車道
習性
召電
小腸
小伝
招電
詳伝
相方
総務
大夫
題号
中産
店長
難字
難治
日直
宝石
眠気
迷著
夕顔
威光
海国
寒行
官需
教区
狂句
郷社
銀座
継粉
後住
号車
根深
妻達
算木
死相
重層
勝算
商務
真面
神助
成文
精分
川縁
題意
単打
通語
徒労
同中
梅桃
弁天
民政
訳業
両性
偉功
偉効
遺構
遺稿
遺講
夏型
回春
海鳥
勧業
官印
官員
基点
機転
気転
貴店
義旗
義気
京師
強酸
銀貨
後金
御言
手際
純理
城山
臓器
造機
待合
討手
農作
品格
品別
盟主
料紙
量子
医療
課外
各課
技師
義勇
月見
月光
見様
御所
国法
時宗
自宗
処暑
諸処
食紅
仁君
正則
前作
祖師
素志
僧正
中世
底値
点火
唐菜
半眼
文目
名手
名乗
用量
陽報
宇高
画展
技手
業法
時勢
磁性
辞世
実理
住僧
所在
上世
上声
上製
状勢
人伝
全労
総身
大志
大死
銅板
農地
品性
物品
保健
法事
両生
神知
維新
加里
郡部
検番
鉱山
罪過
財貨
仕立
事象
自照
書院
心気
神気
川床
選者
大名
長身
党議
日食
日新
農大
非時
法王
模本
余儀
下位
下線
楽員
危難
居中
強電
戸口
後背
御法
光背
向背
工務
抗論
降灰
高論
使僧
師僧
志操
詞宗
詩宗
詩想
詩草
受話
将領
小路
情況
振古
新古
水路
成魚
中入
天成
天声
展性
破鏡
立后
院生
外敵
角形
丸木
儀礼
郷士
句法
山号
市子
旬余
小雨
殖産
身丈
聖職
西風
善後
打身
体調
台紙
大姉
題詞
題詩
中耳
中性
中程
長針
定律
党人
灯下
当課
踏歌
同音
同番
銅盤
入歯
非才
氷点
武将
変事
砲車
木端
用法
来世
理性
緑児
気振
御成
残香
偉観
異観
営倉
演者
割当
官能
芸人
剣尺
見込
原質
玄室
御子
皇女
国外
資質
時鳥
借方
宿志
勝景
小径
小町
象形
上家
心神
真意
身心
水先
生者
生色
精舎
製織
赤軍
先任
総局
大水
天王
田地
奈何
波高
宝殿
法理
本文
名残
薬科
偉容
威容
医用
衛兵
角地
吸盤
救荒
旧交
旧版
才色
賛歌
私宅
詩語
似合
実際
車窓
神子
人家
全集
総監
点者
当山
道歌
銅貨
武官
保母
暮雨
防弾
遊楽
小三
医薬
各所
岐路
月来
誤字
死出
社人
手先
州都
傷者
寝殿
真金
親電
訴状
大師
端銭
丁子
天守
特技
内国
波線
破線
破船
反旗
福徳
歩合
望遠
立夏
療用
火矢
回教
拠所
厳冬
語意
皇祖
鉱区
高祖
思想
身代
地場
同委
鳴戸
乾期
乾季
官紀
官記
教養
業報
原頭
産学
似顔
信越
成語
俗学
太山
地相
点数
年別
波動
畑地
米食
包帯
本拠
本所
陸地
労協
国事
座員
在地
仕形
士卒
心持
成案
整容
先途
鮮度
全権
長打
通販
乳母
白州
悲調
猛然
野郎
違和
格外
銀河
軍民
高配
今体
投打
灯用
徳義
売価
暮夜
木工
役名
療薬
黄色
各部
楽園
句会
県政
県南
好配
香料
告文
山子
所縁
勝報
消息
詳報
心機
長柄
賃借
別人
目見
養家
立地
位相
意想
異相
黄葉
行先
国光
山海
水量
制服
成鳥
西人
戦況
前途
素子
相等
総省
中波
都道
非行
平目
防潮
名文
名聞
官製
気象
教派
好漁
差異
児童
政庁
単解
年季
農工
名分
恵方
県勢
後身
功臣
孝心
恒心
左手
差違
子弟
事犯
性徴
整調
正調
清朝
声調
内務
不知
法皇
法師
帽子
気勢
権勢
原動
作中
史劇
詩劇
手数
諸人
上町
船窓
前側
俗字
俗耳
多生
仲夏
投機
平然
変化
苦海
使丁
師弟
死体
視程
終電
小雪
新参
直線
伝手
副書
理科
我身
給湯
結尾
建場
国文
最後
社家
人界
人外
政派
全市
退潮
大漁
都区
土管
導線
尾大
本署
化物
家郷
筋金
御意
歳男
宗徒
所出
章魚
中外
町並
黙然
老父
街並
花環
奇声
希世
語数
国権
手打
貸手
同山
鼻輪
勇名
和戦
本通
映像
見場
市部
私室
脂質
出面
深意
神位
神威
神意
聖水
静水
年賀
未成
影像
王化
温色
岩屋
勤王
勤皇
桜花
心意
前件
前座
服地
聞方
放論
目方
勇魚
有機
領地
協奏
月例
語気
蒸気
多党
潮水
内裏
砲声
無音
置場
耳元
上記
条規
他紙
他誌
多士
定本
冬物
不治
本省
奥儀
早手
国威
国勢
黒衣
寺務
時務
神祭
親達
天理
銅銭
未収
野末
下界
郷党
局長
係数
見付
原価
恒産
鉱産
高圧
裁判
耳許
重機
小中
新進
人為
水火
動因
導因
本章
野師
和子
振方
儀容
義姉
吸口
供花
曲論
公家
行者
鉱夫
事理
自利
条理
大鳥
天主
徒話
道内
兵法
閉包
密事
無界
欲火
花祭
各週
寒波
技士
義士
義子
義歯
区会
糸引
持分
式事
式次
式辞
識字
弱者
色恋
同種
抜道
飛火
聞手
野史
利手
黄砂
海老
興産
公差
工賃
祭場
冊子
時世
書簡
性行
精鋼
大雪
町家
同値
民事
目安
用人
町屋
会所
原種
原酒
初刊
所感
書巻
諸手
石油
定期
読史
模試
官制
期成
軍資
光波
高所
店構
入相
半旗
付表
戯場
御方
滋味
神楽
背戸
有税
乾性
慣性
歓声
金平
芸界
原始
山家
新体
大白
道産
版元
名演
家中
関越
験者
国有
事由
提子
和音
高三
月下
現下
御殿
山側
車台
先番
定職
番人
欲張
格好
金元
仕儀
試技
人様
地中
適格
白子
法難
未納
自働
税引
遺体
画家
継子
庫裏
国大
終局
西方
税法
敵国
都議
道家
彼我
非我
老酒
光輝
光源
公器
口器
口気
好季
工期
校旗
校紀
校規
皇紀
香気
戦地
発条
緑色
異体
衣帯
歌会
帰心
貴信
軒別
細部
桜桃
支柱
宿六
出会
色紙
聖地
早場
朝家
日光
領国
労使
関屋
私意
詩意
字典
次点
辞典
出様
他用
母衣
王位
軽協
殺気
死中
式部
射光
手練
対数
木馬
立国
立木
上幅
仮面
憲政
権門
借家
短尺
本法
明後
夜曲
勝戦
中三
域内
角行
形木
元価
厳科
勝差
成金
難語
肉屋
部位
林産
家内
各個
姿態
支隊
枝隊
詩体
秀快
村社
注連
天明
府政
有期
科料
過料
狭間
御門
散薬
大約
塔屋
白頭
父性
放生
和親
火付
経世
雑仕
市区
私利
詩句
信認
人死
陣門
父母
夢見
下意
言文
性愛
矢倉
愛馬
心性
真性
神政
親政
清福
隊員
独楽
俳優
郵券
歌意
会堂
古里
故里
善事
造物
谷地
同性
養老
活字
極性
山手
新駅
西陽
側石
風車
官界
巨細
金目
出処
小才
石室
平地
有識
両所
楽車
英文
行革
実相
人台
即席
府議
砲弾
未発
教学
警視
畳紙
物相
法度
過半
基層
奇想
奇相
帰巣
貴僧
現状
闘志
同文
園内
神性
総花
直人
婦道
物種
本筋
空砲
根源
最前
子守
私事
出所
声色
線上
他派
麦粉
閣員
戯画
光度
西日
武技
両機
技研
圏外
遣外
道学
浴場
汽車
新前
人屋
唐紙
盗視
盗難
闘士
棒鋼
位記
街道
金色
元手
人後
人語
徒然
能楽
量目
我子
古昔
古跡
雑木
出水
走路
銅版
方便
現高
後記
口銭
好戦
工船
工銭
鉱泉
降雨
高専
大器
定量
黄身
前者
体形
朝臣
学舎
玉石
武威
野趣
黄土
海星
紅土
耕土
荒土
上辺
真名
地価
品柄
片時
急坂
国劇
煮付
取柄
春風
体型
年強
右角
園生
気付
黒白
砂地
人力
素地
態勢
唐詩
同姓
胴体
不出
幕内
有職
格子
共布
見性
光線
公子
相思
走資
大輪
鉄砲
童女
夕飯
露仏
皇子
高卒
散弾
歯痛
深紅
真紅
直衣
売値
迫間
物心
末弟
陸稲
外側
気先
後代
高地
性根
太白
動態
童体
性向
任地
米産
変性
意気
奇利
個所
守則
首足
春光
春耕
神父
草木
体計
替地
隊形
大兄
大計
地下
動静
理法
押絵
奇話
食費
騒然
唐本
難事
薬代
会式
新版
蔵本
戦中
選管
定席
府民
期末
源氏
省令
名品
関税
山河
産所
同病
不眠
屋形
先住
頭目
海松
公論
自他
水松
名著
花畑
戒厳
軽水
語調
時制
新付
新婦
動体
参議
文部
現金
同院
南風
腹部
官業
人命
代物
郵政
食後
正文
朝会
薄志
議案
省庁
拍子
民間
良性
力量
決死
更年
真弓
姓名
導体
教科
時価
時報
深部
純利
大洋
旧派
全島
仲仕
雲霧
各回
漢土
自火
勝勢
将星
小成
照星
笑声
活劇
信義
大樹
館員
武道
部課
訪販
無性
歌書
港内
盛儀
精義
泉町
気負
丈夫
明主
節句
全作
全量
不時
視界
民地
死灰
全幅
体勢
不二
法務
極点
小柄
人君
幹線
自家
天下
予備
大意
園児
生気
体系
鳴子
証拠
打力
耐性
退勢
大聖
各校
空港
治下
前部
内法
悪行
線分
小間
奇士
貴紙
貴誌
起死
座下
最長
前車
肉刺
方眼
本性
雑色
野老
火器
人道
賀詞
産屋
所内
性器
正気
清規
精機
精気
西紀
山砲
算法
飛鳥
流人
楽劇
室内
表作
見番
子規
他社
後手
球状
旧情
県土
公務
大京
黙示
目視
赤色
後夜
人定
日当
年女
量感
我利
自性
学院
香木
死期
乳切
法制
同書
近作
重荷
取手
余録
元金
御国
反則
仁徳
度数
南北
国軍
縦糸
定率
部将
浴客
塩水
紅葉
法政
無届
受払
公取
通帳
麦芽
軍兵
在家
全品
別業
士気
急便
御用
始期
志気
私記
紙器
朝間
家人
署員
淡海
新地
前方
多値
多目
大刀
未満
各組
食物
新手
雨水
紙質
経糸
事務
河床
外壁
心地
心底
追肥
目途
本欄
奥義
空自
国語
財務
中執
波頭
領土
力感
角界
人心
校区
人文
道程
夜話
町会
室町
本会
河岸
各行
弱電
素意
黄門
童子
日報
東部
本殿
未知
益金
京阪
現代
現当
史跡
白焼
花月
対人
院長
最多
重代
西洋
本金
採光
全学
流派
荒野
馬肥
熟寝
対空
雨露
御物
日数
警察
通運
相当
近体
面白
御先
史家
至大
軍部
上期
室長
墓誌
雑用
小火
政教
力紙
各相
客将
和歌
右腕
径庭
商法
背筋
金星
代人
当会
海女
海人
山陰
同府
乗数
常数
昭代
明文
共鳴
書体
金貸
太子
倍速
当地
明間
議場
座頭
年男
国産
年期
館内
国柄
司教
東西
花園
早月
毛見
水利
大河
宅地
品名
木賃
校生
各巻
各局
市況
思郷
至境
詩境
詩興
数回
殺陣
詩経
売店
歯入
町役
道県
出店
前夫
宿駅
宿主
稿料
俗事
怒気
月数
佐官
左腕
短冊
祝儀
内幕
曜日
機内
入会
本分
愛想
同勢
部活
問屋
和紙
位地
昨夜
小金
国税
北国
食用
商会
実効
山間
別表
老婦
式年
直前
優賞
天神
客席
山車
産品
神宮
互市
重苦
同額
凶器
地代
仏語
何分
課内
同型
強記
狂気
初句
同軍
国憲
法論
両市
領内
宝玉
性差
編者
跡継
部員
経連
人我
生地
盛期
羽織
各署
全県
海布
通常
増分
上下
同級
腹痛
原状
数件
花器
隊長
大声
来春
好意
史上
酒代
新制
夏期
救世
水面
乗用
足跡
牧場
夏季
魚屋
造山
歩度
全車
武士
甘味
散米
布製
下記
火気
花期
感度
酸味
右肩
縦横
同線
同権
亡者
飲料
科技
語族
厚意
校異
校医
皇位
銅剣
君達
米麦
男役
民権
門前
海水
各州
理化
月日
店主
後遺
人税
前約
同体
中刻
青梅
元首
信販
学内
当市
暴力
訳本
外車
芸大
成人
粒状
生音
同学
南海
浮世
同前
右前
県西
動産
同隊
院内
歌話
王子
我意
画意
賀意
景色
試合
各省
最初
小屋
東海
音大
巨人
行年
理学
各界
語句
半身
議会
山道
工大
親父
表紙
墓石
同島
年会
県別
自動
強力
地合
頭分
論者
新生
高年
堂塔
道統
客数
茶屋
利器
同地
員数
語学
院議
取得
大勢
週内
海道
博士
米屋
他意
朝食
工夫
多国
有権
不承
金石
故郷
数社
同然
日産
私立
大部
正副
大法
学部
石仏
知事
年月
京劇
黒色
貴志
毎年
島根
奇麗
議運
県外
和国
両目
東南
副長
正義
富民
東北
人体
米紙
左前
団員
旅客
軍用
点差
野手
役所
大系
外見
料率
砂糖
両県
快感
銅製
陸上
生物
性分
市中
死地
部屋
人達
新風
人目
月末
部内
大政
婦人
人名
黄金
本当
人形
何人
全社
場内
全党
大卒
以南
各県
以北
劇作
新政
豆腐
日夕
程度
兄弟
住居
組織
共産
回戦
大衆
街中
文書
出場
同時
金主
自社
中日
人事
言語
自身
右下
夫人
国人
切手
右上
少女
大手
夫婦
前日
写真
工場
後継
勝目
為替
世論
大人
所為
対米
利益
文字
男女
各賞
院本
人気
次第
時間
高教
女子
日間
気味
会社
問題
地内
最高
市協
梅雨
年度
放題
不可
対日
調子
仕舞
以遠
月夜
束子
飛脚
飛白
形見
思案
推量
黒子
日和
回線
刷毛
仮名
草紙
酒屋
以西
羽根
草子
包丁
太刀
年間
日中
年代
年生
中国
菓子
仕合
世話
勝手
度目
人組
周年
産米
同県
知恵
次元
週間
太鼓
時計
年余
番目
分間
回分
区間
丁目
代目
回生
番線
親等
時限
番手
箇国
個国
歳児
秒間
号機
等席
箇条
箇年
海里
個条
個年
号証
号線
進数
人月
馬身
番地
分木
個口
等地
光年
気圧
箇所
号館
合戦
箇月
個月
等分
布団
同党
年版
期生
分目
段式
市内
時半
景気
付近
号室
同士